  Determining projects to restore...
/home/runner/work/Market-Data-Collector/Market-Data-Collector/src/MarketDataCollector.Ui.Shared/MarketDataCollector.Ui.Shared.csproj : warning NU1608: Detected package version outside of dependency constraint: Microsoft.CodeAnalysis.CSharp.Workspaces 4.8.0 requires Microsoft.CodeAnalysis.Common (= 4.8.0) but version Microsoft.CodeAnalysis.Common 5.0.0 was resolved. [/home/runner/work/Market-Data-Collector/Market-Data-Collector/MarketDataCollector.sln]
/home/runner/work/Market-Data-Collector/Market-Data-Collector/src/MarketDataCollector.Ui.Shared/MarketDataCollector.Ui.Shared.csproj : warning NU1608: Detected package version outside of dependency constraint: Microsoft.CodeAnalysis.CSharp.Workspaces 4.8.0 requires Microsoft.CodeAnalysis.CSharp (= 4.8.0) but version Microsoft.CodeAnalysis.CSharp 5.0.0 was resolved. [/home/runner/work/Market-Data-Collector/Market-Data-Collector/MarketDataCollector.sln]
/home/runner/work/Market-Data-Collector/Market-Data-Collector/src/MarketDataCollector.Ui.Shared/MarketDataCollector.Ui.Shared.csproj : warning NU1608: Detected package version outside of dependency constraint: Microsoft.CodeAnalysis.VisualBasic.Workspaces 4.8.0 requires Microsoft.CodeAnalysis.Common (= 4.8.0) but version Microsoft.CodeAnalysis.Common 5.0.0 was resolved. [/home/runner/work/Market-Data-Collector/Market-Data-Collector/MarketDataCollector.sln]
/home/runner/work/Market-Data-Collector/Market-Data-Collector/src/MarketDataCollector.Ui.Shared/MarketDataCollector.Ui.Shared.csproj : warning NU1608: Detected package version outside of dependency constraint: Microsoft.CodeAnalysis.Workspaces.Common 4.8.0 requires Microsoft.CodeAnalysis.Common (= 4.8.0) but version Microsoft.CodeAnalysis.Common 5.0.0 was resolved. [/home/runner/work/Market-Data-Collector/Market-Data-Collector/MarketDataCollector.sln]
/home/runner/work/Market-Data-Collector/Market-Data-Collector/src/MarketDataCollector.Ui.Shared/MarketDataCollector.Ui.Shared.csproj : warning NU1608: Detected package version outside of dependency constraint: Microsoft.CodeAnalysis.VisualBasic 4.8.0 requires Microsoft.CodeAnalysis.Common (= 4.8.0) but version Microsoft.CodeAnalysis.Common 5.0.0 was resolved. [/home/runner/work/Market-Data-Collector/Market-Data-Collector/MarketDataCollector.sln]
/home/runner/work/Market-Data-Collector/Market-Data-Collector/src/MarketDataCollector.Ui/MarketDataCollector.Ui.csproj : warning NU1608: Detected package version outside of dependency constraint: Microsoft.CodeAnalysis.CSharp.Workspaces 4.8.0 requires Microsoft.CodeAnalysis.Common (= 4.8.0) but version Microsoft.CodeAnalysis.Common 5.0.0 was resolved. [/home/runner/work/Market-Data-Collector/Market-Data-Collector/MarketDataCollector.sln]
/home/runner/work/Market-Data-Collector/Market-Data-Collector/src/MarketDataCollector.Ui/MarketDataCollector.Ui.csproj : warning NU1608: Detected package version outside of dependency constraint: Microsoft.CodeAnalysis.CSharp.Workspaces 4.8.0 requires Microsoft.CodeAnalysis.CSharp (= 4.8.0) but version Microsoft.CodeAnalysis.CSharp 5.0.0 was resolved. [/home/runner/work/Market-Data-Collector/Market-Data-Collector/MarketDataCollector.sln]
/home/runner/work/Market-Data-Collector/Market-Data-Collector/src/MarketDataCollector.Ui/MarketDataCollector.Ui.csproj : warning NU1608: Detected package version outside of dependency constraint: Microsoft.CodeAnalysis.VisualBasic.Workspaces 4.8.0 requires Microsoft.CodeAnalysis.Common (= 4.8.0) but version Microsoft.CodeAnalysis.Common 5.0.0 was resolved. [/home/runner/work/Market-Data-Collector/Market-Data-Collector/MarketDataCollector.sln]
/home/runner/work/Market-Data-Collector/Market-Data-Collector/src/MarketDataCollector.Ui/MarketDataCollector.Ui.csproj : warning NU1608: Detected package version outside of dependency constraint: Microsoft.CodeAnalysis.Workspaces.Common 4.8.0 requires Microsoft.CodeAnalysis.Common (= 4.8.0) but version Microsoft.CodeAnalysis.Common 5.0.0 was resolved. [/home/runner/work/Market-Data-Collector/Market-Data-Collector/MarketDataCollector.sln]
/home/runner/work/Market-Data-Collector/Market-Data-Collector/src/MarketDataCollector.Ui/MarketDataCollector.Ui.csproj : warning NU1608: Detected package version outside of dependency constraint: Microsoft.CodeAnalysis.VisualBasic 4.8.0 requires Microsoft.CodeAnalysis.Common (= 4.8.0) but version Microsoft.CodeAnalysis.Common 5.0.0 was resolved. [/home/runner/work/Market-Data-Collector/Market-Data-Collector/MarketDataCollector.sln]
/home/runner/work/Market-Data-Collector/Market-Data-Collector/benchmarks/MarketDataCollector.Benchmarks/MarketDataCollector.Benchmarks.csproj : warning NU1608: Detected package version outside of dependency constraint: Microsoft.CodeAnalysis.CSharp.Workspaces 4.8.0 requires Microsoft.CodeAnalysis.Common (= 4.8.0) but version Microsoft.CodeAnalysis.Common 5.0.0 was resolved. [/home/runner/work/Market-Data-Collector/Market-Data-Collector/MarketDataCollector.sln]
/home/runner/work/Market-Data-Collector/Market-Data-Collector/benchmarks/MarketDataCollector.Benchmarks/MarketDataCollector.Benchmarks.csproj : warning NU1608: Detected package version outside of dependency constraint: Microsoft.CodeAnalysis.CSharp.Workspaces 4.8.0 requires Microsoft.CodeAnalysis.CSharp (= 4.8.0) but version Microsoft.CodeAnalysis.CSharp 5.0.0 was resolved. [/home/runner/work/Market-Data-Collector/Market-Data-Collector/MarketDataCollector.sln]
/home/runner/work/Market-Data-Collector/Market-Data-Collector/benchmarks/MarketDataCollector.Benchmarks/MarketDataCollector.Benchmarks.csproj : warning NU1608: Detected package version outside of dependency constraint: Microsoft.CodeAnalysis.VisualBasic.Workspaces 4.8.0 requires Microsoft.CodeAnalysis.Common (= 4.8.0) but version Microsoft.CodeAnalysis.Common 5.0.0 was resolved. [/home/runner/work/Market-Data-Collector/Market-Data-Collector/MarketDataCollector.sln]
/home/runner/work/Market-Data-Collector/Market-Data-Collector/benchmarks/MarketDataCollector.Benchmarks/MarketDataCollector.Benchmarks.csproj : warning NU1608: Detected package version outside of dependency constraint: Microsoft.CodeAnalysis.Workspaces.Common 4.8.0 requires Microsoft.CodeAnalysis.Common (= 4.8.0) but version Microsoft.CodeAnalysis.Common 5.0.0 was resolved. [/home/runner/work/Market-Data-Collector/Market-Data-Collector/MarketDataCollector.sln]
/home/runner/work/Market-Data-Collector/Market-Data-Collector/benchmarks/MarketDataCollector.Benchmarks/MarketDataCollector.Benchmarks.csproj : warning NU1608: Detected package version outside of dependency constraint: Microsoft.CodeAnalysis.VisualBasic 4.8.0 requires Microsoft.CodeAnalysis.Common (= 4.8.0) but version Microsoft.CodeAnalysis.Common 5.0.0 was resolved. [/home/runner/work/Market-Data-Collector/Market-Data-Collector/MarketDataCollector.sln]
/home/runner/work/Market-Data-Collector/Market-Data-Collector/tests/MarketDataCollector.Tests/MarketDataCollector.Tests.csproj : warning NU1608: Detected package version outside of dependency constraint: Microsoft.CodeAnalysis.CSharp.Workspaces 4.8.0 requires Microsoft.CodeAnalysis.Common (= 4.8.0) but version Microsoft.CodeAnalysis.Common 5.0.0 was resolved. [/home/runner/work/Market-Data-Collector/Market-Data-Collector/MarketDataCollector.sln]
/home/runner/work/Market-Data-Collector/Market-Data-Collector/tests/MarketDataCollector.Tests/MarketDataCollector.Tests.csproj : warning NU1608: Detected package version outside of dependency constraint: Microsoft.CodeAnalysis.CSharp.Workspaces 4.8.0 requires Microsoft.CodeAnalysis.CSharp (= 4.8.0) but version Microsoft.CodeAnalysis.CSharp 5.0.0 was resolved. [/home/runner/work/Market-Data-Collector/Market-Data-Collector/MarketDataCollector.sln]
/home/runner/work/Market-Data-Collector/Market-Data-Collector/tests/MarketDataCollector.Tests/MarketDataCollector.Tests.csproj : warning NU1608: Detected package version outside of dependency constraint: Microsoft.CodeAnalysis.VisualBasic.Workspaces 4.8.0 requires Microsoft.CodeAnalysis.Common (= 4.8.0) but version Microsoft.CodeAnalysis.Common 5.0.0 was resolved. [/home/runner/work/Market-Data-Collector/Market-Data-Collector/MarketDataCollector.sln]
/home/runner/work/Market-Data-Collector/Market-Data-Collector/tests/MarketDataCollector.Tests/MarketDataCollector.Tests.csproj : warning NU1608: Detected package version outside of dependency constraint: Microsoft.CodeAnalysis.Workspaces.Common 4.8.0 requires Microsoft.CodeAnalysis.Common (= 4.8.0) but version Microsoft.CodeAnalysis.Common 5.0.0 was resolved. [/home/runner/work/Market-Data-Collector/Market-Data-Collector/MarketDataCollector.sln]
/home/runner/work/Market-Data-Collector/Market-Data-Collector/tests/MarketDataCollector.Tests/MarketDataCollector.Tests.csproj : warning NU1608: Detected package version outside of dependency constraint: Microsoft.CodeAnalysis.VisualBasic 4.8.0 requires Microsoft.CodeAnalysis.Common (= 4.8.0) but version Microsoft.CodeAnalysis.Common 5.0.0 was resolved. [/home/runner/work/Market-Data-Collector/Market-Data-Collector/MarketDataCollector.sln]
/home/runner/work/Market-Data-Collector/Market-Data-Collector/src/MarketDataCollector/MarketDataCollector.csproj : warning NU1608: Detected package version outside of dependency constraint: Microsoft.CodeAnalysis.CSharp.Workspaces 4.8.0 requires Microsoft.CodeAnalysis.Common (= 4.8.0) but version Microsoft.CodeAnalysis.Common 5.0.0 was resolved. [/home/runner/work/Market-Data-Collector/Market-Data-Collector/MarketDataCollector.sln]
/home/runner/work/Market-Data-Collector/Market-Data-Collector/src/MarketDataCollector/MarketDataCollector.csproj : warning NU1608: Detected package version outside of dependency constraint: Microsoft.CodeAnalysis.CSharp.Workspaces 4.8.0 requires Microsoft.CodeAnalysis.CSharp (= 4.8.0) but version Microsoft.CodeAnalysis.CSharp 5.0.0 was resolved. [/home/runner/work/Market-Data-Collector/Market-Data-Collector/MarketDataCollector.sln]
/home/runner/work/Market-Data-Collector/Market-Data-Collector/src/MarketDataCollector/MarketDataCollector.csproj : warning NU1608: Detected package version outside of dependency constraint: Microsoft.CodeAnalysis.VisualBasic.Workspaces 4.8.0 requires Microsoft.CodeAnalysis.Common (= 4.8.0) but version Microsoft.CodeAnalysis.Common 5.0.0 was resolved. [/home/runner/work/Market-Data-Collector/Market-Data-Collector/MarketDataCollector.sln]
/home/runner/work/Market-Data-Collector/Market-Data-Collector/src/MarketDataCollector/MarketDataCollector.csproj : warning NU1608: Detected package version outside of dependency constraint: Microsoft.CodeAnalysis.Workspaces.Common 4.8.0 requires Microsoft.CodeAnalysis.Common (= 4.8.0) but version Microsoft.CodeAnalysis.Common 5.0.0 was resolved. [/home/runner/work/Market-Data-Collector/Market-Data-Collector/MarketDataCollector.sln]
/home/runner/work/Market-Data-Collector/Market-Data-Collector/src/MarketDataCollector/MarketDataCollector.csproj : warning NU1608: Detected package version outside of dependency constraint: Microsoft.CodeAnalysis.VisualBasic 4.8.0 requires Microsoft.CodeAnalysis.Common (= 4.8.0) but version Microsoft.CodeAnalysis.Common 5.0.0 was resolved. [/home/runner/work/Market-Data-Collector/Market-Data-Collector/MarketDataCollector.sln]
  All projects are up-to-date for restore.
/home/runner/work/Market-Data-Collector/Market-Data-Collector/src/MarketDataCollector/MarketDataCollector.csproj : warning NU1608: Detected package version outside of dependency constraint: Microsoft.CodeAnalysis.CSharp.Workspaces 4.8.0 requires Microsoft.CodeAnalysis.Common (= 4.8.0) but version Microsoft.CodeAnalysis.Common 5.0.0 was resolved.
/home/runner/work/Market-Data-Collector/Market-Data-Collector/src/MarketDataCollector/MarketDataCollector.csproj : warning NU1608: Detected package version outside of dependency constraint: Microsoft.CodeAnalysis.CSharp.Workspaces 4.8.0 requires Microsoft.CodeAnalysis.CSharp (= 4.8.0) but version Microsoft.CodeAnalysis.CSharp 5.0.0 was resolved.
/home/runner/work/Market-Data-Collector/Market-Data-Collector/src/MarketDataCollector/MarketDataCollector.csproj : warning NU1608: Detected package version outside of dependency constraint: Microsoft.CodeAnalysis.VisualBasic.Workspaces 4.8.0 requires Microsoft.CodeAnalysis.Common (= 4.8.0) but version Microsoft.CodeAnalysis.Common 5.0.0 was resolved.
/home/runner/work/Market-Data-Collector/Market-Data-Collector/src/MarketDataCollector/MarketDataCollector.csproj : warning NU1608: Detected package version outside of dependency constraint: Microsoft.CodeAnalysis.Workspaces.Common 4.8.0 requires Microsoft.CodeAnalysis.Common (= 4.8.0) but version Microsoft.CodeAnalysis.Common 5.0.0 was resolved.
/home/runner/work/Market-Data-Collector/Market-Data-Collector/src/MarketDataCollector/MarketDataCollector.csproj : warning NU1608: Detected package version outside of dependency constraint: Microsoft.CodeAnalysis.VisualBasic 4.8.0 requires Microsoft.CodeAnalysis.Common (= 4.8.0) but version Microsoft.CodeAnalysis.Common 5.0.0 was resolved.
/home/runner/work/Market-Data-Collector/Market-Data-Collector/src/MarketDataCollector.Ui/MarketDataCollector.Ui.csproj : warning NU1608: Detected package version outside of dependency constraint: Microsoft.CodeAnalysis.CSharp.Workspaces 4.8.0 requires Microsoft.CodeAnalysis.Common (= 4.8.0) but version Microsoft.CodeAnalysis.Common 5.0.0 was resolved.
/home/runner/work/Market-Data-Collector/Market-Data-Collector/src/MarketDataCollector.Ui/MarketDataCollector.Ui.csproj : warning NU1608: Detected package version outside of dependency constraint: Microsoft.CodeAnalysis.CSharp.Workspaces 4.8.0 requires Microsoft.CodeAnalysis.CSharp (= 4.8.0) but version Microsoft.CodeAnalysis.CSharp 5.0.0 was resolved.
/home/runner/work/Market-Data-Collector/Market-Data-Collector/src/MarketDataCollector.Ui/MarketDataCollector.Ui.csproj : warning NU1608: Detected package version outside of dependency constraint: Microsoft.CodeAnalysis.VisualBasic.Workspaces 4.8.0 requires Microsoft.CodeAnalysis.Common (= 4.8.0) but version Microsoft.CodeAnalysis.Common 5.0.0 was resolved.
/home/runner/work/Market-Data-Collector/Market-Data-Collector/src/MarketDataCollector.Ui/MarketDataCollector.Ui.csproj : warning NU1608: Detected package version outside of dependency constraint: Microsoft.CodeAnalysis.Workspaces.Common 4.8.0 requires Microsoft.CodeAnalysis.Common (= 4.8.0) but version Microsoft.CodeAnalysis.Common 5.0.0 was resolved.
/home/runner/work/Market-Data-Collector/Market-Data-Collector/src/MarketDataCollector.Ui/MarketDataCollector.Ui.csproj : warning NU1608: Detected package version outside of dependency constraint: Microsoft.CodeAnalysis.VisualBasic 4.8.0 requires Microsoft.CodeAnalysis.Common (= 4.8.0) but version Microsoft.CodeAnalysis.Common 5.0.0 was resolved.
/home/runner/work/Market-Data-Collector/Market-Data-Collector/src/MarketDataCollector.Ui.Shared/MarketDataCollector.Ui.Shared.csproj : warning NU1608: Detected package version outside of dependency constraint: Microsoft.CodeAnalysis.CSharp.Workspaces 4.8.0 requires Microsoft.CodeAnalysis.Common (= 4.8.0) but version Microsoft.CodeAnalysis.Common 5.0.0 was resolved.
/home/runner/work/Market-Data-Collector/Market-Data-Collector/src/MarketDataCollector.Ui.Shared/MarketDataCollector.Ui.Shared.csproj : warning NU1608: Detected package version outside of dependency constraint: Microsoft.CodeAnalysis.CSharp.Workspaces 4.8.0 requires Microsoft.CodeAnalysis.CSharp (= 4.8.0) but version Microsoft.CodeAnalysis.CSharp 5.0.0 was resolved.
/home/runner/work/Market-Data-Collector/Market-Data-Collector/src/MarketDataCollector.Ui.Shared/MarketDataCollector.Ui.Shared.csproj : warning NU1608: Detected package version outside of dependency constraint: Microsoft.CodeAnalysis.VisualBasic.Workspaces 4.8.0 requires Microsoft.CodeAnalysis.Common (= 4.8.0) but version Microsoft.CodeAnalysis.Common 5.0.0 was resolved.
/home/runner/work/Market-Data-Collector/Market-Data-Collector/src/MarketDataCollector.Ui.Shared/MarketDataCollector.Ui.Shared.csproj : warning NU1608: Detected package version outside of dependency constraint: Microsoft.CodeAnalysis.Workspaces.Common 4.8.0 requires Microsoft.CodeAnalysis.Common (= 4.8.0) but version Microsoft.CodeAnalysis.Common 5.0.0 was resolved.
/home/runner/work/Market-Data-Collector/Market-Data-Collector/src/MarketDataCollector.Ui.Shared/MarketDataCollector.Ui.Shared.csproj : warning NU1608: Detected package version outside of dependency constraint: Microsoft.CodeAnalysis.VisualBasic 4.8.0 requires Microsoft.CodeAnalysis.Common (= 4.8.0) but version Microsoft.CodeAnalysis.Common 5.0.0 was resolved.
  MarketDataCollector.Uwp -> /home/runner/work/Market-Data-Collector/Market-Data-Collector/src/MarketDataCollector.Uwp/bin/x64/Release/net9.0/MarketDataCollector.Uwp.dll
  MarketDataCollector.Wpf -> /home/runner/work/Market-Data-Collector/Market-Data-Collector/src/MarketDataCollector.Wpf/bin/Release/net9.0/MarketDataCollector.Wpf.dll
/home/runner/work/Market-Data-Collector/Market-Data-Collector/benchmarks/MarketDataCollector.Benchmarks/MarketDataCollector.Benchmarks.csproj : warning NU1608: Detected package version outside of dependency constraint: Microsoft.CodeAnalysis.CSharp.Workspaces 4.8.0 requires Microsoft.CodeAnalysis.Common (= 4.8.0) but version Microsoft.CodeAnalysis.Common 5.0.0 was resolved.
/home/runner/work/Market-Data-Collector/Market-Data-Collector/benchmarks/MarketDataCollector.Benchmarks/MarketDataCollector.Benchmarks.csproj : warning NU1608: Detected package version outside of dependency constraint: Microsoft.CodeAnalysis.CSharp.Workspaces 4.8.0 requires Microsoft.CodeAnalysis.CSharp (= 4.8.0) but version Microsoft.CodeAnalysis.CSharp 5.0.0 was resolved.
/home/runner/work/Market-Data-Collector/Market-Data-Collector/benchmarks/MarketDataCollector.Benchmarks/MarketDataCollector.Benchmarks.csproj : warning NU1608: Detected package version outside of dependency constraint: Microsoft.CodeAnalysis.VisualBasic.Workspaces 4.8.0 requires Microsoft.CodeAnalysis.Common (= 4.8.0) but version Microsoft.CodeAnalysis.Common 5.0.0 was resolved.
/home/runner/work/Market-Data-Collector/Market-Data-Collector/benchmarks/MarketDataCollector.Benchmarks/MarketDataCollector.Benchmarks.csproj : warning NU1608: Detected package version outside of dependency constraint: Microsoft.CodeAnalysis.Workspaces.Common 4.8.0 requires Microsoft.CodeAnalysis.Common (= 4.8.0) but version Microsoft.CodeAnalysis.Common 5.0.0 was resolved.
/home/runner/work/Market-Data-Collector/Market-Data-Collector/benchmarks/MarketDataCollector.Benchmarks/MarketDataCollector.Benchmarks.csproj : warning NU1608: Detected package version outside of dependency constraint: Microsoft.CodeAnalysis.VisualBasic 4.8.0 requires Microsoft.CodeAnalysis.Common (= 4.8.0) but version Microsoft.CodeAnalysis.Common 5.0.0 was resolved.
/home/runner/work/Market-Data-Collector/Market-Data-Collector/tests/MarketDataCollector.Tests/MarketDataCollector.Tests.csproj : warning NU1608: Detected package version outside of dependency constraint: Microsoft.CodeAnalysis.CSharp.Workspaces 4.8.0 requires Microsoft.CodeAnalysis.Common (= 4.8.0) but version Microsoft.CodeAnalysis.Common 5.0.0 was resolved.
/home/runner/work/Market-Data-Collector/Market-Data-Collector/tests/MarketDataCollector.Tests/MarketDataCollector.Tests.csproj : warning NU1608: Detected package version outside of dependency constraint: Microsoft.CodeAnalysis.CSharp.Workspaces 4.8.0 requires Microsoft.CodeAnalysis.CSharp (= 4.8.0) but version Microsoft.CodeAnalysis.CSharp 5.0.0 was resolved.
/home/runner/work/Market-Data-Collector/Market-Data-Collector/tests/MarketDataCollector.Tests/MarketDataCollector.Tests.csproj : warning NU1608: Detected package version outside of dependency constraint: Microsoft.CodeAnalysis.VisualBasic.Workspaces 4.8.0 requires Microsoft.CodeAnalysis.Common (= 4.8.0) but version Microsoft.CodeAnalysis.Common 5.0.0 was resolved.
/home/runner/work/Market-Data-Collector/Market-Data-Collector/tests/MarketDataCollector.Tests/MarketDataCollector.Tests.csproj : warning NU1608: Detected package version outside of dependency constraint: Microsoft.CodeAnalysis.Workspaces.Common 4.8.0 requires Microsoft.CodeAnalysis.Common (= 4.8.0) but version Microsoft.CodeAnalysis.Common 5.0.0 was resolved.
/home/runner/work/Market-Data-Collector/Market-Data-Collector/tests/MarketDataCollector.Tests/MarketDataCollector.Tests.csproj : warning NU1608: Detected package version outside of dependency constraint: Microsoft.CodeAnalysis.VisualBasic 4.8.0 requires Microsoft.CodeAnalysis.Common (= 4.8.0) but version Microsoft.CodeAnalysis.Common 5.0.0 was resolved.
/home/runner/work/Market-Data-Collector/Market-Data-Collector/src/MarketDataCollector.Contracts/Api/BackfillApiModels.cs(15,17): warning CS1591: Missing XML comment for publicly visible type or member 'BackfillHealthResponse.IsHealthy' [/home/runner/work/Market-Data-Collector/Market-Data-Collector/src/MarketDataCollector.Contracts/MarketDataCollector.Contracts.csproj]
/home/runner/work/Market-Data-Collector/Market-Data-Collector/src/MarketDataCollector.Contracts/Api/BackfillApiModels.cs(18,56): warning CS1591: Missing XML comment for publicly visible type or member 'BackfillHealthResponse.Providers' [/home/runner/work/Market-Data-Collector/Market-Data-Collector/src/MarketDataCollector.Contracts/MarketDataCollector.Contracts.csproj]
/home/runner/work/Market-Data-Collector/Market-Data-Collector/src/MarketDataCollector.Contracts/Api/BackfillApiModels.cs(27,17): warning CS1591: Missing XML comment for publicly visible type or member 'BackfillProviderHealth.IsAvailable' [/home/runner/work/Market-Data-Collector/Market-Data-Collector/src/MarketDataCollector.Contracts/MarketDataCollector.Contracts.csproj]
/home/runner/work/Market-Data-Collector/Market-Data-Collector/src/MarketDataCollector.Contracts/Api/BackfillApiModels.cs(30,20): warning CS1591: Missing XML comment for publicly visible type or member 'BackfillProviderHealth.LatencyMs' [/home/runner/work/Market-Data-Collector/Market-Data-Collector/src/MarketDataCollector.Contracts/MarketDataCollector.Contracts.csproj]
/home/runner/work/Market-Data-Collector/Market-Data-Collector/src/MarketDataCollector.Contracts/Api/BackfillApiModels.cs(33,20): warning CS1591: Missing XML comment for publicly visible type or member 'BackfillProviderHealth.ErrorMessage' [/home/runner/work/Market-Data-Collector/Market-Data-Collector/src/MarketDataCollector.Contracts/MarketDataCollector.Contracts.csproj]
/home/runner/work/Market-Data-Collector/Market-Data-Collector/src/MarketDataCollector.Contracts/Api/BackfillApiModels.cs(36,22): warning CS1591: Missing XML comment for publicly visible type or member 'BackfillProviderHealth.LastChecked' [/home/runner/work/Market-Data-Collector/Market-Data-Collector/src/MarketDataCollector.Contracts/MarketDataCollector.Contracts.csproj]
/home/runner/work/Market-Data-Collector/Market-Data-Collector/src/MarketDataCollector.Contracts/Api/BackfillApiModels.cs(49,19): warning CS1591: Missing XML comment for publicly visible type or member 'SymbolResolutionResponse.Symbol' [/home/runner/work/Market-Data-Collector/Market-Data-Collector/src/MarketDataCollector.Contracts/MarketDataCollector.Contracts.csproj]
/home/runner/work/Market-Data-Collector/Market-Data-Collector/src/MarketDataCollector.Contracts/Api/BackfillApiModels.cs(52,20): warning CS1591: Missing XML comment for publicly visible type or member 'SymbolResolutionResponse.ResolvedSymbol' [/home/runner/work/Market-Data-Collector/Market-Data-Collector/src/MarketDataCollector.Contracts/MarketDataCollector.Contracts.csproj]
/home/runner/work/Market-Data-Collector/Market-Data-Collector/src/MarketDataCollector.Contracts/Api/BackfillApiModels.cs(55,20): warning CS1591: Missing XML comment for publicly visible type or member 'SymbolResolutionResponse.Exchange' [/home/runner/work/Market-Data-Collector/Market-Data-Collector/src/MarketDataCollector.Contracts/MarketDataCollector.Contracts.csproj]
/home/runner/work/Market-Data-Collector/Market-Data-Collector/src/MarketDataCollector.Contracts/Api/BackfillApiModels.cs(58,20): warning CS1591: Missing XML comment for publicly visible type or member 'SymbolResolutionResponse.Currency' [/home/runner/work/Market-Data-Collector/Market-Data-Collector/src/MarketDataCollector.Contracts/MarketDataCollector.Contracts.csproj]
/home/runner/work/Market-Data-Collector/Market-Data-Collector/src/MarketDataCollector.Contracts/Api/BackfillApiModels.cs(61,20): warning CS1591: Missing XML comment for publicly visible type or member 'SymbolResolutionResponse.SecurityType' [/home/runner/work/Market-Data-Collector/Market-Data-Collector/src/MarketDataCollector.Contracts/MarketDataCollector.Contracts.csproj]
/home/runner/work/Market-Data-Collector/Market-Data-Collector/src/MarketDataCollector.Contracts/Api/BackfillApiModels.cs(64,40): warning CS1591: Missing XML comment for publicly visible type or member 'SymbolResolutionResponse.ProviderMappings' [/home/runner/work/Market-Data-Collector/Market-Data-Collector/src/MarketDataCollector.Contracts/MarketDataCollector.Contracts.csproj]
/home/runner/work/Market-Data-Collector/Market-Data-Collector/src/MarketDataCollector.Contracts/Api/BackfillApiModels.cs(77,19): warning CS1591: Missing XML comment for publicly visible type or member 'BackfillExecutionResponse.ExecutionId' [/home/runner/work/Market-Data-Collector/Market-Data-Collector/src/MarketDataCollector.Contracts/MarketDataCollector.Contracts.csproj]
/home/runner/work/Market-Data-Collector/Market-Data-Collector/src/MarketDataCollector.Contracts/Api/BackfillApiModels.cs(80,19): warning CS1591: Missing XML comment for publicly visible type or member 'BackfillExecutionResponse.Status' [/home/runner/work/Market-Data-Collector/Market-Data-Collector/src/MarketDataCollector.Contracts/MarketDataCollector.Contracts.csproj]
/home/runner/work/Market-Data-Collector/Market-Data-Collector/src/MarketDataCollector.Contracts/Api/BackfillApiModels.cs(83,21): warning CS1591: Missing XML comment for publicly visible type or member 'BackfillExecutionResponse.StartedAt' [/home/runner/work/Market-Data-Collector/Market-Data-Collector/src/MarketDataCollector.Contracts/MarketDataCollector.Contracts.csproj]
/home/runner/work/Market-Data-Collector/Market-Data-Collector/src/MarketDataCollector.Contracts/Api/BackfillApiModels.cs(86,21): warning CS1591: Missing XML comment for publicly visible type or member 'BackfillExecutionResponse.Symbols' [/home/runner/work/Market-Data-Collector/Market-Data-Collector/src/MarketDataCollector.Contracts/MarketDataCollector.Contracts.csproj]
/home/runner/work/Market-Data-Collector/Market-Data-Collector/src/MarketDataCollector.Contracts/Api/BackfillApiModels.cs(95,19): warning CS1591: Missing XML comment for publicly visible type or member 'BackfillExecution.Id' [/home/runner/work/Market-Data-Collector/Market-Data-Collector/src/MarketDataCollector.Contracts/MarketDataCollector.Contracts.csproj]
/home/runner/work/Market-Data-Collector/Market-Data-Collector/src/MarketDataCollector.Contracts/Api/BackfillApiModels.cs(98,19): warning CS1591: Missing XML comment for publicly visible type or member 'BackfillExecution.ScheduleId' [/home/runner/work/Market-Data-Collector/Market-Data-Collector/src/MarketDataCollector.Contracts/MarketDataCollector.Contracts.csproj]
/home/runner/work/Market-Data-Collector/Market-Data-Collector/src/MarketDataCollector.Contracts/Api/BackfillApiModels.cs(101,19): warning CS1591: Missing XML comment for publicly visible type or member 'BackfillExecution.Status' [/home/runner/work/Market-Data-Collector/Market-Data-Collector/src/MarketDataCollector.Contracts/MarketDataCollector.Contracts.csproj]
/home/runner/work/Market-Data-Collector/Market-Data-Collector/src/MarketDataCollector.Contracts/Api/BackfillApiModels.cs(104,21): warning CS1591: Missing XML comment for publicly visible type or member 'BackfillExecution.StartedAt' [/home/runner/work/Market-Data-Collector/Market-Data-Collector/src/MarketDataCollector.Contracts/MarketDataCollector.Contracts.csproj]
/home/runner/work/Market-Data-Collector/Market-Data-Collector/src/MarketDataCollector.Contracts/Api/BackfillApiModels.cs(107,22): warning CS1591: Missing XML comment for publicly visible type or member 'BackfillExecution.CompletedAt' [/home/runner/work/Market-Data-Collector/Market-Data-Collector/src/MarketDataCollector.Contracts/MarketDataCollector.Contracts.csproj]
/home/runner/work/Market-Data-Collector/Market-Data-Collector/src/MarketDataCollector.Contracts/Api/BackfillApiModels.cs(110,16): warning CS1591: Missing XML comment for publicly visible type or member 'BackfillExecution.SymbolsProcessed' [/home/runner/work/Market-Data-Collector/Market-Data-Collector/src/MarketDataCollector.Contracts/MarketDataCollector.Contracts.csproj]
/home/runner/work/Market-Data-Collector/Market-Data-Collector/src/MarketDataCollector.Contracts/Api/BackfillApiModels.cs(113,16): warning CS1591: Missing XML comment for publicly visible type or member 'BackfillExecution.BarsDownloaded' [/home/runner/work/Market-Data-Collector/Market-Data-Collector/src/MarketDataCollector.Contracts/MarketDataCollector.Contracts.csproj]
/home/runner/work/Market-Data-Collector/Market-Data-Collector/src/MarketDataCollector.Contracts/Api/BackfillApiModels.cs(116,20): warning CS1591: Missing XML comment for publicly visible type or member 'BackfillExecution.ErrorMessage' [/home/runner/work/Market-Data-Collector/Market-Data-Collector/src/MarketDataCollector.Contracts/MarketDataCollector.Contracts.csproj]
/home/runner/work/Market-Data-Collector/Market-Data-Collector/src/MarketDataCollector.Contracts/Api/BackfillApiModels.cs(129,19): warning CS1591: Missing XML comment for publicly visible type or member 'BackfillPreset.Name' [/home/runner/work/Market-Data-Collector/Market-Data-Collector/src/MarketDataCollector.Contracts/MarketDataCollector.Contracts.csproj]
/home/runner/work/Market-Data-Collector/Market-Data-Collector/src/MarketDataCollector.Contracts/Api/BackfillApiModels.cs(132,19): warning CS1591: Missing XML comment for publicly visible type or member 'BackfillPreset.DisplayName' [/home/runner/work/Market-Data-Collector/Market-Data-Collector/src/MarketDataCollector.Contracts/MarketDataCollector.Contracts.csproj]
/home/runner/work/Market-Data-Collector/Market-Data-Collector/src/MarketDataCollector.Contracts/Api/BackfillApiModels.cs(135,19): warning CS1591: Missing XML comment for publicly visible type or member 'BackfillPreset.Description' [/home/runner/work/Market-Data-Collector/Market-Data-Collector/src/MarketDataCollector.Contracts/MarketDataCollector.Contracts.csproj]
/home/runner/work/Market-Data-Collector/Market-Data-Collector/src/MarketDataCollector.Contracts/Api/BackfillApiModels.cs(138,19): warning CS1591: Missing XML comment for publicly visible type or member 'BackfillPreset.CronExpression' [/home/runner/work/Market-Data-Collector/Market-Data-Collector/src/MarketDataCollector.Contracts/MarketDataCollector.Contracts.csproj]
/home/runner/work/Market-Data-Collector/Market-Data-Collector/src/MarketDataCollector.Contracts/Api/BackfillApiModels.cs(141,16): warning CS1591: Missing XML comment for publicly visible type or member 'BackfillPreset.LookbackDays' [/home/runner/work/Market-Data-Collector/Market-Data-Collector/src/MarketDataCollector.Contracts/MarketDataCollector.Contracts.csproj]
/home/runner/work/Market-Data-Collector/Market-Data-Collector/src/MarketDataCollector.Contracts/Api/BackfillApiModels.cs(154,16): warning CS1591: Missing XML comment for publicly visible type or member 'BackfillStatistics.TotalExecutions' [/home/runner/work/Market-Data-Collector/Market-Data-Collector/src/MarketDataCollector.Contracts/MarketDataCollector.Contracts.csproj]
/home/runner/work/Market-Data-Collector/Market-Data-Collector/src/MarketDataCollector.Contracts/Api/BackfillApiModels.cs(157,16): warning CS1591: Missing XML comment for publicly visible type or member 'BackfillStatistics.SuccessfulExecutions' [/home/runner/work/Market-Data-Collector/Market-Data-Collector/src/MarketDataCollector.Contracts/MarketDataCollector.Contracts.csproj]
/home/runner/work/Market-Data-Collector/Market-Data-Collector/src/MarketDataCollector.Contracts/Api/BackfillApiModels.cs(160,16): warning CS1591: Missing XML comment for publicly visible type or member 'BackfillStatistics.FailedExecutions' [/home/runner/work/Market-Data-Collector/Market-Data-Collector/src/MarketDataCollector.Contracts/MarketDataCollector.Contracts.csproj]
/home/runner/work/Market-Data-Collector/Market-Data-Collector/src/MarketDataCollector.Contracts/Api/BackfillApiModels.cs(163,17): warning CS1591: Missing XML comment for publicly visible type or member 'BackfillStatistics.TotalBarsDownloaded' [/home/runner/work/Market-Data-Collector/Market-Data-Collector/src/MarketDataCollector.Contracts/MarketDataCollector.Contracts.csproj]
/home/runner/work/Market-Data-Collector/Market-Data-Collector/src/MarketDataCollector.Contracts/Api/BackfillApiModels.cs(166,19): warning CS1591: Missing XML comment for publicly visible type or member 'BackfillStatistics.AverageExecutionTimeSeconds' [/home/runner/work/Market-Data-Collector/Market-Data-Collector/src/MarketDataCollector.Contracts/MarketDataCollector.Contracts.csproj]
/home/runner/work/Market-Data-Collector/Market-Data-Collector/src/MarketDataCollector.Contracts/Api/BackfillApiModels.cs(169,22): warning CS1591: Missing XML comment for publicly visible type or member 'BackfillStatistics.LastSuccessfulExecution' [/home/runner/work/Market-Data-Collector/Market-Data-Collector/src/MarketDataCollector.Contracts/MarketDataCollector.Contracts.csproj]
/home/runner/work/Market-Data-Collector/Market-Data-Collector/src/MarketDataCollector.Contracts/Api/BackfillApiModels.cs(182,21): warning CS1591: Missing XML comment for publicly visible type or member 'GapFillRequest.Symbols' [/home/runner/work/Market-Data-Collector/Market-Data-Collector/src/MarketDataCollector.Contracts/MarketDataCollector.Contracts.csproj]
/home/runner/work/Market-Data-Collector/Market-Data-Collector/src/MarketDataCollector.Contracts/Api/BackfillApiModels.cs(185,16): warning CS1591: Missing XML comment for publicly visible type or member 'GapFillRequest.LookbackDays' [/home/runner/work/Market-Data-Collector/Market-Data-Collector/src/MarketDataCollector.Contracts/MarketDataCollector.Contracts.csproj]
/home/runner/work/Market-Data-Collector/Market-Data-Collector/src/MarketDataCollector.Contracts/Api/BackfillApiModels.cs(188,19): warning CS1591: Missing XML comment for publicly visible type or member 'GapFillRequest.Priority' [/home/runner/work/Market-Data-Collector/Market-Data-Collector/src/MarketDataCollector.Contracts/MarketDataCollector.Contracts.csproj]
/home/runner/work/Market-Data-Collector/Market-Data-Collector/src/MarketDataCollector.Contracts/Api/ProviderCatalog.cs(603,19): warning CS1591: Missing XML comment for publicly visible type or member 'ProviderCatalogEntry.ProviderId' [/home/runner/work/Market-Data-Collector/Market-Data-Collector/src/MarketDataCollector.Contracts/MarketDataCollector.Contracts.csproj]
/home/runner/work/Market-Data-Collector/Market-Data-Collector/src/MarketDataCollector.Contracts/Api/ProviderCatalog.cs(606,19): warning CS1591: Missing XML comment for publicly visible type or member 'ProviderCatalogEntry.DisplayName' [/home/runner/work/Market-Data-Collector/Market-Data-Collector/src/MarketDataCollector.Contracts/MarketDataCollector.Contracts.csproj]
/home/runner/work/Market-Data-Collector/Market-Data-Collector/src/MarketDataCollector.Contracts/Api/ProviderCatalog.cs(609,19): warning CS1591: Missing XML comment for publicly visible type or member 'ProviderCatalogEntry.Description' [/home/runner/work/Market-Data-Collector/Market-Data-Collector/src/MarketDataCollector.Contracts/MarketDataCollector.Contracts.csproj]
/home/runner/work/Market-Data-Collector/Market-Data-Collector/src/MarketDataCollector.Contracts/Api/ProviderCatalog.cs(612,29): warning CS1591: Missing XML comment for publicly visible type or member 'ProviderCatalogEntry.ProviderType' [/home/runner/work/Market-Data-Collector/Market-Data-Collector/src/MarketDataCollector.Contracts/MarketDataCollector.Contracts.csproj]
/home/runner/work/Market-Data-Collector/Market-Data-Collector/src/MarketDataCollector.Contracts/Api/ProviderCatalog.cs(615,17): warning CS1591: Missing XML comment for publicly visible type or member 'ProviderCatalogEntry.RequiresCredentials' [/home/runner/work/Market-Data-Collector/Market-Data-Collector/src/MarketDataCollector.Contracts/MarketDataCollector.Contracts.csproj]
/home/runner/work/Market-Data-Collector/Market-Data-Collector/src/MarketDataCollector.Contracts/Api/ProviderCatalog.cs(618,34): warning CS1591: Missing XML comment for publicly visible type or member 'ProviderCatalogEntry.CredentialFields' [/home/runner/work/Market-Data-Collector/Market-Data-Collector/src/MarketDataCollector.Contracts/MarketDataCollector.Contracts.csproj]
/home/runner/work/Market-Data-Collector/Market-Data-Collector/src/MarketDataCollector.Contracts/Api/ProviderCatalog.cs(621,27): warning CS1591: Missing XML comment for publicly visible type or member 'ProviderCatalogEntry.RateLimit' [/home/runner/work/Market-Data-Collector/Market-Data-Collector/src/MarketDataCollector.Contracts/MarketDataCollector.Contracts.csproj]
/home/runner/work/Market-Data-Collector/Market-Data-Collector/src/MarketDataCollector.Contracts/Api/ProviderCatalog.cs(624,21): warning CS1591: Missing XML comment for publicly visible type or member 'ProviderCatalogEntry.Notes' [/home/runner/work/Market-Data-Collector/Market-Data-Collector/src/MarketDataCollector.Contracts/MarketDataCollector.Contracts.csproj]
/home/runner/work/Market-Data-Collector/Market-Data-Collector/src/MarketDataCollector.Contracts/Api/ProviderCatalog.cs(627,21): warning CS1591: Missing XML comment for publicly visible type or member 'ProviderCatalogEntry.Warnings' [/home/runner/work/Market-Data-Collector/Market-Data-Collector/src/MarketDataCollector.Contracts/MarketDataCollector.Contracts.csproj]
/home/runner/work/Market-Data-Collector/Market-Data-Collector/src/MarketDataCollector.Contracts/Api/ProviderCatalog.cs(630,21): warning CS1591: Missing XML comment for publicly visible type or member 'ProviderCatalogEntry.SupportedMarkets' [/home/runner/work/Market-Data-Collector/Market-Data-Collector/src/MarketDataCollector.Contracts/MarketDataCollector.Contracts.csproj]
/home/runner/work/Market-Data-Collector/Market-Data-Collector/src/MarketDataCollector.Contracts/Api/ProviderCatalog.cs(633,21): warning CS1591: Missing XML comment for publicly visible type or member 'ProviderCatalogEntry.DataTypes' [/home/runner/work/Market-Data-Collector/Market-Data-Collector/src/MarketDataCollector.Contracts/MarketDataCollector.Contracts.csproj]
/home/runner/work/Market-Data-Collector/Market-Data-Collector/src/MarketDataCollector.Contracts/Api/ProviderCatalog.cs(636,27): warning CS1591: Missing XML comment for publicly visible type or member 'ProviderCatalogEntry.Capabilities' [/home/runner/work/Market-Data-Collector/Market-Data-Collector/src/MarketDataCollector.Contracts/MarketDataCollector.Contracts.csproj]
/home/runner/work/Market-Data-Collector/Market-Data-Collector/src/MarketDataCollector.Contracts/Api/ProviderCatalog.cs(656,16): warning CS1591: Missing XML comment for publicly visible type or member 'RateLimitInfo.MaxRequestsPerWindow' [/home/runner/work/Market-Data-Collector/Market-Data-Collector/src/MarketDataCollector.Contracts/MarketDataCollector.Contracts.csproj]
/home/runner/work/Market-Data-Collector/Market-Data-Collector/src/MarketDataCollector.Contracts/Api/ProviderCatalog.cs(659,16): warning CS1591: Missing XML comment for publicly visible type or member 'RateLimitInfo.WindowSeconds' [/home/runner/work/Market-Data-Collector/Market-Data-Collector/src/MarketDataCollector.Contracts/MarketDataCollector.Contracts.csproj]
/home/runner/work/Market-Data-Collector/Market-Data-Collector/src/MarketDataCollector.Contracts/Api/ProviderCatalog.cs(662,16): warning CS1591: Missing XML comment for publicly visible type or member 'RateLimitInfo.MinDelayMs' [/home/runner/work/Market-Data-Collector/Market-Data-Collector/src/MarketDataCollector.Contracts/MarketDataCollector.Contracts.csproj]
/home/runner/work/Market-Data-Collector/Market-Data-Collector/src/MarketDataCollector.Contracts/Api/ProviderCatalog.cs(665,19): warning CS1591: Missing XML comment for publicly visible type or member 'RateLimitInfo.Description' [/home/runner/work/Market-Data-Collector/Market-Data-Collector/src/MarketDataCollector.Contracts/MarketDataCollector.Contracts.csproj]
/home/runner/work/Market-Data-Collector/Market-Data-Collector/src/MarketDataCollector.Contracts/Api/ProviderCatalog.cs(675,17): warning CS1591: Missing XML comment for publicly visible type or member 'CapabilityInfo.SupportsStreaming' [/home/runner/work/Market-Data-Collector/Market-Data-Collector/src/MarketDataCollector.Contracts/MarketDataCollector.Contracts.csproj]
/home/runner/work/Market-Data-Collector/Market-Data-Collector/src/MarketDataCollector.Contracts/Api/ProviderCatalog.cs(678,17): warning CS1591: Missing XML comment for publicly visible type or member 'CapabilityInfo.SupportsMarketDepth' [/home/runner/work/Market-Data-Collector/Market-Data-Collector/src/MarketDataCollector.Contracts/MarketDataCollector.Contracts.csproj]
/home/runner/work/Market-Data-Collector/Market-Data-Collector/src/MarketDataCollector.Contracts/Api/ProviderCatalog.cs(681,17): warning CS1591: Missing XML comment for publicly visible type or member 'CapabilityInfo.MaxDepthLevels' [/home/runner/work/Market-Data-Collector/Market-Data-Collector/src/MarketDataCollector.Contracts/MarketDataCollector.Contracts.csproj]
/home/runner/work/Market-Data-Collector/Market-Data-Collector/src/MarketDataCollector.Contracts/Api/ProviderCatalog.cs(684,17): warning CS1591: Missing XML comment for publicly visible type or member 'CapabilityInfo.SupportsAdjustedPrices' [/home/runner/work/Market-Data-Collector/Market-Data-Collector/src/MarketDataCollector.Contracts/MarketDataCollector.Contracts.csproj]
/home/runner/work/Market-Data-Collector/Market-Data-Collector/src/MarketDataCollector.Contracts/Api/ProviderCatalog.cs(687,17): warning CS1591: Missing XML comment for publicly visible type or member 'CapabilityInfo.SupportsDividends' [/home/runner/work/Market-Data-Collector/Market-Data-Collector/src/MarketDataCollector.Contracts/MarketDataCollector.Contracts.csproj]
/home/runner/work/Market-Data-Collector/Market-Data-Collector/src/MarketDataCollector.Contracts/Api/ProviderCatalog.cs(690,17): warning CS1591: Missing XML comment for publicly visible type or member 'CapabilityInfo.SupportsSplits' [/home/runner/work/Market-Data-Collector/Market-Data-Collector/src/MarketDataCollector.Contracts/MarketDataCollector.Contracts.csproj]
/home/runner/work/Market-Data-Collector/Market-Data-Collector/src/MarketDataCollector.Contracts/Api/ProviderCatalog.cs(693,17): warning CS1591: Missing XML comment for publicly visible type or member 'CapabilityInfo.SupportsIntraday' [/home/runner/work/Market-Data-Collector/Market-Data-Collector/src/MarketDataCollector.Contracts/MarketDataCollector.Contracts.csproj]
/home/runner/work/Market-Data-Collector/Market-Data-Collector/src/MarketDataCollector.Contracts/Api/ProviderCatalog.cs(696,17): warning CS1591: Missing XML comment for publicly visible type or member 'CapabilityInfo.SupportsTrades' [/home/runner/work/Market-Data-Collector/Market-Data-Collector/src/MarketDataCollector.Contracts/MarketDataCollector.Contracts.csproj]
/home/runner/work/Market-Data-Collector/Market-Data-Collector/src/MarketDataCollector.Contracts/Api/ProviderCatalog.cs(699,17): warning CS1591: Missing XML comment for publicly visible type or member 'CapabilityInfo.SupportsQuotes' [/home/runner/work/Market-Data-Collector/Market-Data-Collector/src/MarketDataCollector.Contracts/MarketDataCollector.Contracts.csproj]
/home/runner/work/Market-Data-Collector/Market-Data-Collector/src/MarketDataCollector.Contracts/Api/ProviderCatalog.cs(702,17): warning CS1591: Missing XML comment for publicly visible type or member 'CapabilityInfo.SupportsAuctions' [/home/runner/work/Market-Data-Collector/Market-Data-Collector/src/MarketDataCollector.Contracts/MarketDataCollector.Contracts.csproj]
/home/runner/work/Market-Data-Collector/Market-Data-Collector/src/MarketDataCollector.Contracts/Api/StatusEndpointModels.cs(11,17): warning CS1591: Missing XML comment for publicly visible type or member 'BackpressureStatusDto.IsActive' [/home/runner/work/Market-Data-Collector/Market-Data-Collector/src/MarketDataCollector.Contracts/MarketDataCollector.Contracts.csproj]
/home/runner/work/Market-Data-Collector/Market-Data-Collector/src/MarketDataCollector.Contracts/Api/StatusEndpointModels.cs(14,19): warning CS1591: Missing XML comment for publicly visible type or member 'BackpressureStatusDto.Level' [/home/runner/work/Market-Data-Collector/Market-Data-Collector/src/MarketDataCollector.Contracts/MarketDataCollector.Contracts.csproj]
/home/runner/work/Market-Data-Collector/Market-Data-Collector/src/MarketDataCollector.Contracts/Api/StatusEndpointModels.cs(17,19): warning CS1591: Missing XML comment for publicly visible type or member 'BackpressureStatusDto.QueueUtilization' [/home/runner/work/Market-Data-Collector/Market-Data-Collector/src/MarketDataCollector.Contracts/MarketDataCollector.Contracts.csproj]
/home/runner/work/Market-Data-Collector/Market-Data-Collector/src/MarketDataCollector.Contracts/Api/StatusEndpointModels.cs(20,17): warning CS1591: Missing XML comment for publicly visible type or member 'BackpressureStatusDto.DroppedEvents' [/home/runner/work/Market-Data-Collector/Market-Data-Collector/src/MarketDataCollector.Contracts/MarketDataCollector.Contracts.csproj]
/home/runner/work/Market-Data-Collector/Market-Data-Collector/src/MarketDataCollector.Contracts/Api/StatusEndpointModels.cs(23,19): warning CS1591: Missing XML comment for publicly visible type or member 'BackpressureStatusDto.DropRate' [/home/runner/work/Market-Data-Collector/Market-Data-Collector/src/MarketDataCollector.Contracts/MarketDataCollector.Contracts.csproj]
/home/runner/work/Market-Data-Collector/Market-Data-Collector/src/MarketDataCollector.Contracts/Api/StatusEndpointModels.cs(26,19): warning CS1591: Missing XML comment for publicly visible type or member 'BackpressureStatusDto.DurationSeconds' [/home/runner/work/Market-Data-Collector/Market-Data-Collector/src/MarketDataCollector.Contracts/MarketDataCollector.Contracts.csproj]
/home/runner/work/Market-Data-Collector/Market-Data-Collector/src/MarketDataCollector.Contracts/Api/StatusEndpointModels.cs(29,20): warning CS1591: Missing XML comment for publicly visible type or member 'BackpressureStatusDto.Message' [/home/runner/work/Market-Data-Collector/Market-Data-Collector/src/MarketDataCollector.Contracts/MarketDataCollector.Contracts.csproj]
/home/runner/work/Market-Data-Collector/Market-Data-Collector/src/MarketDataCollector.Contracts/Api/StatusEndpointModels.cs(38,19): warning CS1591: Missing XML comment for publicly visible type or member 'ProviderLatencyStatsDto.Provider' [/home/runner/work/Market-Data-Collector/Market-Data-Collector/src/MarketDataCollector.Contracts/MarketDataCollector.Contracts.csproj]
/home/runner/work/Market-Data-Collector/Market-Data-Collector/src/MarketDataCollector.Contracts/Api/StatusEndpointModels.cs(41,19): warning CS1591: Missing XML comment for publicly visible type or member 'ProviderLatencyStatsDto.AverageMs' [/home/runner/work/Market-Data-Collector/Market-Data-Collector/src/MarketDataCollector.Contracts/MarketDataCollector.Contracts.csproj]
/home/runner/work/Market-Data-Collector/Market-Data-Collector/src/MarketDataCollector.Contracts/Api/StatusEndpointModels.cs(44,19): warning CS1591: Missing XML comment for publicly visible type or member 'ProviderLatencyStatsDto.MinMs' [/home/runner/work/Market-Data-Collector/Market-Data-Collector/src/MarketDataCollector.Contracts/MarketDataCollector.Contracts.csproj]
/home/runner/work/Market-Data-Collector/Market-Data-Collector/src/MarketDataCollector.Contracts/Api/StatusEndpointModels.cs(47,19): warning CS1591: Missing XML comment for publicly visible type or member 'ProviderLatencyStatsDto.MaxMs' [/home/runner/work/Market-Data-Collector/Market-Data-Collector/src/MarketDataCollector.Contracts/MarketDataCollector.Contracts.csproj]
/home/runner/work/Market-Data-Collector/Market-Data-Collector/src/MarketDataCollector.Contracts/Api/StatusEndpointModels.cs(50,19): warning CS1591: Missing XML comment for publicly visible type or member 'ProviderLatencyStatsDto.P50Ms' [/home/runner/work/Market-Data-Collector/Market-Data-Collector/src/MarketDataCollector.Contracts/MarketDataCollector.Contracts.csproj]
/home/runner/work/Market-Data-Collector/Market-Data-Collector/src/MarketDataCollector.Contracts/Api/StatusEndpointModels.cs(53,19): warning CS1591: Missing XML comment for publicly visible type or member 'ProviderLatencyStatsDto.P95Ms' [/home/runner/work/Market-Data-Collector/Market-Data-Collector/src/MarketDataCollector.Contracts/MarketDataCollector.Contracts.csproj]
/home/runner/work/Market-Data-Collector/Market-Data-Collector/src/MarketDataCollector.Contracts/Api/StatusEndpointModels.cs(56,19): warning CS1591: Missing XML comment for publicly visible type or member 'ProviderLatencyStatsDto.P99Ms' [/home/runner/work/Market-Data-Collector/Market-Data-Collector/src/MarketDataCollector.Contracts/MarketDataCollector.Contracts.csproj]
/home/runner/work/Market-Data-Collector/Market-Data-Collector/src/MarketDataCollector.Contracts/Api/StatusEndpointModels.cs(59,17): warning CS1591: Missing XML comment for publicly visible type or member 'ProviderLatencyStatsDto.SampleCount' [/home/runner/work/Market-Data-Collector/Market-Data-Collector/src/MarketDataCollector.Contracts/MarketDataCollector.Contracts.csproj]
/home/runner/work/Market-Data-Collector/Market-Data-Collector/src/MarketDataCollector.Contracts/Api/StatusEndpointModels.cs(62,17): warning CS1591: Missing XML comment for publicly visible type or member 'ProviderLatencyStatsDto.IsHealthy' [/home/runner/work/Market-Data-Collector/Market-Data-Collector/src/MarketDataCollector.Contracts/MarketDataCollector.Contracts.csproj]
/home/runner/work/Market-Data-Collector/Market-Data-Collector/src/MarketDataCollector.Contracts/Api/StatusEndpointModels.cs(71,27): warning CS1591: Missing XML comment for publicly visible type or member 'ProviderLatencySummaryDto.Timestamp' [/home/runner/work/Market-Data-Collector/Market-Data-Collector/src/MarketDataCollector.Contracts/MarketDataCollector.Contracts.csproj]
/home/runner/work/Market-Data-Collector/Market-Data-Collector/src/MarketDataCollector.Contracts/Api/StatusEndpointModels.cs(74,51): warning CS1591: Missing XML comment for publicly visible type or member 'ProviderLatencySummaryDto.Providers' [/home/runner/work/Market-Data-Collector/Market-Data-Collector/src/MarketDataCollector.Contracts/MarketDataCollector.Contracts.csproj]
/home/runner/work/Market-Data-Collector/Market-Data-Collector/src/MarketDataCollector.Contracts/Api/StatusEndpointModels.cs(77,19): warning CS1591: Missing XML comment for publicly visible type or member 'ProviderLatencySummaryDto.GlobalAverageMs' [/home/runner/work/Market-Data-Collector/Market-Data-Collector/src/MarketDataCollector.Contracts/MarketDataCollector.Contracts.csproj]
/home/runner/work/Market-Data-Collector/Market-Data-Collector/src/MarketDataCollector.Contracts/Api/StatusEndpointModels.cs(80,19): warning CS1591: Missing XML comment for publicly visible type or member 'ProviderLatencySummaryDto.GlobalP99Ms' [/home/runner/work/Market-Data-Collector/Market-Data-Collector/src/MarketDataCollector.Contracts/MarketDataCollector.Contracts.csproj]
/home/runner/work/Market-Data-Collector/Market-Data-Collector/src/MarketDataCollector.Contracts/Api/StatusEndpointModels.cs(89,19): warning CS1591: Missing XML comment for publicly visible type or member 'ConnectionHealthDto.ConnectionId' [/home/runner/work/Market-Data-Collector/Market-Data-Collector/src/MarketDataCollector.Contracts/MarketDataCollector.Contracts.csproj]
/home/runner/work/Market-Data-Collector/Market-Data-Collector/src/MarketDataCollector.Contracts/Api/StatusEndpointModels.cs(92,19): warning CS1591: Missing XML comment for publicly visible type or member 'ConnectionHealthDto.ProviderName' [/home/runner/work/Market-Data-Collector/Market-Data-Collector/src/MarketDataCollector.Contracts/MarketDataCollector.Contracts.csproj]
/home/runner/work/Market-Data-Collector/Market-Data-Collector/src/MarketDataCollector.Contracts/Api/StatusEndpointModels.cs(95,17): warning CS1591: Missing XML comment for publicly visible type or member 'ConnectionHealthDto.IsConnected' [/home/runner/work/Market-Data-Collector/Market-Data-Collector/src/MarketDataCollector.Contracts/MarketDataCollector.Contracts.csproj]
/home/runner/work/Market-Data-Collector/Market-Data-Collector/src/MarketDataCollector.Contracts/Api/StatusEndpointModels.cs(98,17): warning CS1591: Missing XML comment for publicly visible type or member 'ConnectionHealthDto.IsHealthy' [/home/runner/work/Market-Data-Collector/Market-Data-Collector/src/MarketDataCollector.Contracts/MarketDataCollector.Contracts.csproj]
/home/runner/work/Market-Data-Collector/Market-Data-Collector/src/MarketDataCollector.Contracts/Api/StatusEndpointModels.cs(101,28): warning CS1591: Missing XML comment for publicly visible type or member 'ConnectionHealthDto.LastHeartbeatTime' [/home/runner/work/Market-Data-Collector/Market-Data-Collector/src/MarketDataCollector.Contracts/MarketDataCollector.Contracts.csproj]
/home/runner/work/Market-Data-Collector/Market-Data-Collector/src/MarketDataCollector.Contracts/Api/StatusEndpointModels.cs(104,16): warning CS1591: Missing XML comment for publicly visible type or member 'ConnectionHealthDto.MissedHeartbeats' [/home/runner/work/Market-Data-Collector/Market-Data-Collector/src/MarketDataCollector.Contracts/MarketDataCollector.Contracts.csproj]
/home/runner/work/Market-Data-Collector/Market-Data-Collector/src/MarketDataCollector.Contracts/Api/StatusEndpointModels.cs(107,19): warning CS1591: Missing XML comment for publicly visible type or member 'ConnectionHealthDto.UptimeSeconds' [/home/runner/work/Market-Data-Collector/Market-Data-Collector/src/MarketDataCollector.Contracts/MarketDataCollector.Contracts.csproj]
/home/runner/work/Market-Data-Collector/Market-Data-Collector/src/MarketDataCollector.Contracts/Api/StatusEndpointModels.cs(110,19): warning CS1591: Missing XML comment for publicly visible type or member 'ConnectionHealthDto.AverageLatencyMs' [/home/runner/work/Market-Data-Collector/Market-Data-Collector/src/MarketDataCollector.Contracts/MarketDataCollector.Contracts.csproj]
/home/runner/work/Market-Data-Collector/Market-Data-Collector/src/MarketDataCollector.Contracts/Api/StatusEndpointModels.cs(119,27): warning CS1591: Missing XML comment for publicly visible type or member 'ConnectionHealthSnapshotDto.Timestamp' [/home/runner/work/Market-Data-Collector/Market-Data-Collector/src/MarketDataCollector.Contracts/MarketDataCollector.Contracts.csproj]
/home/runner/work/Market-Data-Collector/Market-Data-Collector/src/MarketDataCollector.Contracts/Api/StatusEndpointModels.cs(122,16): warning CS1591: Missing XML comment for publicly visible type or member 'ConnectionHealthSnapshotDto.TotalConnections' [/home/runner/work/Market-Data-Collector/Market-Data-Collector/src/MarketDataCollector.Contracts/MarketDataCollector.Contracts.csproj]
/home/runner/work/Market-Data-Collector/Market-Data-Collector/src/MarketDataCollector.Contracts/Api/StatusEndpointModels.cs(125,16): warning CS1591: Missing XML comment for publicly visible type or member 'ConnectionHealthSnapshotDto.HealthyConnections' [/home/runner/work/Market-Data-Collector/Market-Data-Collector/src/MarketDataCollector.Contracts/MarketDataCollector.Contracts.csproj]
/home/runner/work/Market-Data-Collector/Market-Data-Collector/src/MarketDataCollector.Contracts/Api/StatusEndpointModels.cs(128,16): warning CS1591: Missing XML comment for publicly visible type or member 'ConnectionHealthSnapshotDto.UnhealthyConnections' [/home/runner/work/Market-Data-Collector/Market-Data-Collector/src/MarketDataCollector.Contracts/MarketDataCollector.Contracts.csproj]
/home/runner/work/Market-Data-Collector/Market-Data-Collector/src/MarketDataCollector.Contracts/Api/StatusEndpointModels.cs(131,19): warning CS1591: Missing XML comment for publicly visible type or member 'ConnectionHealthSnapshotDto.GlobalAverageLatencyMs' [/home/runner/work/Market-Data-Collector/Market-Data-Collector/src/MarketDataCollector.Contracts/MarketDataCollector.Contracts.csproj]
/home/runner/work/Market-Data-Collector/Market-Data-Collector/src/MarketDataCollector.Contracts/Api/StatusEndpointModels.cs(134,19): warning CS1591: Missing XML comment for publicly visible type or member 'ConnectionHealthSnapshotDto.GlobalMinLatencyMs' [/home/runner/work/Market-Data-Collector/Market-Data-Collector/src/MarketDataCollector.Contracts/MarketDataCollector.Contracts.csproj]
/home/runner/work/Market-Data-Collector/Market-Data-Collector/src/MarketDataCollector.Contracts/Api/StatusEndpointModels.cs(137,19): warning CS1591: Missing XML comment for publicly visible type or member 'ConnectionHealthSnapshotDto.GlobalMaxLatencyMs' [/home/runner/work/Market-Data-Collector/Market-Data-Collector/src/MarketDataCollector.Contracts/MarketDataCollector.Contracts.csproj]
/home/runner/work/Market-Data-Collector/Market-Data-Collector/src/MarketDataCollector.Contracts/Api/StatusEndpointModels.cs(140,47): warning CS1591: Missing XML comment for publicly visible type or member 'ConnectionHealthSnapshotDto.Connections' [/home/runner/work/Market-Data-Collector/Market-Data-Collector/src/MarketDataCollector.Contracts/MarketDataCollector.Contracts.csproj]
/home/runner/work/Market-Data-Collector/Market-Data-Collector/src/MarketDataCollector.Contracts/Api/StatusEndpointModels.cs(149,19): warning CS1591: Missing XML comment for publicly visible type or member 'ErrorEntryDto.Id' [/home/runner/work/Market-Data-Collector/Market-Data-Collector/src/MarketDataCollector.Contracts/MarketDataCollector.Contracts.csproj]
/home/runner/work/Market-Data-Collector/Market-Data-Collector/src/MarketDataCollector.Contracts/Api/StatusEndpointModels.cs(152,27): warning CS1591: Missing XML comment for publicly visible type or member 'ErrorEntryDto.Timestamp' [/home/runner/work/Market-Data-Collector/Market-Data-Collector/src/MarketDataCollector.Contracts/MarketDataCollector.Contracts.csproj]
/home/runner/work/Market-Data-Collector/Market-Data-Collector/src/MarketDataCollector.Contracts/Api/StatusEndpointModels.cs(155,19): warning CS1591: Missing XML comment for publicly visible type or member 'ErrorEntryDto.Level' [/home/runner/work/Market-Data-Collector/Market-Data-Collector/src/MarketDataCollector.Contracts/MarketDataCollector.Contracts.csproj]
/home/runner/work/Market-Data-Collector/Market-Data-Collector/src/MarketDataCollector.Contracts/Api/StatusEndpointModels.cs(158,20): warning CS1591: Missing XML comment for publicly visible type or member 'ErrorEntryDto.Source' [/home/runner/work/Market-Data-Collector/Market-Data-Collector/src/MarketDataCollector.Contracts/MarketDataCollector.Contracts.csproj]
/home/runner/work/Market-Data-Collector/Market-Data-Collector/src/MarketDataCollector.Contracts/Api/StatusEndpointModels.cs(161,20): warning CS1591: Missing XML comment for publicly visible type or member 'ErrorEntryDto.Message' [/home/runner/work/Market-Data-Collector/Market-Data-Collector/src/MarketDataCollector.Contracts/MarketDataCollector.Contracts.csproj]
/home/runner/work/Market-Data-Collector/Market-Data-Collector/src/MarketDataCollector.Contracts/Api/StatusEndpointModels.cs(164,20): warning CS1591: Missing XML comment for publicly visible type or member 'ErrorEntryDto.ExceptionType' [/home/runner/work/Market-Data-Collector/Market-Data-Collector/src/MarketDataCollector.Contracts/MarketDataCollector.Contracts.csproj]
/home/runner/work/Market-Data-Collector/Market-Data-Collector/src/MarketDataCollector.Contracts/Api/StatusEndpointModels.cs(167,20): warning CS1591: Missing XML comment for publicly visible type or member 'ErrorEntryDto.Context' [/home/runner/work/Market-Data-Collector/Market-Data-Collector/src/MarketDataCollector.Contracts/MarketDataCollector.Contracts.csproj]
/home/runner/work/Market-Data-Collector/Market-Data-Collector/src/MarketDataCollector.Contracts/Api/StatusEndpointModels.cs(170,20): warning CS1591: Missing XML comment for publicly visible type or member 'ErrorEntryDto.Symbol' [/home/runner/work/Market-Data-Collector/Market-Data-Collector/src/MarketDataCollector.Contracts/MarketDataCollector.Contracts.csproj]
/home/runner/work/Market-Data-Collector/Market-Data-Collector/src/MarketDataCollector.Contracts/Api/StatusEndpointModels.cs(173,20): warning CS1591: Missing XML comment for publicly visible type or member 'ErrorEntryDto.Provider' [/home/runner/work/Market-Data-Collector/Market-Data-Collector/src/MarketDataCollector.Contracts/MarketDataCollector.Contracts.csproj]
/home/runner/work/Market-Data-Collector/Market-Data-Collector/src/MarketDataCollector.Contracts/Api/StatusEndpointModels.cs(182,16): warning CS1591: Missing XML comment for publicly visible type or member 'ErrorStatsDto.TotalErrors' [/home/runner/work/Market-Data-Collector/Market-Data-Collector/src/MarketDataCollector.Contracts/MarketDataCollector.Contracts.csproj]
/home/runner/work/Market-Data-Collector/Market-Data-Collector/src/MarketDataCollector.Contracts/Api/StatusEndpointModels.cs(185,16): warning CS1591: Missing XML comment for publicly visible type or member 'ErrorStatsDto.ErrorsInLastMinute' [/home/runner/work/Market-Data-Collector/Market-Data-Collector/src/MarketDataCollector.Contracts/MarketDataCollector.Contracts.csproj]
/home/runner/work/Market-Data-Collector/Market-Data-Collector/src/MarketDataCollector.Contracts/Api/StatusEndpointModels.cs(188,16): warning CS1591: Missing XML comment for publicly visible type or member 'ErrorStatsDto.ErrorsInLastHour' [/home/runner/work/Market-Data-Collector/Market-Data-Collector/src/MarketDataCollector.Contracts/MarketDataCollector.Contracts.csproj]
/home/runner/work/Market-Data-Collector/Market-Data-Collector/src/MarketDataCollector.Contracts/Api/StatusEndpointModels.cs(191,16): warning CS1591: Missing XML comment for publicly visible type or member 'ErrorStatsDto.WarningCount' [/home/runner/work/Market-Data-Collector/Market-Data-Collector/src/MarketDataCollector.Contracts/MarketDataCollector.Contracts.csproj]
/home/runner/work/Market-Data-Collector/Market-Data-Collector/src/MarketDataCollector.Contracts/Api/StatusEndpointModels.cs(194,16): warning CS1591: Missing XML comment for publicly visible type or member 'ErrorStatsDto.ErrorCount' [/home/runner/work/Market-Data-Collector/Market-Data-Collector/src/MarketDataCollector.Contracts/MarketDataCollector.Contracts.csproj]
/home/runner/work/Market-Data-Collector/Market-Data-Collector/src/MarketDataCollector.Contracts/Api/StatusEndpointModels.cs(197,16): warning CS1591: Missing XML comment for publicly visible type or member 'ErrorStatsDto.CriticalCount' [/home/runner/work/Market-Data-Collector/Market-Data-Collector/src/MarketDataCollector.Contracts/MarketDataCollector.Contracts.csproj]
/home/runner/work/Market-Data-Collector/Market-Data-Collector/src/MarketDataCollector.Contracts/Api/StatusEndpointModels.cs(200,28): warning CS1591: Missing XML comment for publicly visible type or member 'ErrorStatsDto.LastErrorTime' [/home/runner/work/Market-Data-Collector/Market-Data-Collector/src/MarketDataCollector.Contracts/MarketDataCollector.Contracts.csproj]
/home/runner/work/Market-Data-Collector/Market-Data-Collector/src/MarketDataCollector.Contracts/Api/StatusEndpointModels.cs(209,41): warning CS1591: Missing XML comment for publicly visible type or member 'ErrorsResponseDto.Errors' [/home/runner/work/Market-Data-Collector/Market-Data-Collector/src/MarketDataCollector.Contracts/MarketDataCollector.Contracts.csproj]
/home/runner/work/Market-Data-Collector/Market-Data-Collector/src/MarketDataCollector.Contracts/Api/StatusEndpointModels.cs(212,27): warning CS1591: Missing XML comment for publicly visible type or member 'ErrorsResponseDto.Stats' [/home/runner/work/Market-Data-Collector/Market-Data-Collector/src/MarketDataCollector.Contracts/MarketDataCollector.Contracts.csproj]
/home/runner/work/Market-Data-Collector/Market-Data-Collector/src/MarketDataCollector.Contracts/Api/StatusEndpointModels.cs(215,20): warning CS1591: Missing XML comment for publicly visible type or member 'ErrorsResponseDto.Message' [/home/runner/work/Market-Data-Collector/Market-Data-Collector/src/MarketDataCollector.Contracts/MarketDataCollector.Contracts.csproj]
/home/runner/work/Market-Data-Collector/Market-Data-Collector/src/MarketDataCollector.Contracts/Api/StatusEndpointModels.cs(223,19): warning CS1591: Missing XML comment for publicly visible type or member 'PrometheusMetricsDto.Content' [/home/runner/work/Market-Data-Collector/Market-Data-Collector/src/MarketDataCollector.Contracts/MarketDataCollector.Contracts.csproj]
/home/runner/work/Market-Data-Collector/Market-Data-Collector/src/MarketDataCollector.Contracts/Api/StatusModels.cs(11,17): warning CS1591: Missing XML comment for publicly visible type or member 'StatusResponse.IsConnected' [/home/runner/work/Market-Data-Collector/Market-Data-Collector/src/MarketDataCollector.Contracts/MarketDataCollector.Contracts.csproj]
/home/runner/work/Market-Data-Collector/Market-Data-Collector/src/MarketDataCollector.Contracts/Api/StatusModels.cs(14,27): warning CS1591: Missing XML comment for publicly visible type or member 'StatusResponse.TimestampUtc' [/home/runner/work/Market-Data-Collector/Market-Data-Collector/src/MarketDataCollector.Contracts/MarketDataCollector.Contracts.csproj]
/home/runner/work/Market-Data-Collector/Market-Data-Collector/src/MarketDataCollector.Contracts/Api/StatusModels.cs(17,25): warning CS1591: Missing XML comment for publicly visible type or member 'StatusResponse.Metrics' [/home/runner/work/Market-Data-Collector/Market-Data-Collector/src/MarketDataCollector.Contracts/MarketDataCollector.Contracts.csproj]
/home/runner/work/Market-Data-Collector/Market-Data-Collector/src/MarketDataCollector.Contracts/Api/StatusModels.cs(20,26): warning CS1591: Missing XML comment for publicly visible type or member 'StatusResponse.Pipeline' [/home/runner/work/Market-Data-Collector/Market-Data-Collector/src/MarketDataCollector.Contracts/MarketDataCollector.Contracts.csproj]
/home/runner/work/Market-Data-Collector/Market-Data-Collector/src/MarketDataCollector.Contracts/Api/StatusModels.cs(29,17): warning CS1591: Missing XML comment for publicly visible type or member 'MetricsData.Published' [/home/runner/work/Market-Data-Collector/Market-Data-Collector/src/MarketDataCollector.Contracts/MarketDataCollector.Contracts.csproj]
/home/runner/work/Market-Data-Collector/Market-Data-Collector/src/MarketDataCollector.Contracts/Api/StatusModels.cs(32,17): warning CS1591: Missing XML comment for publicly visible type or member 'MetricsData.Dropped' [/home/runner/work/Market-Data-Collector/Market-Data-Collector/src/MarketDataCollector.Contracts/MarketDataCollector.Contracts.csproj]
/home/runner/work/Market-Data-Collector/Market-Data-Collector/src/MarketDataCollector.Contracts/Api/StatusModels.cs(35,17): warning CS1591: Missing XML comment for publicly visible type or member 'MetricsData.Integrity' [/home/runner/work/Market-Data-Collector/Market-Data-Collector/src/MarketDataCollector.Contracts/MarketDataCollector.Contracts.csproj]
/home/runner/work/Market-Data-Collector/Market-Data-Collector/src/MarketDataCollector.Contracts/Api/StatusModels.cs(38,17): warning CS1591: Missing XML comment for publicly visible type or member 'MetricsData.HistoricalBars' [/home/runner/work/Market-Data-Collector/Market-Data-Collector/src/MarketDataCollector.Contracts/MarketDataCollector.Contracts.csproj]
/home/runner/work/Market-Data-Collector/Market-Data-Collector/src/MarketDataCollector.Contracts/Api/StatusModels.cs(41,19): warning CS1591: Missing XML comment for publicly visible type or member 'MetricsData.EventsPerSecond' [/home/runner/work/Market-Data-Collector/Market-Data-Collector/src/MarketDataCollector.Contracts/MarketDataCollector.Contracts.csproj]
/home/runner/work/Market-Data-Collector/Market-Data-Collector/src/MarketDataCollector.Contracts/Api/StatusModels.cs(44,19): warning CS1591: Missing XML comment for publicly visible type or member 'MetricsData.DropRate' [/home/runner/work/Market-Data-Collector/Market-Data-Collector/src/MarketDataCollector.Contracts/MarketDataCollector.Contracts.csproj]
/home/runner/work/Market-Data-Collector/Market-Data-Collector/src/MarketDataCollector.Contracts/Api/StatusModels.cs(47,17): warning CS1591: Missing XML comment for publicly visible type or member 'MetricsData.Trades' [/home/runner/work/Market-Data-Collector/Market-Data-Collector/src/MarketDataCollector.Contracts/MarketDataCollector.Contracts.csproj]
/home/runner/work/Market-Data-Collector/Market-Data-Collector/src/MarketDataCollector.Contracts/Api/StatusModels.cs(50,17): warning CS1591: Missing XML comment for publicly visible type or member 'MetricsData.DepthUpdates' [/home/runner/work/Market-Data-Collector/Market-Data-Collector/src/MarketDataCollector.Contracts/MarketDataCollector.Contracts.csproj]
/home/runner/work/Market-Data-Collector/Market-Data-Collector/src/MarketDataCollector.Contracts/Api/StatusModels.cs(53,17): warning CS1591: Missing XML comment for publicly visible type or member 'MetricsData.Quotes' [/home/runner/work/Market-Data-Collector/Market-Data-Collector/src/MarketDataCollector.Contracts/MarketDataCollector.Contracts.csproj]
/home/runner/work/Market-Data-Collector/Market-Data-Collector/src/MarketDataCollector.Contracts/Api/StatusModels.cs(62,17): warning CS1591: Missing XML comment for publicly visible type or member 'PipelineData.PublishedCount' [/home/runner/work/Market-Data-Collector/Market-Data-Collector/src/MarketDataCollector.Contracts/MarketDataCollector.Contracts.csproj]
/home/runner/work/Market-Data-Collector/Market-Data-Collector/src/MarketDataCollector.Contracts/Api/StatusModels.cs(65,17): warning CS1591: Missing XML comment for publicly visible type or member 'PipelineData.DroppedCount' [/home/runner/work/Market-Data-Collector/Market-Data-Collector/src/MarketDataCollector.Contracts/MarketDataCollector.Contracts.csproj]
/home/runner/work/Market-Data-Collector/Market-Data-Collector/src/MarketDataCollector.Contracts/Api/StatusModels.cs(68,17): warning CS1591: Missing XML comment for publicly visible type or member 'PipelineData.ConsumedCount' [/home/runner/work/Market-Data-Collector/Market-Data-Collector/src/MarketDataCollector.Contracts/MarketDataCollector.Contracts.csproj]
/home/runner/work/Market-Data-Collector/Market-Data-Collector/src/MarketDataCollector.Contracts/Api/StatusModels.cs(71,16): warning CS1591: Missing XML comment for publicly visible type or member 'PipelineData.CurrentQueueSize' [/home/runner/work/Market-Data-Collector/Market-Data-Collector/src/MarketDataCollector.Contracts/MarketDataCollector.Contracts.csproj]
/home/runner/work/Market-Data-Collector/Market-Data-Collector/src/MarketDataCollector.Contracts/Api/StatusModels.cs(74,17): warning CS1591: Missing XML comment for publicly visible type or member 'PipelineData.PeakQueueSize' [/home/runner/work/Market-Data-Collector/Market-Data-Collector/src/MarketDataCollector.Contracts/MarketDataCollector.Contracts.csproj]
/home/runner/work/Market-Data-Collector/Market-Data-Collector/src/MarketDataCollector.Contracts/Api/StatusModels.cs(77,16): warning CS1591: Missing XML comment for publicly visible type or member 'PipelineData.QueueCapacity' [/home/runner/work/Market-Data-Collector/Market-Data-Collector/src/MarketDataCollector.Contracts/MarketDataCollector.Contracts.csproj]
/home/runner/work/Market-Data-Collector/Market-Data-Collector/src/MarketDataCollector.Contracts/Api/StatusModels.cs(80,19): warning CS1591: Missing XML comment for publicly visible type or member 'PipelineData.QueueUtilization' [/home/runner/work/Market-Data-Collector/Market-Data-Collector/src/MarketDataCollector.Contracts/MarketDataCollector.Contracts.csproj]
/home/runner/work/Market-Data-Collector/Market-Data-Collector/src/MarketDataCollector.Contracts/Api/StatusModels.cs(83,19): warning CS1591: Missing XML comment for publicly visible type or member 'PipelineData.AverageProcessingTimeUs' [/home/runner/work/Market-Data-Collector/Market-Data-Collector/src/MarketDataCollector.Contracts/MarketDataCollector.Contracts.csproj]
/home/runner/work/Market-Data-Collector/Market-Data-Collector/src/MarketDataCollector.Contracts/Api/StatusModels.cs(92,19): warning CS1591: Missing XML comment for publicly visible type or member 'HealthCheckResponse.Status' [/home/runner/work/Market-Data-Collector/Market-Data-Collector/src/MarketDataCollector.Contracts/MarketDataCollector.Contracts.csproj]
/home/runner/work/Market-Data-Collector/Market-Data-Collector/src/MarketDataCollector.Contracts/Api/StatusModels.cs(95,27): warning CS1591: Missing XML comment for publicly visible type or member 'HealthCheckResponse.Timestamp' [/home/runner/work/Market-Data-Collector/Market-Data-Collector/src/MarketDataCollector.Contracts/MarketDataCollector.Contracts.csproj]
/home/runner/work/Market-Data-Collector/Market-Data-Collector/src/MarketDataCollector.Contracts/Api/StatusModels.cs(98,21): warning CS1591: Missing XML comment for publicly visible type or member 'HealthCheckResponse.Uptime' [/home/runner/work/Market-Data-Collector/Market-Data-Collector/src/MarketDataCollector.Contracts/MarketDataCollector.Contracts.csproj]
/home/runner/work/Market-Data-Collector/Market-Data-Collector/src/MarketDataCollector.Contracts/Api/StatusModels.cs(101,31): warning CS1591: Missing XML comment for publicly visible type or member 'HealthCheckResponse.Checks' [/home/runner/work/Market-Data-Collector/Market-Data-Collector/src/MarketDataCollector.Contracts/MarketDataCollector.Contracts.csproj]
/home/runner/work/Market-Data-Collector/Market-Data-Collector/src/MarketDataCollector.Contracts/Api/StatusModels.cs(110,19): warning CS1591: Missing XML comment for publicly visible type or member 'HealthCheckItem.Name' [/home/runner/work/Market-Data-Collector/Market-Data-Collector/src/MarketDataCollector.Contracts/MarketDataCollector.Contracts.csproj]
/home/runner/work/Market-Data-Collector/Market-Data-Collector/src/MarketDataCollector.Contracts/Api/StatusModels.cs(113,19): warning CS1591: Missing XML comment for publicly visible type or member 'HealthCheckItem.Status' [/home/runner/work/Market-Data-Collector/Market-Data-Collector/src/MarketDataCollector.Contracts/MarketDataCollector.Contracts.csproj]
/home/runner/work/Market-Data-Collector/Market-Data-Collector/src/MarketDataCollector.Contracts/Api/StatusModels.cs(116,20): warning CS1591: Missing XML comment for publicly visible type or member 'HealthCheckItem.Message' [/home/runner/work/Market-Data-Collector/Market-Data-Collector/src/MarketDataCollector.Contracts/MarketDataCollector.Contracts.csproj]
/home/runner/work/Market-Data-Collector/Market-Data-Collector/src/MarketDataCollector.Contracts/Api/StatusModels.cs(125,19): warning CS1591: Missing XML comment for publicly visible type or member 'BackfillProviderInfo.Name' [/home/runner/work/Market-Data-Collector/Market-Data-Collector/src/MarketDataCollector.Contracts/MarketDataCollector.Contracts.csproj]
/home/runner/work/Market-Data-Collector/Market-Data-Collector/src/MarketDataCollector.Contracts/Api/StatusModels.cs(128,19): warning CS1591: Missing XML comment for publicly visible type or member 'BackfillProviderInfo.DisplayName' [/home/runner/work/Market-Data-Collector/Market-Data-Collector/src/MarketDataCollector.Contracts/MarketDataCollector.Contracts.csproj]
/home/runner/work/Market-Data-Collector/Market-Data-Collector/src/MarketDataCollector.Contracts/Api/StatusModels.cs(131,20): warning CS1591: Missing XML comment for publicly visible type or member 'BackfillProviderInfo.Description' [/home/runner/work/Market-Data-Collector/Market-Data-Collector/src/MarketDataCollector.Contracts/MarketDataCollector.Contracts.csproj]
/home/runner/work/Market-Data-Collector/Market-Data-Collector/src/MarketDataCollector.Contracts/Api/StatusModels.cs(134,17): warning CS1591: Missing XML comment for publicly visible type or member 'BackfillProviderInfo.IsAvailable' [/home/runner/work/Market-Data-Collector/Market-Data-Collector/src/MarketDataCollector.Contracts/MarketDataCollector.Contracts.csproj]
/home/runner/work/Market-Data-Collector/Market-Data-Collector/src/MarketDataCollector.Contracts/Api/StatusModels.cs(137,17): warning CS1591: Missing XML comment for publicly visible type or member 'BackfillProviderInfo.RequiresApiKey' [/home/runner/work/Market-Data-Collector/Market-Data-Collector/src/MarketDataCollector.Contracts/MarketDataCollector.Contracts.csproj]
/home/runner/work/Market-Data-Collector/Market-Data-Collector/src/MarketDataCollector.Contracts/Api/StatusModels.cs(146,17): warning CS1591: Missing XML comment for publicly visible type or member 'BackfillResult.Success' [/home/runner/work/Market-Data-Collector/Market-Data-Collector/src/MarketDataCollector.Contracts/MarketDataCollector.Contracts.csproj]
/home/runner/work/Market-Data-Collector/Market-Data-Collector/src/MarketDataCollector.Contracts/Api/StatusModels.cs(149,20): warning CS1591: Missing XML comment for publicly visible type or member 'BackfillResult.Provider' [/home/runner/work/Market-Data-Collector/Market-Data-Collector/src/MarketDataCollector.Contracts/MarketDataCollector.Contracts.csproj]
/home/runner/work/Market-Data-Collector/Market-Data-Collector/src/MarketDataCollector.Contracts/Api/StatusModels.cs(152,22): warning CS1591: Missing XML comment for publicly visible type or member 'BackfillResult.Symbols' [/home/runner/work/Market-Data-Collector/Market-Data-Collector/src/MarketDataCollector.Contracts/MarketDataCollector.Contracts.csproj]
/home/runner/work/Market-Data-Collector/Market-Data-Collector/src/MarketDataCollector.Contracts/Api/StatusModels.cs(155,16): warning CS1591: Missing XML comment for publicly visible type or member 'BackfillResult.BarsWritten' [/home/runner/work/Market-Data-Collector/Market-Data-Collector/src/MarketDataCollector.Contracts/MarketDataCollector.Contracts.csproj]
/home/runner/work/Market-Data-Collector/Market-Data-Collector/src/MarketDataCollector.Contracts/Api/StatusModels.cs(158,28): warning CS1591: Missing XML comment for publicly visible type or member 'BackfillResult.StartedUtc' [/home/runner/work/Market-Data-Collector/Market-Data-Collector/src/MarketDataCollector.Contracts/MarketDataCollector.Contracts.csproj]
/home/runner/work/Market-Data-Collector/Market-Data-Collector/src/MarketDataCollector.Contracts/Api/StatusModels.cs(161,28): warning CS1591: Missing XML comment for publicly visible type or member 'BackfillResult.CompletedUtc' [/home/runner/work/Market-Data-Collector/Market-Data-Collector/src/MarketDataCollector.Contracts/MarketDataCollector.Contracts.csproj]
/home/runner/work/Market-Data-Collector/Market-Data-Collector/src/MarketDataCollector.Contracts/Api/StatusModels.cs(164,20): warning CS1591: Missing XML comment for publicly visible type or member 'BackfillResult.Error' [/home/runner/work/Market-Data-Collector/Market-Data-Collector/src/MarketDataCollector.Contracts/MarketDataCollector.Contracts.csproj]
/home/runner/work/Market-Data-Collector/Market-Data-Collector/src/MarketDataCollector.Contracts/Api/StatusModels.cs(167,36): warning CS1591: Missing XML comment for publicly visible type or member 'BackfillResult.SymbolResults' [/home/runner/work/Market-Data-Collector/Market-Data-Collector/src/MarketDataCollector.Contracts/MarketDataCollector.Contracts.csproj]
/home/runner/work/Market-Data-Collector/Market-Data-Collector/src/MarketDataCollector.Contracts/Api/StatusModels.cs(176,19): warning CS1591: Missing XML comment for publicly visible type or member 'SymbolBackfillResult.Symbol' [/home/runner/work/Market-Data-Collector/Market-Data-Collector/src/MarketDataCollector.Contracts/MarketDataCollector.Contracts.csproj]
/home/runner/work/Market-Data-Collector/Market-Data-Collector/src/MarketDataCollector.Contracts/Api/StatusModels.cs(179,17): warning CS1591: Missing XML comment for publicly visible type or member 'SymbolBackfillResult.Success' [/home/runner/work/Market-Data-Collector/Market-Data-Collector/src/MarketDataCollector.Contracts/MarketDataCollector.Contracts.csproj]
/home/runner/work/Market-Data-Collector/Market-Data-Collector/src/MarketDataCollector.Contracts/Api/StatusModels.cs(182,16): warning CS1591: Missing XML comment for publicly visible type or member 'SymbolBackfillResult.BarsDownloaded' [/home/runner/work/Market-Data-Collector/Market-Data-Collector/src/MarketDataCollector.Contracts/MarketDataCollector.Contracts.csproj]
/home/runner/work/Market-Data-Collector/Market-Data-Collector/src/MarketDataCollector.Contracts/Api/StatusModels.cs(185,20): warning CS1591: Missing XML comment for publicly visible type or member 'SymbolBackfillResult.Provider' [/home/runner/work/Market-Data-Collector/Market-Data-Collector/src/MarketDataCollector.Contracts/MarketDataCollector.Contracts.csproj]
/home/runner/work/Market-Data-Collector/Market-Data-Collector/src/MarketDataCollector.Contracts/Api/StatusModels.cs(188,20): warning CS1591: Missing XML comment for publicly visible type or member 'SymbolBackfillResult.Error' [/home/runner/work/Market-Data-Collector/Market-Data-Collector/src/MarketDataCollector.Contracts/MarketDataCollector.Contracts.csproj]
/home/runner/work/Market-Data-Collector/Market-Data-Collector/src/MarketDataCollector.Contracts/Api/StatusModels.cs(197,20): warning CS1591: Missing XML comment for publicly visible type or member 'BackfillRequest.Provider' [/home/runner/work/Market-Data-Collector/Market-Data-Collector/src/MarketDataCollector.Contracts/MarketDataCollector.Contracts.csproj]
/home/runner/work/Market-Data-Collector/Market-Data-Collector/src/MarketDataCollector.Contracts/Api/StatusModels.cs(200,21): warning CS1591: Missing XML comment for publicly visible type or member 'BackfillRequest.Symbols' [/home/runner/work/Market-Data-Collector/Market-Data-Collector/src/MarketDataCollector.Contracts/MarketDataCollector.Contracts.csproj]
/home/runner/work/Market-Data-Collector/Market-Data-Collector/src/MarketDataCollector.Contracts/Api/StatusModels.cs(203,20): warning CS1591: Missing XML comment for publicly visible type or member 'BackfillRequest.From' [/home/runner/work/Market-Data-Collector/Market-Data-Collector/src/MarketDataCollector.Contracts/MarketDataCollector.Contracts.csproj]
/home/runner/work/Market-Data-Collector/Market-Data-Collector/src/MarketDataCollector.Contracts/Api/StatusModels.cs(206,20): warning CS1591: Missing XML comment for publicly visible type or member 'BackfillRequest.To' [/home/runner/work/Market-Data-Collector/Market-Data-Collector/src/MarketDataCollector.Contracts/MarketDataCollector.Contracts.csproj]
/home/runner/work/Market-Data-Collector/Market-Data-Collector/src/MarketDataCollector.Contracts/Api/StatusModels.cs(209,19): warning CS1591: Missing XML comment for publicly visible type or member 'BackfillRequest.Granularity' [/home/runner/work/Market-Data-Collector/Market-Data-Collector/src/MarketDataCollector.Contracts/MarketDataCollector.Contracts.csproj]
/home/runner/work/Market-Data-Collector/Market-Data-Collector/src/MarketDataCollector.Contracts/Api/StatusModels.cs(218,17): warning CS1591: Missing XML comment for publicly visible type or member 'StorageAnalytics.TotalSizeBytes' [/home/runner/work/Market-Data-Collector/Market-Data-Collector/src/MarketDataCollector.Contracts/MarketDataCollector.Contracts.csproj]
/home/runner/work/Market-Data-Collector/Market-Data-Collector/src/MarketDataCollector.Contracts/Api/StatusModels.cs(221,17): warning CS1591: Missing XML comment for publicly visible type or member 'StorageAnalytics.TradeSizeBytes' [/home/runner/work/Market-Data-Collector/Market-Data-Collector/src/MarketDataCollector.Contracts/MarketDataCollector.Contracts.csproj]
/home/runner/work/Market-Data-Collector/Market-Data-Collector/src/MarketDataCollector.Contracts/Api/StatusModels.cs(224,17): warning CS1591: Missing XML comment for publicly visible type or member 'StorageAnalytics.DepthSizeBytes' [/home/runner/work/Market-Data-Collector/Market-Data-Collector/src/MarketDataCollector.Contracts/MarketDataCollector.Contracts.csproj]
/home/runner/work/Market-Data-Collector/Market-Data-Collector/src/MarketDataCollector.Contracts/Api/StatusModels.cs(227,17): warning CS1591: Missing XML comment for publicly visible type or member 'StorageAnalytics.HistoricalSizeBytes' [/home/runner/work/Market-Data-Collector/Market-Data-Collector/src/MarketDataCollector.Contracts/MarketDataCollector.Contracts.csproj]
/home/runner/work/Market-Data-Collector/Market-Data-Collector/src/MarketDataCollector.Contracts/Api/StatusModels.cs(230,16): warning CS1591: Missing XML comment for publicly visible type or member 'StorageAnalytics.TotalFileCount' [/home/runner/work/Market-Data-Collector/Market-Data-Collector/src/MarketDataCollector.Contracts/MarketDataCollector.Contracts.csproj]
/home/runner/work/Market-Data-Collector/Market-Data-Collector/src/MarketDataCollector.Contracts/Api/StatusModels.cs(233,27): warning CS1591: Missing XML comment for publicly visible type or member 'StorageAnalytics.LastUpdated' [/home/runner/work/Market-Data-Collector/Market-Data-Collector/src/MarketDataCollector.Contracts/MarketDataCollector.Contracts.csproj]
/home/runner/work/Market-Data-Collector/Market-Data-Collector/src/MarketDataCollector.Contracts/Api/StatusModels.cs(236,33): warning CS1591: Missing XML comment for publicly visible type or member 'StorageAnalytics.SymbolBreakdown' [/home/runner/work/Market-Data-Collector/Market-Data-Collector/src/MarketDataCollector.Contracts/MarketDataCollector.Contracts.csproj]
/home/runner/work/Market-Data-Collector/Market-Data-Collector/src/MarketDataCollector.Contracts/Api/StatusModels.cs(239,17): warning CS1591: Missing XML comment for publicly visible type or member 'StorageAnalytics.DailyGrowthBytes' [/home/runner/work/Market-Data-Collector/Market-Data-Collector/src/MarketDataCollector.Contracts/MarketDataCollector.Contracts.csproj]
/home/runner/work/Market-Data-Collector/Market-Data-Collector/src/MarketDataCollector.Contracts/Api/StatusModels.cs(242,17): warning CS1591: Missing XML comment for publicly visible type or member 'StorageAnalytics.ProjectedDaysUntilFull' [/home/runner/work/Market-Data-Collector/Market-Data-Collector/src/MarketDataCollector.Contracts/MarketDataCollector.Contracts.csproj]
/home/runner/work/Market-Data-Collector/Market-Data-Collector/src/MarketDataCollector.Contracts/Api/StatusModels.cs(251,19): warning CS1591: Missing XML comment for publicly visible type or member 'SymbolStorageInfo.Symbol' [/home/runner/work/Market-Data-Collector/Market-Data-Collector/src/MarketDataCollector.Contracts/MarketDataCollector.Contracts.csproj]
/home/runner/work/Market-Data-Collector/Market-Data-Collector/src/MarketDataCollector.Contracts/Api/StatusModels.cs(254,17): warning CS1591: Missing XML comment for publicly visible type or member 'SymbolStorageInfo.SizeBytes' [/home/runner/work/Market-Data-Collector/Market-Data-Collector/src/MarketDataCollector.Contracts/MarketDataCollector.Contracts.csproj]
/home/runner/work/Market-Data-Collector/Market-Data-Collector/src/MarketDataCollector.Contracts/Api/StatusModels.cs(257,16): warning CS1591: Missing XML comment for publicly visible type or member 'SymbolStorageInfo.FileCount' [/home/runner/work/Market-Data-Collector/Market-Data-Collector/src/MarketDataCollector.Contracts/MarketDataCollector.Contracts.csproj]
/home/runner/work/Market-Data-Collector/Market-Data-Collector/src/MarketDataCollector.Contracts/Api/StatusModels.cs(260,19): warning CS1591: Missing XML comment for publicly visible type or member 'SymbolStorageInfo.PercentOfTotal' [/home/runner/work/Market-Data-Collector/Market-Data-Collector/src/MarketDataCollector.Contracts/MarketDataCollector.Contracts.csproj]
/home/runner/work/Market-Data-Collector/Market-Data-Collector/src/MarketDataCollector.Contracts/Api/StatusModels.cs(263,28): warning CS1591: Missing XML comment for publicly visible type or member 'SymbolStorageInfo.OldestData' [/home/runner/work/Market-Data-Collector/Market-Data-Collector/src/MarketDataCollector.Contracts/MarketDataCollector.Contracts.csproj]
/home/runner/work/Market-Data-Collector/Market-Data-Collector/src/MarketDataCollector.Contracts/Api/StatusModels.cs(266,28): warning CS1591: Missing XML comment for publicly visible type or member 'SymbolStorageInfo.NewestData' [/home/runner/work/Market-Data-Collector/Market-Data-Collector/src/MarketDataCollector.Contracts/MarketDataCollector.Contracts.csproj]
/home/runner/work/Market-Data-Collector/Market-Data-Collector/src/MarketDataCollector.Contracts/Api/UiApiClient.cs(17,12): warning CS1591: Missing XML comment for publicly visible type or member 'UiApiClient.UiApiClient(HttpClient, string, JsonSerializerOptions?)' [/home/runner/work/Market-Data-Collector/Market-Data-Collector/src/MarketDataCollector.Contracts/MarketDataCollector.Contracts.csproj]
/home/runner/work/Market-Data-Collector/Market-Data-Collector/src/MarketDataCollector.Contracts/Api/UiApiClient.cs(29,19): warning CS1591: Missing XML comment for publicly visible type or member 'UiApiClient.BaseUrl' [/home/runner/work/Market-Data-Collector/Market-Data-Collector/src/MarketDataCollector.Contracts/MarketDataCollector.Contracts.csproj]
/home/runner/work/Market-Data-Collector/Market-Data-Collector/src/MarketDataCollector.Contracts/Api/UiApiClient.cs(31,17): warning CS1591: Missing XML comment for publicly visible type or member 'UiApiClient.UpdateBaseUrl(string)' [/home/runner/work/Market-Data-Collector/Market-Data-Collector/src/MarketDataCollector.Contracts/MarketDataCollector.Contracts.csproj]
/home/runner/work/Market-Data-Collector/Market-Data-Collector/src/MarketDataCollector.Contracts/Api/UiApiClient.cs(40,40): warning CS1591: Missing XML comment for publicly visible type or member 'UiApiClient.GetStatusAsync(CancellationToken)' [/home/runner/work/Market-Data-Collector/Market-Data-Collector/src/MarketDataCollector.Contracts/MarketDataCollector.Contracts.csproj]
/home/runner/work/Market-Data-Collector/Market-Data-Collector/src/MarketDataCollector.Contracts/Api/UiApiClient.cs(43,45): warning CS1591: Missing XML comment for publicly visible type or member 'UiApiClient.GetHealthAsync(CancellationToken)' [/home/runner/work/Market-Data-Collector/Market-Data-Collector/src/MarketDataCollector.Contracts/MarketDataCollector.Contracts.csproj]
/home/runner/work/Market-Data-Collector/Market-Data-Collector/src/MarketDataCollector.Contracts/Api/UiApiClient.cs(46,45): warning CS1591: Missing XML comment for publicly visible type or member 'UiApiClient.GetHealthDetailedAsync(CancellationToken)' [/home/runner/work/Market-Data-Collector/Market-Data-Collector/src/MarketDataCollector.Contracts/MarketDataCollector.Contracts.csproj]
/home/runner/work/Market-Data-Collector/Market-Data-Collector/src/MarketDataCollector.Contracts/Api/UiApiClient.cs(53,52): warning CS1591: Missing XML comment for publicly visible type or member 'UiApiClient.GetBackfillProvidersAsync(CancellationToken)' [/home/runner/work/Market-Data-Collector/Market-Data-Collector/src/MarketDataCollector.Contracts/MarketDataCollector.Contracts.csproj]
/home/runner/work/Market-Data-Collector/Market-Data-Collector/src/MarketDataCollector.Contracts/Api/UiApiClient.cs(56,40): warning CS1591: Missing XML comment for publicly visible type or member 'UiApiClient.GetBackfillStatusAsync(CancellationToken)' [/home/runner/work/Market-Data-Collector/Market-Data-Collector/src/MarketDataCollector.Contracts/MarketDataCollector.Contracts.csproj]
/home/runner/work/Market-Data-Collector/Market-Data-Collector/src/MarketDataCollector.Contracts/Api/UiApiClient.cs(59,40): warning CS1591: Missing XML comment for publicly visible type or member 'UiApiClient.RunBackfillAsync(BackfillRequest, CancellationToken)' [/home/runner/work/Market-Data-Collector/Market-Data-Collector/src/MarketDataCollector.Contracts/MarketDataCollector.Contracts.csproj]
/home/runner/work/Market-Data-Collector/Market-Data-Collector/src/MarketDataCollector.Contracts/Api/UiApiClient.cs(62,48): warning CS1591: Missing XML comment for publicly visible type or member 'UiApiClient.GetBackfillHealthAsync(CancellationToken)' [/home/runner/work/Market-Data-Collector/Market-Data-Collector/src/MarketDataCollector.Contracts/MarketDataCollector.Contracts.csproj]
/home/runner/work/Market-Data-Collector/Market-Data-Collector/src/MarketDataCollector.Contracts/Api/UiApiClient.cs(65,50): warning CS1591: Missing XML comment for publicly visible type or member 'UiApiClient.ResolveSymbolAsync(string, CancellationToken)' [/home/runner/work/Market-Data-Collector/Market-Data-Collector/src/MarketDataCollector.Contracts/MarketDataCollector.Contracts.csproj]
/home/runner/work/Market-Data-Collector/Market-Data-Collector/src/MarketDataCollector.Contracts/Api/UiApiClient.cs(69,40): warning CS1591: Missing XML comment for publicly visible type or member 'UiApiClient.RunGapFillAsync(GapFillRequest, CancellationToken)' [/home/runner/work/Market-Data-Collector/Market-Data-Collector/src/MarketDataCollector.Contracts/MarketDataCollector.Contracts.csproj]
/home/runner/work/Market-Data-Collector/Market-Data-Collector/src/MarketDataCollector.Contracts/Api/UiApiClient.cs(72,46): warning CS1591: Missing XML comment for publicly visible type or member 'UiApiClient.GetBackfillPresetsAsync(CancellationToken)' [/home/runner/work/Market-Data-Collector/Market-Data-Collector/src/MarketDataCollector.Contracts/MarketDataCollector.Contracts.csproj]
/home/runner/work/Market-Data-Collector/Market-Data-Collector/src/MarketDataCollector.Contracts/Api/UiApiClient.cs(75,49): warning CS1591: Missing XML comment for publicly visible type or member 'UiApiClient.GetBackfillExecutionsAsync(int, CancellationToken)' [/home/runner/work/Market-Data-Collector/Market-Data-Collector/src/MarketDataCollector.Contracts/MarketDataCollector.Contracts.csproj]
/home/runner/work/Market-Data-Collector/Market-Data-Collector/src/MarketDataCollector.Contracts/Api/UiApiClient.cs(79,44): warning CS1591: Missing XML comment for publicly visible type or member 'UiApiClient.GetBackfillStatisticsAsync(int?, CancellationToken)' [/home/runner/work/Market-Data-Collector/Market-Data-Collector/src/MarketDataCollector.Contracts/MarketDataCollector.Contracts.csproj]
/home/runner/work/Market-Data-Collector/Market-Data-Collector/src/MarketDataCollector.Contracts/Api/UiApiClient.cs(91,27): warning CS1591: Missing XML comment for publicly visible type or member 'UiApiClient.GetProviderStatusAsync<T>(CancellationToken)' [/home/runner/work/Market-Data-Collector/Market-Data-Collector/src/MarketDataCollector.Contracts/MarketDataCollector.Contracts.csproj]
/home/runner/work/Market-Data-Collector/Market-Data-Collector/src/MarketDataCollector.Contracts/Api/UiApiClient.cs(94,27): warning CS1591: Missing XML comment for publicly visible type or member 'UiApiClient.GetProviderByIdAsync<T>(string, CancellationToken)' [/home/runner/work/Market-Data-Collector/Market-Data-Collector/src/MarketDataCollector.Contracts/MarketDataCollector.Contracts.csproj]
/home/runner/work/Market-Data-Collector/Market-Data-Collector/src/MarketDataCollector.Contracts/Api/UiApiClient.cs(98,27): warning CS1591: Missing XML comment for publicly visible type or member 'UiApiClient.GetProviderRateLimitsAsync<T>(CancellationToken)' [/home/runner/work/Market-Data-Collector/Market-Data-Collector/src/MarketDataCollector.Contracts/MarketDataCollector.Contracts.csproj]
/home/runner/work/Market-Data-Collector/Market-Data-Collector/src/MarketDataCollector.Contracts/Api/UiApiClient.cs(101,27): warning CS1591: Missing XML comment for publicly visible type or member 'UiApiClient.GetProviderCapabilitiesAsync<T>(CancellationToken)' [/home/runner/work/Market-Data-Collector/Market-Data-Collector/src/MarketDataCollector.Contracts/MarketDataCollector.Contracts.csproj]
/home/runner/work/Market-Data-Collector/Market-Data-Collector/src/MarketDataCollector.Contracts/Api/UiApiClient.cs(108,27): warning CS1591: Missing XML comment for publicly visible type or member 'UiApiClient.GetAsync<T>(string, CancellationToken)' [/home/runner/work/Market-Data-Collector/Market-Data-Collector/src/MarketDataCollector.Contracts/MarketDataCollector.Contracts.csproj]
/home/runner/work/Market-Data-Collector/Market-Data-Collector/src/MarketDataCollector.Contracts/Api/UiApiClient.cs(121,39): warning CS1591: Missing XML comment for publicly visible type or member 'UiApiClient.GetWithResponseAsync<T>(string, CancellationToken)' [/home/runner/work/Market-Data-Collector/Market-Data-Collector/src/MarketDataCollector.Contracts/MarketDataCollector.Contracts.csproj]
/home/runner/work/Market-Data-Collector/Market-Data-Collector/src/MarketDataCollector.Contracts/Api/UiApiClient.cs(143,27): warning CS1591: Missing XML comment for publicly visible type or member 'UiApiClient.PostAsync<T>(string, object?, CancellationToken)' [/home/runner/work/Market-Data-Collector/Market-Data-Collector/src/MarketDataCollector.Contracts/MarketDataCollector.Contracts.csproj]
/home/runner/work/Market-Data-Collector/Market-Data-Collector/src/MarketDataCollector.Contracts/Api/UiApiClient.cs(160,39): warning CS1591: Missing XML comment for publicly visible type or member 'UiApiClient.PostWithResponseAsync<T>(string, object?, CancellationToken)' [/home/runner/work/Market-Data-Collector/Market-Data-Collector/src/MarketDataCollector.Contracts/MarketDataCollector.Contracts.csproj]
/home/runner/work/Market-Data-Collector/Market-Data-Collector/src/MarketDataCollector.Contracts/Api/UiApiRoutes.cs(9,25): warning CS1591: Missing XML comment for publicly visible type or member 'UiApiRoutes.Health' [/home/runner/work/Market-Data-Collector/Market-Data-Collector/src/MarketDataCollector.Contracts/MarketDataCollector.Contracts.csproj]
/home/runner/work/Market-Data-Collector/Market-Data-Collector/src/MarketDataCollector.Contracts/Api/UiApiRoutes.cs(10,25): warning CS1591: Missing XML comment for publicly visible type or member 'UiApiRoutes.HealthDetailed' [/home/runner/work/Market-Data-Collector/Market-Data-Collector/src/MarketDataCollector.Contracts/MarketDataCollector.Contracts.csproj]
/home/runner/work/Market-Data-Collector/Market-Data-Collector/src/MarketDataCollector.Contracts/Api/UiApiRoutes.cs(11,25): warning CS1591: Missing XML comment for publicly visible type or member 'UiApiRoutes.Ready' [/home/runner/work/Market-Data-Collector/Market-Data-Collector/src/MarketDataCollector.Contracts/MarketDataCollector.Contracts.csproj]
/home/runner/work/Market-Data-Collector/Market-Data-Collector/src/MarketDataCollector.Contracts/Api/UiApiRoutes.cs(12,25): warning CS1591: Missing XML comment for publicly visible type or member 'UiApiRoutes.Live' [/home/runner/work/Market-Data-Collector/Market-Data-Collector/src/MarketDataCollector.Contracts/MarketDataCollector.Contracts.csproj]
/home/runner/work/Market-Data-Collector/Market-Data-Collector/src/MarketDataCollector.Contracts/Api/UiApiRoutes.cs(13,25): warning CS1591: Missing XML comment for publicly visible type or member 'UiApiRoutes.Metrics' [/home/runner/work/Market-Data-Collector/Market-Data-Collector/src/MarketDataCollector.Contracts/MarketDataCollector.Contracts.csproj]
/home/runner/work/Market-Data-Collector/Market-Data-Collector/src/MarketDataCollector.Contracts/Api/UiApiRoutes.cs(14,25): warning CS1591: Missing XML comment for publicly visible type or member 'UiApiRoutes.Status' [/home/runner/work/Market-Data-Collector/Market-Data-Collector/src/MarketDataCollector.Contracts/MarketDataCollector.Contracts.csproj]
/home/runner/work/Market-Data-Collector/Market-Data-Collector/src/MarketDataCollector.Contracts/Api/UiApiRoutes.cs(15,25): warning CS1591: Missing XML comment for publicly visible type or member 'UiApiRoutes.Errors' [/home/runner/work/Market-Data-Collector/Market-Data-Collector/src/MarketDataCollector.Contracts/MarketDataCollector.Contracts.csproj]
/home/runner/work/Market-Data-Collector/Market-Data-Collector/src/MarketDataCollector.Contracts/Api/UiApiRoutes.cs(16,25): warning CS1591: Missing XML comment for publicly visible type or member 'UiApiRoutes.Backpressure' [/home/runner/work/Market-Data-Collector/Market-Data-Collector/src/MarketDataCollector.Contracts/MarketDataCollector.Contracts.csproj]
/home/runner/work/Market-Data-Collector/Market-Data-Collector/src/MarketDataCollector.Contracts/Api/UiApiRoutes.cs(17,25): warning CS1591: Missing XML comment for publicly visible type or member 'UiApiRoutes.ProvidersLatency' [/home/runner/work/Market-Data-Collector/Market-Data-Collector/src/MarketDataCollector.Contracts/MarketDataCollector.Contracts.csproj]
/home/runner/work/Market-Data-Collector/Market-Data-Collector/src/MarketDataCollector.Contracts/Api/UiApiRoutes.cs(18,25): warning CS1591: Missing XML comment for publicly visible type or member 'UiApiRoutes.Connections' [/home/runner/work/Market-Data-Collector/Market-Data-Collector/src/MarketDataCollector.Contracts/MarketDataCollector.Contracts.csproj]
/home/runner/work/Market-Data-Collector/Market-Data-Collector/src/MarketDataCollector.Contracts/Api/UiApiRoutes.cs(21,25): warning CS1591: Missing XML comment for publicly visible type or member 'UiApiRoutes.Config' [/home/runner/work/Market-Data-Collector/Market-Data-Collector/src/MarketDataCollector.Contracts/MarketDataCollector.Contracts.csproj]
/home/runner/work/Market-Data-Collector/Market-Data-Collector/src/MarketDataCollector.Contracts/Api/UiApiRoutes.cs(22,25): warning CS1591: Missing XML comment for publicly visible type or member 'UiApiRoutes.ConfigDataSource' [/home/runner/work/Market-Data-Collector/Market-Data-Collector/src/MarketDataCollector.Contracts/MarketDataCollector.Contracts.csproj]
/home/runner/work/Market-Data-Collector/Market-Data-Collector/src/MarketDataCollector.Contracts/Api/UiApiRoutes.cs(23,25): warning CS1591: Missing XML comment for publicly visible type or member 'UiApiRoutes.ConfigAlpaca' [/home/runner/work/Market-Data-Collector/Market-Data-Collector/src/MarketDataCollector.Contracts/MarketDataCollector.Contracts.csproj]
/home/runner/work/Market-Data-Collector/Market-Data-Collector/src/MarketDataCollector.Contracts/Api/UiApiRoutes.cs(24,25): warning CS1591: Missing XML comment for publicly visible type or member 'UiApiRoutes.ConfigStorage' [/home/runner/work/Market-Data-Collector/Market-Data-Collector/src/MarketDataCollector.Contracts/MarketDataCollector.Contracts.csproj]
/home/runner/work/Market-Data-Collector/Market-Data-Collector/src/MarketDataCollector.Contracts/Api/UiApiRoutes.cs(25,25): warning CS1591: Missing XML comment for publicly visible type or member 'UiApiRoutes.ConfigSymbols' [/home/runner/work/Market-Data-Collector/Market-Data-Collector/src/MarketDataCollector.Contracts/MarketDataCollector.Contracts.csproj]
/home/runner/work/Market-Data-Collector/Market-Data-Collector/src/MarketDataCollector.Contracts/Api/UiApiRoutes.cs(26,25): warning CS1591: Missing XML comment for publicly visible type or member 'UiApiRoutes.ConfigSymbolsById' [/home/runner/work/Market-Data-Collector/Market-Data-Collector/src/MarketDataCollector.Contracts/MarketDataCollector.Contracts.csproj]
/home/runner/work/Market-Data-Collector/Market-Data-Collector/src/MarketDataCollector.Contracts/Api/UiApiRoutes.cs(27,25): warning CS1591: Missing XML comment for publicly visible type or member 'UiApiRoutes.ConfigDataSources' [/home/runner/work/Market-Data-Collector/Market-Data-Collector/src/MarketDataCollector.Contracts/MarketDataCollector.Contracts.csproj]
/home/runner/work/Market-Data-Collector/Market-Data-Collector/src/MarketDataCollector.Contracts/Api/UiApiRoutes.cs(28,25): warning CS1591: Missing XML comment for publicly visible type or member 'UiApiRoutes.ConfigDataSourcesDefaults' [/home/runner/work/Market-Data-Collector/Market-Data-Collector/src/MarketDataCollector.Contracts/MarketDataCollector.Contracts.csproj]
/home/runner/work/Market-Data-Collector/Market-Data-Collector/src/MarketDataCollector.Contracts/Api/UiApiRoutes.cs(29,25): warning CS1591: Missing XML comment for publicly visible type or member 'UiApiRoutes.ConfigDataSourcesById' [/home/runner/work/Market-Data-Collector/Market-Data-Collector/src/MarketDataCollector.Contracts/MarketDataCollector.Contracts.csproj]
/home/runner/work/Market-Data-Collector/Market-Data-Collector/src/MarketDataCollector.Contracts/Api/UiApiRoutes.cs(30,25): warning CS1591: Missing XML comment for publicly visible type or member 'UiApiRoutes.ConfigDataSourcesToggle' [/home/runner/work/Market-Data-Collector/Market-Data-Collector/src/MarketDataCollector.Contracts/MarketDataCollector.Contracts.csproj]
/home/runner/work/Market-Data-Collector/Market-Data-Collector/src/MarketDataCollector.Contracts/Api/UiApiRoutes.cs(31,25): warning CS1591: Missing XML comment for publicly visible type or member 'UiApiRoutes.ConfigDataSourcesFailover' [/home/runner/work/Market-Data-Collector/Market-Data-Collector/src/MarketDataCollector.Contracts/MarketDataCollector.Contracts.csproj]
/home/runner/work/Market-Data-Collector/Market-Data-Collector/src/MarketDataCollector.Contracts/Api/UiApiRoutes.cs(34,25): warning CS1591: Missing XML comment for publicly visible type or member 'UiApiRoutes.BackfillProviders' [/home/runner/work/Market-Data-Collector/Market-Data-Collector/src/MarketDataCollector.Contracts/MarketDataCollector.Contracts.csproj]
/home/runner/work/Market-Data-Collector/Market-Data-Collector/src/MarketDataCollector.Contracts/Api/UiApiRoutes.cs(35,25): warning CS1591: Missing XML comment for publicly visible type or member 'UiApiRoutes.BackfillStatus' [/home/runner/work/Market-Data-Collector/Market-Data-Collector/src/MarketDataCollector.Contracts/MarketDataCollector.Contracts.csproj]
/home/runner/work/Market-Data-Collector/Market-Data-Collector/src/MarketDataCollector.Contracts/Api/UiApiRoutes.cs(36,25): warning CS1591: Missing XML comment for publicly visible type or member 'UiApiRoutes.BackfillRun' [/home/runner/work/Market-Data-Collector/Market-Data-Collector/src/MarketDataCollector.Contracts/MarketDataCollector.Contracts.csproj]
/home/runner/work/Market-Data-Collector/Market-Data-Collector/src/MarketDataCollector.Contracts/Api/UiApiRoutes.cs(37,25): warning CS1591: Missing XML comment for publicly visible type or member 'UiApiRoutes.BackfillHealth' [/home/runner/work/Market-Data-Collector/Market-Data-Collector/src/MarketDataCollector.Contracts/MarketDataCollector.Contracts.csproj]
/home/runner/work/Market-Data-Collector/Market-Data-Collector/src/MarketDataCollector.Contracts/Api/UiApiRoutes.cs(38,25): warning CS1591: Missing XML comment for publicly visible type or member 'UiApiRoutes.BackfillResolve' [/home/runner/work/Market-Data-Collector/Market-Data-Collector/src/MarketDataCollector.Contracts/MarketDataCollector.Contracts.csproj]
/home/runner/work/Market-Data-Collector/Market-Data-Collector/src/MarketDataCollector.Contracts/Api/UiApiRoutes.cs(39,25): warning CS1591: Missing XML comment for publicly visible type or member 'UiApiRoutes.BackfillGapFill' [/home/runner/work/Market-Data-Collector/Market-Data-Collector/src/MarketDataCollector.Contracts/MarketDataCollector.Contracts.csproj]
/home/runner/work/Market-Data-Collector/Market-Data-Collector/src/MarketDataCollector.Contracts/Api/UiApiRoutes.cs(40,25): warning CS1591: Missing XML comment for publicly visible type or member 'UiApiRoutes.BackfillPresets' [/home/runner/work/Market-Data-Collector/Market-Data-Collector/src/MarketDataCollector.Contracts/MarketDataCollector.Contracts.csproj]
/home/runner/work/Market-Data-Collector/Market-Data-Collector/src/MarketDataCollector.Contracts/Api/UiApiRoutes.cs(41,25): warning CS1591: Missing XML comment for publicly visible type or member 'UiApiRoutes.BackfillExecutions' [/home/runner/work/Market-Data-Collector/Market-Data-Collector/src/MarketDataCollector.Contracts/MarketDataCollector.Contracts.csproj]
/home/runner/work/Market-Data-Collector/Market-Data-Collector/src/MarketDataCollector.Contracts/Api/UiApiRoutes.cs(42,25): warning CS1591: Missing XML comment for publicly visible type or member 'UiApiRoutes.BackfillStatistics' [/home/runner/work/Market-Data-Collector/Market-Data-Collector/src/MarketDataCollector.Contracts/MarketDataCollector.Contracts.csproj]
/home/runner/work/Market-Data-Collector/Market-Data-Collector/src/MarketDataCollector.Contracts/Api/UiApiRoutes.cs(43,25): warning CS1591: Missing XML comment for publicly visible type or member 'UiApiRoutes.BackfillSchedules' [/home/runner/work/Market-Data-Collector/Market-Data-Collector/src/MarketDataCollector.Contracts/MarketDataCollector.Contracts.csproj]
/home/runner/work/Market-Data-Collector/Market-Data-Collector/src/MarketDataCollector.Contracts/Api/UiApiRoutes.cs(44,25): warning CS1591: Missing XML comment for publicly visible type or member 'UiApiRoutes.BackfillSchedulesById' [/home/runner/work/Market-Data-Collector/Market-Data-Collector/src/MarketDataCollector.Contracts/MarketDataCollector.Contracts.csproj]
/home/runner/work/Market-Data-Collector/Market-Data-Collector/src/MarketDataCollector.Contracts/Api/UiApiRoutes.cs(45,25): warning CS1591: Missing XML comment for publicly visible type or member 'UiApiRoutes.BackfillSchedulesDelete' [/home/runner/work/Market-Data-Collector/Market-Data-Collector/src/MarketDataCollector.Contracts/MarketDataCollector.Contracts.csproj]
/home/runner/work/Market-Data-Collector/Market-Data-Collector/src/MarketDataCollector.Contracts/Api/UiApiRoutes.cs(46,25): warning CS1591: Missing XML comment for publicly visible type or member 'UiApiRoutes.BackfillSchedulesEnable' [/home/runner/work/Market-Data-Collector/Market-Data-Collector/src/MarketDataCollector.Contracts/MarketDataCollector.Contracts.csproj]
/home/runner/work/Market-Data-Collector/Market-Data-Collector/src/MarketDataCollector.Contracts/Api/UiApiRoutes.cs(47,25): warning CS1591: Missing XML comment for publicly visible type or member 'UiApiRoutes.BackfillSchedulesDisable' [/home/runner/work/Market-Data-Collector/Market-Data-Collector/src/MarketDataCollector.Contracts/MarketDataCollector.Contracts.csproj]
/home/runner/work/Market-Data-Collector/Market-Data-Collector/src/MarketDataCollector.Contracts/Api/UiApiRoutes.cs(48,25): warning CS1591: Missing XML comment for publicly visible type or member 'UiApiRoutes.BackfillSchedulesRun' [/home/runner/work/Market-Data-Collector/Market-Data-Collector/src/MarketDataCollector.Contracts/MarketDataCollector.Contracts.csproj]
/home/runner/work/Market-Data-Collector/Market-Data-Collector/src/MarketDataCollector.Contracts/Api/UiApiRoutes.cs(49,25): warning CS1591: Missing XML comment for publicly visible type or member 'UiApiRoutes.BackfillSchedulesHistory' [/home/runner/work/Market-Data-Collector/Market-Data-Collector/src/MarketDataCollector.Contracts/MarketDataCollector.Contracts.csproj]
/home/runner/work/Market-Data-Collector/Market-Data-Collector/src/MarketDataCollector.Contracts/Api/UiApiRoutes.cs(50,25): warning CS1591: Missing XML comment for publicly visible type or member 'UiApiRoutes.BackfillSchedulesTemplates' [/home/runner/work/Market-Data-Collector/Market-Data-Collector/src/MarketDataCollector.Contracts/MarketDataCollector.Contracts.csproj]
/home/runner/work/Market-Data-Collector/Market-Data-Collector/src/MarketDataCollector.Contracts/Api/UiApiRoutes.cs(53,25): warning CS1591: Missing XML comment for publicly visible type or member 'UiApiRoutes.ProviderComparison' [/home/runner/work/Market-Data-Collector/Market-Data-Collector/src/MarketDataCollector.Contracts/MarketDataCollector.Contracts.csproj]
/home/runner/work/Market-Data-Collector/Market-Data-Collector/src/MarketDataCollector.Contracts/Api/UiApiRoutes.cs(54,25): warning CS1591: Missing XML comment for publicly visible type or member 'UiApiRoutes.ProviderStatus' [/home/runner/work/Market-Data-Collector/Market-Data-Collector/src/MarketDataCollector.Contracts/MarketDataCollector.Contracts.csproj]
/home/runner/work/Market-Data-Collector/Market-Data-Collector/src/MarketDataCollector.Contracts/Api/UiApiRoutes.cs(55,25): warning CS1591: Missing XML comment for publicly visible type or member 'UiApiRoutes.ProviderMetrics' [/home/runner/work/Market-Data-Collector/Market-Data-Collector/src/MarketDataCollector.Contracts/MarketDataCollector.Contracts.csproj]
/home/runner/work/Market-Data-Collector/Market-Data-Collector/src/MarketDataCollector.Contracts/Api/UiApiRoutes.cs(56,25): warning CS1591: Missing XML comment for publicly visible type or member 'UiApiRoutes.ProviderCatalog' [/home/runner/work/Market-Data-Collector/Market-Data-Collector/src/MarketDataCollector.Contracts/MarketDataCollector.Contracts.csproj]
/home/runner/work/Market-Data-Collector/Market-Data-Collector/src/MarketDataCollector.Contracts/Api/UiApiRoutes.cs(57,25): warning CS1591: Missing XML comment for publicly visible type or member 'UiApiRoutes.ProviderCatalogById' [/home/runner/work/Market-Data-Collector/Market-Data-Collector/src/MarketDataCollector.Contracts/MarketDataCollector.Contracts.csproj]
/home/runner/work/Market-Data-Collector/Market-Data-Collector/src/MarketDataCollector.Contracts/Api/UiApiRoutes.cs(58,25): warning CS1591: Missing XML comment for publicly visible type or member 'UiApiRoutes.ProviderById' [/home/runner/work/Market-Data-Collector/Market-Data-Collector/src/MarketDataCollector.Contracts/MarketDataCollector.Contracts.csproj]
/home/runner/work/Market-Data-Collector/Market-Data-Collector/src/MarketDataCollector.Contracts/Api/UiApiRoutes.cs(59,25): warning CS1591: Missing XML comment for publicly visible type or member 'UiApiRoutes.ProviderFailover' [/home/runner/work/Market-Data-Collector/Market-Data-Collector/src/MarketDataCollector.Contracts/MarketDataCollector.Contracts.csproj]
/home/runner/work/Market-Data-Collector/Market-Data-Collector/src/MarketDataCollector.Contracts/Api/UiApiRoutes.cs(60,25): warning CS1591: Missing XML comment for publicly visible type or member 'UiApiRoutes.ProviderFailoverTrigger' [/home/runner/work/Market-Data-Collector/Market-Data-Collector/src/MarketDataCollector.Contracts/MarketDataCollector.Contracts.csproj]
/home/runner/work/Market-Data-Collector/Market-Data-Collector/src/MarketDataCollector.Contracts/Api/UiApiRoutes.cs(61,25): warning CS1591: Missing XML comment for publicly visible type or member 'UiApiRoutes.ProviderFailoverReset' [/home/runner/work/Market-Data-Collector/Market-Data-Collector/src/MarketDataCollector.Contracts/MarketDataCollector.Contracts.csproj]
/home/runner/work/Market-Data-Collector/Market-Data-Collector/src/MarketDataCollector.Contracts/Api/UiApiRoutes.cs(62,25): warning CS1591: Missing XML comment for publicly visible type or member 'UiApiRoutes.ProviderRateLimits' [/home/runner/work/Market-Data-Collector/Market-Data-Collector/src/MarketDataCollector.Contracts/MarketDataCollector.Contracts.csproj]
/home/runner/work/Market-Data-Collector/Market-Data-Collector/src/MarketDataCollector.Contracts/Api/UiApiRoutes.cs(63,25): warning CS1591: Missing XML comment for publicly visible type or member 'UiApiRoutes.ProviderRateLimitHistory' [/home/runner/work/Market-Data-Collector/Market-Data-Collector/src/MarketDataCollector.Contracts/MarketDataCollector.Contracts.csproj]
/home/runner/work/Market-Data-Collector/Market-Data-Collector/src/MarketDataCollector.Contracts/Api/UiApiRoutes.cs(64,25): warning CS1591: Missing XML comment for publicly visible type or member 'UiApiRoutes.ProviderCapabilities' [/home/runner/work/Market-Data-Collector/Market-Data-Collector/src/MarketDataCollector.Contracts/MarketDataCollector.Contracts.csproj]
/home/runner/work/Market-Data-Collector/Market-Data-Collector/src/MarketDataCollector.Contracts/Api/UiApiRoutes.cs(65,25): warning CS1591: Missing XML comment for publicly visible type or member 'UiApiRoutes.ProviderSwitch' [/home/runner/work/Market-Data-Collector/Market-Data-Collector/src/MarketDataCollector.Contracts/MarketDataCollector.Contracts.csproj]
/home/runner/work/Market-Data-Collector/Market-Data-Collector/src/MarketDataCollector.Contracts/Api/UiApiRoutes.cs(66,25): warning CS1591: Missing XML comment for publicly visible type or member 'UiApiRoutes.ProviderTest' [/home/runner/work/Market-Data-Collector/Market-Data-Collector/src/MarketDataCollector.Contracts/MarketDataCollector.Contracts.csproj]
/home/runner/work/Market-Data-Collector/Market-Data-Collector/src/MarketDataCollector.Contracts/Api/UiApiRoutes.cs(67,25): warning CS1591: Missing XML comment for publicly visible type or member 'UiApiRoutes.ProviderFailoverThresholds' [/home/runner/work/Market-Data-Collector/Market-Data-Collector/src/MarketDataCollector.Contracts/MarketDataCollector.Contracts.csproj]
/home/runner/work/Market-Data-Collector/Market-Data-Collector/src/MarketDataCollector.Contracts/Api/UiApiRoutes.cs(68,25): warning CS1591: Missing XML comment for publicly visible type or member 'UiApiRoutes.ProviderHealth' [/home/runner/work/Market-Data-Collector/Market-Data-Collector/src/MarketDataCollector.Contracts/MarketDataCollector.Contracts.csproj]
/home/runner/work/Market-Data-Collector/Market-Data-Collector/src/MarketDataCollector.Contracts/Api/UiApiRoutes.cs(71,25): warning CS1591: Missing XML comment for publicly visible type or member 'UiApiRoutes.FailoverConfig' [/home/runner/work/Market-Data-Collector/Market-Data-Collector/src/MarketDataCollector.Contracts/MarketDataCollector.Contracts.csproj]
/home/runner/work/Market-Data-Collector/Market-Data-Collector/src/MarketDataCollector.Contracts/Api/UiApiRoutes.cs(72,25): warning CS1591: Missing XML comment for publicly visible type or member 'UiApiRoutes.FailoverRules' [/home/runner/work/Market-Data-Collector/Market-Data-Collector/src/MarketDataCollector.Contracts/MarketDataCollector.Contracts.csproj]
/home/runner/work/Market-Data-Collector/Market-Data-Collector/src/MarketDataCollector.Contracts/Api/UiApiRoutes.cs(73,25): warning CS1591: Missing XML comment for publicly visible type or member 'UiApiRoutes.FailoverForce' [/home/runner/work/Market-Data-Collector/Market-Data-Collector/src/MarketDataCollector.Contracts/MarketDataCollector.Contracts.csproj]
/home/runner/work/Market-Data-Collector/Market-Data-Collector/src/MarketDataCollector.Contracts/Api/UiApiRoutes.cs(74,25): warning CS1591: Missing XML comment for publicly visible type or member 'UiApiRoutes.FailoverHealth' [/home/runner/work/Market-Data-Collector/Market-Data-Collector/src/MarketDataCollector.Contracts/MarketDataCollector.Contracts.csproj]
/home/runner/work/Market-Data-Collector/Market-Data-Collector/src/MarketDataCollector.Contracts/Api/UiApiRoutes.cs(77,25): warning CS1591: Missing XML comment for publicly visible type or member 'UiApiRoutes.Symbols' [/home/runner/work/Market-Data-Collector/Market-Data-Collector/src/MarketDataCollector.Contracts/MarketDataCollector.Contracts.csproj]
/home/runner/work/Market-Data-Collector/Market-Data-Collector/src/MarketDataCollector.Contracts/Api/UiApiRoutes.cs(78,25): warning CS1591: Missing XML comment for publicly visible type or member 'UiApiRoutes.SymbolsMonitored' [/home/runner/work/Market-Data-Collector/Market-Data-Collector/src/MarketDataCollector.Contracts/MarketDataCollector.Contracts.csproj]
/home/runner/work/Market-Data-Collector/Market-Data-Collector/src/MarketDataCollector.Contracts/Api/UiApiRoutes.cs(79,25): warning CS1591: Missing XML comment for publicly visible type or member 'UiApiRoutes.SymbolsArchived' [/home/runner/work/Market-Data-Collector/Market-Data-Collector/src/MarketDataCollector.Contracts/MarketDataCollector.Contracts.csproj]
/home/runner/work/Market-Data-Collector/Market-Data-Collector/src/MarketDataCollector.Contracts/Api/UiApiRoutes.cs(80,25): warning CS1591: Missing XML comment for publicly visible type or member 'UiApiRoutes.SymbolStatus' [/home/runner/work/Market-Data-Collector/Market-Data-Collector/src/MarketDataCollector.Contracts/MarketDataCollector.Contracts.csproj]
/home/runner/work/Market-Data-Collector/Market-Data-Collector/src/MarketDataCollector.Contracts/Api/UiApiRoutes.cs(81,25): warning CS1591: Missing XML comment for publicly visible type or member 'UiApiRoutes.SymbolsAdd' [/home/runner/work/Market-Data-Collector/Market-Data-Collector/src/MarketDataCollector.Contracts/MarketDataCollector.Contracts.csproj]
/home/runner/work/Market-Data-Collector/Market-Data-Collector/src/MarketDataCollector.Contracts/Api/UiApiRoutes.cs(82,25): warning CS1591: Missing XML comment for publicly visible type or member 'UiApiRoutes.SymbolRemove' [/home/runner/work/Market-Data-Collector/Market-Data-Collector/src/MarketDataCollector.Contracts/MarketDataCollector.Contracts.csproj]
/home/runner/work/Market-Data-Collector/Market-Data-Collector/src/MarketDataCollector.Contracts/Api/UiApiRoutes.cs(83,25): warning CS1591: Missing XML comment for publicly visible type or member 'UiApiRoutes.SymbolTrades' [/home/runner/work/Market-Data-Collector/Market-Data-Collector/src/MarketDataCollector.Contracts/MarketDataCollector.Contracts.csproj]
/home/runner/work/Market-Data-Collector/Market-Data-Collector/src/MarketDataCollector.Contracts/Api/UiApiRoutes.cs(84,25): warning CS1591: Missing XML comment for publicly visible type or member 'UiApiRoutes.SymbolDepth' [/home/runner/work/Market-Data-Collector/Market-Data-Collector/src/MarketDataCollector.Contracts/MarketDataCollector.Contracts.csproj]
/home/runner/work/Market-Data-Collector/Market-Data-Collector/src/MarketDataCollector.Contracts/Api/UiApiRoutes.cs(85,25): warning CS1591: Missing XML comment for publicly visible type or member 'UiApiRoutes.SymbolsStatistics' [/home/runner/work/Market-Data-Collector/Market-Data-Collector/src/MarketDataCollector.Contracts/MarketDataCollector.Contracts.csproj]
/home/runner/work/Market-Data-Collector/Market-Data-Collector/src/MarketDataCollector.Contracts/Api/UiApiRoutes.cs(86,25): warning CS1591: Missing XML comment for publicly visible type or member 'UiApiRoutes.SymbolsValidate' [/home/runner/work/Market-Data-Collector/Market-Data-Collector/src/MarketDataCollector.Contracts/MarketDataCollector.Contracts.csproj]
/home/runner/work/Market-Data-Collector/Market-Data-Collector/src/MarketDataCollector.Contracts/Api/UiApiRoutes.cs(87,25): warning CS1591: Missing XML comment for publicly visible type or member 'UiApiRoutes.SymbolArchive' [/home/runner/work/Market-Data-Collector/Market-Data-Collector/src/MarketDataCollector.Contracts/MarketDataCollector.Contracts.csproj]
/home/runner/work/Market-Data-Collector/Market-Data-Collector/src/MarketDataCollector.Contracts/Api/UiApiRoutes.cs(88,25): warning CS1591: Missing XML comment for publicly visible type or member 'UiApiRoutes.SymbolsBulkAdd' [/home/runner/work/Market-Data-Collector/Market-Data-Collector/src/MarketDataCollector.Contracts/MarketDataCollector.Contracts.csproj]
/home/runner/work/Market-Data-Collector/Market-Data-Collector/src/MarketDataCollector.Contracts/Api/UiApiRoutes.cs(89,25): warning CS1591: Missing XML comment for publicly visible type or member 'UiApiRoutes.SymbolsBulkRemove' [/home/runner/work/Market-Data-Collector/Market-Data-Collector/src/MarketDataCollector.Contracts/MarketDataCollector.Contracts.csproj]
/home/runner/work/Market-Data-Collector/Market-Data-Collector/src/MarketDataCollector.Contracts/Api/UiApiRoutes.cs(90,25): warning CS1591: Missing XML comment for publicly visible type or member 'UiApiRoutes.SymbolsSearch' [/home/runner/work/Market-Data-Collector/Market-Data-Collector/src/MarketDataCollector.Contracts/MarketDataCollector.Contracts.csproj]
/home/runner/work/Market-Data-Collector/Market-Data-Collector/src/MarketDataCollector.Contracts/Api/UiApiRoutes.cs(91,25): warning CS1591: Missing XML comment for publicly visible type or member 'UiApiRoutes.SymbolsBatch' [/home/runner/work/Market-Data-Collector/Market-Data-Collector/src/MarketDataCollector.Contracts/MarketDataCollector.Contracts.csproj]
/home/runner/work/Market-Data-Collector/Market-Data-Collector/src/MarketDataCollector.Contracts/Api/UiApiRoutes.cs(92,25): warning CS1591: Missing XML comment for publicly visible type or member 'UiApiRoutes.SymbolMappings' [/home/runner/work/Market-Data-Collector/Market-Data-Collector/src/MarketDataCollector.Contracts/MarketDataCollector.Contracts.csproj]
/home/runner/work/Market-Data-Collector/Market-Data-Collector/src/MarketDataCollector.Contracts/Api/UiApiRoutes.cs(95,25): warning CS1591: Missing XML comment for publicly visible type or member 'UiApiRoutes.StorageProfiles' [/home/runner/work/Market-Data-Collector/Market-Data-Collector/src/MarketDataCollector.Contracts/MarketDataCollector.Contracts.csproj]
/home/runner/work/Market-Data-Collector/Market-Data-Collector/src/MarketDataCollector.Contracts/Api/UiApiRoutes.cs(96,25): warning CS1591: Missing XML comment for publicly visible type or member 'UiApiRoutes.StorageStats' [/home/runner/work/Market-Data-Collector/Market-Data-Collector/src/MarketDataCollector.Contracts/MarketDataCollector.Contracts.csproj]
/home/runner/work/Market-Data-Collector/Market-Data-Collector/src/MarketDataCollector.Contracts/Api/UiApiRoutes.cs(97,25): warning CS1591: Missing XML comment for publicly visible type or member 'UiApiRoutes.StorageBreakdown' [/home/runner/work/Market-Data-Collector/Market-Data-Collector/src/MarketDataCollector.Contracts/MarketDataCollector.Contracts.csproj]
/home/runner/work/Market-Data-Collector/Market-Data-Collector/src/MarketDataCollector.Contracts/Api/UiApiRoutes.cs(98,25): warning CS1591: Missing XML comment for publicly visible type or member 'UiApiRoutes.StorageSymbolInfo' [/home/runner/work/Market-Data-Collector/Market-Data-Collector/src/MarketDataCollector.Contracts/MarketDataCollector.Contracts.csproj]
/home/runner/work/Market-Data-Collector/Market-Data-Collector/src/MarketDataCollector.Contracts/Api/UiApiRoutes.cs(99,25): warning CS1591: Missing XML comment for publicly visible type or member 'UiApiRoutes.StorageSymbolStats' [/home/runner/work/Market-Data-Collector/Market-Data-Collector/src/MarketDataCollector.Contracts/MarketDataCollector.Contracts.csproj]
/home/runner/work/Market-Data-Collector/Market-Data-Collector/src/MarketDataCollector.Contracts/Api/UiApiRoutes.cs(100,25): warning CS1591: Missing XML comment for publicly visible type or member 'UiApiRoutes.StorageSymbolFiles' [/home/runner/work/Market-Data-Collector/Market-Data-Collector/src/MarketDataCollector.Contracts/MarketDataCollector.Contracts.csproj]
/home/runner/work/Market-Data-Collector/Market-Data-Collector/src/MarketDataCollector.Contracts/Api/UiApiRoutes.cs(101,25): warning CS1591: Missing XML comment for publicly visible type or member 'UiApiRoutes.StorageSymbolPath' [/home/runner/work/Market-Data-Collector/Market-Data-Collector/src/MarketDataCollector.Contracts/MarketDataCollector.Contracts.csproj]
/home/runner/work/Market-Data-Collector/Market-Data-Collector/src/MarketDataCollector.Contracts/Api/UiApiRoutes.cs(102,25): warning CS1591: Missing XML comment for publicly visible type or member 'UiApiRoutes.StorageHealth' [/home/runner/work/Market-Data-Collector/Market-Data-Collector/src/MarketDataCollector.Contracts/MarketDataCollector.Contracts.csproj]
/home/runner/work/Market-Data-Collector/Market-Data-Collector/src/MarketDataCollector.Contracts/Api/UiApiRoutes.cs(103,25): warning CS1591: Missing XML comment for publicly visible type or member 'UiApiRoutes.StorageCleanupCandidates' [/home/runner/work/Market-Data-Collector/Market-Data-Collector/src/MarketDataCollector.Contracts/MarketDataCollector.Contracts.csproj]
/home/runner/work/Market-Data-Collector/Market-Data-Collector/src/MarketDataCollector.Contracts/Api/UiApiRoutes.cs(104,25): warning CS1591: Missing XML comment for publicly visible type or member 'UiApiRoutes.StorageCleanup' [/home/runner/work/Market-Data-Collector/Market-Data-Collector/src/MarketDataCollector.Contracts/MarketDataCollector.Contracts.csproj]
/home/runner/work/Market-Data-Collector/Market-Data-Collector/src/MarketDataCollector.Contracts/Api/UiApiRoutes.cs(105,25): warning CS1591: Missing XML comment for publicly visible type or member 'UiApiRoutes.StorageArchiveStats' [/home/runner/work/Market-Data-Collector/Market-Data-Collector/src/MarketDataCollector.Contracts/MarketDataCollector.Contracts.csproj]
/home/runner/work/Market-Data-Collector/Market-Data-Collector/src/MarketDataCollector.Contracts/Api/UiApiRoutes.cs(106,25): warning CS1591: Missing XML comment for publicly visible type or member 'UiApiRoutes.StorageCatalog' [/home/runner/work/Market-Data-Collector/Market-Data-Collector/src/MarketDataCollector.Contracts/MarketDataCollector.Contracts.csproj]
/home/runner/work/Market-Data-Collector/Market-Data-Collector/src/MarketDataCollector.Contracts/Api/UiApiRoutes.cs(107,25): warning CS1591: Missing XML comment for publicly visible type or member 'UiApiRoutes.StorageSearchFiles' [/home/runner/work/Market-Data-Collector/Market-Data-Collector/src/MarketDataCollector.Contracts/MarketDataCollector.Contracts.csproj]
/home/runner/work/Market-Data-Collector/Market-Data-Collector/src/MarketDataCollector.Contracts/Api/UiApiRoutes.cs(108,25): warning CS1591: Missing XML comment for publicly visible type or member 'UiApiRoutes.StorageHealthCheck' [/home/runner/work/Market-Data-Collector/Market-Data-Collector/src/MarketDataCollector.Contracts/MarketDataCollector.Contracts.csproj]
/home/runner/work/Market-Data-Collector/Market-Data-Collector/src/MarketDataCollector.Contracts/Api/UiApiRoutes.cs(109,25): warning CS1591: Missing XML comment for publicly visible type or member 'UiApiRoutes.StorageHealthOrphans' [/home/runner/work/Market-Data-Collector/Market-Data-Collector/src/MarketDataCollector.Contracts/MarketDataCollector.Contracts.csproj]
/home/runner/work/Market-Data-Collector/Market-Data-Collector/src/MarketDataCollector.Contracts/Api/UiApiRoutes.cs(110,25): warning CS1591: Missing XML comment for publicly visible type or member 'UiApiRoutes.StorageTiersMigrate' [/home/runner/work/Market-Data-Collector/Market-Data-Collector/src/MarketDataCollector.Contracts/MarketDataCollector.Contracts.csproj]
/home/runner/work/Market-Data-Collector/Market-Data-Collector/src/MarketDataCollector.Contracts/Api/UiApiRoutes.cs(111,25): warning CS1591: Missing XML comment for publicly visible type or member 'UiApiRoutes.StorageTiersStatistics' [/home/runner/work/Market-Data-Collector/Market-Data-Collector/src/MarketDataCollector.Contracts/MarketDataCollector.Contracts.csproj]
/home/runner/work/Market-Data-Collector/Market-Data-Collector/src/MarketDataCollector.Contracts/Api/UiApiRoutes.cs(112,25): warning CS1591: Missing XML comment for publicly visible type or member 'UiApiRoutes.StorageTiersPlan' [/home/runner/work/Market-Data-Collector/Market-Data-Collector/src/MarketDataCollector.Contracts/MarketDataCollector.Contracts.csproj]
/home/runner/work/Market-Data-Collector/Market-Data-Collector/src/MarketDataCollector.Contracts/Api/UiApiRoutes.cs(113,25): warning CS1591: Missing XML comment for publicly visible type or member 'UiApiRoutes.StorageMaintenanceDefrag' [/home/runner/work/Market-Data-Collector/Market-Data-Collector/src/MarketDataCollector.Contracts/MarketDataCollector.Contracts.csproj]
/home/runner/work/Market-Data-Collector/Market-Data-Collector/src/MarketDataCollector.Contracts/Api/UiApiRoutes.cs(116,25): warning CS1591: Missing XML comment for publicly visible type or member 'UiApiRoutes.StorageQualitySummary' [/home/runner/work/Market-Data-Collector/Market-Data-Collector/src/MarketDataCollector.Contracts/MarketDataCollector.Contracts.csproj]
/home/runner/work/Market-Data-Collector/Market-Data-Collector/src/MarketDataCollector.Contracts/Api/UiApiRoutes.cs(117,25): warning CS1591: Missing XML comment for publicly visible type or member 'UiApiRoutes.StorageQualityScores' [/home/runner/work/Market-Data-Collector/Market-Data-Collector/src/MarketDataCollector.Contracts/MarketDataCollector.Contracts.csproj]
/home/runner/work/Market-Data-Collector/Market-Data-Collector/src/MarketDataCollector.Contracts/Api/UiApiRoutes.cs(118,25): warning CS1591: Missing XML comment for publicly visible type or member 'UiApiRoutes.StorageQualitySymbol' [/home/runner/work/Market-Data-Collector/Market-Data-Collector/src/MarketDataCollector.Contracts/MarketDataCollector.Contracts.csproj]
/home/runner/work/Market-Data-Collector/Market-Data-Collector/src/MarketDataCollector.Contracts/Api/UiApiRoutes.cs(119,25): warning CS1591: Missing XML comment for publicly visible type or member 'UiApiRoutes.StorageQualityAlerts' [/home/runner/work/Market-Data-Collector/Market-Data-Collector/src/MarketDataCollector.Contracts/MarketDataCollector.Contracts.csproj]
/home/runner/work/Market-Data-Collector/Market-Data-Collector/src/MarketDataCollector.Contracts/Api/UiApiRoutes.cs(120,25): warning CS1591: Missing XML comment for publicly visible type or member 'UiApiRoutes.StorageQualityAlertAcknowledge' [/home/runner/work/Market-Data-Collector/Market-Data-Collector/src/MarketDataCollector.Contracts/MarketDataCollector.Contracts.csproj]
/home/runner/work/Market-Data-Collector/Market-Data-Collector/src/MarketDataCollector.Contracts/Api/UiApiRoutes.cs(121,25): warning CS1591: Missing XML comment for publicly visible type or member 'UiApiRoutes.StorageQualityRankings' [/home/runner/work/Market-Data-Collector/Market-Data-Collector/src/MarketDataCollector.Contracts/MarketDataCollector.Contracts.csproj]
/home/runner/work/Market-Data-Collector/Market-Data-Collector/src/MarketDataCollector.Contracts/Api/UiApiRoutes.cs(122,25): warning CS1591: Missing XML comment for publicly visible type or member 'UiApiRoutes.StorageQualityTrends' [/home/runner/work/Market-Data-Collector/Market-Data-Collector/src/MarketDataCollector.Contracts/MarketDataCollector.Contracts.csproj]
/home/runner/work/Market-Data-Collector/Market-Data-Collector/src/MarketDataCollector.Contracts/Api/UiApiRoutes.cs(123,25): warning CS1591: Missing XML comment for publicly visible type or member 'UiApiRoutes.StorageQualityAnomalies' [/home/runner/work/Market-Data-Collector/Market-Data-Collector/src/MarketDataCollector.Contracts/MarketDataCollector.Contracts.csproj]
/home/runner/work/Market-Data-Collector/Market-Data-Collector/src/MarketDataCollector.Contracts/Api/UiApiRoutes.cs(124,25): warning CS1591: Missing XML comment for publicly visible type or member 'UiApiRoutes.StorageQualityCheck' [/home/runner/work/Market-Data-Collector/Market-Data-Collector/src/MarketDataCollector.Contracts/MarketDataCollector.Contracts.csproj]
/home/runner/work/Market-Data-Collector/Market-Data-Collector/src/MarketDataCollector.Contracts/Api/UiApiRoutes.cs(127,25): warning CS1591: Missing XML comment for publicly visible type or member 'UiApiRoutes.DiagnosticsDryRun' [/home/runner/work/Market-Data-Collector/Market-Data-Collector/src/MarketDataCollector.Contracts/MarketDataCollector.Contracts.csproj]
/home/runner/work/Market-Data-Collector/Market-Data-Collector/src/MarketDataCollector.Contracts/Api/UiApiRoutes.cs(128,25): warning CS1591: Missing XML comment for publicly visible type or member 'UiApiRoutes.DiagnosticsProviders' [/home/runner/work/Market-Data-Collector/Market-Data-Collector/src/MarketDataCollector.Contracts/MarketDataCollector.Contracts.csproj]
/home/runner/work/Market-Data-Collector/Market-Data-Collector/src/MarketDataCollector.Contracts/Api/UiApiRoutes.cs(129,25): warning CS1591: Missing XML comment for publicly visible type or member 'UiApiRoutes.DiagnosticsStorage' [/home/runner/work/Market-Data-Collector/Market-Data-Collector/src/MarketDataCollector.Contracts/MarketDataCollector.Contracts.csproj]
/home/runner/work/Market-Data-Collector/Market-Data-Collector/src/MarketDataCollector.Contracts/Api/UiApiRoutes.cs(130,25): warning CS1591: Missing XML comment for publicly visible type or member 'UiApiRoutes.DiagnosticsConfig' [/home/runner/work/Market-Data-Collector/Market-Data-Collector/src/MarketDataCollector.Contracts/MarketDataCollector.Contracts.csproj]
/home/runner/work/Market-Data-Collector/Market-Data-Collector/src/MarketDataCollector.Contracts/Api/UiApiRoutes.cs(131,25): warning CS1591: Missing XML comment for publicly visible type or member 'UiApiRoutes.DiagnosticsBundle' [/home/runner/work/Market-Data-Collector/Market-Data-Collector/src/MarketDataCollector.Contracts/MarketDataCollector.Contracts.csproj]
/home/runner/work/Market-Data-Collector/Market-Data-Collector/src/MarketDataCollector.Contracts/Api/UiApiRoutes.cs(132,25): warning CS1591: Missing XML comment for publicly visible type or member 'UiApiRoutes.DiagnosticsMetrics' [/home/runner/work/Market-Data-Collector/Market-Data-Collector/src/MarketDataCollector.Contracts/MarketDataCollector.Contracts.csproj]
/home/runner/work/Market-Data-Collector/Market-Data-Collector/src/MarketDataCollector.Contracts/Api/UiApiRoutes.cs(133,25): warning CS1591: Missing XML comment for publicly visible type or member 'UiApiRoutes.DiagnosticsValidate' [/home/runner/work/Market-Data-Collector/Market-Data-Collector/src/MarketDataCollector.Contracts/MarketDataCollector.Contracts.csproj]
/home/runner/work/Market-Data-Collector/Market-Data-Collector/src/MarketDataCollector.Contracts/Api/UiApiRoutes.cs(134,25): warning CS1591: Missing XML comment for publicly visible type or member 'UiApiRoutes.DiagnosticsProviderTest' [/home/runner/work/Market-Data-Collector/Market-Data-Collector/src/MarketDataCollector.Contracts/MarketDataCollector.Contracts.csproj]
/home/runner/work/Market-Data-Collector/Market-Data-Collector/src/MarketDataCollector.Contracts/Api/UiApiRoutes.cs(135,25): warning CS1591: Missing XML comment for publicly visible type or member 'UiApiRoutes.DiagnosticsQuickCheck' [/home/runner/work/Market-Data-Collector/Market-Data-Collector/src/MarketDataCollector.Contracts/MarketDataCollector.Contracts.csproj]
/home/runner/work/Market-Data-Collector/Market-Data-Collector/src/MarketDataCollector.Contracts/Api/UiApiRoutes.cs(136,25): warning CS1591: Missing XML comment for publicly visible type or member 'UiApiRoutes.DiagnosticsShowConfig' [/home/runner/work/Market-Data-Collector/Market-Data-Collector/src/MarketDataCollector.Contracts/MarketDataCollector.Contracts.csproj]
/home/runner/work/Market-Data-Collector/Market-Data-Collector/src/MarketDataCollector.Contracts/Api/UiApiRoutes.cs(137,25): warning CS1591: Missing XML comment for publicly visible type or member 'UiApiRoutes.DiagnosticsErrorCodes' [/home/runner/work/Market-Data-Collector/Market-Data-Collector/src/MarketDataCollector.Contracts/MarketDataCollector.Contracts.csproj]
/home/runner/work/Market-Data-Collector/Market-Data-Collector/src/MarketDataCollector.Contracts/Api/UiApiRoutes.cs(138,25): warning CS1591: Missing XML comment for publicly visible type or member 'UiApiRoutes.DiagnosticsSelftest' [/home/runner/work/Market-Data-Collector/Market-Data-Collector/src/MarketDataCollector.Contracts/MarketDataCollector.Contracts.csproj]
/home/runner/work/Market-Data-Collector/Market-Data-Collector/src/MarketDataCollector.Contracts/Api/UiApiRoutes.cs(139,25): warning CS1591: Missing XML comment for publicly visible type or member 'UiApiRoutes.DiagnosticsValidateCredentials' [/home/runner/work/Market-Data-Collector/Market-Data-Collector/src/MarketDataCollector.Contracts/MarketDataCollector.Contracts.csproj]
/home/runner/work/Market-Data-Collector/Market-Data-Collector/src/MarketDataCollector.Contracts/Api/UiApiRoutes.cs(140,25): warning CS1591: Missing XML comment for publicly visible type or member 'UiApiRoutes.DiagnosticsTestConnectivity' [/home/runner/work/Market-Data-Collector/Market-Data-Collector/src/MarketDataCollector.Contracts/MarketDataCollector.Contracts.csproj]
/home/runner/work/Market-Data-Collector/Market-Data-Collector/src/MarketDataCollector.Contracts/Api/UiApiRoutes.cs(141,25): warning CS1591: Missing XML comment for publicly visible type or member 'UiApiRoutes.DiagnosticsValidateConfig' [/home/runner/work/Market-Data-Collector/Market-Data-Collector/src/MarketDataCollector.Contracts/MarketDataCollector.Contracts.csproj]
/home/runner/work/Market-Data-Collector/Market-Data-Collector/src/MarketDataCollector.Contracts/Api/UiApiRoutes.cs(144,25): warning CS1591: Missing XML comment for publicly visible type or member 'UiApiRoutes.AdminMaintenanceSchedule' [/home/runner/work/Market-Data-Collector/Market-Data-Collector/src/MarketDataCollector.Contracts/MarketDataCollector.Contracts.csproj]
/home/runner/work/Market-Data-Collector/Market-Data-Collector/src/MarketDataCollector.Contracts/Api/UiApiRoutes.cs(145,25): warning CS1591: Missing XML comment for publicly visible type or member 'UiApiRoutes.AdminMaintenanceRun' [/home/runner/work/Market-Data-Collector/Market-Data-Collector/src/MarketDataCollector.Contracts/MarketDataCollector.Contracts.csproj]
/home/runner/work/Market-Data-Collector/Market-Data-Collector/src/MarketDataCollector.Contracts/Api/UiApiRoutes.cs(146,25): warning CS1591: Missing XML comment for publicly visible type or member 'UiApiRoutes.AdminMaintenanceRunById' [/home/runner/work/Market-Data-Collector/Market-Data-Collector/src/MarketDataCollector.Contracts/MarketDataCollector.Contracts.csproj]
/home/runner/work/Market-Data-Collector/Market-Data-Collector/src/MarketDataCollector.Contracts/Api/UiApiRoutes.cs(147,25): warning CS1591: Missing XML comment for publicly visible type or member 'UiApiRoutes.AdminMaintenanceHistory' [/home/runner/work/Market-Data-Collector/Market-Data-Collector/src/MarketDataCollector.Contracts/MarketDataCollector.Contracts.csproj]
/home/runner/work/Market-Data-Collector/Market-Data-Collector/src/MarketDataCollector.Contracts/Api/UiApiRoutes.cs(148,25): warning CS1591: Missing XML comment for publicly visible type or member 'UiApiRoutes.AdminStorageTiers' [/home/runner/work/Market-Data-Collector/Market-Data-Collector/src/MarketDataCollector.Contracts/MarketDataCollector.Contracts.csproj]
/home/runner/work/Market-Data-Collector/Market-Data-Collector/src/MarketDataCollector.Contracts/Api/UiApiRoutes.cs(149,25): warning CS1591: Missing XML comment for publicly visible type or member 'UiApiRoutes.AdminStorageMigrate' [/home/runner/work/Market-Data-Collector/Market-Data-Collector/src/MarketDataCollector.Contracts/MarketDataCollector.Contracts.csproj]
/home/runner/work/Market-Data-Collector/Market-Data-Collector/src/MarketDataCollector.Contracts/Api/UiApiRoutes.cs(150,25): warning CS1591: Missing XML comment for publicly visible type or member 'UiApiRoutes.AdminStorageUsage' [/home/runner/work/Market-Data-Collector/Market-Data-Collector/src/MarketDataCollector.Contracts/MarketDataCollector.Contracts.csproj]
/home/runner/work/Market-Data-Collector/Market-Data-Collector/src/MarketDataCollector.Contracts/Api/UiApiRoutes.cs(151,25): warning CS1591: Missing XML comment for publicly visible type or member 'UiApiRoutes.AdminRetention' [/home/runner/work/Market-Data-Collector/Market-Data-Collector/src/MarketDataCollector.Contracts/MarketDataCollector.Contracts.csproj]
/home/runner/work/Market-Data-Collector/Market-Data-Collector/src/MarketDataCollector.Contracts/Api/UiApiRoutes.cs(152,25): warning CS1591: Missing XML comment for publicly visible type or member 'UiApiRoutes.AdminRetentionDelete' [/home/runner/work/Market-Data-Collector/Market-Data-Collector/src/MarketDataCollector.Contracts/MarketDataCollector.Contracts.csproj]
/home/runner/work/Market-Data-Collector/Market-Data-Collector/src/MarketDataCollector.Contracts/Api/UiApiRoutes.cs(153,25): warning CS1591: Missing XML comment for publicly visible type or member 'UiApiRoutes.AdminRetentionApply' [/home/runner/work/Market-Data-Collector/Market-Data-Collector/src/MarketDataCollector.Contracts/MarketDataCollector.Contracts.csproj]
/home/runner/work/Market-Data-Collector/Market-Data-Collector/src/MarketDataCollector.Contracts/Api/UiApiRoutes.cs(154,25): warning CS1591: Missing XML comment for publicly visible type or member 'UiApiRoutes.AdminCleanupPreview' [/home/runner/work/Market-Data-Collector/Market-Data-Collector/src/MarketDataCollector.Contracts/MarketDataCollector.Contracts.csproj]
/home/runner/work/Market-Data-Collector/Market-Data-Collector/src/MarketDataCollector.Contracts/Api/UiApiRoutes.cs(155,25): warning CS1591: Missing XML comment for publicly visible type or member 'UiApiRoutes.AdminCleanupExecute' [/home/runner/work/Market-Data-Collector/Market-Data-Collector/src/MarketDataCollector.Contracts/MarketDataCollector.Contracts.csproj]
/home/runner/work/Market-Data-Collector/Market-Data-Collector/src/MarketDataCollector.Contracts/Api/UiApiRoutes.cs(156,25): warning CS1591: Missing XML comment for publicly visible type or member 'UiApiRoutes.AdminStoragePermissions' [/home/runner/work/Market-Data-Collector/Market-Data-Collector/src/MarketDataCollector.Contracts/MarketDataCollector.Contracts.csproj]
/home/runner/work/Market-Data-Collector/Market-Data-Collector/src/MarketDataCollector.Contracts/Api/UiApiRoutes.cs(157,25): warning CS1591: Missing XML comment for publicly visible type or member 'UiApiRoutes.AdminSelftest' [/home/runner/work/Market-Data-Collector/Market-Data-Collector/src/MarketDataCollector.Contracts/MarketDataCollector.Contracts.csproj]
/home/runner/work/Market-Data-Collector/Market-Data-Collector/src/MarketDataCollector.Contracts/Api/UiApiRoutes.cs(158,25): warning CS1591: Missing XML comment for publicly visible type or member 'UiApiRoutes.AdminErrorCodes' [/home/runner/work/Market-Data-Collector/Market-Data-Collector/src/MarketDataCollector.Contracts/MarketDataCollector.Contracts.csproj]
/home/runner/work/Market-Data-Collector/Market-Data-Collector/src/MarketDataCollector.Contracts/Api/UiApiRoutes.cs(159,25): warning CS1591: Missing XML comment for publicly visible type or member 'UiApiRoutes.AdminShowConfig' [/home/runner/work/Market-Data-Collector/Market-Data-Collector/src/MarketDataCollector.Contracts/MarketDataCollector.Contracts.csproj]
/home/runner/work/Market-Data-Collector/Market-Data-Collector/src/MarketDataCollector.Contracts/Api/UiApiRoutes.cs(160,25): warning CS1591: Missing XML comment for publicly visible type or member 'UiApiRoutes.AdminQuickCheck' [/home/runner/work/Market-Data-Collector/Market-Data-Collector/src/MarketDataCollector.Contracts/MarketDataCollector.Contracts.csproj]
/home/runner/work/Market-Data-Collector/Market-Data-Collector/src/MarketDataCollector.Contracts/Api/UiApiRoutes.cs(163,25): warning CS1591: Missing XML comment for publicly visible type or member 'UiApiRoutes.MaintenanceSchedules' [/home/runner/work/Market-Data-Collector/Market-Data-Collector/src/MarketDataCollector.Contracts/MarketDataCollector.Contracts.csproj]
/home/runner/work/Market-Data-Collector/Market-Data-Collector/src/MarketDataCollector.Contracts/Api/UiApiRoutes.cs(164,25): warning CS1591: Missing XML comment for publicly visible type or member 'UiApiRoutes.MaintenanceSchedulesById' [/home/runner/work/Market-Data-Collector/Market-Data-Collector/src/MarketDataCollector.Contracts/MarketDataCollector.Contracts.csproj]
/home/runner/work/Market-Data-Collector/Market-Data-Collector/src/MarketDataCollector.Contracts/Api/UiApiRoutes.cs(165,25): warning CS1591: Missing XML comment for publicly visible type or member 'UiApiRoutes.MaintenanceSchedulesDelete' [/home/runner/work/Market-Data-Collector/Market-Data-Collector/src/MarketDataCollector.Contracts/MarketDataCollector.Contracts.csproj]
/home/runner/work/Market-Data-Collector/Market-Data-Collector/src/MarketDataCollector.Contracts/Api/UiApiRoutes.cs(166,25): warning CS1591: Missing XML comment for publicly visible type or member 'UiApiRoutes.MaintenanceSchedulesEnable' [/home/runner/work/Market-Data-Collector/Market-Data-Collector/src/MarketDataCollector.Contracts/MarketDataCollector.Contracts.csproj]
/home/runner/work/Market-Data-Collector/Market-Data-Collector/src/MarketDataCollector.Contracts/Api/UiApiRoutes.cs(167,25): warning CS1591: Missing XML comment for publicly visible type or member 'UiApiRoutes.MaintenanceSchedulesDisable' [/home/runner/work/Market-Data-Collector/Market-Data-Collector/src/MarketDataCollector.Contracts/MarketDataCollector.Contracts.csproj]
/home/runner/work/Market-Data-Collector/Market-Data-Collector/src/MarketDataCollector.Contracts/Api/UiApiRoutes.cs(168,25): warning CS1591: Missing XML comment for publicly visible type or member 'UiApiRoutes.MaintenanceSchedulesRun' [/home/runner/work/Market-Data-Collector/Market-Data-Collector/src/MarketDataCollector.Contracts/MarketDataCollector.Contracts.csproj]
/home/runner/work/Market-Data-Collector/Market-Data-Collector/src/MarketDataCollector.Contracts/Api/UiApiRoutes.cs(169,25): warning CS1591: Missing XML comment for publicly visible type or member 'UiApiRoutes.MaintenanceSchedulesHistory' [/home/runner/work/Market-Data-Collector/Market-Data-Collector/src/MarketDataCollector.Contracts/MarketDataCollector.Contracts.csproj]
/home/runner/work/Market-Data-Collector/Market-Data-Collector/src/MarketDataCollector.Contracts/Api/UiApiRoutes.cs(172,25): warning CS1591: Missing XML comment for publicly visible type or member 'UiApiRoutes.SchedulesCronValidate' [/home/runner/work/Market-Data-Collector/Market-Data-Collector/src/MarketDataCollector.Contracts/MarketDataCollector.Contracts.csproj]
/home/runner/work/Market-Data-Collector/Market-Data-Collector/src/MarketDataCollector.Contracts/Api/UiApiRoutes.cs(173,25): warning CS1591: Missing XML comment for publicly visible type or member 'UiApiRoutes.SchedulesCronNextRuns' [/home/runner/work/Market-Data-Collector/Market-Data-Collector/src/MarketDataCollector.Contracts/MarketDataCollector.Contracts.csproj]
/home/runner/work/Market-Data-Collector/Market-Data-Collector/src/MarketDataCollector.Contracts/Api/UiApiRoutes.cs(176,25): warning CS1591: Missing XML comment for publicly visible type or member 'UiApiRoutes.AnalyticsGaps' [/home/runner/work/Market-Data-Collector/Market-Data-Collector/src/MarketDataCollector.Contracts/MarketDataCollector.Contracts.csproj]
/home/runner/work/Market-Data-Collector/Market-Data-Collector/src/MarketDataCollector.Contracts/Api/UiApiRoutes.cs(177,25): warning CS1591: Missing XML comment for publicly visible type or member 'UiApiRoutes.AnalyticsGapsRepair' [/home/runner/work/Market-Data-Collector/Market-Data-Collector/src/MarketDataCollector.Contracts/MarketDataCollector.Contracts.csproj]
/home/runner/work/Market-Data-Collector/Market-Data-Collector/src/MarketDataCollector.Contracts/Api/UiApiRoutes.cs(178,25): warning CS1591: Missing XML comment for publicly visible type or member 'UiApiRoutes.AnalyticsCompare' [/home/runner/work/Market-Data-Collector/Market-Data-Collector/src/MarketDataCollector.Contracts/MarketDataCollector.Contracts.csproj]
/home/runner/work/Market-Data-Collector/Market-Data-Collector/src/MarketDataCollector.Contracts/Api/UiApiRoutes.cs(179,25): warning CS1591: Missing XML comment for publicly visible type or member 'UiApiRoutes.AnalyticsLatency' [/home/runner/work/Market-Data-Collector/Market-Data-Collector/src/MarketDataCollector.Contracts/MarketDataCollector.Contracts.csproj]
/home/runner/work/Market-Data-Collector/Market-Data-Collector/src/MarketDataCollector.Contracts/Api/UiApiRoutes.cs(180,25): warning CS1591: Missing XML comment for publicly visible type or member 'UiApiRoutes.AnalyticsLatencyStats' [/home/runner/work/Market-Data-Collector/Market-Data-Collector/src/MarketDataCollector.Contracts/MarketDataCollector.Contracts.csproj]
/home/runner/work/Market-Data-Collector/Market-Data-Collector/src/MarketDataCollector.Contracts/Api/UiApiRoutes.cs(181,25): warning CS1591: Missing XML comment for publicly visible type or member 'UiApiRoutes.AnalyticsAnomalies' [/home/runner/work/Market-Data-Collector/Market-Data-Collector/src/MarketDataCollector.Contracts/MarketDataCollector.Contracts.csproj]
/home/runner/work/Market-Data-Collector/Market-Data-Collector/src/MarketDataCollector.Contracts/Api/UiApiRoutes.cs(182,25): warning CS1591: Missing XML comment for publicly visible type or member 'UiApiRoutes.AnalyticsQualityReport' [/home/runner/work/Market-Data-Collector/Market-Data-Collector/src/MarketDataCollector.Contracts/MarketDataCollector.Contracts.csproj]
/home/runner/work/Market-Data-Collector/Market-Data-Collector/src/MarketDataCollector.Contracts/Api/UiApiRoutes.cs(183,25): warning CS1591: Missing XML comment for publicly visible type or member 'UiApiRoutes.AnalyticsCompleteness' [/home/runner/work/Market-Data-Collector/Market-Data-Collector/src/MarketDataCollector.Contracts/MarketDataCollector.Contracts.csproj]
/home/runner/work/Market-Data-Collector/Market-Data-Collector/src/MarketDataCollector.Contracts/Api/UiApiRoutes.cs(184,25): warning CS1591: Missing XML comment for publicly visible type or member 'UiApiRoutes.AnalyticsThroughput' [/home/runner/work/Market-Data-Collector/Market-Data-Collector/src/MarketDataCollector.Contracts/MarketDataCollector.Contracts.csproj]
/home/runner/work/Market-Data-Collector/Market-Data-Collector/src/MarketDataCollector.Contracts/Api/UiApiRoutes.cs(185,25): warning CS1591: Missing XML comment for publicly visible type or member 'UiApiRoutes.AnalyticsRateLimits' [/home/runner/work/Market-Data-Collector/Market-Data-Collector/src/MarketDataCollector.Contracts/MarketDataCollector.Contracts.csproj]
/home/runner/work/Market-Data-Collector/Market-Data-Collector/src/MarketDataCollector.Contracts/Api/UiApiRoutes.cs(188,25): warning CS1591: Missing XML comment for publicly visible type or member 'UiApiRoutes.HealthSummary' [/home/runner/work/Market-Data-Collector/Market-Data-Collector/src/MarketDataCollector.Contracts/MarketDataCollector.Contracts.csproj]
/home/runner/work/Market-Data-Collector/Market-Data-Collector/src/MarketDataCollector.Contracts/Api/UiApiRoutes.cs(189,25): warning CS1591: Missing XML comment for publicly visible type or member 'UiApiRoutes.HealthProviders' [/home/runner/work/Market-Data-Collector/Market-Data-Collector/src/MarketDataCollector.Contracts/MarketDataCollector.Contracts.csproj]
/home/runner/work/Market-Data-Collector/Market-Data-Collector/src/MarketDataCollector.Contracts/Api/UiApiRoutes.cs(190,25): warning CS1591: Missing XML comment for publicly visible type or member 'UiApiRoutes.HealthProviderDiagnostics' [/home/runner/work/Market-Data-Collector/Market-Data-Collector/src/MarketDataCollector.Contracts/MarketDataCollector.Contracts.csproj]
/home/runner/work/Market-Data-Collector/Market-Data-Collector/src/MarketDataCollector.Contracts/Api/UiApiRoutes.cs(191,25): warning CS1591: Missing XML comment for publicly visible type or member 'UiApiRoutes.HealthStorage' [/home/runner/work/Market-Data-Collector/Market-Data-Collector/src/MarketDataCollector.Contracts/MarketDataCollector.Contracts.csproj]
/home/runner/work/Market-Data-Collector/Market-Data-Collector/src/MarketDataCollector.Contracts/Api/UiApiRoutes.cs(192,25): warning CS1591: Missing XML comment for publicly visible type or member 'UiApiRoutes.HealthEvents' [/home/runner/work/Market-Data-Collector/Market-Data-Collector/src/MarketDataCollector.Contracts/MarketDataCollector.Contracts.csproj]
/home/runner/work/Market-Data-Collector/Market-Data-Collector/src/MarketDataCollector.Contracts/Api/UiApiRoutes.cs(193,25): warning CS1591: Missing XML comment for publicly visible type or member 'UiApiRoutes.HealthMetrics' [/home/runner/work/Market-Data-Collector/Market-Data-Collector/src/MarketDataCollector.Contracts/MarketDataCollector.Contracts.csproj]
/home/runner/work/Market-Data-Collector/Market-Data-Collector/src/MarketDataCollector.Contracts/Api/UiApiRoutes.cs(194,25): warning CS1591: Missing XML comment for publicly visible type or member 'UiApiRoutes.HealthProviderTest' [/home/runner/work/Market-Data-Collector/Market-Data-Collector/src/MarketDataCollector.Contracts/MarketDataCollector.Contracts.csproj]
/home/runner/work/Market-Data-Collector/Market-Data-Collector/src/MarketDataCollector.Contracts/Api/UiApiRoutes.cs(195,25): warning CS1591: Missing XML comment for publicly visible type or member 'UiApiRoutes.HealthDiagnosticsBundle' [/home/runner/work/Market-Data-Collector/Market-Data-Collector/src/MarketDataCollector.Contracts/MarketDataCollector.Contracts.csproj]
/home/runner/work/Market-Data-Collector/Market-Data-Collector/src/MarketDataCollector.Contracts/Api/UiApiRoutes.cs(198,25): warning CS1591: Missing XML comment for publicly visible type or member 'UiApiRoutes.MessagingConfig' [/home/runner/work/Market-Data-Collector/Market-Data-Collector/src/MarketDataCollector.Contracts/MarketDataCollector.Contracts.csproj]
/home/runner/work/Market-Data-Collector/Market-Data-Collector/src/MarketDataCollector.Contracts/Api/UiApiRoutes.cs(199,25): warning CS1591: Missing XML comment for publicly visible type or member 'UiApiRoutes.MessagingStatus' [/home/runner/work/Market-Data-Collector/Market-Data-Collector/src/MarketDataCollector.Contracts/MarketDataCollector.Contracts.csproj]
/home/runner/work/Market-Data-Collector/Market-Data-Collector/src/MarketDataCollector.Contracts/Api/UiApiRoutes.cs(200,25): warning CS1591: Missing XML comment for publicly visible type or member 'UiApiRoutes.MessagingStats' [/home/runner/work/Market-Data-Collector/Market-Data-Collector/src/MarketDataCollector.Contracts/MarketDataCollector.Contracts.csproj]
/home/runner/work/Market-Data-Collector/Market-Data-Collector/src/MarketDataCollector.Contracts/Api/UiApiRoutes.cs(201,25): warning CS1591: Missing XML comment for publicly visible type or member 'UiApiRoutes.MessagingActivity' [/home/runner/work/Market-Data-Collector/Market-Data-Collector/src/MarketDataCollector.Contracts/MarketDataCollector.Contracts.csproj]
/home/runner/work/Market-Data-Collector/Market-Data-Collector/src/MarketDataCollector.Contracts/Api/UiApiRoutes.cs(202,25): warning CS1591: Missing XML comment for publicly visible type or member 'UiApiRoutes.MessagingConsumers' [/home/runner/work/Market-Data-Collector/Market-Data-Collector/src/MarketDataCollector.Contracts/MarketDataCollector.Contracts.csproj]
/home/runner/work/Market-Data-Collector/Market-Data-Collector/src/MarketDataCollector.Contracts/Api/UiApiRoutes.cs(203,25): warning CS1591: Missing XML comment for publicly visible type or member 'UiApiRoutes.MessagingEndpoints' [/home/runner/work/Market-Data-Collector/Market-Data-Collector/src/MarketDataCollector.Contracts/MarketDataCollector.Contracts.csproj]
/home/runner/work/Market-Data-Collector/Market-Data-Collector/src/MarketDataCollector.Contracts/Api/UiApiRoutes.cs(204,25): warning CS1591: Missing XML comment for publicly visible type or member 'UiApiRoutes.MessagingTest' [/home/runner/work/Market-Data-Collector/Market-Data-Collector/src/MarketDataCollector.Contracts/MarketDataCollector.Contracts.csproj]
/home/runner/work/Market-Data-Collector/Market-Data-Collector/src/MarketDataCollector.Contracts/Api/UiApiRoutes.cs(205,25): warning CS1591: Missing XML comment for publicly visible type or member 'UiApiRoutes.MessagingPublishing' [/home/runner/work/Market-Data-Collector/Market-Data-Collector/src/MarketDataCollector.Contracts/MarketDataCollector.Contracts.csproj]
/home/runner/work/Market-Data-Collector/Market-Data-Collector/src/MarketDataCollector.Contracts/Api/UiApiRoutes.cs(206,25): warning CS1591: Missing XML comment for publicly visible type or member 'UiApiRoutes.MessagingQueuePurge' [/home/runner/work/Market-Data-Collector/Market-Data-Collector/src/MarketDataCollector.Contracts/MarketDataCollector.Contracts.csproj]
/home/runner/work/Market-Data-Collector/Market-Data-Collector/src/MarketDataCollector.Contracts/Api/UiApiRoutes.cs(207,25): warning CS1591: Missing XML comment for publicly visible type or member 'UiApiRoutes.MessagingErrors' [/home/runner/work/Market-Data-Collector/Market-Data-Collector/src/MarketDataCollector.Contracts/MarketDataCollector.Contracts.csproj]
/home/runner/work/Market-Data-Collector/Market-Data-Collector/src/MarketDataCollector.Contracts/Api/UiApiRoutes.cs(208,25): warning CS1591: Missing XML comment for publicly visible type or member 'UiApiRoutes.MessagingErrorRetry' [/home/runner/work/Market-Data-Collector/Market-Data-Collector/src/MarketDataCollector.Contracts/MarketDataCollector.Contracts.csproj]
/home/runner/work/Market-Data-Collector/Market-Data-Collector/src/MarketDataCollector.Contracts/Api/UiApiRoutes.cs(211,25): warning CS1591: Missing XML comment for publicly visible type or member 'UiApiRoutes.AlignmentCreate' [/home/runner/work/Market-Data-Collector/Market-Data-Collector/src/MarketDataCollector.Contracts/MarketDataCollector.Contracts.csproj]
/home/runner/work/Market-Data-Collector/Market-Data-Collector/src/MarketDataCollector.Contracts/Api/UiApiRoutes.cs(212,25): warning CS1591: Missing XML comment for publicly visible type or member 'UiApiRoutes.AlignmentPreview' [/home/runner/work/Market-Data-Collector/Market-Data-Collector/src/MarketDataCollector.Contracts/MarketDataCollector.Contracts.csproj]
/home/runner/work/Market-Data-Collector/Market-Data-Collector/src/MarketDataCollector.Contracts/Api/UiApiRoutes.cs(215,25): warning CS1591: Missing XML comment for publicly visible type or member 'UiApiRoutes.SamplingCreate' [/home/runner/work/Market-Data-Collector/Market-Data-Collector/src/MarketDataCollector.Contracts/MarketDataCollector.Contracts.csproj]
/home/runner/work/Market-Data-Collector/Market-Data-Collector/src/MarketDataCollector.Contracts/Api/UiApiRoutes.cs(216,25): warning CS1591: Missing XML comment for publicly visible type or member 'UiApiRoutes.SamplingEstimate' [/home/runner/work/Market-Data-Collector/Market-Data-Collector/src/MarketDataCollector.Contracts/MarketDataCollector.Contracts.csproj]
/home/runner/work/Market-Data-Collector/Market-Data-Collector/src/MarketDataCollector.Contracts/Api/UiApiRoutes.cs(217,25): warning CS1591: Missing XML comment for publicly visible type or member 'UiApiRoutes.SamplingSaved' [/home/runner/work/Market-Data-Collector/Market-Data-Collector/src/MarketDataCollector.Contracts/MarketDataCollector.Contracts.csproj]
/home/runner/work/Market-Data-Collector/Market-Data-Collector/src/MarketDataCollector.Contracts/Api/UiApiRoutes.cs(218,25): warning CS1591: Missing XML comment for publicly visible type or member 'UiApiRoutes.SamplingById' [/home/runner/work/Market-Data-Collector/Market-Data-Collector/src/MarketDataCollector.Contracts/MarketDataCollector.Contracts.csproj]
/home/runner/work/Market-Data-Collector/Market-Data-Collector/src/MarketDataCollector.Contracts/Api/UiApiRoutes.cs(221,25): warning CS1591: Missing XML comment for publicly visible type or member 'UiApiRoutes.DataTrades' [/home/runner/work/Market-Data-Collector/Market-Data-Collector/src/MarketDataCollector.Contracts/MarketDataCollector.Contracts.csproj]
/home/runner/work/Market-Data-Collector/Market-Data-Collector/src/MarketDataCollector.Contracts/Api/UiApiRoutes.cs(222,25): warning CS1591: Missing XML comment for publicly visible type or member 'UiApiRoutes.DataQuotes' [/home/runner/work/Market-Data-Collector/Market-Data-Collector/src/MarketDataCollector.Contracts/MarketDataCollector.Contracts.csproj]
/home/runner/work/Market-Data-Collector/Market-Data-Collector/src/MarketDataCollector.Contracts/Api/UiApiRoutes.cs(223,25): warning CS1591: Missing XML comment for publicly visible type or member 'UiApiRoutes.DataOrderbook' [/home/runner/work/Market-Data-Collector/Market-Data-Collector/src/MarketDataCollector.Contracts/MarketDataCollector.Contracts.csproj]
/home/runner/work/Market-Data-Collector/Market-Data-Collector/src/MarketDataCollector.Contracts/Api/UiApiRoutes.cs(224,25): warning CS1591: Missing XML comment for publicly visible type or member 'UiApiRoutes.DataBbo' [/home/runner/work/Market-Data-Collector/Market-Data-Collector/src/MarketDataCollector.Contracts/MarketDataCollector.Contracts.csproj]
/home/runner/work/Market-Data-Collector/Market-Data-Collector/src/MarketDataCollector.Contracts/Api/UiApiRoutes.cs(225,25): warning CS1591: Missing XML comment for publicly visible type or member 'UiApiRoutes.DataOrderflow' [/home/runner/work/Market-Data-Collector/Market-Data-Collector/src/MarketDataCollector.Contracts/MarketDataCollector.Contracts.csproj]
/home/runner/work/Market-Data-Collector/Market-Data-Collector/src/MarketDataCollector.Contracts/Api/UiApiRoutes.cs(226,25): warning CS1591: Missing XML comment for publicly visible type or member 'UiApiRoutes.DataHealth' [/home/runner/work/Market-Data-Collector/Market-Data-Collector/src/MarketDataCollector.Contracts/MarketDataCollector.Contracts.csproj]
/home/runner/work/Market-Data-Collector/Market-Data-Collector/src/MarketDataCollector.Contracts/Api/UiApiRoutes.cs(229,25): warning CS1591: Missing XML comment for publicly visible type or member 'UiApiRoutes.SubscriptionsActive' [/home/runner/work/Market-Data-Collector/Market-Data-Collector/src/MarketDataCollector.Contracts/MarketDataCollector.Contracts.csproj]
/home/runner/work/Market-Data-Collector/Market-Data-Collector/src/MarketDataCollector.Contracts/Api/UiApiRoutes.cs(230,25): warning CS1591: Missing XML comment for publicly visible type or member 'UiApiRoutes.SubscriptionsSubscribe' [/home/runner/work/Market-Data-Collector/Market-Data-Collector/src/MarketDataCollector.Contracts/MarketDataCollector.Contracts.csproj]
/home/runner/work/Market-Data-Collector/Market-Data-Collector/src/MarketDataCollector.Contracts/Api/UiApiRoutes.cs(231,25): warning CS1591: Missing XML comment for publicly visible type or member 'UiApiRoutes.SubscriptionsUnsubscribe' [/home/runner/work/Market-Data-Collector/Market-Data-Collector/src/MarketDataCollector.Contracts/MarketDataCollector.Contracts.csproj]
/home/runner/work/Market-Data-Collector/Market-Data-Collector/src/MarketDataCollector.Contracts/Api/UiApiRoutes.cs(234,25): warning CS1591: Missing XML comment for publicly visible type or member 'UiApiRoutes.ReplayFiles' [/home/runner/work/Market-Data-Collector/Market-Data-Collector/src/MarketDataCollector.Contracts/MarketDataCollector.Contracts.csproj]
/home/runner/work/Market-Data-Collector/Market-Data-Collector/src/MarketDataCollector.Contracts/Api/UiApiRoutes.cs(235,25): warning CS1591: Missing XML comment for publicly visible type or member 'UiApiRoutes.ReplayStart' [/home/runner/work/Market-Data-Collector/Market-Data-Collector/src/MarketDataCollector.Contracts/MarketDataCollector.Contracts.csproj]
/home/runner/work/Market-Data-Collector/Market-Data-Collector/src/MarketDataCollector.Contracts/Api/UiApiRoutes.cs(236,25): warning CS1591: Missing XML comment for publicly visible type or member 'UiApiRoutes.ReplayPause' [/home/runner/work/Market-Data-Collector/Market-Data-Collector/src/MarketDataCollector.Contracts/MarketDataCollector.Contracts.csproj]
/home/runner/work/Market-Data-Collector/Market-Data-Collector/src/MarketDataCollector.Contracts/Api/UiApiRoutes.cs(237,25): warning CS1591: Missing XML comment for publicly visible type or member 'UiApiRoutes.ReplayResume' [/home/runner/work/Market-Data-Collector/Market-Data-Collector/src/MarketDataCollector.Contracts/MarketDataCollector.Contracts.csproj]
/home/runner/work/Market-Data-Collector/Market-Data-Collector/src/MarketDataCollector.Contracts/Api/UiApiRoutes.cs(238,25): warning CS1591: Missing XML comment for publicly visible type or member 'UiApiRoutes.ReplayStop' [/home/runner/work/Market-Data-Collector/Market-Data-Collector/src/MarketDataCollector.Contracts/MarketDataCollector.Contracts.csproj]
/home/runner/work/Market-Data-Collector/Market-Data-Collector/src/MarketDataCollector.Contracts/Api/UiApiRoutes.cs(239,25): warning CS1591: Missing XML comment for publicly visible type or member 'UiApiRoutes.ReplaySeek' [/home/runner/work/Market-Data-Collector/Market-Data-Collector/src/MarketDataCollector.Contracts/MarketDataCollector.Contracts.csproj]
/home/runner/work/Market-Data-Collector/Market-Data-Collector/src/MarketDataCollector.Contracts/Api/UiApiRoutes.cs(240,25): warning CS1591: Missing XML comment for publicly visible type or member 'UiApiRoutes.ReplaySpeed' [/home/runner/work/Market-Data-Collector/Market-Data-Collector/src/MarketDataCollector.Contracts/MarketDataCollector.Contracts.csproj]
/home/runner/work/Market-Data-Collector/Market-Data-Collector/src/MarketDataCollector.Contracts/Api/UiApiRoutes.cs(241,25): warning CS1591: Missing XML comment for publicly visible type or member 'UiApiRoutes.ReplayStatus' [/home/runner/work/Market-Data-Collector/Market-Data-Collector/src/MarketDataCollector.Contracts/MarketDataCollector.Contracts.csproj]
/home/runner/work/Market-Data-Collector/Market-Data-Collector/src/MarketDataCollector.Contracts/Api/UiApiRoutes.cs(242,25): warning CS1591: Missing XML comment for publicly visible type or member 'UiApiRoutes.ReplayPreview' [/home/runner/work/Market-Data-Collector/Market-Data-Collector/src/MarketDataCollector.Contracts/MarketDataCollector.Contracts.csproj]
/home/runner/work/Market-Data-Collector/Market-Data-Collector/src/MarketDataCollector.Contracts/Api/UiApiRoutes.cs(243,25): warning CS1591: Missing XML comment for publicly visible type or member 'UiApiRoutes.ReplayStats' [/home/runner/work/Market-Data-Collector/Market-Data-Collector/src/MarketDataCollector.Contracts/MarketDataCollector.Contracts.csproj]
/home/runner/work/Market-Data-Collector/Market-Data-Collector/src/MarketDataCollector.Contracts/Api/UiApiRoutes.cs(246,25): warning CS1591: Missing XML comment for publicly visible type or member 'UiApiRoutes.ExportAnalysis' [/home/runner/work/Market-Data-Collector/Market-Data-Collector/src/MarketDataCollector.Contracts/MarketDataCollector.Contracts.csproj]
/home/runner/work/Market-Data-Collector/Market-Data-Collector/src/MarketDataCollector.Contracts/Api/UiApiRoutes.cs(247,25): warning CS1591: Missing XML comment for publicly visible type or member 'UiApiRoutes.ExportFormats' [/home/runner/work/Market-Data-Collector/Market-Data-Collector/src/MarketDataCollector.Contracts/MarketDataCollector.Contracts.csproj]
/home/runner/work/Market-Data-Collector/Market-Data-Collector/src/MarketDataCollector.Contracts/Api/UiApiRoutes.cs(248,25): warning CS1591: Missing XML comment for publicly visible type or member 'UiApiRoutes.ExportQualityReport' [/home/runner/work/Market-Data-Collector/Market-Data-Collector/src/MarketDataCollector.Contracts/MarketDataCollector.Contracts.csproj]
/home/runner/work/Market-Data-Collector/Market-Data-Collector/src/MarketDataCollector.Contracts/Api/UiApiRoutes.cs(249,25): warning CS1591: Missing XML comment for publicly visible type or member 'UiApiRoutes.ExportOrderflow' [/home/runner/work/Market-Data-Collector/Market-Data-Collector/src/MarketDataCollector.Contracts/MarketDataCollector.Contracts.csproj]
/home/runner/work/Market-Data-Collector/Market-Data-Collector/src/MarketDataCollector.Contracts/Api/UiApiRoutes.cs(250,25): warning CS1591: Missing XML comment for publicly visible type or member 'UiApiRoutes.ExportIntegrity' [/home/runner/work/Market-Data-Collector/Market-Data-Collector/src/MarketDataCollector.Contracts/MarketDataCollector.Contracts.csproj]
/home/runner/work/Market-Data-Collector/Market-Data-Collector/src/MarketDataCollector.Contracts/Api/UiApiRoutes.cs(251,25): warning CS1591: Missing XML comment for publicly visible type or member 'UiApiRoutes.ExportResearchPackage' [/home/runner/work/Market-Data-Collector/Market-Data-Collector/src/MarketDataCollector.Contracts/MarketDataCollector.Contracts.csproj]
/home/runner/work/Market-Data-Collector/Market-Data-Collector/src/MarketDataCollector.Contracts/Api/UiApiRoutes.cs(254,25): warning CS1591: Missing XML comment for publicly visible type or member 'UiApiRoutes.LeanStatus' [/home/runner/work/Market-Data-Collector/Market-Data-Collector/src/MarketDataCollector.Contracts/MarketDataCollector.Contracts.csproj]
/home/runner/work/Market-Data-Collector/Market-Data-Collector/src/MarketDataCollector.Contracts/Api/UiApiRoutes.cs(255,25): warning CS1591: Missing XML comment for publicly visible type or member 'UiApiRoutes.LeanConfig' [/home/runner/work/Market-Data-Collector/Market-Data-Collector/src/MarketDataCollector.Contracts/MarketDataCollector.Contracts.csproj]
/home/runner/work/Market-Data-Collector/Market-Data-Collector/src/MarketDataCollector.Contracts/Api/UiApiRoutes.cs(256,25): warning CS1591: Missing XML comment for publicly visible type or member 'UiApiRoutes.LeanVerify' [/home/runner/work/Market-Data-Collector/Market-Data-Collector/src/MarketDataCollector.Contracts/MarketDataCollector.Contracts.csproj]
/home/runner/work/Market-Data-Collector/Market-Data-Collector/src/MarketDataCollector.Contracts/Api/UiApiRoutes.cs(257,25): warning CS1591: Missing XML comment for publicly visible type or member 'UiApiRoutes.LeanAlgorithms' [/home/runner/work/Market-Data-Collector/Market-Data-Collector/src/MarketDataCollector.Contracts/MarketDataCollector.Contracts.csproj]
/home/runner/work/Market-Data-Collector/Market-Data-Collector/src/MarketDataCollector.Contracts/Api/UiApiRoutes.cs(258,25): warning CS1591: Missing XML comment for publicly visible type or member 'UiApiRoutes.LeanSync' [/home/runner/work/Market-Data-Collector/Market-Data-Collector/src/MarketDataCollector.Contracts/MarketDataCollector.Contracts.csproj]
/home/runner/work/Market-Data-Collector/Market-Data-Collector/src/MarketDataCollector.Contracts/Api/UiApiRoutes.cs(259,25): warning CS1591: Missing XML comment for publicly visible type or member 'UiApiRoutes.LeanSyncStatus' [/home/runner/work/Market-Data-Collector/Market-Data-Collector/src/MarketDataCollector.Contracts/MarketDataCollector.Contracts.csproj]
/home/runner/work/Market-Data-Collector/Market-Data-Collector/src/MarketDataCollector.Contracts/Api/UiApiRoutes.cs(260,25): warning CS1591: Missing XML comment for publicly visible type or member 'UiApiRoutes.LeanBacktestStart' [/home/runner/work/Market-Data-Collector/Market-Data-Collector/src/MarketDataCollector.Contracts/MarketDataCollector.Contracts.csproj]
/home/runner/work/Market-Data-Collector/Market-Data-Collector/src/MarketDataCollector.Contracts/Api/UiApiRoutes.cs(261,25): warning CS1591: Missing XML comment for publicly visible type or member 'UiApiRoutes.LeanBacktestStatus' [/home/runner/work/Market-Data-Collector/Market-Data-Collector/src/MarketDataCollector.Contracts/MarketDataCollector.Contracts.csproj]
/home/runner/work/Market-Data-Collector/Market-Data-Collector/src/MarketDataCollector.Contracts/Api/UiApiRoutes.cs(262,25): warning CS1591: Missing XML comment for publicly visible type or member 'UiApiRoutes.LeanBacktestResults' [/home/runner/work/Market-Data-Collector/Market-Data-Collector/src/MarketDataCollector.Contracts/MarketDataCollector.Contracts.csproj]
/home/runner/work/Market-Data-Collector/Market-Data-Collector/src/MarketDataCollector.Contracts/Api/UiApiRoutes.cs(263,25): warning CS1591: Missing XML comment for publicly visible type or member 'UiApiRoutes.LeanBacktestStop' [/home/runner/work/Market-Data-Collector/Market-Data-Collector/src/MarketDataCollector.Contracts/MarketDataCollector.Contracts.csproj]
/home/runner/work/Market-Data-Collector/Market-Data-Collector/src/MarketDataCollector.Contracts/Api/UiApiRoutes.cs(264,25): warning CS1591: Missing XML comment for publicly visible type or member 'UiApiRoutes.LeanBacktestHistory' [/home/runner/work/Market-Data-Collector/Market-Data-Collector/src/MarketDataCollector.Contracts/MarketDataCollector.Contracts.csproj]
/home/runner/work/Market-Data-Collector/Market-Data-Collector/src/MarketDataCollector.Contracts/Api/UiApiRoutes.cs(265,25): warning CS1591: Missing XML comment for publicly visible type or member 'UiApiRoutes.LeanBacktestDelete' [/home/runner/work/Market-Data-Collector/Market-Data-Collector/src/MarketDataCollector.Contracts/MarketDataCollector.Contracts.csproj]
/home/runner/work/Market-Data-Collector/Market-Data-Collector/src/MarketDataCollector.Contracts/Api/UiApiRoutes.cs(268,25): warning CS1591: Missing XML comment for publicly visible type or member 'UiApiRoutes.IndicesConstituents' [/home/runner/work/Market-Data-Collector/Market-Data-Collector/src/MarketDataCollector.Contracts/MarketDataCollector.Contracts.csproj]
/home/runner/work/Market-Data-Collector/Market-Data-Collector/src/MarketDataCollector.Contracts/Api/UiDashboardModels.cs(185,19): warning CS1591: Missing XML comment for publicly visible type or member 'ProviderTemplateOutput.ProviderId' [/home/runner/work/Market-Data-Collector/Market-Data-Collector/src/MarketDataCollector.Contracts/MarketDataCollector.Contracts.csproj]
/home/runner/work/Market-Data-Collector/Market-Data-Collector/src/MarketDataCollector.Contracts/Api/UiDashboardModels.cs(188,19): warning CS1591: Missing XML comment for publicly visible type or member 'ProviderTemplateOutput.DisplayName' [/home/runner/work/Market-Data-Collector/Market-Data-Collector/src/MarketDataCollector.Contracts/MarketDataCollector.Contracts.csproj]
/home/runner/work/Market-Data-Collector/Market-Data-Collector/src/MarketDataCollector.Contracts/Api/UiDashboardModels.cs(191,19): warning CS1591: Missing XML comment for publicly visible type or member 'ProviderTemplateOutput.Description' [/home/runner/work/Market-Data-Collector/Market-Data-Collector/src/MarketDataCollector.Contracts/MarketDataCollector.Contracts.csproj]
/home/runner/work/Market-Data-Collector/Market-Data-Collector/src/MarketDataCollector.Contracts/Api/UiDashboardModels.cs(194,19): warning CS1591: Missing XML comment for publicly visible type or member 'ProviderTemplateOutput.ProviderType' [/home/runner/work/Market-Data-Collector/Market-Data-Collector/src/MarketDataCollector.Contracts/MarketDataCollector.Contracts.csproj]
/home/runner/work/Market-Data-Collector/Market-Data-Collector/src/MarketDataCollector.Contracts/Api/UiDashboardModels.cs(198,17): warning CS1591: Missing XML comment for publicly visible type or member 'ProviderTemplateOutput.IsEnabled' [/home/runner/work/Market-Data-Collector/Market-Data-Collector/src/MarketDataCollector.Contracts/MarketDataCollector.Contracts.csproj]
/home/runner/work/Market-Data-Collector/Market-Data-Collector/src/MarketDataCollector.Contracts/Api/UiDashboardModels.cs(201,17): warning CS1591: Missing XML comment for publicly visible type or member 'ProviderTemplateOutput.IsConnected' [/home/runner/work/Market-Data-Collector/Market-Data-Collector/src/MarketDataCollector.Contracts/MarketDataCollector.Contracts.csproj]
/home/runner/work/Market-Data-Collector/Market-Data-Collector/src/MarketDataCollector.Contracts/Api/UiDashboardModels.cs(204,17): warning CS1591: Missing XML comment for publicly visible type or member 'ProviderTemplateOutput.IsHealthy' [/home/runner/work/Market-Data-Collector/Market-Data-Collector/src/MarketDataCollector.Contracts/MarketDataCollector.Contracts.csproj]
/home/runner/work/Market-Data-Collector/Market-Data-Collector/src/MarketDataCollector.Contracts/Api/UiDashboardModels.cs(208,17): warning CS1591: Missing XML comment for publicly visible type or member 'ProviderTemplateOutput.RequiresCredentials' [/home/runner/work/Market-Data-Collector/Market-Data-Collector/src/MarketDataCollector.Contracts/MarketDataCollector.Contracts.csproj]
/home/runner/work/Market-Data-Collector/Market-Data-Collector/src/MarketDataCollector.Contracts/Api/UiDashboardModels.cs(211,17): warning CS1591: Missing XML comment for publicly visible type or member 'ProviderTemplateOutput.HasValidCredentials' [/home/runner/work/Market-Data-Collector/Market-Data-Collector/src/MarketDataCollector.Contracts/MarketDataCollector.Contracts.csproj]
/home/runner/work/Market-Data-Collector/Market-Data-Collector/src/MarketDataCollector.Contracts/Api/UiDashboardModels.cs(214,36): warning CS1591: Missing XML comment for publicly visible type or member 'ProviderTemplateOutput.CredentialFields' [/home/runner/work/Market-Data-Collector/Market-Data-Collector/src/MarketDataCollector.Contracts/MarketDataCollector.Contracts.csproj]
/home/runner/work/Market-Data-Collector/Market-Data-Collector/src/MarketDataCollector.Contracts/Api/UiDashboardModels.cs(218,37): warning CS1591: Missing XML comment for publicly visible type or member 'ProviderTemplateOutput.Capabilities' [/home/runner/work/Market-Data-Collector/Market-Data-Collector/src/MarketDataCollector.Contracts/MarketDataCollector.Contracts.csproj]
/home/runner/work/Market-Data-Collector/Market-Data-Collector/src/MarketDataCollector.Contracts/Api/UiDashboardModels.cs(222,21): warning CS1591: Missing XML comment for publicly visible type or member 'ProviderTemplateOutput.Notes' [/home/runner/work/Market-Data-Collector/Market-Data-Collector/src/MarketDataCollector.Contracts/MarketDataCollector.Contracts.csproj]
/home/runner/work/Market-Data-Collector/Market-Data-Collector/src/MarketDataCollector.Contracts/Api/UiDashboardModels.cs(225,21): warning CS1591: Missing XML comment for publicly visible type or member 'ProviderTemplateOutput.Warnings' [/home/runner/work/Market-Data-Collector/Market-Data-Collector/src/MarketDataCollector.Contracts/MarketDataCollector.Contracts.csproj]
/home/runner/work/Market-Data-Collector/Market-Data-Collector/src/MarketDataCollector.Contracts/Api/UiDashboardModels.cs(229,37): warning CS1591: Missing XML comment for publicly visible type or member 'ProviderTemplateOutput.RateLimit' [/home/runner/work/Market-Data-Collector/Market-Data-Collector/src/MarketDataCollector.Contracts/MarketDataCollector.Contracts.csproj]
/home/runner/work/Market-Data-Collector/Market-Data-Collector/src/MarketDataCollector.Contracts/Api/UiDashboardModels.cs(233,21): warning CS1591: Missing XML comment for publicly visible type or member 'ProviderTemplateOutput.SupportedMarkets' [/home/runner/work/Market-Data-Collector/Market-Data-Collector/src/MarketDataCollector.Contracts/MarketDataCollector.Contracts.csproj]
/home/runner/work/Market-Data-Collector/Market-Data-Collector/src/MarketDataCollector.Contracts/Api/UiDashboardModels.cs(236,21): warning CS1591: Missing XML comment for publicly visible type or member 'ProviderTemplateOutput.DataTypes' [/home/runner/work/Market-Data-Collector/Market-Data-Collector/src/MarketDataCollector.Contracts/MarketDataCollector.Contracts.csproj]
/home/runner/work/Market-Data-Collector/Market-Data-Collector/src/MarketDataCollector.Contracts/Api/UiDashboardModels.cs(295,19): warning CS1591: Missing XML comment for publicly visible type or member 'CredentialFieldOutput.Name' [/home/runner/work/Market-Data-Collector/Market-Data-Collector/src/MarketDataCollector.Contracts/MarketDataCollector.Contracts.csproj]
/home/runner/work/Market-Data-Collector/Market-Data-Collector/src/MarketDataCollector.Contracts/Api/UiDashboardModels.cs(298,19): warning CS1591: Missing XML comment for publicly visible type or member 'CredentialFieldOutput.DisplayName' [/home/runner/work/Market-Data-Collector/Market-Data-Collector/src/MarketDataCollector.Contracts/MarketDataCollector.Contracts.csproj]
/home/runner/work/Market-Data-Collector/Market-Data-Collector/src/MarketDataCollector.Contracts/Api/UiDashboardModels.cs(301,20): warning CS1591: Missing XML comment for publicly visible type or member 'CredentialFieldOutput.EnvironmentVariable' [/home/runner/work/Market-Data-Collector/Market-Data-Collector/src/MarketDataCollector.Contracts/MarketDataCollector.Contracts.csproj]
/home/runner/work/Market-Data-Collector/Market-Data-Collector/src/MarketDataCollector.Contracts/Api/UiDashboardModels.cs(304,17): warning CS1591: Missing XML comment for publicly visible type or member 'CredentialFieldOutput.Required' [/home/runner/work/Market-Data-Collector/Market-Data-Collector/src/MarketDataCollector.Contracts/MarketDataCollector.Contracts.csproj]
/home/runner/work/Market-Data-Collector/Market-Data-Collector/src/MarketDataCollector.Contracts/Api/UiDashboardModels.cs(307,20): warning CS1591: Missing XML comment for publicly visible type or member 'CredentialFieldOutput.DefaultValue' [/home/runner/work/Market-Data-Collector/Market-Data-Collector/src/MarketDataCollector.Contracts/MarketDataCollector.Contracts.csproj]
/home/runner/work/Market-Data-Collector/Market-Data-Collector/src/MarketDataCollector.Contracts/Api/UiDashboardModels.cs(310,17): warning CS1591: Missing XML comment for publicly visible type or member 'CredentialFieldOutput.HasValue' [/home/runner/work/Market-Data-Collector/Market-Data-Collector/src/MarketDataCollector.Contracts/MarketDataCollector.Contracts.csproj]
/home/runner/work/Market-Data-Collector/Market-Data-Collector/src/MarketDataCollector.Contracts/Api/UiDashboardModels.cs(319,17): warning CS1591: Missing XML comment for publicly visible type or member 'ProviderCapabilityOutput.SupportsStreaming' [/home/runner/work/Market-Data-Collector/Market-Data-Collector/src/MarketDataCollector.Contracts/MarketDataCollector.Contracts.csproj]
/home/runner/work/Market-Data-Collector/Market-Data-Collector/src/MarketDataCollector.Contracts/Api/UiDashboardModels.cs(322,17): warning CS1591: Missing XML comment for publicly visible type or member 'ProviderCapabilityOutput.SupportsMarketDepth' [/home/runner/work/Market-Data-Collector/Market-Data-Collector/src/MarketDataCollector.Contracts/MarketDataCollector.Contracts.csproj]
/home/runner/work/Market-Data-Collector/Market-Data-Collector/src/MarketDataCollector.Contracts/Api/UiDashboardModels.cs(325,17): warning CS1591: Missing XML comment for publicly visible type or member 'ProviderCapabilityOutput.MaxDepthLevels' [/home/runner/work/Market-Data-Collector/Market-Data-Collector/src/MarketDataCollector.Contracts/MarketDataCollector.Contracts.csproj]
/home/runner/work/Market-Data-Collector/Market-Data-Collector/src/MarketDataCollector.Contracts/Api/UiDashboardModels.cs(328,17): warning CS1591: Missing XML comment for publicly visible type or member 'ProviderCapabilityOutput.SupportsAdjustedPrices' [/home/runner/work/Market-Data-Collector/Market-Data-Collector/src/MarketDataCollector.Contracts/MarketDataCollector.Contracts.csproj]
/home/runner/work/Market-Data-Collector/Market-Data-Collector/src/MarketDataCollector.Contracts/Api/UiDashboardModels.cs(331,17): warning CS1591: Missing XML comment for publicly visible type or member 'ProviderCapabilityOutput.SupportsDividends' [/home/runner/work/Market-Data-Collector/Market-Data-Collector/src/MarketDataCollector.Contracts/MarketDataCollector.Contracts.csproj]
/home/runner/work/Market-Data-Collector/Market-Data-Collector/src/MarketDataCollector.Contracts/Api/UiDashboardModels.cs(334,17): warning CS1591: Missing XML comment for publicly visible type or member 'ProviderCapabilityOutput.SupportsSplits' [/home/runner/work/Market-Data-Collector/Market-Data-Collector/src/MarketDataCollector.Contracts/MarketDataCollector.Contracts.csproj]
/home/runner/work/Market-Data-Collector/Market-Data-Collector/src/MarketDataCollector.Contracts/Api/UiDashboardModels.cs(337,17): warning CS1591: Missing XML comment for publicly visible type or member 'ProviderCapabilityOutput.SupportsIntraday' [/home/runner/work/Market-Data-Collector/Market-Data-Collector/src/MarketDataCollector.Contracts/MarketDataCollector.Contracts.csproj]
/home/runner/work/Market-Data-Collector/Market-Data-Collector/src/MarketDataCollector.Contracts/Api/UiDashboardModels.cs(340,17): warning CS1591: Missing XML comment for publicly visible type or member 'ProviderCapabilityOutput.SupportsTrades' [/home/runner/work/Market-Data-Collector/Market-Data-Collector/src/MarketDataCollector.Contracts/MarketDataCollector.Contracts.csproj]
/home/runner/work/Market-Data-Collector/Market-Data-Collector/src/MarketDataCollector.Contracts/Api/UiDashboardModels.cs(343,17): warning CS1591: Missing XML comment for publicly visible type or member 'ProviderCapabilityOutput.SupportsQuotes' [/home/runner/work/Market-Data-Collector/Market-Data-Collector/src/MarketDataCollector.Contracts/MarketDataCollector.Contracts.csproj]
/home/runner/work/Market-Data-Collector/Market-Data-Collector/src/MarketDataCollector.Contracts/Api/UiDashboardModels.cs(346,17): warning CS1591: Missing XML comment for publicly visible type or member 'ProviderCapabilityOutput.SupportsAuctions' [/home/runner/work/Market-Data-Collector/Market-Data-Collector/src/MarketDataCollector.Contracts/MarketDataCollector.Contracts.csproj]
/home/runner/work/Market-Data-Collector/Market-Data-Collector/src/MarketDataCollector.Contracts/Api/UiDashboardModels.cs(355,16): warning CS1591: Missing XML comment for publicly visible type or member 'ProviderRateLimitOutput.MaxRequestsPerWindow' [/home/runner/work/Market-Data-Collector/Market-Data-Collector/src/MarketDataCollector.Contracts/MarketDataCollector.Contracts.csproj]
/home/runner/work/Market-Data-Collector/Market-Data-Collector/src/MarketDataCollector.Contracts/Api/UiDashboardModels.cs(358,16): warning CS1591: Missing XML comment for publicly visible type or member 'ProviderRateLimitOutput.WindowSeconds' [/home/runner/work/Market-Data-Collector/Market-Data-Collector/src/MarketDataCollector.Contracts/MarketDataCollector.Contracts.csproj]
/home/runner/work/Market-Data-Collector/Market-Data-Collector/src/MarketDataCollector.Contracts/Api/UiDashboardModels.cs(361,16): warning CS1591: Missing XML comment for publicly visible type or member 'ProviderRateLimitOutput.MinDelayMs' [/home/runner/work/Market-Data-Collector/Market-Data-Collector/src/MarketDataCollector.Contracts/MarketDataCollector.Contracts.csproj]
/home/runner/work/Market-Data-Collector/Market-Data-Collector/src/MarketDataCollector.Contracts/Api/UiDashboardModels.cs(364,19): warning CS1591: Missing XML comment for publicly visible type or member 'ProviderRateLimitOutput.Description' [/home/runner/work/Market-Data-Collector/Market-Data-Collector/src/MarketDataCollector.Contracts/MarketDataCollector.Contracts.csproj]
/home/runner/work/Market-Data-Collector/Market-Data-Collector/src/MarketDataCollector.Contracts/Archive/ArchiveHealthModels.cs(10,25): warning CS1591: Missing XML comment for publicly visible type or member 'ArchiveHealthSeverity.Info' [/home/runner/work/Market-Data-Collector/Market-Data-Collector/src/MarketDataCollector.Contracts/MarketDataCollector.Contracts.csproj]
/home/runner/work/Market-Data-Collector/Market-Data-Collector/src/MarketDataCollector.Contracts/Archive/ArchiveHealthModels.cs(11,25): warning CS1591: Missing XML comment for publicly visible type or member 'ArchiveHealthSeverity.Warning' [/home/runner/work/Market-Data-Collector/Market-Data-Collector/src/MarketDataCollector.Contracts/MarketDataCollector.Contracts.csproj]
/home/runner/work/Market-Data-Collector/Market-Data-Collector/src/MarketDataCollector.Contracts/Archive/ArchiveHealthModels.cs(12,25): warning CS1591: Missing XML comment for publicly visible type or member 'ArchiveHealthSeverity.Critical' [/home/runner/work/Market-Data-Collector/Market-Data-Collector/src/MarketDataCollector.Contracts/MarketDataCollector.Contracts.csproj]
/home/runner/work/Market-Data-Collector/Market-Data-Collector/src/MarketDataCollector.Contracts/Archive/ArchiveHealthModels.cs(20,25): warning CS1591: Missing XML comment for publicly visible type or member 'ArchiveHealthStatusValues.Healthy' [/home/runner/work/Market-Data-Collector/Market-Data-Collector/src/MarketDataCollector.Contracts/MarketDataCollector.Contracts.csproj]
/home/runner/work/Market-Data-Collector/Market-Data-Collector/src/MarketDataCollector.Contracts/Archive/ArchiveHealthModels.cs(21,25): warning CS1591: Missing XML comment for publicly visible type or member 'ArchiveHealthStatusValues.Warning' [/home/runner/work/Market-Data-Collector/Market-Data-Collector/src/MarketDataCollector.Contracts/MarketDataCollector.Contracts.csproj]
/home/runner/work/Market-Data-Collector/Market-Data-Collector/src/MarketDataCollector.Contracts/Archive/ArchiveHealthModels.cs(22,25): warning CS1591: Missing XML comment for publicly visible type or member 'ArchiveHealthStatusValues.Critical' [/home/runner/work/Market-Data-Collector/Market-Data-Collector/src/MarketDataCollector.Contracts/MarketDataCollector.Contracts.csproj]
/home/runner/work/Market-Data-Collector/Market-Data-Collector/src/MarketDataCollector.Contracts/Archive/ArchiveHealthModels.cs(23,25): warning CS1591: Missing XML comment for publicly visible type or member 'ArchiveHealthStatusValues.Unknown' [/home/runner/work/Market-Data-Collector/Market-Data-Collector/src/MarketDataCollector.Contracts/MarketDataCollector.Contracts.csproj]
/home/runner/work/Market-Data-Collector/Market-Data-Collector/src/MarketDataCollector.Contracts/Archive/ArchiveHealthModels.cs(31,25): warning CS1591: Missing XML comment for publicly visible type or member 'ArchiveIssueCategory.Integrity' [/home/runner/work/Market-Data-Collector/Market-Data-Collector/src/MarketDataCollector.Contracts/MarketDataCollector.Contracts.csproj]
/home/runner/work/Market-Data-Collector/Market-Data-Collector/src/MarketDataCollector.Contracts/Archive/ArchiveHealthModels.cs(32,25): warning CS1591: Missing XML comment for publicly visible type or member 'ArchiveIssueCategory.Completeness' [/home/runner/work/Market-Data-Collector/Market-Data-Collector/src/MarketDataCollector.Contracts/MarketDataCollector.Contracts.csproj]
/home/runner/work/Market-Data-Collector/Market-Data-Collector/src/MarketDataCollector.Contracts/Archive/ArchiveHealthModels.cs(33,25): warning CS1591: Missing XML comment for publicly visible type or member 'ArchiveIssueCategory.Storage' [/home/runner/work/Market-Data-Collector/Market-Data-Collector/src/MarketDataCollector.Contracts/MarketDataCollector.Contracts.csproj]
/home/runner/work/Market-Data-Collector/Market-Data-Collector/src/MarketDataCollector.Contracts/Archive/ArchiveHealthModels.cs(34,25): warning CS1591: Missing XML comment for publicly visible type or member 'ArchiveIssueCategory.Performance' [/home/runner/work/Market-Data-Collector/Market-Data-Collector/src/MarketDataCollector.Contracts/MarketDataCollector.Contracts.csproj]
/home/runner/work/Market-Data-Collector/Market-Data-Collector/src/MarketDataCollector.Contracts/Archive/ArchiveHealthModels.cs(42,25): warning CS1591: Missing XML comment for publicly visible type or member 'VerificationJobType.Full' [/home/runner/work/Market-Data-Collector/Market-Data-Collector/src/MarketDataCollector.Contracts/MarketDataCollector.Contracts.csproj]
/home/runner/work/Market-Data-Collector/Market-Data-Collector/src/MarketDataCollector.Contracts/Archive/ArchiveHealthModels.cs(43,25): warning CS1591: Missing XML comment for publicly visible type or member 'VerificationJobType.Incremental' [/home/runner/work/Market-Data-Collector/Market-Data-Collector/src/MarketDataCollector.Contracts/MarketDataCollector.Contracts.csproj]
/home/runner/work/Market-Data-Collector/Market-Data-Collector/src/MarketDataCollector.Contracts/Archive/ArchiveHealthModels.cs(44,25): warning CS1591: Missing XML comment for publicly visible type or member 'VerificationJobType.Selective' [/home/runner/work/Market-Data-Collector/Market-Data-Collector/src/MarketDataCollector.Contracts/MarketDataCollector.Contracts.csproj]
/home/runner/work/Market-Data-Collector/Market-Data-Collector/src/MarketDataCollector.Contracts/Archive/ArchiveHealthModels.cs(52,25): warning CS1591: Missing XML comment for publicly visible type or member 'VerificationJobStatus.Pending' [/home/runner/work/Market-Data-Collector/Market-Data-Collector/src/MarketDataCollector.Contracts/MarketDataCollector.Contracts.csproj]
/home/runner/work/Market-Data-Collector/Market-Data-Collector/src/MarketDataCollector.Contracts/Archive/ArchiveHealthModels.cs(53,25): warning CS1591: Missing XML comment for publicly visible type or member 'VerificationJobStatus.Running' [/home/runner/work/Market-Data-Collector/Market-Data-Collector/src/MarketDataCollector.Contracts/MarketDataCollector.Contracts.csproj]
/home/runner/work/Market-Data-Collector/Market-Data-Collector/src/MarketDataCollector.Contracts/Archive/ArchiveHealthModels.cs(54,25): warning CS1591: Missing XML comment for publicly visible type or member 'VerificationJobStatus.Completed' [/home/runner/work/Market-Data-Collector/Market-Data-Collector/src/MarketDataCollector.Contracts/MarketDataCollector.Contracts.csproj]
/home/runner/work/Market-Data-Collector/Market-Data-Collector/src/MarketDataCollector.Contracts/Archive/ArchiveHealthModels.cs(55,25): warning CS1591: Missing XML comment for publicly visible type or member 'VerificationJobStatus.Failed' [/home/runner/work/Market-Data-Collector/Market-Data-Collector/src/MarketDataCollector.Contracts/MarketDataCollector.Contracts.csproj]
/home/runner/work/Market-Data-Collector/Market-Data-Collector/src/MarketDataCollector.Contracts/Archive/ArchiveHealthModels.cs(56,25): warning CS1591: Missing XML comment for publicly visible type or member 'VerificationJobStatus.Cancelled' [/home/runner/work/Market-Data-Collector/Market-Data-Collector/src/MarketDataCollector.Contracts/MarketDataCollector.Contracts.csproj]
/home/runner/work/Market-Data-Collector/Market-Data-Collector/src/MarketDataCollector.Contracts/Archive/ArchiveHealthModels.cs(65,19): warning CS1591: Missing XML comment for publicly visible type or member 'ArchiveHealthStatus.OverallHealthScore' [/home/runner/work/Market-Data-Collector/Market-Data-Collector/src/MarketDataCollector.Contracts/MarketDataCollector.Contracts.csproj]
/home/runner/work/Market-Data-Collector/Market-Data-Collector/src/MarketDataCollector.Contracts/Archive/ArchiveHealthModels.cs(68,19): warning CS1591: Missing XML comment for publicly visible type or member 'ArchiveHealthStatus.Status' [/home/runner/work/Market-Data-Collector/Market-Data-Collector/src/MarketDataCollector.Contracts/MarketDataCollector.Contracts.csproj]
/home/runner/work/Market-Data-Collector/Market-Data-Collector/src/MarketDataCollector.Contracts/Archive/ArchiveHealthModels.cs(71,22): warning CS1591: Missing XML comment for publicly visible type or member 'ArchiveHealthStatus.LastFullVerificationAt' [/home/runner/work/Market-Data-Collector/Market-Data-Collector/src/MarketDataCollector.Contracts/MarketDataCollector.Contracts.csproj]
/home/runner/work/Market-Data-Collector/Market-Data-Collector/src/MarketDataCollector.Contracts/Archive/ArchiveHealthModels.cs(74,17): warning CS1591: Missing XML comment for publicly visible type or member 'ArchiveHealthStatus.LastVerificationDurationMinutes' [/home/runner/work/Market-Data-Collector/Market-Data-Collector/src/MarketDataCollector.Contracts/MarketDataCollector.Contracts.csproj]
/home/runner/work/Market-Data-Collector/Market-Data-Collector/src/MarketDataCollector.Contracts/Archive/ArchiveHealthModels.cs(77,16): warning CS1591: Missing XML comment for publicly visible type or member 'ArchiveHealthStatus.TotalFiles' [/home/runner/work/Market-Data-Collector/Market-Data-Collector/src/MarketDataCollector.Contracts/MarketDataCollector.Contracts.csproj]
/home/runner/work/Market-Data-Collector/Market-Data-Collector/src/MarketDataCollector.Contracts/Archive/ArchiveHealthModels.cs(80,16): warning CS1591: Missing XML comment for publicly visible type or member 'ArchiveHealthStatus.VerifiedFiles' [/home/runner/work/Market-Data-Collector/Market-Data-Collector/src/MarketDataCollector.Contracts/MarketDataCollector.Contracts.csproj]
/home/runner/work/Market-Data-Collector/Market-Data-Collector/src/MarketDataCollector.Contracts/Archive/ArchiveHealthModels.cs(83,16): warning CS1591: Missing XML comment for publicly visible type or member 'ArchiveHealthStatus.PendingFiles' [/home/runner/work/Market-Data-Collector/Market-Data-Collector/src/MarketDataCollector.Contracts/MarketDataCollector.Contracts.csproj]
/home/runner/work/Market-Data-Collector/Market-Data-Collector/src/MarketDataCollector.Contracts/Archive/ArchiveHealthModels.cs(86,16): warning CS1591: Missing XML comment for publicly visible type or member 'ArchiveHealthStatus.FailedFiles' [/home/runner/work/Market-Data-Collector/Market-Data-Collector/src/MarketDataCollector.Contracts/MarketDataCollector.Contracts.csproj]
/home/runner/work/Market-Data-Collector/Market-Data-Collector/src/MarketDataCollector.Contracts/Archive/ArchiveHealthModels.cs(89,17): warning CS1591: Missing XML comment for publicly visible type or member 'ArchiveHealthStatus.TotalSizeBytes' [/home/runner/work/Market-Data-Collector/Market-Data-Collector/src/MarketDataCollector.Contracts/MarketDataCollector.Contracts.csproj]
/home/runner/work/Market-Data-Collector/Market-Data-Collector/src/MarketDataCollector.Contracts/Archive/ArchiveHealthModels.cs(92,17): warning CS1591: Missing XML comment for publicly visible type or member 'ArchiveHealthStatus.VerifiedSizeBytes' [/home/runner/work/Market-Data-Collector/Market-Data-Collector/src/MarketDataCollector.Contracts/MarketDataCollector.Contracts.csproj]
/home/runner/work/Market-Data-Collector/Market-Data-Collector/src/MarketDataCollector.Contracts/Archive/ArchiveHealthModels.cs(95,28): warning CS1591: Missing XML comment for publicly visible type or member 'ArchiveHealthStatus.Issues' [/home/runner/work/Market-Data-Collector/Market-Data-Collector/src/MarketDataCollector.Contracts/MarketDataCollector.Contracts.csproj]
/home/runner/work/Market-Data-Collector/Market-Data-Collector/src/MarketDataCollector.Contracts/Archive/ArchiveHealthModels.cs(98,22): warning CS1591: Missing XML comment for publicly visible type or member 'ArchiveHealthStatus.Recommendations' [/home/runner/work/Market-Data-Collector/Market-Data-Collector/src/MarketDataCollector.Contracts/MarketDataCollector.Contracts.csproj]
/home/runner/work/Market-Data-Collector/Market-Data-Collector/src/MarketDataCollector.Contracts/Archive/ArchiveHealthModels.cs(101,21): warning CS1591: Missing XML comment for publicly visible type or member 'ArchiveHealthStatus.LastUpdated' [/home/runner/work/Market-Data-Collector/Market-Data-Collector/src/MarketDataCollector.Contracts/MarketDataCollector.Contracts.csproj]
/home/runner/work/Market-Data-Collector/Market-Data-Collector/src/MarketDataCollector.Contracts/Archive/ArchiveHealthModels.cs(104,31): warning CS1591: Missing XML comment for publicly visible type or member 'ArchiveHealthStatus.StorageHealthInfo' [/home/runner/work/Market-Data-Collector/Market-Data-Collector/src/MarketDataCollector.Contracts/MarketDataCollector.Contracts.csproj]
/home/runner/work/Market-Data-Collector/Market-Data-Collector/src/MarketDataCollector.Contracts/Archive/ArchiveHealthModels.cs(113,19): warning CS1591: Missing XML comment for publicly visible type or member 'ArchiveIssue.Id' [/home/runner/work/Market-Data-Collector/Market-Data-Collector/src/MarketDataCollector.Contracts/MarketDataCollector.Contracts.csproj]
/home/runner/work/Market-Data-Collector/Market-Data-Collector/src/MarketDataCollector.Contracts/Archive/ArchiveHealthModels.cs(116,19): warning CS1591: Missing XML comment for publicly visible type or member 'ArchiveIssue.Severity' [/home/runner/work/Market-Data-Collector/Market-Data-Collector/src/MarketDataCollector.Contracts/MarketDataCollector.Contracts.csproj]
/home/runner/work/Market-Data-Collector/Market-Data-Collector/src/MarketDataCollector.Contracts/Archive/ArchiveHealthModels.cs(119,19): warning CS1591: Missing XML comment for publicly visible type or member 'ArchiveIssue.Category' [/home/runner/work/Market-Data-Collector/Market-Data-Collector/src/MarketDataCollector.Contracts/MarketDataCollector.Contracts.csproj]
/home/runner/work/Market-Data-Collector/Market-Data-Collector/src/MarketDataCollector.Contracts/Archive/ArchiveHealthModels.cs(122,19): warning CS1591: Missing XML comment for publicly visible type or member 'ArchiveIssue.Message' [/home/runner/work/Market-Data-Collector/Market-Data-Collector/src/MarketDataCollector.Contracts/MarketDataCollector.Contracts.csproj]
/home/runner/work/Market-Data-Collector/Market-Data-Collector/src/MarketDataCollector.Contracts/Archive/ArchiveHealthModels.cs(125,22): warning CS1591: Missing XML comment for publicly visible type or member 'ArchiveIssue.AffectedFiles' [/home/runner/work/Market-Data-Collector/Market-Data-Collector/src/MarketDataCollector.Contracts/MarketDataCollector.Contracts.csproj]
/home/runner/work/Market-Data-Collector/Market-Data-Collector/src/MarketDataCollector.Contracts/Archive/ArchiveHealthModels.cs(128,22): warning CS1591: Missing XML comment for publicly visible type or member 'ArchiveIssue.AffectedSymbols' [/home/runner/work/Market-Data-Collector/Market-Data-Collector/src/MarketDataCollector.Contracts/MarketDataCollector.Contracts.csproj]
/home/runner/work/Market-Data-Collector/Market-Data-Collector/src/MarketDataCollector.Contracts/Archive/ArchiveHealthModels.cs(131,20): warning CS1591: Missing XML comment for publicly visible type or member 'ArchiveIssue.SuggestedAction' [/home/runner/work/Market-Data-Collector/Market-Data-Collector/src/MarketDataCollector.Contracts/MarketDataCollector.Contracts.csproj]
/home/runner/work/Market-Data-Collector/Market-Data-Collector/src/MarketDataCollector.Contracts/Archive/ArchiveHealthModels.cs(134,21): warning CS1591: Missing XML comment for publicly visible type or member 'ArchiveIssue.DetectedAt' [/home/runner/work/Market-Data-Collector/Market-Data-Collector/src/MarketDataCollector.Contracts/MarketDataCollector.Contracts.csproj]
/home/runner/work/Market-Data-Collector/Market-Data-Collector/src/MarketDataCollector.Contracts/Archive/ArchiveHealthModels.cs(137,22): warning CS1591: Missing XML comment for publicly visible type or member 'ArchiveIssue.ResolvedAt' [/home/runner/work/Market-Data-Collector/Market-Data-Collector/src/MarketDataCollector.Contracts/MarketDataCollector.Contracts.csproj]
/home/runner/work/Market-Data-Collector/Market-Data-Collector/src/MarketDataCollector.Contracts/Archive/ArchiveHealthModels.cs(140,17): warning CS1591: Missing XML comment for publicly visible type or member 'ArchiveIssue.IsAutoFixable' [/home/runner/work/Market-Data-Collector/Market-Data-Collector/src/MarketDataCollector.Contracts/MarketDataCollector.Contracts.csproj]
/home/runner/work/Market-Data-Collector/Market-Data-Collector/src/MarketDataCollector.Contracts/Archive/ArchiveHealthModels.cs(149,19): warning CS1591: Missing XML comment for publicly visible type or member 'StorageHealthInfo.DriveType' [/home/runner/work/Market-Data-Collector/Market-Data-Collector/src/MarketDataCollector.Contracts/MarketDataCollector.Contracts.csproj]
/home/runner/work/Market-Data-Collector/Market-Data-Collector/src/MarketDataCollector.Contracts/Archive/ArchiveHealthModels.cs(152,19): warning CS1591: Missing XML comment for publicly visible type or member 'StorageHealthInfo.HealthStatus' [/home/runner/work/Market-Data-Collector/Market-Data-Collector/src/MarketDataCollector.Contracts/MarketDataCollector.Contracts.csproj]
/home/runner/work/Market-Data-Collector/Market-Data-Collector/src/MarketDataCollector.Contracts/Archive/ArchiveHealthModels.cs(155,17): warning CS1591: Missing XML comment for publicly visible type or member 'StorageHealthInfo.TotalCapacity' [/home/runner/work/Market-Data-Collector/Market-Data-Collector/src/MarketDataCollector.Contracts/MarketDataCollector.Contracts.csproj]
/home/runner/work/Market-Data-Collector/Market-Data-Collector/src/MarketDataCollector.Contracts/Archive/ArchiveHealthModels.cs(158,17): warning CS1591: Missing XML comment for publicly visible type or member 'StorageHealthInfo.FreeSpace' [/home/runner/work/Market-Data-Collector/Market-Data-Collector/src/MarketDataCollector.Contracts/MarketDataCollector.Contracts.csproj]
/home/runner/work/Market-Data-Collector/Market-Data-Collector/src/MarketDataCollector.Contracts/Archive/ArchiveHealthModels.cs(161,19): warning CS1591: Missing XML comment for publicly visible type or member 'StorageHealthInfo.UsedPercent' [/home/runner/work/Market-Data-Collector/Market-Data-Collector/src/MarketDataCollector.Contracts/MarketDataCollector.Contracts.csproj]
/home/runner/work/Market-Data-Collector/Market-Data-Collector/src/MarketDataCollector.Contracts/Archive/ArchiveHealthModels.cs(164,20): warning CS1591: Missing XML comment for publicly visible type or member 'StorageHealthInfo.AverageWriteLatencyMs' [/home/runner/work/Market-Data-Collector/Market-Data-Collector/src/MarketDataCollector.Contracts/MarketDataCollector.Contracts.csproj]
/home/runner/work/Market-Data-Collector/Market-Data-Collector/src/MarketDataCollector.Contracts/Archive/ArchiveHealthModels.cs(167,20): warning CS1591: Missing XML comment for publicly visible type or member 'StorageHealthInfo.ReadSpeedMbps' [/home/runner/work/Market-Data-Collector/Market-Data-Collector/src/MarketDataCollector.Contracts/MarketDataCollector.Contracts.csproj]
/home/runner/work/Market-Data-Collector/Market-Data-Collector/src/MarketDataCollector.Contracts/Archive/ArchiveHealthModels.cs(170,20): warning CS1591: Missing XML comment for publicly visible type or member 'StorageHealthInfo.WriteSpeedMbps' [/home/runner/work/Market-Data-Collector/Market-Data-Collector/src/MarketDataCollector.Contracts/MarketDataCollector.Contracts.csproj]
/home/runner/work/Market-Data-Collector/Market-Data-Collector/src/MarketDataCollector.Contracts/Archive/ArchiveHealthModels.cs(173,17): warning CS1591: Missing XML comment for publicly visible type or member 'StorageHealthInfo.DaysUntilFull' [/home/runner/work/Market-Data-Collector/Market-Data-Collector/src/MarketDataCollector.Contracts/MarketDataCollector.Contracts.csproj]
/home/runner/work/Market-Data-Collector/Market-Data-Collector/src/MarketDataCollector.Contracts/Archive/ArchiveHealthModels.cs(182,19): warning CS1591: Missing XML comment for publicly visible type or member 'VerificationJob.Id' [/home/runner/work/Market-Data-Collector/Market-Data-Collector/src/MarketDataCollector.Contracts/MarketDataCollector.Contracts.csproj]
/home/runner/work/Market-Data-Collector/Market-Data-Collector/src/MarketDataCollector.Contracts/Archive/ArchiveHealthModels.cs(185,19): warning CS1591: Missing XML comment for publicly visible type or member 'VerificationJob.Type' [/home/runner/work/Market-Data-Collector/Market-Data-Collector/src/MarketDataCollector.Contracts/MarketDataCollector.Contracts.csproj]
/home/runner/work/Market-Data-Collector/Market-Data-Collector/src/MarketDataCollector.Contracts/Archive/ArchiveHealthModels.cs(188,19): warning CS1591: Missing XML comment for publicly visible type or member 'VerificationJob.Status' [/home/runner/work/Market-Data-Collector/Market-Data-Collector/src/MarketDataCollector.Contracts/MarketDataCollector.Contracts.csproj]
/home/runner/work/Market-Data-Collector/Market-Data-Collector/src/MarketDataCollector.Contracts/Archive/ArchiveHealthModels.cs(191,22): warning CS1591: Missing XML comment for publicly visible type or member 'VerificationJob.StartedAt' [/home/runner/work/Market-Data-Collector/Market-Data-Collector/src/MarketDataCollector.Contracts/MarketDataCollector.Contracts.csproj]
/home/runner/work/Market-Data-Collector/Market-Data-Collector/src/MarketDataCollector.Contracts/Archive/ArchiveHealthModels.cs(194,22): warning CS1591: Missing XML comment for publicly visible type or member 'VerificationJob.CompletedAt' [/home/runner/work/Market-Data-Collector/Market-Data-Collector/src/MarketDataCollector.Contracts/MarketDataCollector.Contracts.csproj]
/home/runner/work/Market-Data-Collector/Market-Data-Collector/src/MarketDataCollector.Contracts/Archive/ArchiveHealthModels.cs(197,16): warning CS1591: Missing XML comment for publicly visible type or member 'VerificationJob.TotalFiles' [/home/runner/work/Market-Data-Collector/Market-Data-Collector/src/MarketDataCollector.Contracts/MarketDataCollector.Contracts.csproj]
/home/runner/work/Market-Data-Collector/Market-Data-Collector/src/MarketDataCollector.Contracts/Archive/ArchiveHealthModels.cs(200,16): warning CS1591: Missing XML comment for publicly visible type or member 'VerificationJob.ProcessedFiles' [/home/runner/work/Market-Data-Collector/Market-Data-Collector/src/MarketDataCollector.Contracts/MarketDataCollector.Contracts.csproj]
/home/runner/work/Market-Data-Collector/Market-Data-Collector/src/MarketDataCollector.Contracts/Archive/ArchiveHealthModels.cs(203,16): warning CS1591: Missing XML comment for publicly visible type or member 'VerificationJob.FailedFiles' [/home/runner/work/Market-Data-Collector/Market-Data-Collector/src/MarketDataCollector.Contracts/MarketDataCollector.Contracts.csproj]
/home/runner/work/Market-Data-Collector/Market-Data-Collector/src/MarketDataCollector.Contracts/Archive/ArchiveHealthModels.cs(206,19): warning CS1591: Missing XML comment for publicly visible type or member 'VerificationJob.ProgressPercent' [/home/runner/work/Market-Data-Collector/Market-Data-Collector/src/MarketDataCollector.Contracts/MarketDataCollector.Contracts.csproj]
/home/runner/work/Market-Data-Collector/Market-Data-Collector/src/MarketDataCollector.Contracts/Archive/ArchiveHealthModels.cs(209,17): warning CS1591: Missing XML comment for publicly visible type or member 'VerificationJob.EstimatedTimeRemainingSeconds' [/home/runner/work/Market-Data-Collector/Market-Data-Collector/src/MarketDataCollector.Contracts/MarketDataCollector.Contracts.csproj]
/home/runner/work/Market-Data-Collector/Market-Data-Collector/src/MarketDataCollector.Contracts/Archive/ArchiveHealthModels.cs(212,19): warning CS1591: Missing XML comment for publicly visible type or member 'VerificationJob.FilesPerSecond' [/home/runner/work/Market-Data-Collector/Market-Data-Collector/src/MarketDataCollector.Contracts/MarketDataCollector.Contracts.csproj]
/home/runner/work/Market-Data-Collector/Market-Data-Collector/src/MarketDataCollector.Contracts/Archive/ArchiveHealthModels.cs(215,22): warning CS1591: Missing XML comment for publicly visible type or member 'VerificationJob.Errors' [/home/runner/work/Market-Data-Collector/Market-Data-Collector/src/MarketDataCollector.Contracts/MarketDataCollector.Contracts.csproj]
/home/runner/work/Market-Data-Collector/Market-Data-Collector/src/MarketDataCollector.Contracts/Archive/ArchiveHealthModels.cs(224,17): warning CS1591: Missing XML comment for publicly visible type or member 'VerificationScheduleConfig.Enabled' [/home/runner/work/Market-Data-Collector/Market-Data-Collector/src/MarketDataCollector.Contracts/MarketDataCollector.Contracts.csproj]
/home/runner/work/Market-Data-Collector/Market-Data-Collector/src/MarketDataCollector.Contracts/Archive/ArchiveHealthModels.cs(227,19): warning CS1591: Missing XML comment for publicly visible type or member 'VerificationScheduleConfig.DailyVerificationTime' [/home/runner/work/Market-Data-Collector/Market-Data-Collector/src/MarketDataCollector.Contracts/MarketDataCollector.Contracts.csproj]
/home/runner/work/Market-Data-Collector/Market-Data-Collector/src/MarketDataCollector.Contracts/Archive/ArchiveHealthModels.cs(230,19): warning CS1591: Missing XML comment for publicly visible type or member 'VerificationScheduleConfig.DailyVerificationScope' [/home/runner/work/Market-Data-Collector/Market-Data-Collector/src/MarketDataCollector.Contracts/MarketDataCollector.Contracts.csproj]
/home/runner/work/Market-Data-Collector/Market-Data-Collector/src/MarketDataCollector.Contracts/Archive/ArchiveHealthModels.cs(233,16): warning CS1591: Missing XML comment for publicly visible type or member 'VerificationScheduleConfig.WeeklyFullVerificationDay' [/home/runner/work/Market-Data-Collector/Market-Data-Collector/src/MarketDataCollector.Contracts/MarketDataCollector.Contracts.csproj]
/home/runner/work/Market-Data-Collector/Market-Data-Collector/src/MarketDataCollector.Contracts/Archive/ArchiveHealthModels.cs(236,16): warning CS1591: Missing XML comment for publicly visible type or member 'VerificationScheduleConfig.MonthlyFullVerificationDay' [/home/runner/work/Market-Data-Collector/Market-Data-Collector/src/MarketDataCollector.Contracts/MarketDataCollector.Contracts.csproj]
/home/runner/work/Market-Data-Collector/Market-Data-Collector/src/MarketDataCollector.Contracts/Archive/ArchiveHealthModels.cs(239,17): warning CS1591: Missing XML comment for publicly visible type or member 'VerificationScheduleConfig.PauseDuringMarketHours' [/home/runner/work/Market-Data-Collector/Market-Data-Collector/src/MarketDataCollector.Contracts/MarketDataCollector.Contracts.csproj]
/home/runner/work/Market-Data-Collector/Market-Data-Collector/src/MarketDataCollector.Contracts/Archive/ArchiveHealthModels.cs(242,16): warning CS1591: Missing XML comment for publicly visible type or member 'VerificationScheduleConfig.MaxConcurrentVerifications' [/home/runner/work/Market-Data-Collector/Market-Data-Collector/src/MarketDataCollector.Contracts/MarketDataCollector.Contracts.csproj]
/home/runner/work/Market-Data-Collector/Market-Data-Collector/src/MarketDataCollector.Contracts/Configuration/AppConfigDto.cs(11,19): warning CS1591: Missing XML comment for publicly visible type or member 'AppConfigDto.DataRoot' [/home/runner/work/Market-Data-Collector/Market-Data-Collector/src/MarketDataCollector.Contracts/MarketDataCollector.Contracts.csproj]
/home/runner/work/Market-Data-Collector/Market-Data-Collector/src/MarketDataCollector.Contracts/Configuration/AppConfigDto.cs(14,17): warning CS1591: Missing XML comment for publicly visible type or member 'AppConfigDto.Compress' [/home/runner/work/Market-Data-Collector/Market-Data-Collector/src/MarketDataCollector.Contracts/MarketDataCollector.Contracts.csproj]
/home/runner/work/Market-Data-Collector/Market-Data-Collector/src/MarketDataCollector.Contracts/Configuration/AppConfigDto.cs(17,19): warning CS1591: Missing XML comment for publicly visible type or member 'AppConfigDto.DataSource' [/home/runner/work/Market-Data-Collector/Market-Data-Collector/src/MarketDataCollector.Contracts/MarketDataCollector.Contracts.csproj]
/home/runner/work/Market-Data-Collector/Market-Data-Collector/src/MarketDataCollector.Contracts/Configuration/AppConfigDto.cs(20,30): warning CS1591: Missing XML comment for publicly visible type or member 'AppConfigDto.Alpaca' [/home/runner/work/Market-Data-Collector/Market-Data-Collector/src/MarketDataCollector.Contracts/MarketDataCollector.Contracts.csproj]
/home/runner/work/Market-Data-Collector/Market-Data-Collector/src/MarketDataCollector.Contracts/Configuration/AppConfigDto.cs(23,34): warning CS1591: Missing XML comment for publicly visible type or member 'AppConfigDto.StockSharp' [/home/runner/work/Market-Data-Collector/Market-Data-Collector/src/MarketDataCollector.Contracts/MarketDataCollector.Contracts.csproj]
/home/runner/work/Market-Data-Collector/Market-Data-Collector/src/MarketDataCollector.Contracts/Configuration/AppConfigDto.cs(26,30): warning CS1591: Missing XML comment for publicly visible type or member 'AppConfigDto.Storage' [/home/runner/work/Market-Data-Collector/Market-Data-Collector/src/MarketDataCollector.Contracts/MarketDataCollector.Contracts.csproj]
/home/runner/work/Market-Data-Collector/Market-Data-Collector/src/MarketDataCollector.Contracts/Configuration/AppConfigDto.cs(29,31): warning CS1591: Missing XML comment for publicly visible type or member 'AppConfigDto.Symbols' [/home/runner/work/Market-Data-Collector/Market-Data-Collector/src/MarketDataCollector.Contracts/MarketDataCollector.Contracts.csproj]
/home/runner/work/Market-Data-Collector/Market-Data-Collector/src/MarketDataCollector.Contracts/Configuration/AppConfigDto.cs(32,31): warning CS1591: Missing XML comment for publicly visible type or member 'AppConfigDto.Backfill' [/home/runner/work/Market-Data-Collector/Market-Data-Collector/src/MarketDataCollector.Contracts/MarketDataCollector.Contracts.csproj]
/home/runner/work/Market-Data-Collector/Market-Data-Collector/src/MarketDataCollector.Contracts/Configuration/AppConfigDto.cs(35,34): warning CS1591: Missing XML comment for publicly visible type or member 'AppConfigDto.DataSources' [/home/runner/work/Market-Data-Collector/Market-Data-Collector/src/MarketDataCollector.Contracts/MarketDataCollector.Contracts.csproj]
/home/runner/work/Market-Data-Collector/Market-Data-Collector/src/MarketDataCollector.Contracts/Configuration/AppConfigDto.cs(38,35): warning CS1591: Missing XML comment for publicly visible type or member 'AppConfigDto.SymbolGroups' [/home/runner/work/Market-Data-Collector/Market-Data-Collector/src/MarketDataCollector.Contracts/MarketDataCollector.Contracts.csproj]
/home/runner/work/Market-Data-Collector/Market-Data-Collector/src/MarketDataCollector.Contracts/Configuration/AppConfigDto.cs(41,28): warning CS1591: Missing XML comment for publicly visible type or member 'AppConfigDto.Settings' [/home/runner/work/Market-Data-Collector/Market-Data-Collector/src/MarketDataCollector.Contracts/MarketDataCollector.Contracts.csproj]
/home/runner/work/Market-Data-Collector/Market-Data-Collector/src/MarketDataCollector.Contracts/Configuration/AppConfigDto.cs(50,20): warning CS1591: Missing XML comment for publicly visible type or member 'AlpacaOptionsDto.KeyId' [/home/runner/work/Market-Data-Collector/Market-Data-Collector/src/MarketDataCollector.Contracts/MarketDataCollector.Contracts.csproj]
/home/runner/work/Market-Data-Collector/Market-Data-Collector/src/MarketDataCollector.Contracts/Configuration/AppConfigDto.cs(53,20): warning CS1591: Missing XML comment for publicly visible type or member 'AlpacaOptionsDto.SecretKey' [/home/runner/work/Market-Data-Collector/Market-Data-Collector/src/MarketDataCollector.Contracts/MarketDataCollector.Contracts.csproj]
/home/runner/work/Market-Data-Collector/Market-Data-Collector/src/MarketDataCollector.Contracts/Configuration/AppConfigDto.cs(56,19): warning CS1591: Missing XML comment for publicly visible type or member 'AlpacaOptionsDto.Feed' [/home/runner/work/Market-Data-Collector/Market-Data-Collector/src/MarketDataCollector.Contracts/MarketDataCollector.Contracts.csproj]
/home/runner/work/Market-Data-Collector/Market-Data-Collector/src/MarketDataCollector.Contracts/Configuration/AppConfigDto.cs(59,17): warning CS1591: Missing XML comment for publicly visible type or member 'AlpacaOptionsDto.UseSandbox' [/home/runner/work/Market-Data-Collector/Market-Data-Collector/src/MarketDataCollector.Contracts/MarketDataCollector.Contracts.csproj]
/home/runner/work/Market-Data-Collector/Market-Data-Collector/src/MarketDataCollector.Contracts/Configuration/AppConfigDto.cs(62,17): warning CS1591: Missing XML comment for publicly visible type or member 'AlpacaOptionsDto.SubscribeQuotes' [/home/runner/work/Market-Data-Collector/Market-Data-Collector/src/MarketDataCollector.Contracts/MarketDataCollector.Contracts.csproj]
/home/runner/work/Market-Data-Collector/Market-Data-Collector/src/MarketDataCollector.Contracts/Configuration/AppConfigDto.cs(71,17): warning CS1591: Missing XML comment for publicly visible type or member 'StockSharpOptionsDto.Enabled' [/home/runner/work/Market-Data-Collector/Market-Data-Collector/src/MarketDataCollector.Contracts/MarketDataCollector.Contracts.csproj]
/home/runner/work/Market-Data-Collector/Market-Data-Collector/src/MarketDataCollector.Contracts/Configuration/AppConfigDto.cs(74,19): warning CS1591: Missing XML comment for publicly visible type or member 'StockSharpOptionsDto.ConnectorType' [/home/runner/work/Market-Data-Collector/Market-Data-Collector/src/MarketDataCollector.Contracts/MarketDataCollector.Contracts.csproj]
/home/runner/work/Market-Data-Collector/Market-Data-Collector/src/MarketDataCollector.Contracts/Configuration/AppConfigDto.cs(77,20): warning CS1591: Missing XML comment for publicly visible type or member 'StockSharpOptionsDto.AdapterType' [/home/runner/work/Market-Data-Collector/Market-Data-Collector/src/MarketDataCollector.Contracts/MarketDataCollector.Contracts.csproj]
/home/runner/work/Market-Data-Collector/Market-Data-Collector/src/MarketDataCollector.Contracts/Configuration/AppConfigDto.cs(80,20): warning CS1591: Missing XML comment for publicly visible type or member 'StockSharpOptionsDto.AdapterAssembly' [/home/runner/work/Market-Data-Collector/Market-Data-Collector/src/MarketDataCollector.Contracts/MarketDataCollector.Contracts.csproj]
/home/runner/work/Market-Data-Collector/Market-Data-Collector/src/MarketDataCollector.Contracts/Configuration/AppConfigDto.cs(83,40): warning CS1591: Missing XML comment for publicly visible type or member 'StockSharpOptionsDto.ConnectionParams' [/home/runner/work/Market-Data-Collector/Market-Data-Collector/src/MarketDataCollector.Contracts/MarketDataCollector.Contracts.csproj]
/home/runner/work/Market-Data-Collector/Market-Data-Collector/src/MarketDataCollector.Contracts/Configuration/AppConfigDto.cs(86,17): warning CS1591: Missing XML comment for publicly visible type or member 'StockSharpOptionsDto.UseBinaryStorage' [/home/runner/work/Market-Data-Collector/Market-Data-Collector/src/MarketDataCollector.Contracts/MarketDataCollector.Contracts.csproj]
/home/runner/work/Market-Data-Collector/Market-Data-Collector/src/MarketDataCollector.Contracts/Configuration/AppConfigDto.cs(89,19): warning CS1591: Missing XML comment for publicly visible type or member 'StockSharpOptionsDto.StoragePath' [/home/runner/work/Market-Data-Collector/Market-Data-Collector/src/MarketDataCollector.Contracts/MarketDataCollector.Contracts.csproj]
/home/runner/work/Market-Data-Collector/Market-Data-Collector/src/MarketDataCollector.Contracts/Configuration/AppConfigDto.cs(92,17): warning CS1591: Missing XML comment for publicly visible type or member 'StockSharpOptionsDto.EnableRealTime' [/home/runner/work/Market-Data-Collector/Market-Data-Collector/src/MarketDataCollector.Contracts/MarketDataCollector.Contracts.csproj]
/home/runner/work/Market-Data-Collector/Market-Data-Collector/src/MarketDataCollector.Contracts/Configuration/AppConfigDto.cs(95,17): warning CS1591: Missing XML comment for publicly visible type or member 'StockSharpOptionsDto.EnableHistorical' [/home/runner/work/Market-Data-Collector/Market-Data-Collector/src/MarketDataCollector.Contracts/MarketDataCollector.Contracts.csproj]
/home/runner/work/Market-Data-Collector/Market-Data-Collector/src/MarketDataCollector.Contracts/Configuration/AppConfigDto.cs(98,31): warning CS1591: Missing XML comment for publicly visible type or member 'StockSharpOptionsDto.Rithmic' [/home/runner/work/Market-Data-Collector/Market-Data-Collector/src/MarketDataCollector.Contracts/MarketDataCollector.Contracts.csproj]
/home/runner/work/Market-Data-Collector/Market-Data-Collector/src/MarketDataCollector.Contracts/Configuration/AppConfigDto.cs(101,30): warning CS1591: Missing XML comment for publicly visible type or member 'StockSharpOptionsDto.IQFeed' [/home/runner/work/Market-Data-Collector/Market-Data-Collector/src/MarketDataCollector.Contracts/MarketDataCollector.Contracts.csproj]
/home/runner/work/Market-Data-Collector/Market-Data-Collector/src/MarketDataCollector.Contracts/Configuration/AppConfigDto.cs(104,27): warning CS1591: Missing XML comment for publicly visible type or member 'StockSharpOptionsDto.CQG' [/home/runner/work/Market-Data-Collector/Market-Data-Collector/src/MarketDataCollector.Contracts/MarketDataCollector.Contracts.csproj]
/home/runner/work/Market-Data-Collector/Market-Data-Collector/src/MarketDataCollector.Contracts/Configuration/AppConfigDto.cs(107,36): warning CS1591: Missing XML comment for publicly visible type or member 'StockSharpOptionsDto.InteractiveBrokers' [/home/runner/work/Market-Data-Collector/Market-Data-Collector/src/MarketDataCollector.Contracts/MarketDataCollector.Contracts.csproj]
/home/runner/work/Market-Data-Collector/Market-Data-Collector/src/MarketDataCollector.Contracts/Configuration/AppConfigDto.cs(110,14): warning CS1591: Missing XML comment for publicly visible type or member 'RithmicOptionsDto' [/home/runner/work/Market-Data-Collector/Market-Data-Collector/src/MarketDataCollector.Contracts/MarketDataCollector.Contracts.csproj]
/home/runner/work/Market-Data-Collector/Market-Data-Collector/src/MarketDataCollector.Contracts/Configuration/AppConfigDto.cs(113,19): warning CS1591: Missing XML comment for publicly visible type or member 'RithmicOptionsDto.Server' [/home/runner/work/Market-Data-Collector/Market-Data-Collector/src/MarketDataCollector.Contracts/MarketDataCollector.Contracts.csproj]
/home/runner/work/Market-Data-Collector/Market-Data-Collector/src/MarketDataCollector.Contracts/Configuration/AppConfigDto.cs(116,20): warning CS1591: Missing XML comment for publicly visible type or member 'RithmicOptionsDto.UserName' [/home/runner/work/Market-Data-Collector/Market-Data-Collector/src/MarketDataCollector.Contracts/MarketDataCollector.Contracts.csproj]
/home/runner/work/Market-Data-Collector/Market-Data-Collector/src/MarketDataCollector.Contracts/Configuration/AppConfigDto.cs(119,20): warning CS1591: Missing XML comment for publicly visible type or member 'RithmicOptionsDto.Password' [/home/runner/work/Market-Data-Collector/Market-Data-Collector/src/MarketDataCollector.Contracts/MarketDataCollector.Contracts.csproj]
/home/runner/work/Market-Data-Collector/Market-Data-Collector/src/MarketDataCollector.Contracts/Configuration/AppConfigDto.cs(122,20): warning CS1591: Missing XML comment for publicly visible type or member 'RithmicOptionsDto.CertFile' [/home/runner/work/Market-Data-Collector/Market-Data-Collector/src/MarketDataCollector.Contracts/MarketDataCollector.Contracts.csproj]
/home/runner/work/Market-Data-Collector/Market-Data-Collector/src/MarketDataCollector.Contracts/Configuration/AppConfigDto.cs(125,17): warning CS1591: Missing XML comment for publicly visible type or member 'RithmicOptionsDto.UsePaperTrading' [/home/runner/work/Market-Data-Collector/Market-Data-Collector/src/MarketDataCollector.Contracts/MarketDataCollector.Contracts.csproj]
/home/runner/work/Market-Data-Collector/Market-Data-Collector/src/MarketDataCollector.Contracts/Configuration/AppConfigDto.cs(128,14): warning CS1591: Missing XML comment for publicly visible type or member 'IQFeedOptionsDto' [/home/runner/work/Market-Data-Collector/Market-Data-Collector/src/MarketDataCollector.Contracts/MarketDataCollector.Contracts.csproj]
/home/runner/work/Market-Data-Collector/Market-Data-Collector/src/MarketDataCollector.Contracts/Configuration/AppConfigDto.cs(131,19): warning CS1591: Missing XML comment for publicly visible type or member 'IQFeedOptionsDto.Host' [/home/runner/work/Market-Data-Collector/Market-Data-Collector/src/MarketDataCollector.Contracts/MarketDataCollector.Contracts.csproj]
/home/runner/work/Market-Data-Collector/Market-Data-Collector/src/MarketDataCollector.Contracts/Configuration/AppConfigDto.cs(134,16): warning CS1591: Missing XML comment for publicly visible type or member 'IQFeedOptionsDto.Level1Port' [/home/runner/work/Market-Data-Collector/Market-Data-Collector/src/MarketDataCollector.Contracts/MarketDataCollector.Contracts.csproj]
/home/runner/work/Market-Data-Collector/Market-Data-Collector/src/MarketDataCollector.Contracts/Configuration/AppConfigDto.cs(137,16): warning CS1591: Missing XML comment for publicly visible type or member 'IQFeedOptionsDto.Level2Port' [/home/runner/work/Market-Data-Collector/Market-Data-Collector/src/MarketDataCollector.Contracts/MarketDataCollector.Contracts.csproj]
/home/runner/work/Market-Data-Collector/Market-Data-Collector/src/MarketDataCollector.Contracts/Configuration/AppConfigDto.cs(140,16): warning CS1591: Missing XML comment for publicly visible type or member 'IQFeedOptionsDto.LookupPort' [/home/runner/work/Market-Data-Collector/Market-Data-Collector/src/MarketDataCollector.Contracts/MarketDataCollector.Contracts.csproj]
/home/runner/work/Market-Data-Collector/Market-Data-Collector/src/MarketDataCollector.Contracts/Configuration/AppConfigDto.cs(143,20): warning CS1591: Missing XML comment for publicly visible type or member 'IQFeedOptionsDto.ProductId' [/home/runner/work/Market-Data-Collector/Market-Data-Collector/src/MarketDataCollector.Contracts/MarketDataCollector.Contracts.csproj]
/home/runner/work/Market-Data-Collector/Market-Data-Collector/src/MarketDataCollector.Contracts/Configuration/AppConfigDto.cs(146,19): warning CS1591: Missing XML comment for publicly visible type or member 'IQFeedOptionsDto.ProductVersion' [/home/runner/work/Market-Data-Collector/Market-Data-Collector/src/MarketDataCollector.Contracts/MarketDataCollector.Contracts.csproj]
/home/runner/work/Market-Data-Collector/Market-Data-Collector/src/MarketDataCollector.Contracts/Configuration/AppConfigDto.cs(149,14): warning CS1591: Missing XML comment for publicly visible type or member 'CQGOptionsDto' [/home/runner/work/Market-Data-Collector/Market-Data-Collector/src/MarketDataCollector.Contracts/MarketDataCollector.Contracts.csproj]
/home/runner/work/Market-Data-Collector/Market-Data-Collector/src/MarketDataCollector.Contracts/Configuration/AppConfigDto.cs(152,20): warning CS1591: Missing XML comment for publicly visible type or member 'CQGOptionsDto.UserName' [/home/runner/work/Market-Data-Collector/Market-Data-Collector/src/MarketDataCollector.Contracts/MarketDataCollector.Contracts.csproj]
/home/runner/work/Market-Data-Collector/Market-Data-Collector/src/MarketDataCollector.Contracts/Configuration/AppConfigDto.cs(155,20): warning CS1591: Missing XML comment for publicly visible type or member 'CQGOptionsDto.Password' [/home/runner/work/Market-Data-Collector/Market-Data-Collector/src/MarketDataCollector.Contracts/MarketDataCollector.Contracts.csproj]
/home/runner/work/Market-Data-Collector/Market-Data-Collector/src/MarketDataCollector.Contracts/Configuration/AppConfigDto.cs(158,17): warning CS1591: Missing XML comment for publicly visible type or member 'CQGOptionsDto.UseDemoServer' [/home/runner/work/Market-Data-Collector/Market-Data-Collector/src/MarketDataCollector.Contracts/MarketDataCollector.Contracts.csproj]
/home/runner/work/Market-Data-Collector/Market-Data-Collector/src/MarketDataCollector.Contracts/Configuration/AppConfigDto.cs(161,14): warning CS1591: Missing XML comment for publicly visible type or member 'StockSharpIBOptionsDto' [/home/runner/work/Market-Data-Collector/Market-Data-Collector/src/MarketDataCollector.Contracts/MarketDataCollector.Contracts.csproj]
/home/runner/work/Market-Data-Collector/Market-Data-Collector/src/MarketDataCollector.Contracts/Configuration/AppConfigDto.cs(164,19): warning CS1591: Missing XML comment for publicly visible type or member 'StockSharpIBOptionsDto.Host' [/home/runner/work/Market-Data-Collector/Market-Data-Collector/src/MarketDataCollector.Contracts/MarketDataCollector.Contracts.csproj]
/home/runner/work/Market-Data-Collector/Market-Data-Collector/src/MarketDataCollector.Contracts/Configuration/AppConfigDto.cs(167,16): warning CS1591: Missing XML comment for publicly visible type or member 'StockSharpIBOptionsDto.Port' [/home/runner/work/Market-Data-Collector/Market-Data-Collector/src/MarketDataCollector.Contracts/MarketDataCollector.Contracts.csproj]
/home/runner/work/Market-Data-Collector/Market-Data-Collector/src/MarketDataCollector.Contracts/Configuration/AppConfigDto.cs(170,16): warning CS1591: Missing XML comment for publicly visible type or member 'StockSharpIBOptionsDto.ClientId' [/home/runner/work/Market-Data-Collector/Market-Data-Collector/src/MarketDataCollector.Contracts/MarketDataCollector.Contracts.csproj]
/home/runner/work/Market-Data-Collector/Market-Data-Collector/src/MarketDataCollector.Contracts/Configuration/AppConfigDto.cs(179,19): warning CS1591: Missing XML comment for publicly visible type or member 'StorageConfigDto.NamingConvention' [/home/runner/work/Market-Data-Collector/Market-Data-Collector/src/MarketDataCollector.Contracts/MarketDataCollector.Contracts.csproj]
/home/runner/work/Market-Data-Collector/Market-Data-Collector/src/MarketDataCollector.Contracts/Configuration/AppConfigDto.cs(182,19): warning CS1591: Missing XML comment for publicly visible type or member 'StorageConfigDto.DatePartition' [/home/runner/work/Market-Data-Collector/Market-Data-Collector/src/MarketDataCollector.Contracts/MarketDataCollector.Contracts.csproj]
/home/runner/work/Market-Data-Collector/Market-Data-Collector/src/MarketDataCollector.Contracts/Configuration/AppConfigDto.cs(185,17): warning CS1591: Missing XML comment for publicly visible type or member 'StorageConfigDto.IncludeProvider' [/home/runner/work/Market-Data-Collector/Market-Data-Collector/src/MarketDataCollector.Contracts/MarketDataCollector.Contracts.csproj]
/home/runner/work/Market-Data-Collector/Market-Data-Collector/src/MarketDataCollector.Contracts/Configuration/AppConfigDto.cs(188,20): warning CS1591: Missing XML comment for publicly visible type or member 'StorageConfigDto.FilePrefix' [/home/runner/work/Market-Data-Collector/Market-Data-Collector/src/MarketDataCollector.Contracts/MarketDataCollector.Contracts.csproj]
/home/runner/work/Market-Data-Collector/Market-Data-Collector/src/MarketDataCollector.Contracts/Configuration/AppConfigDto.cs(191,20): warning CS1591: Missing XML comment for publicly visible type or member 'StorageConfigDto.Profile' [/home/runner/work/Market-Data-Collector/Market-Data-Collector/src/MarketDataCollector.Contracts/MarketDataCollector.Contracts.csproj]
/home/runner/work/Market-Data-Collector/Market-Data-Collector/src/MarketDataCollector.Contracts/Configuration/AppConfigDto.cs(194,17): warning CS1591: Missing XML comment for publicly visible type or member 'StorageConfigDto.RetentionDays' [/home/runner/work/Market-Data-Collector/Market-Data-Collector/src/MarketDataCollector.Contracts/MarketDataCollector.Contracts.csproj]
/home/runner/work/Market-Data-Collector/Market-Data-Collector/src/MarketDataCollector.Contracts/Configuration/AppConfigDto.cs(197,18): warning CS1591: Missing XML comment for publicly visible type or member 'StorageConfigDto.MaxTotalMegabytes' [/home/runner/work/Market-Data-Collector/Market-Data-Collector/src/MarketDataCollector.Contracts/MarketDataCollector.Contracts.csproj]
/home/runner/work/Market-Data-Collector/Market-Data-Collector/src/MarketDataCollector.Contracts/Configuration/AppConfigDto.cs(206,19): warning CS1591: Missing XML comment for publicly visible type or member 'SymbolConfigDto.Symbol' [/home/runner/work/Market-Data-Collector/Market-Data-Collector/src/MarketDataCollector.Contracts/MarketDataCollector.Contracts.csproj]
/home/runner/work/Market-Data-Collector/Market-Data-Collector/src/MarketDataCollector.Contracts/Configuration/AppConfigDto.cs(209,17): warning CS1591: Missing XML comment for publicly visible type or member 'SymbolConfigDto.SubscribeTrades' [/home/runner/work/Market-Data-Collector/Market-Data-Collector/src/MarketDataCollector.Contracts/MarketDataCollector.Contracts.csproj]
/home/runner/work/Market-Data-Collector/Market-Data-Collector/src/MarketDataCollector.Contracts/Configuration/AppConfigDto.cs(212,17): warning CS1591: Missing XML comment for publicly visible type or member 'SymbolConfigDto.SubscribeDepth' [/home/runner/work/Market-Data-Collector/Market-Data-Collector/src/MarketDataCollector.Contracts/MarketDataCollector.Contracts.csproj]
/home/runner/work/Market-Data-Collector/Market-Data-Collector/src/MarketDataCollector.Contracts/Configuration/AppConfigDto.cs(215,16): warning CS1591: Missing XML comment for publicly visible type or member 'SymbolConfigDto.DepthLevels' [/home/runner/work/Market-Data-Collector/Market-Data-Collector/src/MarketDataCollector.Contracts/MarketDataCollector.Contracts.csproj]
/home/runner/work/Market-Data-Collector/Market-Data-Collector/src/MarketDataCollector.Contracts/Configuration/AppConfigDto.cs(218,19): warning CS1591: Missing XML comment for publicly visible type or member 'SymbolConfigDto.SecurityType' [/home/runner/work/Market-Data-Collector/Market-Data-Collector/src/MarketDataCollector.Contracts/MarketDataCollector.Contracts.csproj]
/home/runner/work/Market-Data-Collector/Market-Data-Collector/src/MarketDataCollector.Contracts/Configuration/AppConfigDto.cs(221,19): warning CS1591: Missing XML comment for publicly visible type or member 'SymbolConfigDto.Exchange' [/home/runner/work/Market-Data-Collector/Market-Data-Collector/src/MarketDataCollector.Contracts/MarketDataCollector.Contracts.csproj]
/home/runner/work/Market-Data-Collector/Market-Data-Collector/src/MarketDataCollector.Contracts/Configuration/AppConfigDto.cs(224,19): warning CS1591: Missing XML comment for publicly visible type or member 'SymbolConfigDto.Currency' [/home/runner/work/Market-Data-Collector/Market-Data-Collector/src/MarketDataCollector.Contracts/MarketDataCollector.Contracts.csproj]
/home/runner/work/Market-Data-Collector/Market-Data-Collector/src/MarketDataCollector.Contracts/Configuration/AppConfigDto.cs(227,20): warning CS1591: Missing XML comment for publicly visible type or member 'SymbolConfigDto.PrimaryExchange' [/home/runner/work/Market-Data-Collector/Market-Data-Collector/src/MarketDataCollector.Contracts/MarketDataCollector.Contracts.csproj]
/home/runner/work/Market-Data-Collector/Market-Data-Collector/src/MarketDataCollector.Contracts/Configuration/AppConfigDto.cs(230,20): warning CS1591: Missing XML comment for publicly visible type or member 'SymbolConfigDto.LocalSymbol' [/home/runner/work/Market-Data-Collector/Market-Data-Collector/src/MarketDataCollector.Contracts/MarketDataCollector.Contracts.csproj]
/home/runner/work/Market-Data-Collector/Market-Data-Collector/src/MarketDataCollector.Contracts/Configuration/AppConfigDto.cs(239,17): warning CS1591: Missing XML comment for publicly visible type or member 'BackfillConfigDto.Enabled' [/home/runner/work/Market-Data-Collector/Market-Data-Collector/src/MarketDataCollector.Contracts/MarketDataCollector.Contracts.csproj]
/home/runner/work/Market-Data-Collector/Market-Data-Collector/src/MarketDataCollector.Contracts/Configuration/AppConfigDto.cs(242,19): warning CS1591: Missing XML comment for publicly visible type or member 'BackfillConfigDto.Provider' [/home/runner/work/Market-Data-Collector/Market-Data-Collector/src/MarketDataCollector.Contracts/MarketDataCollector.Contracts.csproj]
/home/runner/work/Market-Data-Collector/Market-Data-Collector/src/MarketDataCollector.Contracts/Configuration/AppConfigDto.cs(245,22): warning CS1591: Missing XML comment for publicly visible type or member 'BackfillConfigDto.Symbols' [/home/runner/work/Market-Data-Collector/Market-Data-Collector/src/MarketDataCollector.Contracts/MarketDataCollector.Contracts.csproj]
/home/runner/work/Market-Data-Collector/Market-Data-Collector/src/MarketDataCollector.Contracts/Configuration/AppConfigDto.cs(248,20): warning CS1591: Missing XML comment for publicly visible type or member 'BackfillConfigDto.From' [/home/runner/work/Market-Data-Collector/Market-Data-Collector/src/MarketDataCollector.Contracts/MarketDataCollector.Contracts.csproj]
/home/runner/work/Market-Data-Collector/Market-Data-Collector/src/MarketDataCollector.Contracts/Configuration/AppConfigDto.cs(251,20): warning CS1591: Missing XML comment for publicly visible type or member 'BackfillConfigDto.To' [/home/runner/work/Market-Data-Collector/Market-Data-Collector/src/MarketDataCollector.Contracts/MarketDataCollector.Contracts.csproj]
/home/runner/work/Market-Data-Collector/Market-Data-Collector/src/MarketDataCollector.Contracts/Configuration/AppConfigDto.cs(254,17): warning CS1591: Missing XML comment for publicly visible type or member 'BackfillConfigDto.EnableFallback' [/home/runner/work/Market-Data-Collector/Market-Data-Collector/src/MarketDataCollector.Contracts/MarketDataCollector.Contracts.csproj]
/home/runner/work/Market-Data-Collector/Market-Data-Collector/src/MarketDataCollector.Contracts/Configuration/AppConfigDto.cs(257,17): warning CS1591: Missing XML comment for publicly visible type or member 'BackfillConfigDto.EnableSymbolResolution' [/home/runner/work/Market-Data-Collector/Market-Data-Collector/src/MarketDataCollector.Contracts/MarketDataCollector.Contracts.csproj]
/home/runner/work/Market-Data-Collector/Market-Data-Collector/src/MarketDataCollector.Contracts/Configuration/AppConfigDto.cs(266,35): warning CS1591: Missing XML comment for publicly visible type or member 'DataSourcesConfigDto.Sources' [/home/runner/work/Market-Data-Collector/Market-Data-Collector/src/MarketDataCollector.Contracts/MarketDataCollector.Contracts.csproj]
/home/runner/work/Market-Data-Collector/Market-Data-Collector/src/MarketDataCollector.Contracts/Configuration/AppConfigDto.cs(269,20): warning CS1591: Missing XML comment for publicly visible type or member 'DataSourcesConfigDto.DefaultRealTimeSourceId' [/home/runner/work/Market-Data-Collector/Market-Data-Collector/src/MarketDataCollector.Contracts/MarketDataCollector.Contracts.csproj]
/home/runner/work/Market-Data-Collector/Market-Data-Collector/src/MarketDataCollector.Contracts/Configuration/AppConfigDto.cs(272,20): warning CS1591: Missing XML comment for publicly visible type or member 'DataSourcesConfigDto.DefaultHistoricalSourceId' [/home/runner/work/Market-Data-Collector/Market-Data-Collector/src/MarketDataCollector.Contracts/MarketDataCollector.Contracts.csproj]
/home/runner/work/Market-Data-Collector/Market-Data-Collector/src/MarketDataCollector.Contracts/Configuration/AppConfigDto.cs(275,17): warning CS1591: Missing XML comment for publicly visible type or member 'DataSourcesConfigDto.EnableFailover' [/home/runner/work/Market-Data-Collector/Market-Data-Collector/src/MarketDataCollector.Contracts/MarketDataCollector.Contracts.csproj]
/home/runner/work/Market-Data-Collector/Market-Data-Collector/src/MarketDataCollector.Contracts/Configuration/AppConfigDto.cs(278,16): warning CS1591: Missing XML comment for publicly visible type or member 'DataSourcesConfigDto.FailoverTimeoutSeconds' [/home/runner/work/Market-Data-Collector/Market-Data-Collector/src/MarketDataCollector.Contracts/MarketDataCollector.Contracts.csproj]
/home/runner/work/Market-Data-Collector/Market-Data-Collector/src/MarketDataCollector.Contracts/Configuration/AppConfigDto.cs(287,19): warning CS1591: Missing XML comment for publicly visible type or member 'DataSourceConfigDto.Id' [/home/runner/work/Market-Data-Collector/Market-Data-Collector/src/MarketDataCollector.Contracts/MarketDataCollector.Contracts.csproj]
/home/runner/work/Market-Data-Collector/Market-Data-Collector/src/MarketDataCollector.Contracts/Configuration/AppConfigDto.cs(290,19): warning CS1591: Missing XML comment for publicly visible type or member 'DataSourceConfigDto.Name' [/home/runner/work/Market-Data-Collector/Market-Data-Collector/src/MarketDataCollector.Contracts/MarketDataCollector.Contracts.csproj]
/home/runner/work/Market-Data-Collector/Market-Data-Collector/src/MarketDataCollector.Contracts/Configuration/AppConfigDto.cs(293,19): warning CS1591: Missing XML comment for publicly visible type or member 'DataSourceConfigDto.Provider' [/home/runner/work/Market-Data-Collector/Market-Data-Collector/src/MarketDataCollector.Contracts/MarketDataCollector.Contracts.csproj]
/home/runner/work/Market-Data-Collector/Market-Data-Collector/src/MarketDataCollector.Contracts/Configuration/AppConfigDto.cs(296,17): warning CS1591: Missing XML comment for publicly visible type or member 'DataSourceConfigDto.Enabled' [/home/runner/work/Market-Data-Collector/Market-Data-Collector/src/MarketDataCollector.Contracts/MarketDataCollector.Contracts.csproj]
/home/runner/work/Market-Data-Collector/Market-Data-Collector/src/MarketDataCollector.Contracts/Configuration/AppConfigDto.cs(299,19): warning CS1591: Missing XML comment for publicly visible type or member 'DataSourceConfigDto.Type' [/home/runner/work/Market-Data-Collector/Market-Data-Collector/src/MarketDataCollector.Contracts/MarketDataCollector.Contracts.csproj]
/home/runner/work/Market-Data-Collector/Market-Data-Collector/src/MarketDataCollector.Contracts/Configuration/AppConfigDto.cs(302,16): warning CS1591: Missing XML comment for publicly visible type or member 'DataSourceConfigDto.Priority' [/home/runner/work/Market-Data-Collector/Market-Data-Collector/src/MarketDataCollector.Contracts/MarketDataCollector.Contracts.csproj]
/home/runner/work/Market-Data-Collector/Market-Data-Collector/src/MarketDataCollector.Contracts/Configuration/AppConfigDto.cs(305,20): warning CS1591: Missing XML comment for publicly visible type or member 'DataSourceConfigDto.Description' [/home/runner/work/Market-Data-Collector/Market-Data-Collector/src/MarketDataCollector.Contracts/MarketDataCollector.Contracts.csproj]
/home/runner/work/Market-Data-Collector/Market-Data-Collector/src/MarketDataCollector.Contracts/Configuration/AppConfigDto.cs(308,22): warning CS1591: Missing XML comment for publicly visible type or member 'DataSourceConfigDto.Tags' [/home/runner/work/Market-Data-Collector/Market-Data-Collector/src/MarketDataCollector.Contracts/MarketDataCollector.Contracts.csproj]
/home/runner/work/Market-Data-Collector/Market-Data-Collector/src/MarketDataCollector.Contracts/Configuration/AppConfigDto.cs(311,30): warning CS1591: Missing XML comment for publicly visible type or member 'DataSourceConfigDto.Alpaca' [/home/runner/work/Market-Data-Collector/Market-Data-Collector/src/MarketDataCollector.Contracts/MarketDataCollector.Contracts.csproj]
/home/runner/work/Market-Data-Collector/Market-Data-Collector/src/MarketDataCollector.Contracts/Configuration/AppConfigDto.cs(314,31): warning CS1591: Missing XML comment for publicly visible type or member 'DataSourceConfigDto.Polygon' [/home/runner/work/Market-Data-Collector/Market-Data-Collector/src/MarketDataCollector.Contracts/MarketDataCollector.Contracts.csproj]
/home/runner/work/Market-Data-Collector/Market-Data-Collector/src/MarketDataCollector.Contracts/Configuration/AppConfigDto.cs(317,26): warning CS1591: Missing XML comment for publicly visible type or member 'DataSourceConfigDto.IB' [/home/runner/work/Market-Data-Collector/Market-Data-Collector/src/MarketDataCollector.Contracts/MarketDataCollector.Contracts.csproj]
/home/runner/work/Market-Data-Collector/Market-Data-Collector/src/MarketDataCollector.Contracts/Configuration/AppConfigDto.cs(320,22): warning CS1591: Missing XML comment for publicly visible type or member 'DataSourceConfigDto.Symbols' [/home/runner/work/Market-Data-Collector/Market-Data-Collector/src/MarketDataCollector.Contracts/MarketDataCollector.Contracts.csproj]
/home/runner/work/Market-Data-Collector/Market-Data-Collector/src/MarketDataCollector.Contracts/Configuration/AppConfigDto.cs(329,20): warning CS1591: Missing XML comment for publicly visible type or member 'PolygonOptionsDto.ApiKey' [/home/runner/work/Market-Data-Collector/Market-Data-Collector/src/MarketDataCollector.Contracts/MarketDataCollector.Contracts.csproj]
/home/runner/work/Market-Data-Collector/Market-Data-Collector/src/MarketDataCollector.Contracts/Configuration/AppConfigDto.cs(332,17): warning CS1591: Missing XML comment for publicly visible type or member 'PolygonOptionsDto.UseDelayed' [/home/runner/work/Market-Data-Collector/Market-Data-Collector/src/MarketDataCollector.Contracts/MarketDataCollector.Contracts.csproj]
/home/runner/work/Market-Data-Collector/Market-Data-Collector/src/MarketDataCollector.Contracts/Configuration/AppConfigDto.cs(335,19): warning CS1591: Missing XML comment for publicly visible type or member 'PolygonOptionsDto.Feed' [/home/runner/work/Market-Data-Collector/Market-Data-Collector/src/MarketDataCollector.Contracts/MarketDataCollector.Contracts.csproj]
/home/runner/work/Market-Data-Collector/Market-Data-Collector/src/MarketDataCollector.Contracts/Configuration/AppConfigDto.cs(338,17): warning CS1591: Missing XML comment for publicly visible type or member 'PolygonOptionsDto.SubscribeTrades' [/home/runner/work/Market-Data-Collector/Market-Data-Collector/src/MarketDataCollector.Contracts/MarketDataCollector.Contracts.csproj]
/home/runner/work/Market-Data-Collector/Market-Data-Collector/src/MarketDataCollector.Contracts/Configuration/AppConfigDto.cs(341,17): warning CS1591: Missing XML comment for publicly visible type or member 'PolygonOptionsDto.SubscribeQuotes' [/home/runner/work/Market-Data-Collector/Market-Data-Collector/src/MarketDataCollector.Contracts/MarketDataCollector.Contracts.csproj]
/home/runner/work/Market-Data-Collector/Market-Data-Collector/src/MarketDataCollector.Contracts/Configuration/AppConfigDto.cs(344,17): warning CS1591: Missing XML comment for publicly visible type or member 'PolygonOptionsDto.SubscribeAggregates' [/home/runner/work/Market-Data-Collector/Market-Data-Collector/src/MarketDataCollector.Contracts/MarketDataCollector.Contracts.csproj]
/home/runner/work/Market-Data-Collector/Market-Data-Collector/src/MarketDataCollector.Contracts/Configuration/AppConfigDto.cs(353,19): warning CS1591: Missing XML comment for publicly visible type or member 'IBOptionsDto.Host' [/home/runner/work/Market-Data-Collector/Market-Data-Collector/src/MarketDataCollector.Contracts/MarketDataCollector.Contracts.csproj]
/home/runner/work/Market-Data-Collector/Market-Data-Collector/src/MarketDataCollector.Contracts/Configuration/AppConfigDto.cs(356,16): warning CS1591: Missing XML comment for publicly visible type or member 'IBOptionsDto.Port' [/home/runner/work/Market-Data-Collector/Market-Data-Collector/src/MarketDataCollector.Contracts/MarketDataCollector.Contracts.csproj]
/home/runner/work/Market-Data-Collector/Market-Data-Collector/src/MarketDataCollector.Contracts/Configuration/AppConfigDto.cs(359,16): warning CS1591: Missing XML comment for publicly visible type or member 'IBOptionsDto.ClientId' [/home/runner/work/Market-Data-Collector/Market-Data-Collector/src/MarketDataCollector.Contracts/MarketDataCollector.Contracts.csproj]
/home/runner/work/Market-Data-Collector/Market-Data-Collector/src/MarketDataCollector.Contracts/Configuration/AppConfigDto.cs(362,17): warning CS1591: Missing XML comment for publicly visible type or member 'IBOptionsDto.UsePaperTrading' [/home/runner/work/Market-Data-Collector/Market-Data-Collector/src/MarketDataCollector.Contracts/MarketDataCollector.Contracts.csproj]
/home/runner/work/Market-Data-Collector/Market-Data-Collector/src/MarketDataCollector.Contracts/Configuration/AppConfigDto.cs(365,17): warning CS1591: Missing XML comment for publicly visible type or member 'IBOptionsDto.SubscribeDepth' [/home/runner/work/Market-Data-Collector/Market-Data-Collector/src/MarketDataCollector.Contracts/MarketDataCollector.Contracts.csproj]
/home/runner/work/Market-Data-Collector/Market-Data-Collector/src/MarketDataCollector.Contracts/Configuration/AppConfigDto.cs(368,16): warning CS1591: Missing XML comment for publicly visible type or member 'IBOptionsDto.DepthLevels' [/home/runner/work/Market-Data-Collector/Market-Data-Collector/src/MarketDataCollector.Contracts/MarketDataCollector.Contracts.csproj]
/home/runner/work/Market-Data-Collector/Market-Data-Collector/src/MarketDataCollector.Contracts/Configuration/AppConfigDto.cs(371,17): warning CS1591: Missing XML comment for publicly visible type or member 'IBOptionsDto.TickByTick' [/home/runner/work/Market-Data-Collector/Market-Data-Collector/src/MarketDataCollector.Contracts/MarketDataCollector.Contracts.csproj]
/home/runner/work/Market-Data-Collector/Market-Data-Collector/src/MarketDataCollector.Contracts/Configuration/AppConfigDto.cs(380,30): warning CS1591: Missing XML comment for publicly visible type or member 'SymbolGroupsConfigDto.Groups' [/home/runner/work/Market-Data-Collector/Market-Data-Collector/src/MarketDataCollector.Contracts/MarketDataCollector.Contracts.csproj]
/home/runner/work/Market-Data-Collector/Market-Data-Collector/src/MarketDataCollector.Contracts/Configuration/AppConfigDto.cs(383,20): warning CS1591: Missing XML comment for publicly visible type or member 'SymbolGroupsConfigDto.DefaultGroupId' [/home/runner/work/Market-Data-Collector/Market-Data-Collector/src/MarketDataCollector.Contracts/MarketDataCollector.Contracts.csproj]
/home/runner/work/Market-Data-Collector/Market-Data-Collector/src/MarketDataCollector.Contracts/Configuration/AppConfigDto.cs(386,17): warning CS1591: Missing XML comment for publicly visible type or member 'SymbolGroupsConfigDto.ShowUngroupedSymbols' [/home/runner/work/Market-Data-Collector/Market-Data-Collector/src/MarketDataCollector.Contracts/MarketDataCollector.Contracts.csproj]
/home/runner/work/Market-Data-Collector/Market-Data-Collector/src/MarketDataCollector.Contracts/Configuration/AppConfigDto.cs(389,19): warning CS1591: Missing XML comment for publicly visible type or member 'SymbolGroupsConfigDto.SortBy' [/home/runner/work/Market-Data-Collector/Market-Data-Collector/src/MarketDataCollector.Contracts/MarketDataCollector.Contracts.csproj]
/home/runner/work/Market-Data-Collector/Market-Data-Collector/src/MarketDataCollector.Contracts/Configuration/AppConfigDto.cs(392,19): warning CS1591: Missing XML comment for publicly visible type or member 'SymbolGroupsConfigDto.ViewMode' [/home/runner/work/Market-Data-Collector/Market-Data-Collector/src/MarketDataCollector.Contracts/MarketDataCollector.Contracts.csproj]
/home/runner/work/Market-Data-Collector/Market-Data-Collector/src/MarketDataCollector.Contracts/Configuration/AppConfigDto.cs(401,19): warning CS1591: Missing XML comment for publicly visible type or member 'SymbolGroupDto.Id' [/home/runner/work/Market-Data-Collector/Market-Data-Collector/src/MarketDataCollector.Contracts/MarketDataCollector.Contracts.csproj]
/home/runner/work/Market-Data-Collector/Market-Data-Collector/src/MarketDataCollector.Contracts/Configuration/AppConfigDto.cs(404,19): warning CS1591: Missing XML comment for publicly visible type or member 'SymbolGroupDto.Name' [/home/runner/work/Market-Data-Collector/Market-Data-Collector/src/MarketDataCollector.Contracts/MarketDataCollector.Contracts.csproj]
/home/runner/work/Market-Data-Collector/Market-Data-Collector/src/MarketDataCollector.Contracts/Configuration/AppConfigDto.cs(407,20): warning CS1591: Missing XML comment for publicly visible type or member 'SymbolGroupDto.Description' [/home/runner/work/Market-Data-Collector/Market-Data-Collector/src/MarketDataCollector.Contracts/MarketDataCollector.Contracts.csproj]
/home/runner/work/Market-Data-Collector/Market-Data-Collector/src/MarketDataCollector.Contracts/Configuration/AppConfigDto.cs(410,19): warning CS1591: Missing XML comment for publicly visible type or member 'SymbolGroupDto.Color' [/home/runner/work/Market-Data-Collector/Market-Data-Collector/src/MarketDataCollector.Contracts/MarketDataCollector.Contracts.csproj]
/home/runner/work/Market-Data-Collector/Market-Data-Collector/src/MarketDataCollector.Contracts/Configuration/AppConfigDto.cs(413,19): warning CS1591: Missing XML comment for publicly visible type or member 'SymbolGroupDto.Icon' [/home/runner/work/Market-Data-Collector/Market-Data-Collector/src/MarketDataCollector.Contracts/MarketDataCollector.Contracts.csproj]
/home/runner/work/Market-Data-Collector/Market-Data-Collector/src/MarketDataCollector.Contracts/Configuration/AppConfigDto.cs(416,21): warning CS1591: Missing XML comment for publicly visible type or member 'SymbolGroupDto.Symbols' [/home/runner/work/Market-Data-Collector/Market-Data-Collector/src/MarketDataCollector.Contracts/MarketDataCollector.Contracts.csproj]
/home/runner/work/Market-Data-Collector/Market-Data-Collector/src/MarketDataCollector.Contracts/Configuration/AppConfigDto.cs(419,17): warning CS1591: Missing XML comment for publicly visible type or member 'SymbolGroupDto.IsExpanded' [/home/runner/work/Market-Data-Collector/Market-Data-Collector/src/MarketDataCollector.Contracts/MarketDataCollector.Contracts.csproj]
/home/runner/work/Market-Data-Collector/Market-Data-Collector/src/MarketDataCollector.Contracts/Configuration/AppConfigDto.cs(422,16): warning CS1591: Missing XML comment for publicly visible type or member 'SymbolGroupDto.SortOrder' [/home/runner/work/Market-Data-Collector/Market-Data-Collector/src/MarketDataCollector.Contracts/MarketDataCollector.Contracts.csproj]
/home/runner/work/Market-Data-Collector/Market-Data-Collector/src/MarketDataCollector.Contracts/Configuration/AppConfigDto.cs(425,21): warning CS1591: Missing XML comment for publicly visible type or member 'SymbolGroupDto.CreatedAt' [/home/runner/work/Market-Data-Collector/Market-Data-Collector/src/MarketDataCollector.Contracts/MarketDataCollector.Contracts.csproj]
/home/runner/work/Market-Data-Collector/Market-Data-Collector/src/MarketDataCollector.Contracts/Configuration/AppConfigDto.cs(428,21): warning CS1591: Missing XML comment for publicly visible type or member 'SymbolGroupDto.UpdatedAt' [/home/runner/work/Market-Data-Collector/Market-Data-Collector/src/MarketDataCollector.Contracts/MarketDataCollector.Contracts.csproj]
/home/runner/work/Market-Data-Collector/Market-Data-Collector/src/MarketDataCollector.Contracts/Configuration/AppConfigDto.cs(431,22): warning CS1591: Missing XML comment for publicly visible type or member 'SymbolGroupDto.Tags' [/home/runner/work/Market-Data-Collector/Market-Data-Collector/src/MarketDataCollector.Contracts/MarketDataCollector.Contracts.csproj]
/home/runner/work/Market-Data-Collector/Market-Data-Collector/src/MarketDataCollector.Contracts/Configuration/AppConfigDto.cs(434,35): warning CS1591: Missing XML comment for publicly visible type or member 'SymbolGroupDto.SmartCriteria' [/home/runner/work/Market-Data-Collector/Market-Data-Collector/src/MarketDataCollector.Contracts/MarketDataCollector.Contracts.csproj]
/home/runner/work/Market-Data-Collector/Market-Data-Collector/src/MarketDataCollector.Contracts/Configuration/AppConfigDto.cs(443,17): warning CS1591: Missing XML comment for publicly visible type or member 'SmartGroupCriteriaDto.IsSmartGroup' [/home/runner/work/Market-Data-Collector/Market-Data-Collector/src/MarketDataCollector.Contracts/MarketDataCollector.Contracts.csproj]
/home/runner/work/Market-Data-Collector/Market-Data-Collector/src/MarketDataCollector.Contracts/Configuration/AppConfigDto.cs(446,20): warning CS1591: Missing XML comment for publicly visible type or member 'SmartGroupCriteriaDto.SectorFilter' [/home/runner/work/Market-Data-Collector/Market-Data-Collector/src/MarketDataCollector.Contracts/MarketDataCollector.Contracts.csproj]
/home/runner/work/Market-Data-Collector/Market-Data-Collector/src/MarketDataCollector.Contracts/Configuration/AppConfigDto.cs(449,20): warning CS1591: Missing XML comment for publicly visible type or member 'SmartGroupCriteriaDto.IndustryFilter' [/home/runner/work/Market-Data-Collector/Market-Data-Collector/src/MarketDataCollector.Contracts/MarketDataCollector.Contracts.csproj]
/home/runner/work/Market-Data-Collector/Market-Data-Collector/src/MarketDataCollector.Contracts/Configuration/AppConfigDto.cs(452,20): warning CS1591: Missing XML comment for publicly visible type or member 'SmartGroupCriteriaDto.ExchangeFilter' [/home/runner/work/Market-Data-Collector/Market-Data-Collector/src/MarketDataCollector.Contracts/MarketDataCollector.Contracts.csproj]
/home/runner/work/Market-Data-Collector/Market-Data-Collector/src/MarketDataCollector.Contracts/Configuration/AppConfigDto.cs(455,21): warning CS1591: Missing XML comment for publicly visible type or member 'SmartGroupCriteriaDto.MinPrice' [/home/runner/work/Market-Data-Collector/Market-Data-Collector/src/MarketDataCollector.Contracts/MarketDataCollector.Contracts.csproj]
/home/runner/work/Market-Data-Collector/Market-Data-Collector/src/MarketDataCollector.Contracts/Configuration/AppConfigDto.cs(458,21): warning CS1591: Missing XML comment for publicly visible type or member 'SmartGroupCriteriaDto.MaxPrice' [/home/runner/work/Market-Data-Collector/Market-Data-Collector/src/MarketDataCollector.Contracts/MarketDataCollector.Contracts.csproj]
/home/runner/work/Market-Data-Collector/Market-Data-Collector/src/MarketDataCollector.Contracts/Configuration/AppConfigDto.cs(461,22): warning CS1591: Missing XML comment for publicly visible type or member 'SmartGroupCriteriaDto.TagsFilter' [/home/runner/work/Market-Data-Collector/Market-Data-Collector/src/MarketDataCollector.Contracts/MarketDataCollector.Contracts.csproj]
/home/runner/work/Market-Data-Collector/Market-Data-Collector/src/MarketDataCollector.Contracts/Configuration/AppConfigDto.cs(470,22): warning CS1591: Missing XML comment for publicly visible type or member 'ExtendedSymbolConfigDto.GroupIds' [/home/runner/work/Market-Data-Collector/Market-Data-Collector/src/MarketDataCollector.Contracts/MarketDataCollector.Contracts.csproj]
/home/runner/work/Market-Data-Collector/Market-Data-Collector/src/MarketDataCollector.Contracts/Configuration/AppConfigDto.cs(473,22): warning CS1591: Missing XML comment for publicly visible type or member 'ExtendedSymbolConfigDto.Tags' [/home/runner/work/Market-Data-Collector/Market-Data-Collector/src/MarketDataCollector.Contracts/MarketDataCollector.Contracts.csproj]
/home/runner/work/Market-Data-Collector/Market-Data-Collector/src/MarketDataCollector.Contracts/Configuration/AppConfigDto.cs(476,20): warning CS1591: Missing XML comment for publicly visible type or member 'ExtendedSymbolConfigDto.Notes' [/home/runner/work/Market-Data-Collector/Market-Data-Collector/src/MarketDataCollector.Contracts/MarketDataCollector.Contracts.csproj]
/home/runner/work/Market-Data-Collector/Market-Data-Collector/src/MarketDataCollector.Contracts/Configuration/AppConfigDto.cs(479,21): warning CS1591: Missing XML comment for publicly visible type or member 'ExtendedSymbolConfigDto.AddedAt' [/home/runner/work/Market-Data-Collector/Market-Data-Collector/src/MarketDataCollector.Contracts/MarketDataCollector.Contracts.csproj]
/home/runner/work/Market-Data-Collector/Market-Data-Collector/src/MarketDataCollector.Contracts/Configuration/AppConfigDto.cs(482,21): warning CS1591: Missing XML comment for publicly visible type or member 'ExtendedSymbolConfigDto.LastModified' [/home/runner/work/Market-Data-Collector/Market-Data-Collector/src/MarketDataCollector.Contracts/MarketDataCollector.Contracts.csproj]
/home/runner/work/Market-Data-Collector/Market-Data-Collector/src/MarketDataCollector.Contracts/Configuration/AppConfigDto.cs(485,17): warning CS1591: Missing XML comment for publicly visible type or member 'ExtendedSymbolConfigDto.IsFavorite' [/home/runner/work/Market-Data-Collector/Market-Data-Collector/src/MarketDataCollector.Contracts/MarketDataCollector.Contracts.csproj]
/home/runner/work/Market-Data-Collector/Market-Data-Collector/src/MarketDataCollector.Contracts/Configuration/AppConfigDto.cs(488,20): warning CS1591: Missing XML comment for publicly visible type or member 'ExtendedSymbolConfigDto.CustomColor' [/home/runner/work/Market-Data-Collector/Market-Data-Collector/src/MarketDataCollector.Contracts/MarketDataCollector.Contracts.csproj]
/home/runner/work/Market-Data-Collector/Market-Data-Collector/src/MarketDataCollector.Contracts/Configuration/AppConfigDto.cs(497,19): warning CS1591: Missing XML comment for publicly visible type or member 'AppSettingsDto.Theme' [/home/runner/work/Market-Data-Collector/Market-Data-Collector/src/MarketDataCollector.Contracts/MarketDataCollector.Contracts.csproj]
/home/runner/work/Market-Data-Collector/Market-Data-Collector/src/MarketDataCollector.Contracts/Configuration/AppConfigDto.cs(500,19): warning CS1591: Missing XML comment for publicly visible type or member 'AppSettingsDto.AccentColor' [/home/runner/work/Market-Data-Collector/Market-Data-Collector/src/MarketDataCollector.Contracts/MarketDataCollector.Contracts.csproj]
/home/runner/work/Market-Data-Collector/Market-Data-Collector/src/MarketDataCollector.Contracts/Configuration/AppConfigDto.cs(503,17): warning CS1591: Missing XML comment for publicly visible type or member 'AppSettingsDto.CompactMode' [/home/runner/work/Market-Data-Collector/Market-Data-Collector/src/MarketDataCollector.Contracts/MarketDataCollector.Contracts.csproj]
/home/runner/work/Market-Data-Collector/Market-Data-Collector/src/MarketDataCollector.Contracts/Configuration/AppConfigDto.cs(506,17): warning CS1591: Missing XML comment for publicly visible type or member 'AppSettingsDto.NotificationsEnabled' [/home/runner/work/Market-Data-Collector/Market-Data-Collector/src/MarketDataCollector.Contracts/MarketDataCollector.Contracts.csproj]
/home/runner/work/Market-Data-Collector/Market-Data-Collector/src/MarketDataCollector.Contracts/Configuration/AppConfigDto.cs(509,17): warning CS1591: Missing XML comment for publicly visible type or member 'AppSettingsDto.AutoReconnectEnabled' [/home/runner/work/Market-Data-Collector/Market-Data-Collector/src/MarketDataCollector.Contracts/MarketDataCollector.Contracts.csproj]
/home/runner/work/Market-Data-Collector/Market-Data-Collector/src/MarketDataCollector.Contracts/Configuration/AppConfigDto.cs(512,16): warning CS1591: Missing XML comment for publicly visible type or member 'AppSettingsDto.MaxReconnectAttempts' [/home/runner/work/Market-Data-Collector/Market-Data-Collector/src/MarketDataCollector.Contracts/MarketDataCollector.Contracts.csproj]
/home/runner/work/Market-Data-Collector/Market-Data-Collector/src/MarketDataCollector.Contracts/Configuration/AppConfigDto.cs(515,16): warning CS1591: Missing XML comment for publicly visible type or member 'AppSettingsDto.StatusRefreshIntervalSeconds' [/home/runner/work/Market-Data-Collector/Market-Data-Collector/src/MarketDataCollector.Contracts/MarketDataCollector.Contracts.csproj]
/home/runner/work/Market-Data-Collector/Market-Data-Collector/src/MarketDataCollector.Contracts/Credentials/CredentialModels.cs(68,19): warning CS1591: Missing XML comment for publicly visible type or member 'CredentialInfo.Name' [/home/runner/work/Market-Data-Collector/Market-Data-Collector/src/MarketDataCollector.Contracts/MarketDataCollector.Contracts.csproj]
/home/runner/work/Market-Data-Collector/Market-Data-Collector/src/MarketDataCollector.Contracts/Credentials/CredentialModels.cs(71,19): warning CS1591: Missing XML comment for publicly visible type or member 'CredentialInfo.Resource' [/home/runner/work/Market-Data-Collector/Market-Data-Collector/src/MarketDataCollector.Contracts/MarketDataCollector.Contracts.csproj]
/home/runner/work/Market-Data-Collector/Market-Data-Collector/src/MarketDataCollector.Contracts/Credentials/CredentialModels.cs(74,19): warning CS1591: Missing XML comment for publicly visible type or member 'CredentialInfo.Status' [/home/runner/work/Market-Data-Collector/Market-Data-Collector/src/MarketDataCollector.Contracts/MarketDataCollector.Contracts.csproj]
/home/runner/work/Market-Data-Collector/Market-Data-Collector/src/MarketDataCollector.Contracts/Credentials/CredentialModels.cs(77,27): warning CS1591: Missing XML comment for publicly visible type or member 'CredentialInfo.CredentialType' [/home/runner/work/Market-Data-Collector/Market-Data-Collector/src/MarketDataCollector.Contracts/MarketDataCollector.Contracts.csproj]
/home/runner/work/Market-Data-Collector/Market-Data-Collector/src/MarketDataCollector.Contracts/Credentials/CredentialModels.cs(80,22): warning CS1591: Missing XML comment for publicly visible type or member 'CredentialInfo.ExpiresAt' [/home/runner/work/Market-Data-Collector/Market-Data-Collector/src/MarketDataCollector.Contracts/MarketDataCollector.Contracts.csproj]
/home/runner/work/Market-Data-Collector/Market-Data-Collector/src/MarketDataCollector.Contracts/Credentials/CredentialModels.cs(83,22): warning CS1591: Missing XML comment for publicly visible type or member 'CredentialInfo.LastAuthenticatedAt' [/home/runner/work/Market-Data-Collector/Market-Data-Collector/src/MarketDataCollector.Contracts/MarketDataCollector.Contracts.csproj]
/home/runner/work/Market-Data-Collector/Market-Data-Collector/src/MarketDataCollector.Contracts/Credentials/CredentialModels.cs(86,22): warning CS1591: Missing XML comment for publicly visible type or member 'CredentialInfo.LastTestedAt' [/home/runner/work/Market-Data-Collector/Market-Data-Collector/src/MarketDataCollector.Contracts/MarketDataCollector.Contracts.csproj]
/home/runner/work/Market-Data-Collector/Market-Data-Collector/src/MarketDataCollector.Contracts/Credentials/CredentialModels.cs(89,33): warning CS1591: Missing XML comment for publicly visible type or member 'CredentialInfo.TestStatus' [/home/runner/work/Market-Data-Collector/Market-Data-Collector/src/MarketDataCollector.Contracts/MarketDataCollector.Contracts.csproj]
/home/runner/work/Market-Data-Collector/Market-Data-Collector/src/MarketDataCollector.Contracts/Credentials/CredentialModels.cs(92,17): warning CS1591: Missing XML comment for publicly visible type or member 'CredentialInfo.IsExpiringSoon' [/home/runner/work/Market-Data-Collector/Market-Data-Collector/src/MarketDataCollector.Contracts/MarketDataCollector.Contracts.csproj]
/home/runner/work/Market-Data-Collector/Market-Data-Collector/src/MarketDataCollector.Contracts/Credentials/CredentialModels.cs(97,17): warning CS1591: Missing XML comment for publicly visible type or member 'CredentialInfo.IsExpired' [/home/runner/work/Market-Data-Collector/Market-Data-Collector/src/MarketDataCollector.Contracts/MarketDataCollector.Contracts.csproj]
/home/runner/work/Market-Data-Collector/Market-Data-Collector/src/MarketDataCollector.Contracts/Credentials/CredentialModels.cs(100,17): warning CS1591: Missing XML comment for publicly visible type or member 'CredentialInfo.CanAutoRefresh' [/home/runner/work/Market-Data-Collector/Market-Data-Collector/src/MarketDataCollector.Contracts/MarketDataCollector.Contracts.csproj]
/home/runner/work/Market-Data-Collector/Market-Data-Collector/src/MarketDataCollector.Contracts/Credentials/CredentialModels.cs(103,20): warning CS1591: Missing XML comment for publicly visible type or member 'CredentialInfo.RefreshToken' [/home/runner/work/Market-Data-Collector/Market-Data-Collector/src/MarketDataCollector.Contracts/MarketDataCollector.Contracts.csproj]
/home/runner/work/Market-Data-Collector/Market-Data-Collector/src/MarketDataCollector.Contracts/Credentials/CredentialModels.cs(161,17): warning CS1591: Missing XML comment for publicly visible type or member 'CredentialTestResult.Success' [/home/runner/work/Market-Data-Collector/Market-Data-Collector/src/MarketDataCollector.Contracts/MarketDataCollector.Contracts.csproj]
/home/runner/work/Market-Data-Collector/Market-Data-Collector/src/MarketDataCollector.Contracts/Credentials/CredentialModels.cs(164,19): warning CS1591: Missing XML comment for publicly visible type or member 'CredentialTestResult.Message' [/home/runner/work/Market-Data-Collector/Market-Data-Collector/src/MarketDataCollector.Contracts/MarketDataCollector.Contracts.csproj]
/home/runner/work/Market-Data-Collector/Market-Data-Collector/src/MarketDataCollector.Contracts/Credentials/CredentialModels.cs(167,21): warning CS1591: Missing XML comment for publicly visible type or member 'CredentialTestResult.TestedAt' [/home/runner/work/Market-Data-Collector/Market-Data-Collector/src/MarketDataCollector.Contracts/MarketDataCollector.Contracts.csproj]
/home/runner/work/Market-Data-Collector/Market-Data-Collector/src/MarketDataCollector.Contracts/Credentials/CredentialModels.cs(170,17): warning CS1591: Missing XML comment for publicly visible type or member 'CredentialTestResult.ResponseTimeMs' [/home/runner/work/Market-Data-Collector/Market-Data-Collector/src/MarketDataCollector.Contracts/MarketDataCollector.Contracts.csproj]
/home/runner/work/Market-Data-Collector/Market-Data-Collector/src/MarketDataCollector.Contracts/Credentials/CredentialModels.cs(173,20): warning CS1591: Missing XML comment for publicly visible type or member 'CredentialTestResult.ServerInfo' [/home/runner/work/Market-Data-Collector/Market-Data-Collector/src/MarketDataCollector.Contracts/MarketDataCollector.Contracts.csproj]
/home/runner/work/Market-Data-Collector/Market-Data-Collector/src/MarketDataCollector.Contracts/Credentials/CredentialModels.cs(176,22): warning CS1591: Missing XML comment for publicly visible type or member 'CredentialTestResult.ExpiresAt' [/home/runner/work/Market-Data-Collector/Market-Data-Collector/src/MarketDataCollector.Contracts/MarketDataCollector.Contracts.csproj]
/home/runner/work/Market-Data-Collector/Market-Data-Collector/src/MarketDataCollector.Contracts/Credentials/CredentialModels.cs(179,22): warning CS1591: Missing XML comment for publicly visible type or member 'CredentialTestResult.Scopes' [/home/runner/work/Market-Data-Collector/Market-Data-Collector/src/MarketDataCollector.Contracts/MarketDataCollector.Contracts.csproj]
/home/runner/work/Market-Data-Collector/Market-Data-Collector/src/MarketDataCollector.Contracts/Credentials/CredentialModels.cs(213,19): warning CS1591: Missing XML comment for publicly visible type or member 'CredentialMetadata.Resource' [/home/runner/work/Market-Data-Collector/Market-Data-Collector/src/MarketDataCollector.Contracts/MarketDataCollector.Contracts.csproj]
/home/runner/work/Market-Data-Collector/Market-Data-Collector/src/MarketDataCollector.Contracts/Credentials/CredentialModels.cs(216,27): warning CS1591: Missing XML comment for publicly visible type or member 'CredentialMetadata.CredentialType' [/home/runner/work/Market-Data-Collector/Market-Data-Collector/src/MarketDataCollector.Contracts/MarketDataCollector.Contracts.csproj]
/home/runner/work/Market-Data-Collector/Market-Data-Collector/src/MarketDataCollector.Contracts/Credentials/CredentialModels.cs(219,21): warning CS1591: Missing XML comment for publicly visible type or member 'CredentialMetadata.CreatedAt' [/home/runner/work/Market-Data-Collector/Market-Data-Collector/src/MarketDataCollector.Contracts/MarketDataCollector.Contracts.csproj]
/home/runner/work/Market-Data-Collector/Market-Data-Collector/src/MarketDataCollector.Contracts/Credentials/CredentialModels.cs(222,22): warning CS1591: Missing XML comment for publicly visible type or member 'CredentialMetadata.ExpiresAt' [/home/runner/work/Market-Data-Collector/Market-Data-Collector/src/MarketDataCollector.Contracts/MarketDataCollector.Contracts.csproj]
/home/runner/work/Market-Data-Collector/Market-Data-Collector/src/MarketDataCollector.Contracts/Credentials/CredentialModels.cs(225,22): warning CS1591: Missing XML comment for publicly visible type or member 'CredentialMetadata.LastAuthenticatedAt' [/home/runner/work/Market-Data-Collector/Market-Data-Collector/src/MarketDataCollector.Contracts/MarketDataCollector.Contracts.csproj]
/home/runner/work/Market-Data-Collector/Market-Data-Collector/src/MarketDataCollector.Contracts/Credentials/CredentialModels.cs(228,22): warning CS1591: Missing XML comment for publicly visible type or member 'CredentialMetadata.LastTestedAt' [/home/runner/work/Market-Data-Collector/Market-Data-Collector/src/MarketDataCollector.Contracts/MarketDataCollector.Contracts.csproj]
/home/runner/work/Market-Data-Collector/Market-Data-Collector/src/MarketDataCollector.Contracts/Credentials/CredentialModels.cs(231,33): warning CS1591: Missing XML comment for publicly visible type or member 'CredentialMetadata.TestStatus' [/home/runner/work/Market-Data-Collector/Market-Data-Collector/src/MarketDataCollector.Contracts/MarketDataCollector.Contracts.csproj]
/home/runner/work/Market-Data-Collector/Market-Data-Collector/src/MarketDataCollector.Contracts/Credentials/CredentialModels.cs(234,20): warning CS1591: Missing XML comment for publicly visible type or member 'CredentialMetadata.RefreshToken' [/home/runner/work/Market-Data-Collector/Market-Data-Collector/src/MarketDataCollector.Contracts/MarketDataCollector.Contracts.csproj]
/home/runner/work/Market-Data-Collector/Market-Data-Collector/src/MarketDataCollector.Contracts/Credentials/CredentialModels.cs(237,20): warning CS1591: Missing XML comment for publicly visible type or member 'CredentialMetadata.TokenEndpoint' [/home/runner/work/Market-Data-Collector/Market-Data-Collector/src/MarketDataCollector.Contracts/MarketDataCollector.Contracts.csproj]
/home/runner/work/Market-Data-Collector/Market-Data-Collector/src/MarketDataCollector.Contracts/Credentials/CredentialModels.cs(240,20): warning CS1591: Missing XML comment for publicly visible type or member 'CredentialMetadata.ClientId' [/home/runner/work/Market-Data-Collector/Market-Data-Collector/src/MarketDataCollector.Contracts/MarketDataCollector.Contracts.csproj]
/home/runner/work/Market-Data-Collector/Market-Data-Collector/src/MarketDataCollector.Contracts/Credentials/CredentialModels.cs(243,17): warning CS1591: Missing XML comment for publicly visible type or member 'CredentialMetadata.AutoRefreshEnabled' [/home/runner/work/Market-Data-Collector/Market-Data-Collector/src/MarketDataCollector.Contracts/MarketDataCollector.Contracts.csproj]
/home/runner/work/Market-Data-Collector/Market-Data-Collector/src/MarketDataCollector.Contracts/Credentials/CredentialModels.cs(246,22): warning CS1591: Missing XML comment for publicly visible type or member 'CredentialMetadata.LastRefreshAttemptAt' [/home/runner/work/Market-Data-Collector/Market-Data-Collector/src/MarketDataCollector.Contracts/MarketDataCollector.Contracts.csproj]
/home/runner/work/Market-Data-Collector/Market-Data-Collector/src/MarketDataCollector.Contracts/Credentials/CredentialModels.cs(249,16): warning CS1591: Missing XML comment for publicly visible type or member 'CredentialMetadata.RefreshFailureCount' [/home/runner/work/Market-Data-Collector/Market-Data-Collector/src/MarketDataCollector.Contracts/MarketDataCollector.Contracts.csproj]
/home/runner/work/Market-Data-Collector/Market-Data-Collector/src/MarketDataCollector.Contracts/Credentials/CredentialModels.cs(258,19): warning CS1591: Missing XML comment for publicly visible type or member 'OAuthTokenResponse.AccessToken' [/home/runner/work/Market-Data-Collector/Market-Data-Collector/src/MarketDataCollector.Contracts/MarketDataCollector.Contracts.csproj]
/home/runner/work/Market-Data-Collector/Market-Data-Collector/src/MarketDataCollector.Contracts/Credentials/CredentialModels.cs(261,19): warning CS1591: Missing XML comment for publicly visible type or member 'OAuthTokenResponse.TokenType' [/home/runner/work/Market-Data-Collector/Market-Data-Collector/src/MarketDataCollector.Contracts/MarketDataCollector.Contracts.csproj]
/home/runner/work/Market-Data-Collector/Market-Data-Collector/src/MarketDataCollector.Contracts/Credentials/CredentialModels.cs(264,16): warning CS1591: Missing XML comment for publicly visible type or member 'OAuthTokenResponse.ExpiresInSeconds' [/home/runner/work/Market-Data-Collector/Market-Data-Collector/src/MarketDataCollector.Contracts/MarketDataCollector.Contracts.csproj]
/home/runner/work/Market-Data-Collector/Market-Data-Collector/src/MarketDataCollector.Contracts/Credentials/CredentialModels.cs(267,20): warning CS1591: Missing XML comment for publicly visible type or member 'OAuthTokenResponse.RefreshToken' [/home/runner/work/Market-Data-Collector/Market-Data-Collector/src/MarketDataCollector.Contracts/MarketDataCollector.Contracts.csproj]
/home/runner/work/Market-Data-Collector/Market-Data-Collector/src/MarketDataCollector.Contracts/Credentials/CredentialModels.cs(270,20): warning CS1591: Missing XML comment for publicly visible type or member 'OAuthTokenResponse.Scope' [/home/runner/work/Market-Data-Collector/Market-Data-Collector/src/MarketDataCollector.Contracts/MarketDataCollector.Contracts.csproj]
/home/runner/work/Market-Data-Collector/Market-Data-Collector/src/MarketDataCollector.Contracts/Credentials/CredentialModels.cs(287,19): warning CS1591: Missing XML comment for publicly visible type or member 'OAuthProviderConfig.ProviderId' [/home/runner/work/Market-Data-Collector/Market-Data-Collector/src/MarketDataCollector.Contracts/MarketDataCollector.Contracts.csproj]
/home/runner/work/Market-Data-Collector/Market-Data-Collector/src/MarketDataCollector.Contracts/Credentials/CredentialModels.cs(290,19): warning CS1591: Missing XML comment for publicly visible type or member 'OAuthProviderConfig.DisplayName' [/home/runner/work/Market-Data-Collector/Market-Data-Collector/src/MarketDataCollector.Contracts/MarketDataCollector.Contracts.csproj]
/home/runner/work/Market-Data-Collector/Market-Data-Collector/src/MarketDataCollector.Contracts/Credentials/CredentialModels.cs(293,19): warning CS1591: Missing XML comment for publicly visible type or member 'OAuthProviderConfig.TokenEndpoint' [/home/runner/work/Market-Data-Collector/Market-Data-Collector/src/MarketDataCollector.Contracts/MarketDataCollector.Contracts.csproj]
/home/runner/work/Market-Data-Collector/Market-Data-Collector/src/MarketDataCollector.Contracts/Credentials/CredentialModels.cs(296,19): warning CS1591: Missing XML comment for publicly visible type or member 'OAuthProviderConfig.ClientId' [/home/runner/work/Market-Data-Collector/Market-Data-Collector/src/MarketDataCollector.Contracts/MarketDataCollector.Contracts.csproj]
/home/runner/work/Market-Data-Collector/Market-Data-Collector/src/MarketDataCollector.Contracts/Credentials/CredentialModels.cs(299,20): warning CS1591: Missing XML comment for publicly visible type or member 'OAuthProviderConfig.ClientSecret' [/home/runner/work/Market-Data-Collector/Market-Data-Collector/src/MarketDataCollector.Contracts/MarketDataCollector.Contracts.csproj]
/home/runner/work/Market-Data-Collector/Market-Data-Collector/src/MarketDataCollector.Contracts/Credentials/CredentialModels.cs(302,22): warning CS1591: Missing XML comment for publicly visible type or member 'OAuthProviderConfig.Scopes' [/home/runner/work/Market-Data-Collector/Market-Data-Collector/src/MarketDataCollector.Contracts/MarketDataCollector.Contracts.csproj]
/home/runner/work/Market-Data-Collector/Market-Data-Collector/src/MarketDataCollector.Contracts/Credentials/CredentialModels.cs(305,16): warning CS1591: Missing XML comment for publicly visible type or member 'OAuthProviderConfig.AutoRefreshThresholdMinutes' [/home/runner/work/Market-Data-Collector/Market-Data-Collector/src/MarketDataCollector.Contracts/MarketDataCollector.Contracts.csproj]
/home/runner/work/Market-Data-Collector/Market-Data-Collector/src/MarketDataCollector.Contracts/Domain/MarketDataModels.cs(11,27): warning CS1591: Missing XML comment for publicly visible type or member 'TradeDto.Timestamp' [/home/runner/work/Market-Data-Collector/Market-Data-Collector/src/MarketDataCollector.Contracts/MarketDataCollector.Contracts.csproj]
/home/runner/work/Market-Data-Collector/Market-Data-Collector/src/MarketDataCollector.Contracts/Domain/MarketDataModels.cs(14,19): warning CS1591: Missing XML comment for publicly visible type or member 'TradeDto.Symbol' [/home/runner/work/Market-Data-Collector/Market-Data-Collector/src/MarketDataCollector.Contracts/MarketDataCollector.Contracts.csproj]
/home/runner/work/Market-Data-Collector/Market-Data-Collector/src/MarketDataCollector.Contracts/Domain/MarketDataModels.cs(17,20): warning CS1591: Missing XML comment for publicly visible type or member 'TradeDto.Price' [/home/runner/work/Market-Data-Collector/Market-Data-Collector/src/MarketDataCollector.Contracts/MarketDataCollector.Contracts.csproj]
/home/runner/work/Market-Data-Collector/Market-Data-Collector/src/MarketDataCollector.Contracts/Domain/MarketDataModels.cs(20,17): warning CS1591: Missing XML comment for publicly visible type or member 'TradeDto.Size' [/home/runner/work/Market-Data-Collector/Market-Data-Collector/src/MarketDataCollector.Contracts/MarketDataCollector.Contracts.csproj]
/home/runner/work/Market-Data-Collector/Market-Data-Collector/src/MarketDataCollector.Contracts/Domain/MarketDataModels.cs(23,19): warning CS1591: Missing XML comment for publicly visible type or member 'TradeDto.Aggressor' [/home/runner/work/Market-Data-Collector/Market-Data-Collector/src/MarketDataCollector.Contracts/MarketDataCollector.Contracts.csproj]
/home/runner/work/Market-Data-Collector/Market-Data-Collector/src/MarketDataCollector.Contracts/Domain/MarketDataModels.cs(26,17): warning CS1591: Missing XML comment for publicly visible type or member 'TradeDto.SequenceNumber' [/home/runner/work/Market-Data-Collector/Market-Data-Collector/src/MarketDataCollector.Contracts/MarketDataCollector.Contracts.csproj]
/home/runner/work/Market-Data-Collector/Market-Data-Collector/src/MarketDataCollector.Contracts/Domain/MarketDataModels.cs(29,20): warning CS1591: Missing XML comment for publicly visible type or member 'TradeDto.StreamId' [/home/runner/work/Market-Data-Collector/Market-Data-Collector/src/MarketDataCollector.Contracts/MarketDataCollector.Contracts.csproj]
/home/runner/work/Market-Data-Collector/Market-Data-Collector/src/MarketDataCollector.Contracts/Domain/MarketDataModels.cs(32,20): warning CS1591: Missing XML comment for publicly visible type or member 'TradeDto.Venue' [/home/runner/work/Market-Data-Collector/Market-Data-Collector/src/MarketDataCollector.Contracts/MarketDataCollector.Contracts.csproj]
/home/runner/work/Market-Data-Collector/Market-Data-Collector/src/MarketDataCollector.Contracts/Domain/MarketDataModels.cs(35,20): warning CS1591: Missing XML comment for publicly visible type or member 'TradeDto.TradeId' [/home/runner/work/Market-Data-Collector/Market-Data-Collector/src/MarketDataCollector.Contracts/MarketDataCollector.Contracts.csproj]
/home/runner/work/Market-Data-Collector/Market-Data-Collector/src/MarketDataCollector.Contracts/Domain/MarketDataModels.cs(38,22): warning CS1591: Missing XML comment for publicly visible type or member 'TradeDto.Conditions' [/home/runner/work/Market-Data-Collector/Market-Data-Collector/src/MarketDataCollector.Contracts/MarketDataCollector.Contracts.csproj]
/home/runner/work/Market-Data-Collector/Market-Data-Collector/src/MarketDataCollector.Contracts/Domain/MarketDataModels.cs(47,27): warning CS1591: Missing XML comment for publicly visible type or member 'QuoteDto.Timestamp' [/home/runner/work/Market-Data-Collector/Market-Data-Collector/src/MarketDataCollector.Contracts/MarketDataCollector.Contracts.csproj]
/home/runner/work/Market-Data-Collector/Market-Data-Collector/src/MarketDataCollector.Contracts/Domain/MarketDataModels.cs(50,19): warning CS1591: Missing XML comment for publicly visible type or member 'QuoteDto.Symbol' [/home/runner/work/Market-Data-Collector/Market-Data-Collector/src/MarketDataCollector.Contracts/MarketDataCollector.Contracts.csproj]
/home/runner/work/Market-Data-Collector/Market-Data-Collector/src/MarketDataCollector.Contracts/Domain/MarketDataModels.cs(53,20): warning CS1591: Missing XML comment for publicly visible type or member 'QuoteDto.BidPrice' [/home/runner/work/Market-Data-Collector/Market-Data-Collector/src/MarketDataCollector.Contracts/MarketDataCollector.Contracts.csproj]
/home/runner/work/Market-Data-Collector/Market-Data-Collector/src/MarketDataCollector.Contracts/Domain/MarketDataModels.cs(56,17): warning CS1591: Missing XML comment for publicly visible type or member 'QuoteDto.BidSize' [/home/runner/work/Market-Data-Collector/Market-Data-Collector/src/MarketDataCollector.Contracts/MarketDataCollector.Contracts.csproj]
/home/runner/work/Market-Data-Collector/Market-Data-Collector/src/MarketDataCollector.Contracts/Domain/MarketDataModels.cs(59,20): warning CS1591: Missing XML comment for publicly visible type or member 'QuoteDto.AskPrice' [/home/runner/work/Market-Data-Collector/Market-Data-Collector/src/MarketDataCollector.Contracts/MarketDataCollector.Contracts.csproj]
/home/runner/work/Market-Data-Collector/Market-Data-Collector/src/MarketDataCollector.Contracts/Domain/MarketDataModels.cs(62,17): warning CS1591: Missing XML comment for publicly visible type or member 'QuoteDto.AskSize' [/home/runner/work/Market-Data-Collector/Market-Data-Collector/src/MarketDataCollector.Contracts/MarketDataCollector.Contracts.csproj]
/home/runner/work/Market-Data-Collector/Market-Data-Collector/src/MarketDataCollector.Contracts/Domain/MarketDataModels.cs(65,21): warning CS1591: Missing XML comment for publicly visible type or member 'QuoteDto.MidPrice' [/home/runner/work/Market-Data-Collector/Market-Data-Collector/src/MarketDataCollector.Contracts/MarketDataCollector.Contracts.csproj]
/home/runner/work/Market-Data-Collector/Market-Data-Collector/src/MarketDataCollector.Contracts/Domain/MarketDataModels.cs(68,21): warning CS1591: Missing XML comment for publicly visible type or member 'QuoteDto.Spread' [/home/runner/work/Market-Data-Collector/Market-Data-Collector/src/MarketDataCollector.Contracts/MarketDataCollector.Contracts.csproj]
/home/runner/work/Market-Data-Collector/Market-Data-Collector/src/MarketDataCollector.Contracts/Domain/MarketDataModels.cs(71,17): warning CS1591: Missing XML comment for publicly visible type or member 'QuoteDto.SequenceNumber' [/home/runner/work/Market-Data-Collector/Market-Data-Collector/src/MarketDataCollector.Contracts/MarketDataCollector.Contracts.csproj]
/home/runner/work/Market-Data-Collector/Market-Data-Collector/src/MarketDataCollector.Contracts/Domain/MarketDataModels.cs(74,20): warning CS1591: Missing XML comment for publicly visible type or member 'QuoteDto.StreamId' [/home/runner/work/Market-Data-Collector/Market-Data-Collector/src/MarketDataCollector.Contracts/MarketDataCollector.Contracts.csproj]
/home/runner/work/Market-Data-Collector/Market-Data-Collector/src/MarketDataCollector.Contracts/Domain/MarketDataModels.cs(77,20): warning CS1591: Missing XML comment for publicly visible type or member 'QuoteDto.Venue' [/home/runner/work/Market-Data-Collector/Market-Data-Collector/src/MarketDataCollector.Contracts/MarketDataCollector.Contracts.csproj]
/home/runner/work/Market-Data-Collector/Market-Data-Collector/src/MarketDataCollector.Contracts/Domain/MarketDataModels.cs(86,19): warning CS1591: Missing XML comment for publicly visible type or member 'OrderBookLevelDto.Side' [/home/runner/work/Market-Data-Collector/Market-Data-Collector/src/MarketDataCollector.Contracts/MarketDataCollector.Contracts.csproj]
/home/runner/work/Market-Data-Collector/Market-Data-Collector/src/MarketDataCollector.Contracts/Domain/MarketDataModels.cs(89,16): warning CS1591: Missing XML comment for publicly visible type or member 'OrderBookLevelDto.Level' [/home/runner/work/Market-Data-Collector/Market-Data-Collector/src/MarketDataCollector.Contracts/MarketDataCollector.Contracts.csproj]
/home/runner/work/Market-Data-Collector/Market-Data-Collector/src/MarketDataCollector.Contracts/Domain/MarketDataModels.cs(92,20): warning CS1591: Missing XML comment for publicly visible type or member 'OrderBookLevelDto.Price' [/home/runner/work/Market-Data-Collector/Market-Data-Collector/src/MarketDataCollector.Contracts/MarketDataCollector.Contracts.csproj]
/home/runner/work/Market-Data-Collector/Market-Data-Collector/src/MarketDataCollector.Contracts/Domain/MarketDataModels.cs(95,20): warning CS1591: Missing XML comment for publicly visible type or member 'OrderBookLevelDto.Size' [/home/runner/work/Market-Data-Collector/Market-Data-Collector/src/MarketDataCollector.Contracts/MarketDataCollector.Contracts.csproj]
/home/runner/work/Market-Data-Collector/Market-Data-Collector/src/MarketDataCollector.Contracts/Domain/MarketDataModels.cs(98,20): warning CS1591: Missing XML comment for publicly visible type or member 'OrderBookLevelDto.MarketMaker' [/home/runner/work/Market-Data-Collector/Market-Data-Collector/src/MarketDataCollector.Contracts/MarketDataCollector.Contracts.csproj]
/home/runner/work/Market-Data-Collector/Market-Data-Collector/src/MarketDataCollector.Contracts/Domain/MarketDataModels.cs(101,17): warning CS1591: Missing XML comment for publicly visible type or member 'OrderBookLevelDto.OrderCount' [/home/runner/work/Market-Data-Collector/Market-Data-Collector/src/MarketDataCollector.Contracts/MarketDataCollector.Contracts.csproj]
/home/runner/work/Market-Data-Collector/Market-Data-Collector/src/MarketDataCollector.Contracts/Domain/MarketDataModels.cs(110,27): warning CS1591: Missing XML comment for publicly visible type or member 'OrderBookSnapshotDto.Timestamp' [/home/runner/work/Market-Data-Collector/Market-Data-Collector/src/MarketDataCollector.Contracts/MarketDataCollector.Contracts.csproj]
/home/runner/work/Market-Data-Collector/Market-Data-Collector/src/MarketDataCollector.Contracts/Domain/MarketDataModels.cs(113,19): warning CS1591: Missing XML comment for publicly visible type or member 'OrderBookSnapshotDto.Symbol' [/home/runner/work/Market-Data-Collector/Market-Data-Collector/src/MarketDataCollector.Contracts/MarketDataCollector.Contracts.csproj]
/home/runner/work/Market-Data-Collector/Market-Data-Collector/src/MarketDataCollector.Contracts/Domain/MarketDataModels.cs(116,32): warning CS1591: Missing XML comment for publicly visible type or member 'OrderBookSnapshotDto.Bids' [/home/runner/work/Market-Data-Collector/Market-Data-Collector/src/MarketDataCollector.Contracts/MarketDataCollector.Contracts.csproj]
/home/runner/work/Market-Data-Collector/Market-Data-Collector/src/MarketDataCollector.Contracts/Domain/MarketDataModels.cs(119,32): warning CS1591: Missing XML comment for publicly visible type or member 'OrderBookSnapshotDto.Asks' [/home/runner/work/Market-Data-Collector/Market-Data-Collector/src/MarketDataCollector.Contracts/MarketDataCollector.Contracts.csproj]
/home/runner/work/Market-Data-Collector/Market-Data-Collector/src/MarketDataCollector.Contracts/Domain/MarketDataModels.cs(122,21): warning CS1591: Missing XML comment for publicly visible type or member 'OrderBookSnapshotDto.MidPrice' [/home/runner/work/Market-Data-Collector/Market-Data-Collector/src/MarketDataCollector.Contracts/MarketDataCollector.Contracts.csproj]
/home/runner/work/Market-Data-Collector/Market-Data-Collector/src/MarketDataCollector.Contracts/Domain/MarketDataModels.cs(125,21): warning CS1591: Missing XML comment for publicly visible type or member 'OrderBookSnapshotDto.MicroPrice' [/home/runner/work/Market-Data-Collector/Market-Data-Collector/src/MarketDataCollector.Contracts/MarketDataCollector.Contracts.csproj]
/home/runner/work/Market-Data-Collector/Market-Data-Collector/src/MarketDataCollector.Contracts/Domain/MarketDataModels.cs(128,21): warning CS1591: Missing XML comment for publicly visible type or member 'OrderBookSnapshotDto.Imbalance' [/home/runner/work/Market-Data-Collector/Market-Data-Collector/src/MarketDataCollector.Contracts/MarketDataCollector.Contracts.csproj]
/home/runner/work/Market-Data-Collector/Market-Data-Collector/src/MarketDataCollector.Contracts/Domain/MarketDataModels.cs(131,19): warning CS1591: Missing XML comment for publicly visible type or member 'OrderBookSnapshotDto.MarketState' [/home/runner/work/Market-Data-Collector/Market-Data-Collector/src/MarketDataCollector.Contracts/MarketDataCollector.Contracts.csproj]
/home/runner/work/Market-Data-Collector/Market-Data-Collector/src/MarketDataCollector.Contracts/Domain/MarketDataModels.cs(134,17): warning CS1591: Missing XML comment for publicly visible type or member 'OrderBookSnapshotDto.SequenceNumber' [/home/runner/work/Market-Data-Collector/Market-Data-Collector/src/MarketDataCollector.Contracts/MarketDataCollector.Contracts.csproj]
/home/runner/work/Market-Data-Collector/Market-Data-Collector/src/MarketDataCollector.Contracts/Domain/MarketDataModels.cs(143,27): warning CS1591: Missing XML comment for publicly visible type or member 'HistoricalBarDto.Timestamp' [/home/runner/work/Market-Data-Collector/Market-Data-Collector/src/MarketDataCollector.Contracts/MarketDataCollector.Contracts.csproj]
/home/runner/work/Market-Data-Collector/Market-Data-Collector/src/MarketDataCollector.Contracts/Domain/MarketDataModels.cs(146,19): warning CS1591: Missing XML comment for publicly visible type or member 'HistoricalBarDto.Symbol' [/home/runner/work/Market-Data-Collector/Market-Data-Collector/src/MarketDataCollector.Contracts/MarketDataCollector.Contracts.csproj]
/home/runner/work/Market-Data-Collector/Market-Data-Collector/src/MarketDataCollector.Contracts/Domain/MarketDataModels.cs(149,20): warning CS1591: Missing XML comment for publicly visible type or member 'HistoricalBarDto.Open' [/home/runner/work/Market-Data-Collector/Market-Data-Collector/src/MarketDataCollector.Contracts/MarketDataCollector.Contracts.csproj]
/home/runner/work/Market-Data-Collector/Market-Data-Collector/src/MarketDataCollector.Contracts/Domain/MarketDataModels.cs(152,20): warning CS1591: Missing XML comment for publicly visible type or member 'HistoricalBarDto.High' [/home/runner/work/Market-Data-Collector/Market-Data-Collector/src/MarketDataCollector.Contracts/MarketDataCollector.Contracts.csproj]
/home/runner/work/Market-Data-Collector/Market-Data-Collector/src/MarketDataCollector.Contracts/Domain/MarketDataModels.cs(155,20): warning CS1591: Missing XML comment for publicly visible type or member 'HistoricalBarDto.Low' [/home/runner/work/Market-Data-Collector/Market-Data-Collector/src/MarketDataCollector.Contracts/MarketDataCollector.Contracts.csproj]
/home/runner/work/Market-Data-Collector/Market-Data-Collector/src/MarketDataCollector.Contracts/Domain/MarketDataModels.cs(158,20): warning CS1591: Missing XML comment for publicly visible type or member 'HistoricalBarDto.Close' [/home/runner/work/Market-Data-Collector/Market-Data-Collector/src/MarketDataCollector.Contracts/MarketDataCollector.Contracts.csproj]
/home/runner/work/Market-Data-Collector/Market-Data-Collector/src/MarketDataCollector.Contracts/Domain/MarketDataModels.cs(161,17): warning CS1591: Missing XML comment for publicly visible type or member 'HistoricalBarDto.Volume' [/home/runner/work/Market-Data-Collector/Market-Data-Collector/src/MarketDataCollector.Contracts/MarketDataCollector.Contracts.csproj]
/home/runner/work/Market-Data-Collector/Market-Data-Collector/src/MarketDataCollector.Contracts/Domain/MarketDataModels.cs(164,21): warning CS1591: Missing XML comment for publicly visible type or member 'HistoricalBarDto.Vwap' [/home/runner/work/Market-Data-Collector/Market-Data-Collector/src/MarketDataCollector.Contracts/MarketDataCollector.Contracts.csproj]
/home/runner/work/Market-Data-Collector/Market-Data-Collector/src/MarketDataCollector.Contracts/Domain/MarketDataModels.cs(167,17): warning CS1591: Missing XML comment for publicly visible type or member 'HistoricalBarDto.TradeCount' [/home/runner/work/Market-Data-Collector/Market-Data-Collector/src/MarketDataCollector.Contracts/MarketDataCollector.Contracts.csproj]
/home/runner/work/Market-Data-Collector/Market-Data-Collector/src/MarketDataCollector.Contracts/Domain/MarketDataModels.cs(170,19): warning CS1591: Missing XML comment for publicly visible type or member 'HistoricalBarDto.Interval' [/home/runner/work/Market-Data-Collector/Market-Data-Collector/src/MarketDataCollector.Contracts/MarketDataCollector.Contracts.csproj]
/home/runner/work/Market-Data-Collector/Market-Data-Collector/src/MarketDataCollector.Contracts/Domain/MarketDataModels.cs(173,20): warning CS1591: Missing XML comment for publicly visible type or member 'HistoricalBarDto.Source' [/home/runner/work/Market-Data-Collector/Market-Data-Collector/src/MarketDataCollector.Contracts/MarketDataCollector.Contracts.csproj]
/home/runner/work/Market-Data-Collector/Market-Data-Collector/src/MarketDataCollector.Contracts/Domain/MarketDataModels.cs(176,17): warning CS1591: Missing XML comment for publicly visible type or member 'HistoricalBarDto.IsAdjusted' [/home/runner/work/Market-Data-Collector/Market-Data-Collector/src/MarketDataCollector.Contracts/MarketDataCollector.Contracts.csproj]
/home/runner/work/Market-Data-Collector/Market-Data-Collector/src/MarketDataCollector.Contracts/Domain/MarketDataModels.cs(184,25): warning CS1591: Missing XML comment for publicly visible type or member 'AggressorSideValues.Buy' [/home/runner/work/Market-Data-Collector/Market-Data-Collector/src/MarketDataCollector.Contracts/MarketDataCollector.Contracts.csproj]
/home/runner/work/Market-Data-Collector/Market-Data-Collector/src/MarketDataCollector.Contracts/Domain/MarketDataModels.cs(185,25): warning CS1591: Missing XML comment for publicly visible type or member 'AggressorSideValues.Sell' [/home/runner/work/Market-Data-Collector/Market-Data-Collector/src/MarketDataCollector.Contracts/MarketDataCollector.Contracts.csproj]
/home/runner/work/Market-Data-Collector/Market-Data-Collector/src/MarketDataCollector.Contracts/Domain/MarketDataModels.cs(186,25): warning CS1591: Missing XML comment for publicly visible type or member 'AggressorSideValues.Unknown' [/home/runner/work/Market-Data-Collector/Market-Data-Collector/src/MarketDataCollector.Contracts/MarketDataCollector.Contracts.csproj]
/home/runner/work/Market-Data-Collector/Market-Data-Collector/src/MarketDataCollector.Contracts/Domain/MarketDataModels.cs(194,25): warning CS1591: Missing XML comment for publicly visible type or member 'OrderBookSideValues.Bid' [/home/runner/work/Market-Data-Collector/Market-Data-Collector/src/MarketDataCollector.Contracts/MarketDataCollector.Contracts.csproj]
/home/runner/work/Market-Data-Collector/Market-Data-Collector/src/MarketDataCollector.Contracts/Domain/MarketDataModels.cs(195,25): warning CS1591: Missing XML comment for publicly visible type or member 'OrderBookSideValues.Ask' [/home/runner/work/Market-Data-Collector/Market-Data-Collector/src/MarketDataCollector.Contracts/MarketDataCollector.Contracts.csproj]
/home/runner/work/Market-Data-Collector/Market-Data-Collector/src/MarketDataCollector.Contracts/Domain/MarketDataModels.cs(203,25): warning CS1591: Missing XML comment for publicly visible type or member 'MarketStateValues.Normal' [/home/runner/work/Market-Data-Collector/Market-Data-Collector/src/MarketDataCollector.Contracts/MarketDataCollector.Contracts.csproj]
/home/runner/work/Market-Data-Collector/Market-Data-Collector/src/MarketDataCollector.Contracts/Domain/MarketDataModels.cs(204,25): warning CS1591: Missing XML comment for publicly visible type or member 'MarketStateValues.PreMarket' [/home/runner/work/Market-Data-Collector/Market-Data-Collector/src/MarketDataCollector.Contracts/MarketDataCollector.Contracts.csproj]
/home/runner/work/Market-Data-Collector/Market-Data-Collector/src/MarketDataCollector.Contracts/Domain/MarketDataModels.cs(205,25): warning CS1591: Missing XML comment for publicly visible type or member 'MarketStateValues.AfterHours' [/home/runner/work/Market-Data-Collector/Market-Data-Collector/src/MarketDataCollector.Contracts/MarketDataCollector.Contracts.csproj]
/home/runner/work/Market-Data-Collector/Market-Data-Collector/src/MarketDataCollector.Contracts/Domain/MarketDataModels.cs(206,25): warning CS1591: Missing XML comment for publicly visible type or member 'MarketStateValues.Closed' [/home/runner/work/Market-Data-Collector/Market-Data-Collector/src/MarketDataCollector.Contracts/MarketDataCollector.Contracts.csproj]
/home/runner/work/Market-Data-Collector/Market-Data-Collector/src/MarketDataCollector.Contracts/Domain/MarketDataModels.cs(207,25): warning CS1591: Missing XML comment for publicly visible type or member 'MarketStateValues.Halted' [/home/runner/work/Market-Data-Collector/Market-Data-Collector/src/MarketDataCollector.Contracts/MarketDataCollector.Contracts.csproj]
/home/runner/work/Market-Data-Collector/Market-Data-Collector/src/MarketDataCollector.Contracts/Domain/MarketDataModels.cs(208,25): warning CS1591: Missing XML comment for publicly visible type or member 'MarketStateValues.Auction' [/home/runner/work/Market-Data-Collector/Market-Data-Collector/src/MarketDataCollector.Contracts/MarketDataCollector.Contracts.csproj]
/home/runner/work/Market-Data-Collector/Market-Data-Collector/src/MarketDataCollector.Contracts/Domain/MarketDataModels.cs(216,25): warning CS1591: Missing XML comment for publicly visible type or member 'BarIntervalValues.Minute1' [/home/runner/work/Market-Data-Collector/Market-Data-Collector/src/MarketDataCollector.Contracts/MarketDataCollector.Contracts.csproj]
/home/runner/work/Market-Data-Collector/Market-Data-Collector/src/MarketDataCollector.Contracts/Domain/MarketDataModels.cs(217,25): warning CS1591: Missing XML comment for publicly visible type or member 'BarIntervalValues.Minute5' [/home/runner/work/Market-Data-Collector/Market-Data-Collector/src/MarketDataCollector.Contracts/MarketDataCollector.Contracts.csproj]
/home/runner/work/Market-Data-Collector/Market-Data-Collector/src/MarketDataCollector.Contracts/Domain/MarketDataModels.cs(218,25): warning CS1591: Missing XML comment for publicly visible type or member 'BarIntervalValues.Minute15' [/home/runner/work/Market-Data-Collector/Market-Data-Collector/src/MarketDataCollector.Contracts/MarketDataCollector.Contracts.csproj]
/home/runner/work/Market-Data-Collector/Market-Data-Collector/src/MarketDataCollector.Contracts/Domain/MarketDataModels.cs(219,25): warning CS1591: Missing XML comment for publicly visible type or member 'BarIntervalValues.Minute30' [/home/runner/work/Market-Data-Collector/Market-Data-Collector/src/MarketDataCollector.Contracts/MarketDataCollector.Contracts.csproj]
/home/runner/work/Market-Data-Collector/Market-Data-Collector/src/MarketDataCollector.Contracts/Domain/MarketDataModels.cs(220,25): warning CS1591: Missing XML comment for publicly visible type or member 'BarIntervalValues.Hour1' [/home/runner/work/Market-Data-Collector/Market-Data-Collector/src/MarketDataCollector.Contracts/MarketDataCollector.Contracts.csproj]
/home/runner/work/Market-Data-Collector/Market-Data-Collector/src/MarketDataCollector.Contracts/Domain/MarketDataModels.cs(221,25): warning CS1591: Missing XML comment for publicly visible type or member 'BarIntervalValues.Hour4' [/home/runner/work/Market-Data-Collector/Market-Data-Collector/src/MarketDataCollector.Contracts/MarketDataCollector.Contracts.csproj]
/home/runner/work/Market-Data-Collector/Market-Data-Collector/src/MarketDataCollector.Contracts/Domain/MarketDataModels.cs(222,25): warning CS1591: Missing XML comment for publicly visible type or member 'BarIntervalValues.Daily' [/home/runner/work/Market-Data-Collector/Market-Data-Collector/src/MarketDataCollector.Contracts/MarketDataCollector.Contracts.csproj]
/home/runner/work/Market-Data-Collector/Market-Data-Collector/src/MarketDataCollector.Contracts/Domain/MarketDataModels.cs(223,25): warning CS1591: Missing XML comment for publicly visible type or member 'BarIntervalValues.Weekly' [/home/runner/work/Market-Data-Collector/Market-Data-Collector/src/MarketDataCollector.Contracts/MarketDataCollector.Contracts.csproj]
/home/runner/work/Market-Data-Collector/Market-Data-Collector/src/MarketDataCollector.Contracts/Domain/MarketDataModels.cs(224,25): warning CS1591: Missing XML comment for publicly visible type or member 'BarIntervalValues.Monthly' [/home/runner/work/Market-Data-Collector/Market-Data-Collector/src/MarketDataCollector.Contracts/MarketDataCollector.Contracts.csproj]
/home/runner/work/Market-Data-Collector/Market-Data-Collector/src/MarketDataCollector.Contracts/Domain/MarketDataModels.cs(233,27): warning CS1591: Missing XML comment for publicly visible type or member 'IntegrityEventDto.Timestamp' [/home/runner/work/Market-Data-Collector/Market-Data-Collector/src/MarketDataCollector.Contracts/MarketDataCollector.Contracts.csproj]
/home/runner/work/Market-Data-Collector/Market-Data-Collector/src/MarketDataCollector.Contracts/Domain/MarketDataModels.cs(236,19): warning CS1591: Missing XML comment for publicly visible type or member 'IntegrityEventDto.Symbol' [/home/runner/work/Market-Data-Collector/Market-Data-Collector/src/MarketDataCollector.Contracts/MarketDataCollector.Contracts.csproj]
/home/runner/work/Market-Data-Collector/Market-Data-Collector/src/MarketDataCollector.Contracts/Domain/MarketDataModels.cs(239,19): warning CS1591: Missing XML comment for publicly visible type or member 'IntegrityEventDto.Kind' [/home/runner/work/Market-Data-Collector/Market-Data-Collector/src/MarketDataCollector.Contracts/MarketDataCollector.Contracts.csproj]
/home/runner/work/Market-Data-Collector/Market-Data-Collector/src/MarketDataCollector.Contracts/Domain/MarketDataModels.cs(242,19): warning CS1591: Missing XML comment for publicly visible type or member 'IntegrityEventDto.Severity' [/home/runner/work/Market-Data-Collector/Market-Data-Collector/src/MarketDataCollector.Contracts/MarketDataCollector.Contracts.csproj]
/home/runner/work/Market-Data-Collector/Market-Data-Collector/src/MarketDataCollector.Contracts/Domain/MarketDataModels.cs(245,20): warning CS1591: Missing XML comment for publicly visible type or member 'IntegrityEventDto.Description' [/home/runner/work/Market-Data-Collector/Market-Data-Collector/src/MarketDataCollector.Contracts/MarketDataCollector.Contracts.csproj]
/home/runner/work/Market-Data-Collector/Market-Data-Collector/src/MarketDataCollector.Contracts/Domain/MarketDataModels.cs(248,20): warning CS1591: Missing XML comment for publicly visible type or member 'IntegrityEventDto.ExpectedValue' [/home/runner/work/Market-Data-Collector/Market-Data-Collector/src/MarketDataCollector.Contracts/MarketDataCollector.Contracts.csproj]
/home/runner/work/Market-Data-Collector/Market-Data-Collector/src/MarketDataCollector.Contracts/Domain/MarketDataModels.cs(251,20): warning CS1591: Missing XML comment for publicly visible type or member 'IntegrityEventDto.ActualValue' [/home/runner/work/Market-Data-Collector/Market-Data-Collector/src/MarketDataCollector.Contracts/MarketDataCollector.Contracts.csproj]
  MarketDataCollector.Contracts -> /home/runner/work/Market-Data-Collector/Market-Data-Collector/src/MarketDataCollector.Contracts/bin/Release/net9.0/MarketDataCollector.Contracts.dll
/home/runner/work/Market-Data-Collector/Market-Data-Collector/build/dotnet/FSharpInteropGenerator/Program.cs(3,1): error CS8805: Program using top-level statements must be an executable. [/home/runner/work/Market-Data-Collector/Market-Data-Collector/build/dotnet/FSharpInteropGenerator/FSharpInteropGenerator.csproj] [/home/runner/work/Market-Data-Collector/Market-Data-Collector/src/MarketDataCollector.FSharp/MarketDataCollector.FSharp.fsproj]
  
  The build failed. Fix the build errors and run again.
/home/runner/work/Market-Data-Collector/Market-Data-Collector/src/MarketDataCollector.FSharp/MarketDataCollector.FSharp.fsproj(44,5): error MSB3073: The command "dotnet run --project "/home/runner/work/Market-Data-Collector/Market-Data-Collector/src/MarketDataCollector.FSharp/../../build/dotnet/FSharpInteropGenerator/FSharpInteropGenerator.csproj" -- --output "/home/runner/work/Market-Data-Collector/Market-Data-Collector/src/MarketDataCollector.FSharp/Generated/MarketDataCollector.FSharp.Interop.g.cs"" exited with code 1.
/home/runner/work/Market-Data-Collector/Market-Data-Collector/src/MarketDataCollector/Application/Monitoring/TickSizeValidator.cs(15,72): warning CS1570: XML comment has badly formed XML -- 'An identifier was expected.' [/home/runner/work/Market-Data-Collector/Market-Data-Collector/src/MarketDataCollector/MarketDataCollector.csproj]
/home/runner/work/Market-Data-Collector/Market-Data-Collector/src/MarketDataCollector/Application/Monitoring/TickSizeValidator.cs(15,72): warning CS1570: XML comment has badly formed XML -- '$' [/home/runner/work/Market-Data-Collector/Market-Data-Collector/src/MarketDataCollector/MarketDataCollector.csproj]
/home/runner/work/Market-Data-Collector/Market-Data-Collector/src/MarketDataCollector/Application/Monitoring/TickSizeValidator.cs(300,43): warning CS1570: XML comment has badly formed XML -- 'An identifier was expected.' [/home/runner/work/Market-Data-Collector/Market-Data-Collector/src/MarketDataCollector/MarketDataCollector.csproj]
/home/runner/work/Market-Data-Collector/Market-Data-Collector/src/MarketDataCollector/Application/Monitoring/TickSizeValidator.cs(300,43): warning CS1570: XML comment has badly formed XML -- '$' [/home/runner/work/Market-Data-Collector/Market-Data-Collector/src/MarketDataCollector/MarketDataCollector.csproj]
/home/runner/work/Market-Data-Collector/Market-Data-Collector/src/MarketDataCollector/Storage/StorageProfiles.cs(38,17): error CS8852: Init-only property or indexer 'StorageOptions.Compress' can only be assigned in an object initializer, or on 'this' or 'base' in an instance constructor or an 'init' accessor. [/home/runner/work/Market-Data-Collector/Market-Data-Collector/src/MarketDataCollector/MarketDataCollector.csproj]
/home/runner/work/Market-Data-Collector/Market-Data-Collector/src/MarketDataCollector/Storage/StorageProfiles.cs(39,17): error CS8852: Init-only property or indexer 'StorageOptions.CompressionCodec' can only be assigned in an object initializer, or on 'this' or 'base' in an instance constructor or an 'init' accessor. [/home/runner/work/Market-Data-Collector/Market-Data-Collector/src/MarketDataCollector/MarketDataCollector.csproj]
/home/runner/work/Market-Data-Collector/Market-Data-Collector/src/MarketDataCollector/Storage/StorageProfiles.cs(40,17): error CS8852: Init-only property or indexer 'StorageOptions.GenerateManifests' can only be assigned in an object initializer, or on 'this' or 'base' in an instance constructor or an 'init' accessor. [/home/runner/work/Market-Data-Collector/Market-Data-Collector/src/MarketDataCollector/MarketDataCollector.csproj]
/home/runner/work/Market-Data-Collector/Market-Data-Collector/src/MarketDataCollector/Storage/StorageProfiles.cs(41,17): error CS8852: Init-only property or indexer 'StorageOptions.PartitionStrategy' can only be assigned in an object initializer, or on 'this' or 'base' in an instance constructor or an 'init' accessor. [/home/runner/work/Market-Data-Collector/Market-Data-Collector/src/MarketDataCollector/MarketDataCollector.csproj]
/home/runner/work/Market-Data-Collector/Market-Data-Collector/src/MarketDataCollector/Storage/StorageProfiles.cs(41,121): error CS1503: Argument 3: cannot convert from 'MarketDataCollector.Storage.DatePartition' to 'MarketDataCollector.Storage.PartitionDimension?' [/home/runner/work/Market-Data-Collector/Market-Data-Collector/src/MarketDataCollector/MarketDataCollector.csproj]
/home/runner/work/Market-Data-Collector/Market-Data-Collector/src/MarketDataCollector/Storage/StorageProfiles.cs(51,17): error CS8852: Init-only property or indexer 'StorageOptions.Compress' can only be assigned in an object initializer, or on 'this' or 'base' in an instance constructor or an 'init' accessor. [/home/runner/work/Market-Data-Collector/Market-Data-Collector/src/MarketDataCollector/MarketDataCollector.csproj]
/home/runner/work/Market-Data-Collector/Market-Data-Collector/src/MarketDataCollector/Storage/StorageProfiles.cs(52,17): error CS8852: Init-only property or indexer 'StorageOptions.CompressionCodec' can only be assigned in an object initializer, or on 'this' or 'base' in an instance constructor or an 'init' accessor. [/home/runner/work/Market-Data-Collector/Market-Data-Collector/src/MarketDataCollector/MarketDataCollector.csproj]
/home/runner/work/Market-Data-Collector/Market-Data-Collector/src/MarketDataCollector/Storage/StorageProfiles.cs(53,17): error CS8852: Init-only property or indexer 'StorageOptions.GenerateManifests' can only be assigned in an object initializer, or on 'this' or 'base' in an instance constructor or an 'init' accessor. [/home/runner/work/Market-Data-Collector/Market-Data-Collector/src/MarketDataCollector/MarketDataCollector.csproj]
/home/runner/work/Market-Data-Collector/Market-Data-Collector/src/MarketDataCollector/Storage/StorageProfiles.cs(54,17): error CS8852: Init-only property or indexer 'StorageOptions.PartitionStrategy' can only be assigned in an object initializer, or on 'this' or 'base' in an instance constructor or an 'init' accessor. [/home/runner/work/Market-Data-Collector/Market-Data-Collector/src/MarketDataCollector/MarketDataCollector.csproj]
/home/runner/work/Market-Data-Collector/Market-Data-Collector/src/MarketDataCollector/Storage/StorageProfiles.cs(54,126): error CS1503: Argument 3: cannot convert from 'MarketDataCollector.Storage.DatePartition' to 'MarketDataCollector.Storage.PartitionDimension?' [/home/runner/work/Market-Data-Collector/Market-Data-Collector/src/MarketDataCollector/MarketDataCollector.csproj]
/home/runner/work/Market-Data-Collector/Market-Data-Collector/src/MarketDataCollector/Storage/StorageProfiles.cs(64,17): error CS8852: Init-only property or indexer 'StorageOptions.Compress' can only be assigned in an object initializer, or on 'this' or 'base' in an instance constructor or an 'init' accessor. [/home/runner/work/Market-Data-Collector/Market-Data-Collector/src/MarketDataCollector/MarketDataCollector.csproj]
/home/runner/work/Market-Data-Collector/Market-Data-Collector/src/MarketDataCollector/Storage/StorageProfiles.cs(65,17): error CS8852: Init-only property or indexer 'StorageOptions.CompressionCodec' can only be assigned in an object initializer, or on 'this' or 'base' in an instance constructor or an 'init' accessor. [/home/runner/work/Market-Data-Collector/Market-Data-Collector/src/MarketDataCollector/MarketDataCollector.csproj]
/home/runner/work/Market-Data-Collector/Market-Data-Collector/src/MarketDataCollector/Storage/StorageProfiles.cs(66,17): error CS8852: Init-only property or indexer 'StorageOptions.GenerateManifests' can only be assigned in an object initializer, or on 'this' or 'base' in an instance constructor or an 'init' accessor. [/home/runner/work/Market-Data-Collector/Market-Data-Collector/src/MarketDataCollector/MarketDataCollector.csproj]
/home/runner/work/Market-Data-Collector/Market-Data-Collector/src/MarketDataCollector/Storage/StorageProfiles.cs(67,17): error CS8852: Init-only property or indexer 'StorageOptions.EmbedChecksum' can only be assigned in an object initializer, or on 'this' or 'base' in an instance constructor or an 'init' accessor. [/home/runner/work/Market-Data-Collector/Market-Data-Collector/src/MarketDataCollector/MarketDataCollector.csproj]
/home/runner/work/Market-Data-Collector/Market-Data-Collector/src/MarketDataCollector/Storage/StorageProfiles.cs(68,17): error CS8852: Init-only property or indexer 'StorageOptions.RetentionDays' can only be assigned in an object initializer, or on 'this' or 'base' in an instance constructor or an 'init' accessor. [/home/runner/work/Market-Data-Collector/Market-Data-Collector/src/MarketDataCollector/MarketDataCollector.csproj]
/home/runner/work/Market-Data-Collector/Market-Data-Collector/src/MarketDataCollector/Storage/StorageProfiles.cs(69,17): error CS8852: Init-only property or indexer 'StorageOptions.MaxTotalBytes' can only be assigned in an object initializer, or on 'this' or 'base' in an instance constructor or an 'init' accessor. [/home/runner/work/Market-Data-Collector/Market-Data-Collector/src/MarketDataCollector/MarketDataCollector.csproj]
/home/runner/work/Market-Data-Collector/Market-Data-Collector/src/MarketDataCollector/Storage/StorageProfiles.cs(70,17): error CS8852: Init-only property or indexer 'StorageOptions.PartitionStrategy' can only be assigned in an object initializer, or on 'this' or 'base' in an instance constructor or an 'init' accessor. [/home/runner/work/Market-Data-Collector/Market-Data-Collector/src/MarketDataCollector/MarketDataCollector.csproj]
/home/runner/work/Market-Data-Collector/Market-Data-Collector/src/MarketDataCollector/Storage/StorageProfiles.cs(70,121): error CS1503: Argument 3: cannot convert from 'MarketDataCollector.Storage.DatePartition' to 'MarketDataCollector.Storage.PartitionDimension?' [/home/runner/work/Market-Data-Collector/Market-Data-Collector/src/MarketDataCollector/MarketDataCollector.csproj]
/home/runner/work/Market-Data-Collector/Market-Data-Collector/src/MarketDataCollector/Storage/StorageProfiles.cs(72,17): error CS8852: Init-only property or indexer 'StorageOptions.Tiering' can only be assigned in an object initializer, or on 'this' or 'base' in an instance constructor or an 'init' accessor. [/home/runner/work/Market-Data-Collector/Market-Data-Collector/src/MarketDataCollector/MarketDataCollector.csproj]
/home/runner/work/Market-Data-Collector/Market-Data-Collector/src/MarketDataCollector/Storage/Sinks/ParquetStorageSink.cs(180,25): warning CS0184: The given expression is never of the provided ('Trade') type [/home/runner/work/Market-Data-Collector/Market-Data-Collector/src/MarketDataCollector/MarketDataCollector.csproj]
/home/runner/work/Market-Data-Collector/Market-Data-Collector/src/MarketDataCollector/Storage/Sinks/ParquetStorageSink.cs(181,44): error CS0030: Cannot convert type 'MarketDataCollector.Domain.Events.MarketEventPayload' to 'MarketDataCollector.Contracts.Domain.Models.Trade' [/home/runner/work/Market-Data-Collector/Market-Data-Collector/src/MarketDataCollector/MarketDataCollector.csproj]
/home/runner/work/Market-Data-Collector/Market-Data-Collector/src/MarketDataCollector/Storage/Sinks/ParquetStorageSink.cs(181,44): warning CS8600: Converting null literal or possible null value to non-nullable type. [/home/runner/work/Market-Data-Collector/Market-Data-Collector/src/MarketDataCollector/MarketDataCollector.csproj]
/home/runner/work/Market-Data-Collector/Market-Data-Collector/src/MarketDataCollector/Storage/Sinks/ParquetStorageSink.cs(202,25): warning CS0184: The given expression is never of the provided ('BboQuotePayload') type [/home/runner/work/Market-Data-Collector/Market-Data-Collector/src/MarketDataCollector/MarketDataCollector.csproj]
/home/runner/work/Market-Data-Collector/Market-Data-Collector/src/MarketDataCollector/Storage/Sinks/ParquetStorageSink.cs(203,44): error CS0030: Cannot convert type 'MarketDataCollector.Domain.Events.MarketEventPayload' to 'MarketDataCollector.Contracts.Domain.Models.BboQuotePayload' [/home/runner/work/Market-Data-Collector/Market-Data-Collector/src/MarketDataCollector/MarketDataCollector.csproj]
/home/runner/work/Market-Data-Collector/Market-Data-Collector/src/MarketDataCollector/Storage/Sinks/ParquetStorageSink.cs(203,44): warning CS8600: Converting null literal or possible null value to non-nullable type. [/home/runner/work/Market-Data-Collector/Market-Data-Collector/src/MarketDataCollector/MarketDataCollector.csproj]
/home/runner/work/Market-Data-Collector/Market-Data-Collector/src/MarketDataCollector/Storage/Sinks/ParquetStorageSink.cs(249,9): error CS8121: An expression of type 'MarketEventPayload' cannot be handled by a pattern of type 'L2SnapshotPayload'. [/home/runner/work/Market-Data-Collector/Market-Data-Collector/src/MarketDataCollector/MarketDataCollector.csproj]
/home/runner/work/Market-Data-Collector/Market-Data-Collector/src/MarketDataCollector/Storage/Sinks/ParquetStorageSink.cs(250,9): error CS8121: An expression of type 'MarketEventPayload' cannot be handled by a pattern of type 'LOBSnapshot'. [/home/runner/work/Market-Data-Collector/Market-Data-Collector/src/MarketDataCollector/MarketDataCollector.csproj]
/home/runner/work/Market-Data-Collector/Market-Data-Collector/src/MarketDataCollector/Storage/Sinks/ParquetStorageSink.cs(264,25): warning CS0184: The given expression is never of the provided ('HistoricalBar') type [/home/runner/work/Market-Data-Collector/Market-Data-Collector/src/MarketDataCollector/MarketDataCollector.csproj]
/home/runner/work/Market-Data-Collector/Market-Data-Collector/src/MarketDataCollector/Storage/Sinks/ParquetStorageSink.cs(265,42): error CS0030: Cannot convert type 'MarketDataCollector.Domain.Events.MarketEventPayload' to 'MarketDataCollector.Contracts.Domain.Models.HistoricalBar' [/home/runner/work/Market-Data-Collector/Market-Data-Collector/src/MarketDataCollector/MarketDataCollector.csproj]
/home/runner/work/Market-Data-Collector/Market-Data-Collector/src/MarketDataCollector/Storage/Sinks/ParquetStorageSink.cs(265,42): warning CS8600: Converting null literal or possible null value to non-nullable type. [/home/runner/work/Market-Data-Collector/Market-Data-Collector/src/MarketDataCollector/MarketDataCollector.csproj]
/home/runner/work/Market-Data-Collector/Market-Data-Collector/src/MarketDataCollector/Storage/Services/TierMigrationService.cs(95,38): warning CS1998: This async method lacks 'await' operators and will run synchronously. Consider using the 'await' operator to await non-blocking API calls, or 'await Task.Run(...)' to do CPU-bound work on a background thread. [/home/runner/work/Market-Data-Collector/Market-Data-Collector/src/MarketDataCollector/MarketDataCollector.csproj]
/home/runner/work/Market-Data-Collector/Market-Data-Collector/src/MarketDataCollector/Infrastructure/DataSources/DataSourceConfiguration.cs(30,63): error CS7036: There is no argument given that corresponds to the required parameter 'CanonicalSymbol' of 'SymbolMappingConfig.SymbolMappingConfig(string, string?, string?, string?, string?, string?, string?)' [/home/runner/work/Market-Data-Collector/Market-Data-Collector/src/MarketDataCollector/MarketDataCollector.csproj]
/home/runner/work/Market-Data-Collector/Market-Data-Collector/src/MarketDataCollector/Storage/Services/TierMigrationService.cs(174,39): warning CS1998: This async method lacks 'await' operators and will run synchronously. Consider using the 'await' operator to await non-blocking API calls, or 'await Task.Run(...)' to do CPU-bound work on a background thread. [/home/runner/work/Market-Data-Collector/Market-Data-Collector/src/MarketDataCollector/MarketDataCollector.csproj]
/home/runner/work/Market-Data-Collector/Market-Data-Collector/src/MarketDataCollector/Infrastructure/Utilities/HttpResponseHandler.cs(64,41): warning CS1998: This async method lacks 'await' operators and will run synchronously. Consider using the 'await' operator to await non-blocking API calls, or 'await Task.Run(...)' to do CPU-bound work on a background thread. [/home/runner/work/Market-Data-Collector/Market-Data-Collector/src/MarketDataCollector/MarketDataCollector.csproj]
/home/runner/work/Market-Data-Collector/Market-Data-Collector/src/MarketDataCollector/Infrastructure/Providers/Historical/YahooFinance/YahooFinanceHistoricalDataProvider.cs(103,36): error CS0103: The name 'ResponseHandler' does not exist in the current context [/home/runner/work/Market-Data-Collector/Market-Data-Collector/src/MarketDataCollector/MarketDataCollector.csproj]
/home/runner/work/Market-Data-Collector/Market-Data-Collector/src/MarketDataCollector/Infrastructure/Shared/WebSocketProviderBase.cs(456,24): warning CS1998: This async method lacks 'await' operators and will run synchronously. Consider using the 'await' operator to await non-blocking API calls, or 'await Task.Run(...)' to do CPU-bound work on a background thread. [/home/runner/work/Market-Data-Collector/Market-Data-Collector/src/MarketDataCollector/MarketDataCollector.csproj]
/home/runner/work/Market-Data-Collector/Market-Data-Collector/src/MarketDataCollector/Application/Http/UiServer.cs(280,35): error CS1729: 'BackfillRequest' does not contain a constructor that takes 4 arguments [/home/runner/work/Market-Data-Collector/Market-Data-Collector/src/MarketDataCollector/MarketDataCollector.csproj]
/home/runner/work/Market-Data-Collector/Market-Data-Collector/src/MarketDataCollector/Application/Http/UiServer.cs(286,54): error CS1503: Argument 1: cannot convert from 'MarketDataCollector.Contracts.Api.BackfillRequest' to 'MarketDataCollector.Application.Backfill.BackfillRequest' [/home/runner/work/Market-Data-Collector/Market-Data-Collector/src/MarketDataCollector/MarketDataCollector.csproj]
/home/runner/work/Market-Data-Collector/Market-Data-Collector/src/MarketDataCollector/Infrastructure/Providers/Historical/Stooq/StooqHistoricalDataProvider.cs(62,36): error CS0103: The name 'ResponseHandler' does not exist in the current context [/home/runner/work/Market-Data-Collector/Market-Data-Collector/src/MarketDataCollector/MarketDataCollector.csproj]
/home/runner/work/Market-Data-Collector/Market-Data-Collector/src/MarketDataCollector/Application/Http/UiServer.cs(352,52): error CS0246: The type or namespace name 'IStorageSearchService' could not be found (are you missing a using directive or an assembly reference?) [/home/runner/work/Market-Data-Collector/Market-Data-Collector/src/MarketDataCollector/MarketDataCollector.csproj]
/home/runner/work/Market-Data-Collector/Market-Data-Collector/src/MarketDataCollector/Application/Http/UiServer.cs(365,58): error CS0246: The type or namespace name 'IStorageSearchService' could not be found (are you missing a using directive or an assembly reference?) [/home/runner/work/Market-Data-Collector/Market-Data-Collector/src/MarketDataCollector/MarketDataCollector.csproj]
/home/runner/work/Market-Data-Collector/Market-Data-Collector/src/MarketDataCollector/Application/Http/UiServer.cs(391,60): error CS0246: The type or namespace name 'IStorageSearchService' could not be found (are you missing a using directive or an assembly reference?) [/home/runner/work/Market-Data-Collector/Market-Data-Collector/src/MarketDataCollector/MarketDataCollector.csproj]
/home/runner/work/Market-Data-Collector/Market-Data-Collector/src/MarketDataCollector/Application/Http/UiServer.cs(412,54): error CS0246: The type or namespace name 'IStorageSearchService' could not be found (are you missing a using directive or an assembly reference?) [/home/runner/work/Market-Data-Collector/Market-Data-Collector/src/MarketDataCollector/MarketDataCollector.csproj]
/home/runner/work/Market-Data-Collector/Market-Data-Collector/src/MarketDataCollector/Application/Http/UiServer.cs(428,59): error CS0246: The type or namespace name 'IStorageSearchService' could not be found (are you missing a using directive or an assembly reference?) [/home/runner/work/Market-Data-Collector/Market-Data-Collector/src/MarketDataCollector/MarketDataCollector.csproj]
/home/runner/work/Market-Data-Collector/Market-Data-Collector/src/MarketDataCollector/Application/Http/UiServer.cs(444,58): error CS0246: The type or namespace name 'IFileMaintenanceService' could not be found (are you missing a using directive or an assembly reference?) [/home/runner/work/Market-Data-Collector/Market-Data-Collector/src/MarketDataCollector/MarketDataCollector.csproj]
/home/runner/work/Market-Data-Collector/Market-Data-Collector/src/MarketDataCollector/Application/Http/UiServer.cs(464,59): error CS0246: The type or namespace name 'IFileMaintenanceService' could not be found (are you missing a using directive or an assembly reference?) [/home/runner/work/Market-Data-Collector/Market-Data-Collector/src/MarketDataCollector/MarketDataCollector.csproj]
/home/runner/work/Market-Data-Collector/Market-Data-Collector/src/MarketDataCollector/Application/Http/UiServer.cs(477,64): error CS0246: The type or namespace name 'IFileMaintenanceService' could not be found (are you missing a using directive or an assembly reference?) [/home/runner/work/Market-Data-Collector/Market-Data-Collector/src/MarketDataCollector/MarketDataCollector.csproj]
/home/runner/work/Market-Data-Collector/Market-Data-Collector/src/MarketDataCollector/Application/Http/UiServer.cs(497,64): error CS0246: The type or namespace name 'IFileMaintenanceService' could not be found (are you missing a using directive or an assembly reference?) [/home/runner/work/Market-Data-Collector/Market-Data-Collector/src/MarketDataCollector/MarketDataCollector.csproj]
/home/runner/work/Market-Data-Collector/Market-Data-Collector/src/MarketDataCollector/Application/Http/UiServer.cs(517,59): error CS0246: The type or namespace name 'IDataQualityService' could not be found (are you missing a using directive or an assembly reference?) [/home/runner/work/Market-Data-Collector/Market-Data-Collector/src/MarketDataCollector/MarketDataCollector.csproj]
/home/runner/work/Market-Data-Collector/Market-Data-Collector/src/MarketDataCollector/Application/Http/UiServer.cs(530,60): error CS0246: The type or namespace name 'IDataQualityService' could not be found (are you missing a using directive or an assembly reference?) [/home/runner/work/Market-Data-Collector/Market-Data-Collector/src/MarketDataCollector/MarketDataCollector.csproj]
/home/runner/work/Market-Data-Collector/Market-Data-Collector/src/MarketDataCollector/Application/Http/UiServer.cs(550,59): error CS0246: The type or namespace name 'IDataQualityService' could not be found (are you missing a using directive or an assembly reference?) [/home/runner/work/Market-Data-Collector/Market-Data-Collector/src/MarketDataCollector/MarketDataCollector.csproj]
/home/runner/work/Market-Data-Collector/Market-Data-Collector/src/MarketDataCollector/Application/Http/UiServer.cs(563,69): error CS0246: The type or namespace name 'IDataQualityService' could not be found (are you missing a using directive or an assembly reference?) [/home/runner/work/Market-Data-Collector/Market-Data-Collector/src/MarketDataCollector/MarketDataCollector.csproj]
/home/runner/work/Market-Data-Collector/Market-Data-Collector/src/MarketDataCollector/Application/Http/UiServer.cs(579,67): error CS0246: The type or namespace name 'IDataQualityService' could not be found (are you missing a using directive or an assembly reference?) [/home/runner/work/Market-Data-Collector/Market-Data-Collector/src/MarketDataCollector/MarketDataCollector.csproj]
/home/runner/work/Market-Data-Collector/Market-Data-Collector/src/MarketDataCollector/Application/Http/UiServer.cs(595,61): error CS0246: The type or namespace name 'ITierMigrationService' could not be found (are you missing a using directive or an assembly reference?) [/home/runner/work/Market-Data-Collector/Market-Data-Collector/src/MarketDataCollector/MarketDataCollector.csproj]
/home/runner/work/Market-Data-Collector/Market-Data-Collector/src/MarketDataCollector/Application/Http/UiServer.cs(608,56): error CS0246: The type or namespace name 'ITierMigrationService' could not be found (are you missing a using directive or an assembly reference?) [/home/runner/work/Market-Data-Collector/Market-Data-Collector/src/MarketDataCollector/MarketDataCollector.csproj]
/home/runner/work/Market-Data-Collector/Market-Data-Collector/src/MarketDataCollector/Application/Http/UiServer.cs(621,59): error CS0246: The type or namespace name 'ITierMigrationService' could not be found (are you missing a using directive or an assembly reference?) [/home/runner/work/Market-Data-Collector/Market-Data-Collector/src/MarketDataCollector/MarketDataCollector.csproj]
/home/runner/work/Market-Data-Collector/Market-Data-Collector/src/MarketDataCollector/Application/Http/UiServer.cs(643,51): error CS0246: The type or namespace name 'ITierMigrationService' could not be found (are you missing a using directive or an assembly reference?) [/home/runner/work/Market-Data-Collector/Market-Data-Collector/src/MarketDataCollector/MarketDataCollector.csproj]
/home/runner/work/Market-Data-Collector/Market-Data-Collector/src/MarketDataCollector/Application/Http/UiServer.cs(658,46): error CS0246: The type or namespace name 'ISourceRegistry' could not be found (are you missing a using directive or an assembly reference?) [/home/runner/work/Market-Data-Collector/Market-Data-Collector/src/MarketDataCollector/MarketDataCollector.csproj]
/home/runner/work/Market-Data-Collector/Market-Data-Collector/src/MarketDataCollector/Application/Http/UiServer.cs(671,57): error CS0246: The type or namespace name 'ISourceRegistry' could not be found (are you missing a using directive or an assembly reference?) [/home/runner/work/Market-Data-Collector/Market-Data-Collector/src/MarketDataCollector/MarketDataCollector.csproj]
/home/runner/work/Market-Data-Collector/Market-Data-Collector/src/MarketDataCollector/Application/Http/UiServer.cs(686,47): error CS0246: The type or namespace name 'ISourceRegistry' could not be found (are you missing a using directive or an assembly reference?) [/home/runner/work/Market-Data-Collector/Market-Data-Collector/src/MarketDataCollector/MarketDataCollector.csproj]
/home/runner/work/Market-Data-Collector/Market-Data-Collector/src/MarketDataCollector/Application/Http/UiServer.cs(686,73): error CS0246: The type or namespace name 'SourceInfo' could not be found (are you missing a using directive or an assembly reference?) [/home/runner/work/Market-Data-Collector/Market-Data-Collector/src/MarketDataCollector/MarketDataCollector.csproj]
/home/runner/work/Market-Data-Collector/Market-Data-Collector/src/MarketDataCollector/Application/Http/UiServer.cs(699,55): error CS0246: The type or namespace name 'ISourceRegistry' could not be found (are you missing a using directive or an assembly reference?) [/home/runner/work/Market-Data-Collector/Market-Data-Collector/src/MarketDataCollector/MarketDataCollector.csproj]
/home/runner/work/Market-Data-Collector/Market-Data-Collector/src/MarketDataCollector/Application/Http/UiServer.cs(712,55): error CS0246: The type or namespace name 'ISourceRegistry' could not be found (are you missing a using directive or an assembly reference?) [/home/runner/work/Market-Data-Collector/Market-Data-Collector/src/MarketDataCollector/MarketDataCollector.csproj]
/home/runner/work/Market-Data-Collector/Market-Data-Collector/src/MarketDataCollector/Application/Http/UiServer.cs(727,56): error CS0246: The type or namespace name 'ISourceRegistry' could not be found (are you missing a using directive or an assembly reference?) [/home/runner/work/Market-Data-Collector/Market-Data-Collector/src/MarketDataCollector/MarketDataCollector.csproj]
/home/runner/work/Market-Data-Collector/Market-Data-Collector/src/MarketDataCollector/Application/Http/UiServer.cs(727,82): error CS0246: The type or namespace name 'SymbolInfo' could not be found (are you missing a using directive or an assembly reference?) [/home/runner/work/Market-Data-Collector/Market-Data-Collector/src/MarketDataCollector/MarketDataCollector.csproj]
/home/runner/work/Market-Data-Collector/Market-Data-Collector/src/MarketDataCollector/Application/Http/UiServer.cs(740,62): error CS0246: The type or namespace name 'ISourceRegistry' could not be found (are you missing a using directive or an assembly reference?) [/home/runner/work/Market-Data-Collector/Market-Data-Collector/src/MarketDataCollector/MarketDataCollector.csproj]
/home/runner/work/Market-Data-Collector/Market-Data-Collector/src/MarketDataCollector/Application/Http/UiServer.cs(756,13): error CS0246: The type or namespace name 'IStorageSearchService' could not be found (are you missing a using directive or an assembly reference?) [/home/runner/work/Market-Data-Collector/Market-Data-Collector/src/MarketDataCollector/MarketDataCollector.csproj]
/home/runner/work/Market-Data-Collector/Market-Data-Collector/src/MarketDataCollector/Application/Http/UiServer.cs(757,13): error CS0246: The type or namespace name 'IDataQualityService' could not be found (are you missing a using directive or an assembly reference?) [/home/runner/work/Market-Data-Collector/Market-Data-Collector/src/MarketDataCollector/MarketDataCollector.csproj]
/home/runner/work/Market-Data-Collector/Market-Data-Collector/src/MarketDataCollector/Application/Http/UiServer.cs(758,13): error CS0246: The type or namespace name 'ITierMigrationService' could not be found (are you missing a using directive or an assembly reference?) [/home/runner/work/Market-Data-Collector/Market-Data-Collector/src/MarketDataCollector/MarketDataCollector.csproj]
/home/runner/work/Market-Data-Collector/Market-Data-Collector/src/MarketDataCollector/Application/Config/ConfigurationPipeline.cs(60,69): error CS1503: Argument 4: cannot convert from 'MarketDataCollector.Application.Config.ConfigurationOrigin' to 'MarketDataCollector.Application.Config.ConfigurationSource' [/home/runner/work/Market-Data-Collector/Market-Data-Collector/src/MarketDataCollector/MarketDataCollector.csproj]
/home/runner/work/Market-Data-Collector/Market-Data-Collector/src/MarketDataCollector/Application/Config/ConfigurationPipeline.cs(82,59): error CS1503: Argument 4: cannot convert from 'MarketDataCollector.Application.Config.ConfigurationOrigin' to 'MarketDataCollector.Application.Config.ConfigurationSource' [/home/runner/work/Market-Data-Collector/Market-Data-Collector/src/MarketDataCollector/MarketDataCollector.csproj]
/home/runner/work/Market-Data-Collector/Market-Data-Collector/src/MarketDataCollector/Application/Config/ConfigurationPipeline.cs(94,32): error CS1061: 'WizardResult' does not contain a definition for 'Message' and no accessible extension method 'Message' accepting a first argument of type 'WizardResult' could be found (are you missing a using directive or an assembly reference?) [/home/runner/work/Market-Data-Collector/Market-Data-Collector/src/MarketDataCollector/MarketDataCollector.csproj]
/home/runner/work/Market-Data-Collector/Market-Data-Collector/src/MarketDataCollector/Application/Config/ConfigurationPipeline.cs(101,79): error CS1503: Argument 4: cannot convert from 'MarketDataCollector.Application.Config.ConfigurationOrigin' to 'MarketDataCollector.Application.Config.ConfigurationSource' [/home/runner/work/Market-Data-Collector/Market-Data-Collector/src/MarketDataCollector/MarketDataCollector.csproj]
/home/runner/work/Market-Data-Collector/Market-Data-Collector/src/MarketDataCollector/Application/Config/ConfigurationPipeline.cs(118,75): error CS1503: Argument 4: cannot convert from 'MarketDataCollector.Application.Config.ConfigurationOrigin' to 'MarketDataCollector.Application.Config.ConfigurationSource' [/home/runner/work/Market-Data-Collector/Market-Data-Collector/src/MarketDataCollector/MarketDataCollector.csproj]
/home/runner/work/Market-Data-Collector/Market-Data-Collector/src/MarketDataCollector/Application/Config/ConfigurationPipeline.cs(123,65): error CS1061: 'AutoConfigurationService.AutoConfigResult' does not contain a definition for 'AppliedChanges' and no accessible extension method 'AppliedChanges' accepting a first argument of type 'AutoConfigurationService.AutoConfigResult' could be found (are you missing a using directive or an assembly reference?) [/home/runner/work/Market-Data-Collector/Market-Data-Collector/src/MarketDataCollector/MarketDataCollector.csproj]
/home/runner/work/Market-Data-Collector/Market-Data-Collector/src/MarketDataCollector/Application/Config/ConfigurationPipeline.cs(136,65): error CS1503: Argument 4: cannot convert from 'MarketDataCollector.Application.Config.ConfigurationOrigin' to 'MarketDataCollector.Application.Config.ConfigurationSource' [/home/runner/work/Market-Data-Collector/Market-Data-Collector/src/MarketDataCollector/MarketDataCollector.csproj]
/home/runner/work/Market-Data-Collector/Market-Data-Collector/src/MarketDataCollector/Application/Config/ConfigurationPipeline.cs(242,17): error CS1503: Argument 8: cannot convert from 'MarketDataCollector.Application.Config.ConfigurationSource' to 'MarketDataCollector.Application.Config.ConfigurationOrigin' [/home/runner/work/Market-Data-Collector/Market-Data-Collector/src/MarketDataCollector/MarketDataCollector.csproj]
/home/runner/work/Market-Data-Collector/Market-Data-Collector/src/MarketDataCollector/Application/Config/ConfigurationPipeline.cs(251,17): error CS1503: Argument 4: cannot convert from 'MarketDataCollector.Application.Config.ConfigurationSource' to 'MarketDataCollector.Application.Config.ConfigurationOrigin' [/home/runner/work/Market-Data-Collector/Market-Data-Collector/src/MarketDataCollector/MarketDataCollector.csproj]
/home/runner/work/Market-Data-Collector/Market-Data-Collector/src/MarketDataCollector/Domain/Events/MarketEvent.cs(19,51): error CS1503: Argument 4: cannot convert from 'MarketDataCollector.Contracts.Domain.Models.Trade' to 'MarketDataCollector.Domain.Events.MarketEventPayload?' [/home/runner/work/Market-Data-Collector/Market-Data-Collector/src/MarketDataCollector/MarketDataCollector.csproj]
/home/runner/work/Market-Data-Collector/Market-Data-Collector/src/MarketDataCollector/Domain/Events/MarketEvent.cs(22,56): error CS1503: Argument 4: cannot convert from 'MarketDataCollector.Contracts.Domain.Models.LOBSnapshot' to 'MarketDataCollector.Domain.Events.MarketEventPayload?' [/home/runner/work/Market-Data-Collector/Market-Data-Collector/src/MarketDataCollector/MarketDataCollector.csproj]
/home/runner/work/Market-Data-Collector/Market-Data-Collector/src/MarketDataCollector/Domain/Events/MarketEvent.cs(25,54): error CS1503: Argument 4: cannot convert from 'MarketDataCollector.Contracts.Domain.Models.BboQuotePayload' to 'MarketDataCollector.Domain.Events.MarketEventPayload?' [/home/runner/work/Market-Data-Collector/Market-Data-Collector/src/MarketDataCollector/MarketDataCollector.csproj]
/home/runner/work/Market-Data-Collector/Market-Data-Collector/src/MarketDataCollector/Domain/Events/MarketEvent.cs(28,56): error CS1503: Argument 4: cannot convert from 'MarketDataCollector.Contracts.Domain.Models.L2SnapshotPayload' to 'MarketDataCollector.Domain.Events.MarketEventPayload?' [/home/runner/work/Market-Data-Collector/Market-Data-Collector/src/MarketDataCollector/MarketDataCollector.csproj]
/home/runner/work/Market-Data-Collector/Market-Data-Collector/src/MarketDataCollector/Domain/Events/MarketEvent.cs(31,55): error CS1503: Argument 4: cannot convert from 'MarketDataCollector.Contracts.Domain.Models.OrderFlowStatistics' to 'MarketDataCollector.Domain.Events.MarketEventPayload?' [/home/runner/work/Market-Data-Collector/Market-Data-Collector/src/MarketDataCollector/MarketDataCollector.csproj]
/home/runner/work/Market-Data-Collector/Market-Data-Collector/src/MarketDataCollector/Domain/Events/MarketEvent.cs(34,55): error CS1503: Argument 4: cannot convert from 'MarketDataCollector.Contracts.Domain.Models.IntegrityEvent' to 'MarketDataCollector.Domain.Events.MarketEventPayload?' [/home/runner/work/Market-Data-Collector/Market-Data-Collector/src/MarketDataCollector/MarketDataCollector.csproj]
/home/runner/work/Market-Data-Collector/Market-Data-Collector/src/MarketDataCollector/Domain/Events/MarketEvent.cs(37,55): error CS1503: Argument 4: cannot convert from 'MarketDataCollector.Contracts.Domain.Models.DepthIntegrityEvent' to 'MarketDataCollector.Domain.Events.MarketEventPayload?' [/home/runner/work/Market-Data-Collector/Market-Data-Collector/src/MarketDataCollector/MarketDataCollector.csproj]
/home/runner/work/Market-Data-Collector/Market-Data-Collector/src/MarketDataCollector/Domain/Events/MarketEvent.cs(43,59): error CS1503: Argument 4: cannot convert from 'MarketDataCollector.Contracts.Domain.Models.HistoricalBar' to 'MarketDataCollector.Domain.Events.MarketEventPayload?' [/home/runner/work/Market-Data-Collector/Market-Data-Collector/src/MarketDataCollector/MarketDataCollector.csproj]
/home/runner/work/Market-Data-Collector/Market-Data-Collector/src/MarketDataCollector/Infrastructure/Providers/Core/ProviderTemplate.cs(157,9): error CS0104: 'RateLimitInfo' is an ambiguous reference between 'MarketDataCollector.Infrastructure.Providers.Backfill.RateLimitInfo' and 'MarketDataCollector.Contracts.Api.RateLimitInfo' [/home/runner/work/Market-Data-Collector/Market-Data-Collector/src/MarketDataCollector/MarketDataCollector.csproj]
/home/runner/work/Market-Data-Collector/Market-Data-Collector/src/MarketDataCollector/Infrastructure/Providers/Core/ProviderTemplate.cs(160,29): error CS0104: 'RateLimitInfo' is an ambiguous reference between 'MarketDataCollector.Infrastructure.Providers.Backfill.RateLimitInfo' and 'MarketDataCollector.Contracts.Api.RateLimitInfo' [/home/runner/work/Market-Data-Collector/Market-Data-Collector/src/MarketDataCollector/MarketDataCollector.csproj]
/home/runner/work/Market-Data-Collector/Market-Data-Collector/src/MarketDataCollector/Application/Subscriptions/Services/IndexSubscriptionService.cs(55,41): warning CS1998: This async method lacks 'await' operators and will run synchronously. Consider using the 'await' operator to await non-blocking API calls, or 'await Task.Run(...)' to do CPU-bound work on a background thread. [/home/runner/work/Market-Data-Collector/Market-Data-Collector/src/MarketDataCollector/MarketDataCollector.csproj]
/home/runner/work/Market-Data-Collector/Market-Data-Collector/src/MarketDataCollector/Domain/Collectors/TradeDataCollector.cs(77,44): error CS0117: 'IntegrityEvent' does not contain a definition for 'InvalidSymbol' [/home/runner/work/Market-Data-Collector/Market-Data-Collector/src/MarketDataCollector/MarketDataCollector.csproj]
/home/runner/work/Market-Data-Collector/Market-Data-Collector/src/MarketDataCollector/Domain/Collectors/TradeDataCollector.cs(93,44): error CS0117: 'IntegrityEvent' does not contain a definition for 'InvalidSequenceNumber' [/home/runner/work/Market-Data-Collector/Market-Data-Collector/src/MarketDataCollector/MarketDataCollector.csproj]
/home/runner/work/Market-Data-Collector/Market-Data-Collector/src/MarketDataCollector/Domain/Collectors/TradeDataCollector.cs(162,17): warning CS8602: Dereference of a possibly null reference. [/home/runner/work/Market-Data-Collector/Market-Data-Collector/src/MarketDataCollector/MarketDataCollector.csproj]
/home/runner/work/Market-Data-Collector/Market-Data-Collector/src/MarketDataCollector/Domain/Collectors/QuoteCollector.cs(50,39): error CS0117: 'BboQuotePayload' does not contain a definition for 'FromUpdate' [/home/runner/work/Market-Data-Collector/Market-Data-Collector/src/MarketDataCollector/MarketDataCollector.csproj]
/home/runner/work/Market-Data-Collector/Market-Data-Collector/src/MarketDataCollector/Storage/Services/MaintenanceScheduler.cs(42,41): warning CS1998: This async method lacks 'await' operators and will run synchronously. Consider using the 'await' operator to await non-blocking API calls, or 'await Task.Run(...)' to do CPU-bound work on a background thread. [/home/runner/work/Market-Data-Collector/Market-Data-Collector/src/MarketDataCollector/MarketDataCollector.csproj]
/home/runner/work/Market-Data-Collector/Market-Data-Collector/src/MarketDataCollector/Storage/Packaging/PortableDataPackager.cs(341,46): warning CS1998: This async method lacks 'await' operators and will run synchronously. Consider using the 'await' operator to await non-blocking API calls, or 'await Task.Run(...)' to do CPU-bound work on a background thread. [/home/runner/work/Market-Data-Collector/Market-Data-Collector/src/MarketDataCollector/MarketDataCollector.csproj]
/home/runner/work/Market-Data-Collector/Market-Data-Collector/src/MarketDataCollector/Storage/Services/DataQualityService.cs(271,37): warning CS1998: This async method lacks 'await' operators and will run synchronously. Consider using the 'await' operator to await non-blocking API calls, or 'await Task.Run(...)' to do CPU-bound work on a background thread. [/home/runner/work/Market-Data-Collector/Market-Data-Collector/src/MarketDataCollector/MarketDataCollector.csproj]
/home/runner/work/Market-Data-Collector/Market-Data-Collector/src/MarketDataCollector/Storage/Services/FileMaintenanceService.cs(266,37): warning CS1998: This async method lacks 'await' operators and will run synchronously. Consider using the 'await' operator to await non-blocking API calls, or 'await Task.Run(...)' to do CPU-bound work on a background thread. [/home/runner/work/Market-Data-Collector/Market-Data-Collector/src/MarketDataCollector/MarketDataCollector.csproj]
/home/runner/work/Market-Data-Collector/Market-Data-Collector/src/MarketDataCollector/Storage/Services/DataQualityService.cs(343,57): warning CS1998: This async method lacks 'await' operators and will run synchronously. Consider using the 'await' operator to await non-blocking API calls, or 'await Task.Run(...)' to do CPU-bound work on a background thread. [/home/runner/work/Market-Data-Collector/Market-Data-Collector/src/MarketDataCollector/MarketDataCollector.csproj]
/home/runner/work/Market-Data-Collector/Market-Data-Collector/src/MarketDataCollector/Integrations/Lean/MarketDataCollectorTradeData.cs(83,25): error CS0039: Cannot convert type 'MarketDataCollector.Domain.Events.MarketEventPayload' to 'MarketDataCollector.Contracts.Domain.Models.Trade' via a reference conversion, boxing conversion, unboxing conversion, wrapping conversion, or null type conversion [/home/runner/work/Market-Data-Collector/Market-Data-Collector/src/MarketDataCollector/MarketDataCollector.csproj]
/home/runner/work/Market-Data-Collector/Market-Data-Collector/src/MarketDataCollector/Storage/Maintenance/ScheduledArchiveMaintenanceService.cs(660,43): warning CS1998: This async method lacks 'await' operators and will run synchronously. Consider using the 'await' operator to await non-blocking API calls, or 'await Task.Run(...)' to do CPU-bound work on a background thread. [/home/runner/work/Market-Data-Collector/Market-Data-Collector/src/MarketDataCollector/MarketDataCollector.csproj]
/home/runner/work/Market-Data-Collector/Market-Data-Collector/src/MarketDataCollector/Storage/Packaging/PortableDataPackager.cs(938,38): warning CS1998: This async method lacks 'await' operators and will run synchronously. Consider using the 'await' operator to await non-blocking API calls, or 'await Task.Run(...)' to do CPU-bound work on a background thread. [/home/runner/work/Market-Data-Collector/Market-Data-Collector/src/MarketDataCollector/MarketDataCollector.csproj]
/home/runner/work/Market-Data-Collector/Market-Data-Collector/src/MarketDataCollector/Program.cs(449,29): error CS0136: A local or parameter named 'uiServer' cannot be declared in this scope because that name is used in an enclosing local scope to define a local or parameter [/home/runner/work/Market-Data-Collector/Market-Data-Collector/src/MarketDataCollector/MarketDataCollector.csproj]
/home/runner/work/Market-Data-Collector/Market-Data-Collector/src/MarketDataCollector/Program.cs(739,82): error CS0234: The type or namespace name 'AggressorSide' does not exist in the namespace 'MarketDataCollector.Domain.Models' (are you missing an assembly reference?) [/home/runner/work/Market-Data-Collector/Market-Data-Collector/src/MarketDataCollector/MarketDataCollector.csproj]
/home/runner/work/Market-Data-Collector/Market-Data-Collector/src/MarketDataCollector/Storage/Export/AnalysisExportService.cs(162,16): error CS9176: There is no target type for the collection expression. [/home/runner/work/Market-Data-Collector/Market-Data-Collector/src/MarketDataCollector/MarketDataCollector.csproj]
/home/runner/work/Market-Data-Collector/Market-Data-Collector/src/MarketDataCollector/Infrastructure/Providers/Historical/Queue/BackfillRequestQueue.cs(205,30): warning CS1998: This async method lacks 'await' operators and will run synchronously. Consider using the 'await' operator to await non-blocking API calls, or 'await Task.Run(...)' to do CPU-bound work on a background thread. [/home/runner/work/Market-Data-Collector/Market-Data-Collector/src/MarketDataCollector/MarketDataCollector.csproj]
/home/runner/work/Market-Data-Collector/Market-Data-Collector/src/MarketDataCollector/Infrastructure/Providers/Historical/NasdaqDataLink/NasdaqDataLinkHistoricalDataProvider.cs(116,36): error CS0103: The name 'ResponseHandler' does not exist in the current context [/home/runner/work/Market-Data-Collector/Market-Data-Collector/src/MarketDataCollector/MarketDataCollector.csproj]
/home/runner/work/Market-Data-Collector/Market-Data-Collector/src/MarketDataCollector/Infrastructure/Providers/Historical/Queue/BackfillJobManager.cs(413,23): warning CS1998: This async method lacks 'await' operators and will run synchronously. Consider using the 'await' operator to await non-blocking API calls, or 'await Task.Run(...)' to do CPU-bound work on a background thread. [/home/runner/work/Market-Data-Collector/Market-Data-Collector/src/MarketDataCollector/MarketDataCollector.csproj]
/home/runner/work/Market-Data-Collector/Market-Data-Collector/src/MarketDataCollector/Infrastructure/Providers/Historical/GapAnalysis/DataQualityMonitor.cs(262,52): warning CS1998: This async method lacks 'await' operators and will run synchronously. Consider using the 'await' operator to await non-blocking API calls, or 'await Task.Run(...)' to do CPU-bound work on a background thread. [/home/runner/work/Market-Data-Collector/Market-Data-Collector/src/MarketDataCollector/MarketDataCollector.csproj]
/home/runner/work/Market-Data-Collector/Market-Data-Collector/src/MarketDataCollector/Infrastructure/Providers/Historical/GapAnalysis/DataGapRepair.cs(329,24): warning CS1998: This async method lacks 'await' operators and will run synchronously. Consider using the 'await' operator to await non-blocking API calls, or 'await Task.Run(...)' to do CPU-bound work on a background thread. [/home/runner/work/Market-Data-Collector/Market-Data-Collector/src/MarketDataCollector/MarketDataCollector.csproj]
/home/runner/work/Market-Data-Collector/Market-Data-Collector/src/MarketDataCollector/Application/Scheduling/ScheduledBackfillService.cs(144,45): warning CS1998: This async method lacks 'await' operators and will run synchronously. Consider using the 'await' operator to await non-blocking API calls, or 'await Task.Run(...)' to do CPU-bound work on a background thread. [/home/runner/work/Market-Data-Collector/Market-Data-Collector/src/MarketDataCollector/MarketDataCollector.csproj]
/home/runner/work/Market-Data-Collector/Market-Data-Collector/src/MarketDataCollector/Infrastructure/Providers/Historical/AlphaVantage/AlphaVantageHistoricalDataProvider.cs(122,36): error CS0103: The name 'ResponseHandler' does not exist in the current context [/home/runner/work/Market-Data-Collector/Market-Data-Collector/src/MarketDataCollector/MarketDataCollector.csproj]
/home/runner/work/Market-Data-Collector/Market-Data-Collector/src/MarketDataCollector/Infrastructure/Providers/Historical/AlphaVantage/AlphaVantageHistoricalDataProvider.cs(195,36): error CS0103: The name 'ResponseHandler' does not exist in the current context [/home/runner/work/Market-Data-Collector/Market-Data-Collector/src/MarketDataCollector/MarketDataCollector.csproj]
/home/runner/work/Market-Data-Collector/Market-Data-Collector/src/MarketDataCollector/Application/Scheduling/ScheduledBackfillService.cs(165,45): warning CS1998: This async method lacks 'await' operators and will run synchronously. Consider using the 'await' operator to await non-blocking API calls, or 'await Task.Run(...)' to do CPU-bound work on a background thread. [/home/runner/work/Market-Data-Collector/Market-Data-Collector/src/MarketDataCollector/MarketDataCollector.csproj]
/home/runner/work/Market-Data-Collector/Market-Data-Collector/src/MarketDataCollector/Infrastructure/Providers/Core/ProviderFactory.cs(123,49): error CS0117: 'DataSourceKind' does not contain a definition for 'None' [/home/runner/work/Market-Data-Collector/Market-Data-Collector/src/MarketDataCollector/MarketDataCollector.csproj]
/home/runner/work/Market-Data-Collector/Market-Data-Collector/src/MarketDataCollector/Infrastructure/Providers/Core/ProviderFactory.cs(127,16): warning CS8619: Nullability of reference types in value of type 'Task<IMarketDataClient>' doesn't match target type 'Task<IMarketDataClient?>'. [/home/runner/work/Market-Data-Collector/Market-Data-Collector/src/MarketDataCollector/MarketDataCollector.csproj]
/home/runner/work/Market-Data-Collector/Market-Data-Collector/src/MarketDataCollector/Infrastructure/Providers/Core/ProviderFactory.cs(393,9): error CS0246: The type or namespace name 'SymbolResolution' could not be found (are you missing a using directive or an assembly reference?) [/home/runner/work/Market-Data-Collector/Market-Data-Collector/src/MarketDataCollector/MarketDataCollector.csproj]
/home/runner/work/Market-Data-Collector/Market-Data-Collector/src/MarketDataCollector/Infrastructure/Providers/Core/ProviderFactory.cs(396,34): error CS0246: The type or namespace name 'SymbolResolution' could not be found (are you missing a using directive or an assembly reference?) [/home/runner/work/Market-Data-Collector/Market-Data-Collector/src/MarketDataCollector/MarketDataCollector.csproj]
/home/runner/work/Market-Data-Collector/Market-Data-Collector/src/MarketDataCollector/Infrastructure/Providers/Core/ProviderFactory.cs(401,13): error CS1503: Argument 2: cannot convert from 'SymbolResolution.OpenFigiSymbolResolver?' to 'MarketDataCollector.Infrastructure.Providers.Backfill.SymbolResolution.ISymbolResolver?' [/home/runner/work/Market-Data-Collector/Market-Data-Collector/src/MarketDataCollector/MarketDataCollector.csproj]
/home/runner/work/Market-Data-Collector/Market-Data-Collector/src/MarketDataCollector/Integrations/Lean/MarketDataCollectorQuoteData.cs(91,25): error CS0039: Cannot convert type 'MarketDataCollector.Domain.Events.MarketEventPayload' to 'MarketDataCollector.Contracts.Domain.Models.BboQuotePayload' via a reference conversion, boxing conversion, unboxing conversion, wrapping conversion, or null type conversion [/home/runner/work/Market-Data-Collector/Market-Data-Collector/src/MarketDataCollector/MarketDataCollector.csproj]
/home/runner/work/Market-Data-Collector/Market-Data-Collector/src/MarketDataCollector/Application/Scheduling/ScheduledBackfillService.cs(337,29): warning CS0219: The variable 'gapDates' is assigned but its value is never used [/home/runner/work/Market-Data-Collector/Market-Data-Collector/src/MarketDataCollector/MarketDataCollector.csproj]
/home/runner/work/Market-Data-Collector/Market-Data-Collector/src/MarketDataCollector/Application/Scheduling/ScheduledBackfillService.cs(485,24): warning CS1998: This async method lacks 'await' operators and will run synchronously. Consider using the 'await' operator to await non-blocking API calls, or 'await Task.Run(...)' to do CPU-bound work on a background thread. [/home/runner/work/Market-Data-Collector/Market-Data-Collector/src/MarketDataCollector/MarketDataCollector.csproj]
/home/runner/work/Market-Data-Collector/Market-Data-Collector/src/MarketDataCollector/Application/Services/GracefulShutdownHandler.cs(406,28): warning CS1998: This async method lacks 'await' operators and will run synchronously. Consider using the 'await' operator to await non-blocking API calls, or 'await Task.Run(...)' to do CPU-bound work on a background thread. [/home/runner/work/Market-Data-Collector/Market-Data-Collector/src/MarketDataCollector/MarketDataCollector.csproj]
/home/runner/work/Market-Data-Collector/Market-Data-Collector/src/MarketDataCollector/Application/Scheduling/BackfillScheduleManager.cs(194,29): warning CS1998: This async method lacks 'await' operators and will run synchronously. Consider using the 'await' operator to await non-blocking API calls, or 'await Task.Run(...)' to do CPU-bound work on a background thread. [/home/runner/work/Market-Data-Collector/Market-Data-Collector/src/MarketDataCollector/MarketDataCollector.csproj]
/home/runner/work/Market-Data-Collector/Market-Data-Collector/src/MarketDataCollector/Application/Services/DailySummaryWebhook.cs(508,28): warning CS1998: This async method lacks 'await' operators and will run synchronously. Consider using the 'await' operator to await non-blocking API calls, or 'await Task.Run(...)' to do CPU-bound work on a background thread. [/home/runner/work/Market-Data-Collector/Market-Data-Collector/src/MarketDataCollector/MarketDataCollector.csproj]
/home/runner/work/Market-Data-Collector/Market-Data-Collector/src/MarketDataCollector/Application/Services/ConfigurationService.cs(570,22): error CS0103: The name 'ConfigStore' does not exist in the current context [/home/runner/work/Market-Data-Collector/Market-Data-Collector/src/MarketDataCollector/MarketDataCollector.csproj]
/home/runner/work/Market-Data-Collector/Market-Data-Collector/src/MarketDataCollector/Application/Services/ConfigurationService.cs(669,29): error CS0103: The name 'ConfigStore' does not exist in the current context [/home/runner/work/Market-Data-Collector/Market-Data-Collector/src/MarketDataCollector/MarketDataCollector.csproj]
/home/runner/work/Market-Data-Collector/Market-Data-Collector/src/MarketDataCollector/Application/Monitoring/ConnectionStatusWebhook.cs(259,28): warning CS1998: This async method lacks 'await' operators and will run synchronously. Consider using the 'await' operator to await non-blocking API calls, or 'await Task.Run(...)' to do CPU-bound work on a background thread. [/home/runner/work/Market-Data-Collector/Market-Data-Collector/src/MarketDataCollector/MarketDataCollector.csproj]
/home/runner/work/Market-Data-Collector/Market-Data-Collector/src/MarketDataCollector/Application/Indicators/TechnicalIndicatorService.cs(198,34): warning CS8629: Nullable value type may be null. [/home/runner/work/Market-Data-Collector/Market-Data-Collector/src/MarketDataCollector/MarketDataCollector.csproj]
/home/runner/work/Market-Data-Collector/Market-Data-Collector/src/MarketDataCollector/Application/Indicators/TechnicalIndicatorService.cs(211,92): warning CS8629: Nullable value type may be null. [/home/runner/work/Market-Data-Collector/Market-Data-Collector/src/MarketDataCollector/MarketDataCollector.csproj]
/home/runner/work/Market-Data-Collector/Market-Data-Collector/src/MarketDataCollector/Application/Indicators/TechnicalIndicatorService.cs(213,96): warning CS8629: Nullable value type may be null. [/home/runner/work/Market-Data-Collector/Market-Data-Collector/src/MarketDataCollector/MarketDataCollector.csproj]
/home/runner/work/Market-Data-Collector/Market-Data-Collector/src/MarketDataCollector/Application/Indicators/TechnicalIndicatorService.cs(229,34): warning CS8629: Nullable value type may be null. [/home/runner/work/Market-Data-Collector/Market-Data-Collector/src/MarketDataCollector/MarketDataCollector.csproj]
/home/runner/work/Market-Data-Collector/Market-Data-Collector/src/MarketDataCollector/Application/Indicators/TechnicalIndicatorService.cs(242,109): warning CS8629: Nullable value type may be null. [/home/runner/work/Market-Data-Collector/Market-Data-Collector/src/MarketDataCollector/MarketDataCollector.csproj]
/home/runner/work/Market-Data-Collector/Market-Data-Collector/src/MarketDataCollector/Application/Indicators/TechnicalIndicatorService.cs(244,96): warning CS8629: Nullable value type may be null. [/home/runner/work/Market-Data-Collector/Market-Data-Collector/src/MarketDataCollector/MarketDataCollector.csproj]
/home/runner/work/Market-Data-Collector/Market-Data-Collector/src/MarketDataCollector/Application/Indicators/TechnicalIndicatorService.cs(246,97): warning CS8629: Nullable value type may be null. [/home/runner/work/Market-Data-Collector/Market-Data-Collector/src/MarketDataCollector/MarketDataCollector.csproj]
/home/runner/work/Market-Data-Collector/Market-Data-Collector/src/MarketDataCollector/Application/Monitoring/DataQuality/DataQualityReportGenerator.cs(52,43): warning CS1998: This async method lacks 'await' operators and will run synchronously. Consider using the 'await' operator to await non-blocking API calls, or 'await Task.Run(...)' to do CPU-bound work on a background thread. [/home/runner/work/Market-Data-Collector/Market-Data-Collector/src/MarketDataCollector/MarketDataCollector.csproj]
/home/runner/work/Market-Data-Collector/Market-Data-Collector/src/MarketDataCollector/Infrastructure/Providers/Streaming/StockSharp/StockSharpMarketDataClient.cs(82,43): warning CS0067: The event 'StockSharpMarketDataClient.ConnectionStateChanged' is never used [/home/runner/work/Market-Data-Collector/Market-Data-Collector/src/MarketDataCollector/MarketDataCollector.csproj]
/home/runner/work/Market-Data-Collector/Market-Data-Collector/src/MarketDataCollector/Application/Scheduling/BackfillScheduleManager.cs(39,50): warning CS0067: The event 'BackfillScheduleManager.ScheduleDue' is never used [/home/runner/work/Market-Data-Collector/Market-Data-Collector/src/MarketDataCollector/MarketDataCollector.csproj]
/home/runner/work/Market-Data-Collector/Market-Data-Collector/src/MarketDataCollector/Application/Config/Credentials/CredentialTestingService.cs(28,54): warning CS0067: The event 'CredentialTestingService.OnTokenRefreshed' is never used [/home/runner/work/Market-Data-Collector/Market-Data-Collector/src/MarketDataCollector/MarketDataCollector.csproj]
/home/runner/work/Market-Data-Collector/Market-Data-Collector/src/MarketDataCollector/Infrastructure/Providers/Historical/CompositeHistoricalDataProvider.cs(37,52): warning CS0067: The event 'CompositeHistoricalDataProvider.OnProgressUpdate' is never used [/home/runner/work/Market-Data-Collector/Market-Data-Collector/src/MarketDataCollector/MarketDataCollector.csproj]
/home/runner/work/Market-Data-Collector/Market-Data-Collector/src/MarketDataCollector/Infrastructure/Providers/Streaming/StockSharp/StockSharpMarketDataClient.cs(76,18): warning CS0169: The field 'StockSharpMarketDataClient._disposed' is never used [/home/runner/work/Market-Data-Collector/Market-Data-Collector/src/MarketDataCollector/MarketDataCollector.csproj]
/home/runner/work/Market-Data-Collector/Market-Data-Collector/src/MarketDataCollector/Infrastructure/Providers/Historical/Queue/BackfillRequestQueue.cs(39,47): warning CS0067: The event 'BackfillRequestQueue.OnRequestReady' is never used [/home/runner/work/Market-Data-Collector/Market-Data-Collector/src/MarketDataCollector/MarketDataCollector.csproj]
/home/runner/work/Market-Data-Collector/Market-Data-Collector/src/MarketDataCollector/Infrastructure/Providers/Streaming/StockSharp/StockSharpMarketDataClient.cs(75,17): warning CS0414: The field 'StockSharpMarketDataClient._nextSubId' is assigned but its value is never used [/home/runner/work/Market-Data-Collector/Market-Data-Collector/src/MarketDataCollector/MarketDataCollector.csproj]
/home/runner/work/Market-Data-Collector/Market-Data-Collector/src/MarketDataCollector/Application/Backfill/BackfillStatusStore.cs(29,20): warning IL2026: Using member 'System.Text.Json.JsonSerializer.Serialize<TValue>(TValue, JsonSerializerOptions)' which has 'RequiresUnreferencedCodeAttribute' can break functionality when trimming application code. JSON serialization and deserialization might require types that cannot be statically analyzed. Use the overload that takes a JsonTypeInfo or JsonSerializerContext, or make sure all of the required types are preserved. [/home/runner/work/Market-Data-Collector/Market-Data-Collector/src/MarketDataCollector/MarketDataCollector.csproj]
/home/runner/work/Market-Data-Collector/Market-Data-Collector/src/MarketDataCollector/Application/Backfill/BackfillStatusStore.cs(39,20): warning IL2026: Using member 'System.Text.Json.JsonSerializer.Deserialize<TValue>(String, JsonSerializerOptions)' which has 'RequiresUnreferencedCodeAttribute' can break functionality when trimming application code. JSON serialization and deserialization might require types that cannot be statically analyzed. Use the overload that takes a JsonTypeInfo or JsonSerializerContext, or make sure all of the required types are preserved. [/home/runner/work/Market-Data-Collector/Market-Data-Collector/src/MarketDataCollector/MarketDataCollector.csproj]
/home/runner/work/Market-Data-Collector/Market-Data-Collector/src/MarketDataCollector/Application/Subscriptions/Services/WatchlistService.cs(293,28): warning IL2026: Using member 'System.Text.Json.JsonSerializer.Deserialize<TValue>(String, JsonSerializerOptions)' which has 'RequiresUnreferencedCodeAttribute' can break functionality when trimming application code. JSON serialization and deserialization might require types that cannot be statically analyzed. Use the overload that takes a JsonTypeInfo or JsonSerializerContext, or make sure all of the required types are preserved. [/home/runner/work/Market-Data-Collector/Market-Data-Collector/src/MarketDataCollector/MarketDataCollector.csproj]
/home/runner/work/Market-Data-Collector/Market-Data-Collector/src/MarketDataCollector/Application/Subscriptions/Services/WatchlistService.cs(325,16): warning IL2026: Using member 'System.Text.Json.JsonSerializer.Serialize<TValue>(TValue, JsonSerializerOptions)' which has 'RequiresUnreferencedCodeAttribute' can break functionality when trimming application code. JSON serialization and deserialization might require types that cannot be statically analyzed. Use the overload that takes a JsonTypeInfo or JsonSerializerContext, or make sure all of the required types are preserved. [/home/runner/work/Market-Data-Collector/Market-Data-Collector/src/MarketDataCollector/MarketDataCollector.csproj]
/home/runner/work/Market-Data-Collector/Market-Data-Collector/src/MarketDataCollector/Application/Subscriptions/Services/WatchlistService.cs(374,20): warning IL2026: Using member 'System.Text.Json.JsonSerializer.Serialize<TValue>(TValue, JsonSerializerOptions)' which has 'RequiresUnreferencedCodeAttribute' can break functionality when trimming application code. JSON serialization and deserialization might require types that cannot be statically analyzed. Use the overload that takes a JsonTypeInfo or JsonSerializerContext, or make sure all of the required types are preserved. [/home/runner/work/Market-Data-Collector/Market-Data-Collector/src/MarketDataCollector/MarketDataCollector.csproj]
/home/runner/work/Market-Data-Collector/Market-Data-Collector/src/MarketDataCollector/Application/Subscriptions/Services/WatchlistService.cs(360,30): warning IL2026: Using member 'System.Text.Json.JsonSerializer.Deserialize<TValue>(String, JsonSerializerOptions)' which has 'RequiresUnreferencedCodeAttribute' can break functionality when trimming application code. JSON serialization and deserialization might require types that cannot be statically analyzed. Use the overload that takes a JsonTypeInfo or JsonSerializerContext, or make sure all of the required types are preserved. [/home/runner/work/Market-Data-Collector/Market-Data-Collector/src/MarketDataCollector/MarketDataCollector.csproj]
/home/runner/work/Market-Data-Collector/Market-Data-Collector/src/MarketDataCollector/Storage/Sinks/ParquetStorageSink.cs(243,108): warning IL2026: Using member 'System.Text.Json.JsonSerializer.Serialize<TValue>(TValue, JsonSerializerOptions)' which has 'RequiresUnreferencedCodeAttribute' can break functionality when trimming application code. JSON serialization and deserialization might require types that cannot be statically analyzed. Use the overload that takes a JsonTypeInfo or JsonSerializerContext, or make sure all of the required types are preserved. [/home/runner/work/Market-Data-Collector/Market-Data-Collector/src/MarketDataCollector/MarketDataCollector.csproj]
/home/runner/work/Market-Data-Collector/Market-Data-Collector/src/MarketDataCollector/Storage/Sinks/ParquetStorageSink.cs(244,109): warning IL2026: Using member 'System.Text.Json.JsonSerializer.Serialize<TValue>(TValue, JsonSerializerOptions)' which has 'RequiresUnreferencedCodeAttribute' can break functionality when trimming application code. JSON serialization and deserialization might require types that cannot be statically analyzed. Use the overload that takes a JsonTypeInfo or JsonSerializerContext, or make sure all of the required types are preserved. [/home/runner/work/Market-Data-Collector/Market-Data-Collector/src/MarketDataCollector/MarketDataCollector.csproj]
/home/runner/work/Market-Data-Collector/Market-Data-Collector/src/MarketDataCollector/Application/Subscriptions/Services/TemplateService.cs(182,29): warning IL2026: Using member 'System.Text.Json.JsonSerializer.Deserialize<TValue>(String, JsonSerializerOptions)' which has 'RequiresUnreferencedCodeAttribute' can break functionality when trimming application code. JSON serialization and deserialization might require types that cannot be statically analyzed. Use the overload that takes a JsonTypeInfo or JsonSerializerContext, or make sure all of the required types are preserved. [/home/runner/work/Market-Data-Collector/Market-Data-Collector/src/MarketDataCollector/MarketDataCollector.csproj]
/home/runner/work/Market-Data-Collector/Market-Data-Collector/src/MarketDataCollector/Application/Subscriptions/Services/TemplateService.cs(196,20): warning IL2026: Using member 'System.Text.Json.JsonSerializer.Serialize<TValue>(TValue, JsonSerializerOptions)' which has 'RequiresUnreferencedCodeAttribute' can break functionality when trimming application code. JSON serialization and deserialization might require types that cannot be statically analyzed. Use the overload that takes a JsonTypeInfo or JsonSerializerContext, or make sure all of the required types are preserved. [/home/runner/work/Market-Data-Collector/Market-Data-Collector/src/MarketDataCollector/MarketDataCollector.csproj]
/home/runner/work/Market-Data-Collector/Market-Data-Collector/src/MarketDataCollector/Storage/Sinks/ParquetStorageSink.cs(299,43): warning IL2026: Using member 'System.Text.Json.JsonSerializer.Serialize<TValue>(TValue, JsonSerializerOptions)' which has 'RequiresUnreferencedCodeAttribute' can break functionality when trimming application code. JSON serialization and deserialization might require types that cannot be statically analyzed. Use the overload that takes a JsonTypeInfo or JsonSerializerContext, or make sure all of the required types are preserved. [/home/runner/work/Market-Data-Collector/Market-Data-Collector/src/MarketDataCollector/MarketDataCollector.csproj]
/home/runner/work/Market-Data-Collector/Market-Data-Collector/src/MarketDataCollector/Storage/Sinks/JsonlStorageSink.cs(188,20): warning IL2026: Using member 'System.Text.Json.JsonSerializer.Serialize<TValue>(TValue, JsonSerializerOptions)' which has 'RequiresUnreferencedCodeAttribute' can break functionality when trimming application code. JSON serialization and deserialization might require types that cannot be statically analyzed. Use the overload that takes a JsonTypeInfo or JsonSerializerContext, or make sure all of the required types are preserved. [/home/runner/work/Market-Data-Collector/Market-Data-Collector/src/MarketDataCollector/MarketDataCollector.csproj]
/home/runner/work/Market-Data-Collector/Market-Data-Collector/src/MarketDataCollector/Storage/Sinks/JsonlStorageSink.cs(207,28): warning IL2026: Using member 'System.Text.Json.JsonSerializer.Serialize<TValue>(TValue, JsonSerializerOptions)' which has 'RequiresUnreferencedCodeAttribute' can break functionality when trimming application code. JSON serialization and deserialization might require types that cannot be statically analyzed. Use the overload that takes a JsonTypeInfo or JsonSerializerContext, or make sure all of the required types are preserved. [/home/runner/work/Market-Data-Collector/Market-Data-Collector/src/MarketDataCollector/MarketDataCollector.csproj]
/home/runner/work/Market-Data-Collector/Market-Data-Collector/src/MarketDataCollector/Storage/Sinks/JsonlStorageSink.cs(212,40): warning IL2026: Using member 'System.Text.Json.JsonSerializer.Serialize<TValue>(TValue, JsonSerializerOptions)' which has 'RequiresUnreferencedCodeAttribute' can break functionality when trimming application code. JSON serialization and deserialization might require types that cannot be statically analyzed. Use the overload that takes a JsonTypeInfo or JsonSerializerContext, or make sure all of the required types are preserved. [/home/runner/work/Market-Data-Collector/Market-Data-Collector/src/MarketDataCollector/MarketDataCollector.csproj]
/home/runner/work/Market-Data-Collector/Market-Data-Collector/src/MarketDataCollector/Application/Composition/HostAdapters.cs(135,9): warning IL2026: Using member 'Microsoft.AspNetCore.Builder.EndpointRouteBuilderExtensions.MapGet(IEndpointRouteBuilder, String, Delegate)' which has 'RequiresUnreferencedCodeAttribute' can break functionality when trimming application code. This API may perform reflection on the supplied delegate and its parameters. These types may be trimmed if not directly referenced. [/home/runner/work/Market-Data-Collector/Market-Data-Collector/src/MarketDataCollector/MarketDataCollector.csproj]
/home/runner/work/Market-Data-Collector/Market-Data-Collector/src/MarketDataCollector/Application/Composition/HostAdapters.cs(146,9): warning IL2026: Using member 'Microsoft.AspNetCore.Builder.EndpointRouteBuilderExtensions.MapGet(IEndpointRouteBuilder, String, Delegate)' which has 'RequiresUnreferencedCodeAttribute' can break functionality when trimming application code. This API may perform reflection on the supplied delegate and its parameters. These types may be trimmed if not directly referenced. [/home/runner/work/Market-Data-Collector/Market-Data-Collector/src/MarketDataCollector/MarketDataCollector.csproj]
/home/runner/work/Market-Data-Collector/Market-Data-Collector/src/MarketDataCollector/Application/Composition/HostAdapters.cs(147,9): warning IL2026: Using member 'Microsoft.AspNetCore.Builder.EndpointRouteBuilderExtensions.MapGet(IEndpointRouteBuilder, String, Delegate)' which has 'RequiresUnreferencedCodeAttribute' can break functionality when trimming application code. This API may perform reflection on the supplied delegate and its parameters. These types may be trimmed if not directly referenced. [/home/runner/work/Market-Data-Collector/Market-Data-Collector/src/MarketDataCollector/MarketDataCollector.csproj]
/home/runner/work/Market-Data-Collector/Market-Data-Collector/src/MarketDataCollector/Application/Composition/HostAdapters.cs(148,9): warning IL2026: Using member 'Microsoft.AspNetCore.Builder.EndpointRouteBuilderExtensions.MapGet(IEndpointRouteBuilder, String, Delegate)' which has 'RequiresUnreferencedCodeAttribute' can break functionality when trimming application code. This API may perform reflection on the supplied delegate and its parameters. These types may be trimmed if not directly referenced. [/home/runner/work/Market-Data-Collector/Market-Data-Collector/src/MarketDataCollector/MarketDataCollector.csproj]
/home/runner/work/Market-Data-Collector/Market-Data-Collector/src/MarketDataCollector/Application/Composition/HostAdapters.cs(138,20): warning IL2026: Using member 'Microsoft.AspNetCore.Http.Results.Json<TValue>(TValue, JsonSerializerOptions, String, Int32?)' which has 'RequiresUnreferencedCodeAttribute' can break functionality when trimming application code. JSON serialization and deserialization might require types that cannot be statically analyzed. Use the overload that takes a JsonTypeInfo or JsonSerializerContext. [/home/runner/work/Market-Data-Collector/Market-Data-Collector/src/MarketDataCollector/MarketDataCollector.csproj]
/home/runner/work/Market-Data-Collector/Market-Data-Collector/src/MarketDataCollector/Application/Composition/HostAdapters.cs(174,9): warning IL2026: Using member 'Microsoft.AspNetCore.Builder.EndpointRouteBuilderExtensions.MapGet(IEndpointRouteBuilder, String, Delegate)' which has 'RequiresUnreferencedCodeAttribute' can break functionality when trimming application code. This API may perform reflection on the supplied delegate and its parameters. These types may be trimmed if not directly referenced. [/home/runner/work/Market-Data-Collector/Market-Data-Collector/src/MarketDataCollector/MarketDataCollector.csproj]
/home/runner/work/Market-Data-Collector/Market-Data-Collector/src/MarketDataCollector/Application/Composition/HostAdapters.cs(186,9): warning IL2026: Using member 'Microsoft.AspNetCore.Builder.EndpointRouteBuilderExtensions.MapGet(IEndpointRouteBuilder, String, Delegate)' which has 'RequiresUnreferencedCodeAttribute' can break functionality when trimming application code. This API may perform reflection on the supplied delegate and its parameters. These types may be trimmed if not directly referenced. [/home/runner/work/Market-Data-Collector/Market-Data-Collector/src/MarketDataCollector/MarketDataCollector.csproj]
/home/runner/work/Market-Data-Collector/Market-Data-Collector/src/MarketDataCollector/Application/Composition/HostAdapters.cs(189,9): warning IL2026: Using member 'Microsoft.AspNetCore.Builder.EndpointRouteBuilderExtensions.MapGet(IEndpointRouteBuilder, String, Delegate)' which has 'RequiresUnreferencedCodeAttribute' can break functionality when trimming application code. This API may perform reflection on the supplied delegate and its parameters. These types may be trimmed if not directly referenced. [/home/runner/work/Market-Data-Collector/Market-Data-Collector/src/MarketDataCollector/MarketDataCollector.csproj]
/home/runner/work/Market-Data-Collector/Market-Data-Collector/src/MarketDataCollector/Application/Composition/HostAdapters.cs(177,20): warning IL2026: Using member 'Microsoft.AspNetCore.Http.Results.Json<TValue>(TValue, JsonSerializerOptions, String, Int32?)' which has 'RequiresUnreferencedCodeAttribute' can break functionality when trimming application code. JSON serialization and deserialization might require types that cannot be statically analyzed. Use the overload that takes a JsonTypeInfo or JsonSerializerContext. [/home/runner/work/Market-Data-Collector/Market-Data-Collector/src/MarketDataCollector/MarketDataCollector.csproj]
/home/runner/work/Market-Data-Collector/Market-Data-Collector/src/MarketDataCollector/Application/Composition/HostAdapters.cs(232,9): warning IL2026: Using member 'Microsoft.AspNetCore.Builder.EndpointRouteBuilderExtensions.MapGet(IEndpointRouteBuilder, String, Delegate)' which has 'RequiresUnreferencedCodeAttribute' can break functionality when trimming application code. This API may perform reflection on the supplied delegate and its parameters. These types may be trimmed if not directly referenced. [/home/runner/work/Market-Data-Collector/Market-Data-Collector/src/MarketDataCollector/MarketDataCollector.csproj]
/home/runner/work/Market-Data-Collector/Market-Data-Collector/src/MarketDataCollector/Application/Composition/HostAdapters.cs(244,9): warning IL2026: Using member 'Microsoft.AspNetCore.Builder.EndpointRouteBuilderExtensions.MapGet(IEndpointRouteBuilder, String, Delegate)' which has 'RequiresUnreferencedCodeAttribute' can break functionality when trimming application code. This API may perform reflection on the supplied delegate and its parameters. These types may be trimmed if not directly referenced. [/home/runner/work/Market-Data-Collector/Market-Data-Collector/src/MarketDataCollector/MarketDataCollector.csproj]
/home/runner/work/Market-Data-Collector/Market-Data-Collector/src/MarketDataCollector/Application/Composition/HostAdapters.cs(245,9): warning IL2026: Using member 'Microsoft.AspNetCore.Builder.EndpointRouteBuilderExtensions.MapGet(IEndpointRouteBuilder, String, Delegate)' which has 'RequiresUnreferencedCodeAttribute' can break functionality when trimming application code. This API may perform reflection on the supplied delegate and its parameters. These types may be trimmed if not directly referenced. [/home/runner/work/Market-Data-Collector/Market-Data-Collector/src/MarketDataCollector/MarketDataCollector.csproj]
/home/runner/work/Market-Data-Collector/Market-Data-Collector/src/MarketDataCollector/Application/Composition/HostAdapters.cs(246,9): warning IL2026: Using member 'Microsoft.AspNetCore.Builder.EndpointRouteBuilderExtensions.MapGet(IEndpointRouteBuilder, String, Delegate)' which has 'RequiresUnreferencedCodeAttribute' can break functionality when trimming application code. This API may perform reflection on the supplied delegate and its parameters. These types may be trimmed if not directly referenced. [/home/runner/work/Market-Data-Collector/Market-Data-Collector/src/MarketDataCollector/MarketDataCollector.csproj]
/home/runner/work/Market-Data-Collector/Market-Data-Collector/src/MarketDataCollector/Application/Composition/HostAdapters.cs(235,20): warning IL2026: Using member 'Microsoft.AspNetCore.Http.Results.Json<TValue>(TValue, JsonSerializerOptions, String, Int32?)' which has 'RequiresUnreferencedCodeAttribute' can break functionality when trimming application code. JSON serialization and deserialization might require types that cannot be statically analyzed. Use the overload that takes a JsonTypeInfo or JsonSerializerContext. [/home/runner/work/Market-Data-Collector/Market-Data-Collector/src/MarketDataCollector/MarketDataCollector.csproj]
/home/runner/work/Market-Data-Collector/Market-Data-Collector/src/MarketDataCollector/Application/Composition/HostAdapters.cs(268,9): warning IL2026: Using member 'Microsoft.AspNetCore.Builder.EndpointRouteBuilderExtensions.MapGet(IEndpointRouteBuilder, String, Delegate)' which has 'RequiresUnreferencedCodeAttribute' can break functionality when trimming application code. This API may perform reflection on the supplied delegate and its parameters. These types may be trimmed if not directly referenced. [/home/runner/work/Market-Data-Collector/Market-Data-Collector/src/MarketDataCollector/MarketDataCollector.csproj]
/home/runner/work/Market-Data-Collector/Market-Data-Collector/src/MarketDataCollector/Application/Composition/HostAdapters.cs(271,20): warning IL2026: Using member 'Microsoft.AspNetCore.Http.Results.Json<TValue>(TValue, JsonSerializerOptions, String, Int32?)' which has 'RequiresUnreferencedCodeAttribute' can break functionality when trimming application code. JSON serialization and deserialization might require types that cannot be statically analyzed. Use the overload that takes a JsonTypeInfo or JsonSerializerContext. [/home/runner/work/Market-Data-Collector/Market-Data-Collector/src/MarketDataCollector/MarketDataCollector.csproj]
/home/runner/work/Market-Data-Collector/Market-Data-Collector/src/MarketDataCollector/Application/Composition/HostAdapters.cs(74,9): warning IL2026: Using member 'Microsoft.AspNetCore.Builder.EndpointRouteBuilderExtensions.MapGet(IEndpointRouteBuilder, String, Delegate)' which has 'RequiresUnreferencedCodeAttribute' can break functionality when trimming application code. This API may perform reflection on the supplied delegate and its parameters. These types may be trimmed if not directly referenced. [/home/runner/work/Market-Data-Collector/Market-Data-Collector/src/MarketDataCollector/MarketDataCollector.csproj]
/home/runner/work/Market-Data-Collector/Market-Data-Collector/src/MarketDataCollector/Application/Composition/HostAdapters.cs(86,9): warning IL2026: Using member 'Microsoft.AspNetCore.Builder.EndpointRouteBuilderExtensions.MapGet(IEndpointRouteBuilder, String, Delegate)' which has 'RequiresUnreferencedCodeAttribute' can break functionality when trimming application code. This API may perform reflection on the supplied delegate and its parameters. These types may be trimmed if not directly referenced. [/home/runner/work/Market-Data-Collector/Market-Data-Collector/src/MarketDataCollector/MarketDataCollector.csproj]
/home/runner/work/Market-Data-Collector/Market-Data-Collector/src/MarketDataCollector/Application/Composition/HostAdapters.cs(87,9): warning IL2026: Using member 'Microsoft.AspNetCore.Builder.EndpointRouteBuilderExtensions.MapGet(IEndpointRouteBuilder, String, Delegate)' which has 'RequiresUnreferencedCodeAttribute' can break functionality when trimming application code. This API may perform reflection on the supplied delegate and its parameters. These types may be trimmed if not directly referenced. [/home/runner/work/Market-Data-Collector/Market-Data-Collector/src/MarketDataCollector/MarketDataCollector.csproj]
/home/runner/work/Market-Data-Collector/Market-Data-Collector/src/MarketDataCollector/Application/Composition/HostAdapters.cs(88,9): warning IL2026: Using member 'Microsoft.AspNetCore.Builder.EndpointRouteBuilderExtensions.MapGet(IEndpointRouteBuilder, String, Delegate)' which has 'RequiresUnreferencedCodeAttribute' can break functionality when trimming application code. This API may perform reflection on the supplied delegate and its parameters. These types may be trimmed if not directly referenced. [/home/runner/work/Market-Data-Collector/Market-Data-Collector/src/MarketDataCollector/MarketDataCollector.csproj]
/home/runner/work/Market-Data-Collector/Market-Data-Collector/src/MarketDataCollector/Application/Composition/HostAdapters.cs(95,9): warning IL2026: Using member 'Microsoft.AspNetCore.Builder.EndpointRouteBuilderExtensions.MapGet(IEndpointRouteBuilder, String, Delegate)' which has 'RequiresUnreferencedCodeAttribute' can break functionality when trimming application code. This API may perform reflection on the supplied delegate and its parameters. These types may be trimmed if not directly referenced. [/home/runner/work/Market-Data-Collector/Market-Data-Collector/src/MarketDataCollector/MarketDataCollector.csproj]
/home/runner/work/Market-Data-Collector/Market-Data-Collector/src/MarketDataCollector/Application/Composition/HostAdapters.cs(89,9): warning IL2026: Using member 'Microsoft.AspNetCore.Builder.EndpointRouteBuilderExtensions.MapGet(IEndpointRouteBuilder, String, Delegate)' which has 'RequiresUnreferencedCodeAttribute' can break functionality when trimming application code. This API may perform reflection on the supplied delegate and its parameters. These types may be trimmed if not directly referenced. [/home/runner/work/Market-Data-Collector/Market-Data-Collector/src/MarketDataCollector/MarketDataCollector.csproj]
/home/runner/work/Market-Data-Collector/Market-Data-Collector/src/MarketDataCollector/Application/Composition/HostAdapters.cs(90,9): warning IL2026: Using member 'Microsoft.AspNetCore.Builder.EndpointRouteBuilderExtensions.MapGet(IEndpointRouteBuilder, String, Delegate)' which has 'RequiresUnreferencedCodeAttribute' can break functionality when trimming application code. This API may perform reflection on the supplied delegate and its parameters. These types may be trimmed if not directly referenced. [/home/runner/work/Market-Data-Collector/Market-Data-Collector/src/MarketDataCollector/MarketDataCollector.csproj]
/home/runner/work/Market-Data-Collector/Market-Data-Collector/src/MarketDataCollector/Application/Composition/HostAdapters.cs(77,20): warning IL2026: Using member 'Microsoft.AspNetCore.Http.Results.Json<TValue>(TValue, JsonSerializerOptions, String, Int32?)' which has 'RequiresUnreferencedCodeAttribute' can break functionality when trimming application code. JSON serialization and deserialization might require types that cannot be statically analyzed. Use the overload that takes a JsonTypeInfo or JsonSerializerContext. [/home/runner/work/Market-Data-Collector/Market-Data-Collector/src/MarketDataCollector/MarketDataCollector.csproj]
/home/runner/work/Market-Data-Collector/Market-Data-Collector/src/MarketDataCollector/Infrastructure/Contracts/ImplementsAdrAttribute.cs(124,21): warning IL2026: Using member 'System.Reflection.Assembly.GetTypes()' which has 'RequiresUnreferencedCodeAttribute' can break functionality when trimming application code. Types might be removed. [/home/runner/work/Market-Data-Collector/Market-Data-Collector/src/MarketDataCollector/MarketDataCollector.csproj]
/home/runner/work/Market-Data-Collector/Market-Data-Collector/src/MarketDataCollector/Infrastructure/Providers/SymbolSearch/PolygonSymbolSearchProvider.cs(144,24): warning IL2026: Using member 'System.Text.Json.JsonSerializer.Deserialize<TValue>(String, JsonSerializerOptions)' which has 'RequiresUnreferencedCodeAttribute' can break functionality when trimming application code. JSON serialization and deserialization might require types that cannot be statically analyzed. Use the overload that takes a JsonTypeInfo or JsonSerializerContext, or make sure all of the required types are preserved. [/home/runner/work/Market-Data-Collector/Market-Data-Collector/src/MarketDataCollector/MarketDataCollector.csproj]
/home/runner/work/Market-Data-Collector/Market-Data-Collector/src/MarketDataCollector/Infrastructure/Providers/SymbolSearch/PolygonSymbolSearchProvider.cs(198,24): warning IL2026: Using member 'System.Text.Json.JsonSerializer.Deserialize<TValue>(String, JsonSerializerOptions)' which has 'RequiresUnreferencedCodeAttribute' can break functionality when trimming application code. JSON serialization and deserialization might require types that cannot be statically analyzed. Use the overload that takes a JsonTypeInfo or JsonSerializerContext, or make sure all of the required types are preserved. [/home/runner/work/Market-Data-Collector/Market-Data-Collector/src/MarketDataCollector/MarketDataCollector.csproj]
/home/runner/work/Market-Data-Collector/Market-Data-Collector/src/MarketDataCollector/Infrastructure/Contracts/ContractVerificationService.cs(116,26): warning IL2070: 'this' argument does not satisfy 'DynamicallyAccessedMemberTypes.Interfaces' in call to 'System.Type.GetInterfaces()'. The parameter 'type' of method 'MarketDataCollector.Infrastructure.Contracts.ContractVerificationService.VerifyProviderAbstraction(Type)' does not have matching annotations. The source value must declare at least the same requirements as those declared on the target location it is assigned to. [/home/runner/work/Market-Data-Collector/Market-Data-Collector/src/MarketDataCollector/MarketDataCollector.csproj]
/home/runner/work/Market-Data-Collector/Market-Data-Collector/src/MarketDataCollector/Infrastructure/Contracts/ContractVerificationService.cs(132,28): warning IL2070: 'this' argument does not satisfy 'DynamicallyAccessedMemberTypes.PublicMethods' in call to 'System.Type.GetMethods(BindingFlags)'. The parameter 'type' of method 'MarketDataCollector.Infrastructure.Contracts.ContractVerificationService.VerifyAsyncPatterns(Type)' does not have matching annotations. The source value must declare at least the same requirements as those declared on the target location it is assigned to. [/home/runner/work/Market-Data-Collector/Market-Data-Collector/src/MarketDataCollector/MarketDataCollector.csproj]
/home/runner/work/Market-Data-Collector/Market-Data-Collector/src/MarketDataCollector/Infrastructure/Performance/ThreadingUtilities.cs(84,13): warning CA1416: This call site is reachable on all platforms. 'Process.ProcessorAffinity' is only supported on: 'linux', 'windows'. (https://learn.microsoft.com/dotnet/fundamentals/code-analysis/quality-rules/ca1416) [/home/runner/work/Market-Data-Collector/Market-Data-Collector/src/MarketDataCollector/MarketDataCollector.csproj]
/home/runner/work/Market-Data-Collector/Market-Data-Collector/src/MarketDataCollector/Infrastructure/Providers/SymbolSearch/OpenFigiClient.cs(224,40): warning IL2026: Using member 'System.Net.Http.Json.HttpClientJsonExtensions.PostAsJsonAsync<TValue>(HttpClient, String, TValue, JsonSerializerOptions, CancellationToken)' which has 'RequiresUnreferencedCodeAttribute' can break functionality when trimming application code. JSON serialization and deserialization might require types that cannot be statically analyzed. Use the overload that takes a JsonTypeInfo or JsonSerializerContext, or make sure all of the required types are preserved. [/home/runner/work/Market-Data-Collector/Market-Data-Collector/src/MarketDataCollector/MarketDataCollector.csproj]
/home/runner/work/Market-Data-Collector/Market-Data-Collector/src/MarketDataCollector/Infrastructure/Providers/SymbolSearch/OpenFigiClient.cs(238,24): warning IL2026: Using member 'System.Text.Json.JsonSerializer.Deserialize<TValue>(String, JsonSerializerOptions)' which has 'RequiresUnreferencedCodeAttribute' can break functionality when trimming application code. JSON serialization and deserialization might require types that cannot be statically analyzed. Use the overload that takes a JsonTypeInfo or JsonSerializerContext, or make sure all of the required types are preserved. [/home/runner/work/Market-Data-Collector/Market-Data-Collector/src/MarketDataCollector/MarketDataCollector.csproj]
/home/runner/work/Market-Data-Collector/Market-Data-Collector/src/MarketDataCollector/Infrastructure/Providers/SymbolSearch/OpenFigiClient.cs(299,40): warning IL2026: Using member 'System.Net.Http.Json.HttpClientJsonExtensions.PostAsJsonAsync<TValue>(HttpClient, String, TValue, JsonSerializerOptions, CancellationToken)' which has 'RequiresUnreferencedCodeAttribute' can break functionality when trimming application code. JSON serialization and deserialization might require types that cannot be statically analyzed. Use the overload that takes a JsonTypeInfo or JsonSerializerContext, or make sure all of the required types are preserved. [/home/runner/work/Market-Data-Collector/Market-Data-Collector/src/MarketDataCollector/MarketDataCollector.csproj]
/home/runner/work/Market-Data-Collector/Market-Data-Collector/src/MarketDataCollector/Infrastructure/Providers/SymbolSearch/OpenFigiClient.cs(319,24): warning IL2026: Using member 'System.Text.Json.JsonSerializer.Deserialize<TValue>(String, JsonSerializerOptions)' which has 'RequiresUnreferencedCodeAttribute' can break functionality when trimming application code. JSON serialization and deserialization might require types that cannot be statically analyzed. Use the overload that takes a JsonTypeInfo or JsonSerializerContext, or make sure all of the required types are preserved. [/home/runner/work/Market-Data-Collector/Market-Data-Collector/src/MarketDataCollector/MarketDataCollector.csproj]
/home/runner/work/Market-Data-Collector/Market-Data-Collector/src/MarketDataCollector/Application/Http/UiServer.cs(74,9): warning IL2026: Using member 'Microsoft.AspNetCore.Builder.EndpointRouteBuilderExtensions.MapGet(IEndpointRouteBuilder, String, Delegate)' which has 'RequiresUnreferencedCodeAttribute' can break functionality when trimming application code. This API may perform reflection on the supplied delegate and its parameters. These types may be trimmed if not directly referenced. [/home/runner/work/Market-Data-Collector/Market-Data-Collector/src/MarketDataCollector/MarketDataCollector.csproj]
/home/runner/work/Market-Data-Collector/Market-Data-Collector/src/MarketDataCollector/Application/Http/UiServer.cs(86,9): warning IL2026: Using member 'Microsoft.AspNetCore.Builder.EndpointRouteBuilderExtensions.MapGet(IEndpointRouteBuilder, String, Delegate)' which has 'RequiresUnreferencedCodeAttribute' can break functionality when trimming application code. This API may perform reflection on the supplied delegate and its parameters. These types may be trimmed if not directly referenced. [/home/runner/work/Market-Data-Collector/Market-Data-Collector/src/MarketDataCollector/MarketDataCollector.csproj]
/home/runner/work/Market-Data-Collector/Market-Data-Collector/src/MarketDataCollector/Application/Http/UiServer.cs(88,9): warning IL2026: Using member 'Microsoft.AspNetCore.Builder.EndpointRouteBuilderExtensions.MapGet(IEndpointRouteBuilder, String, Delegate)' which has 'RequiresUnreferencedCodeAttribute' can break functionality when trimming application code. This API may perform reflection on the supplied delegate and its parameters. These types may be trimmed if not directly referenced. [/home/runner/work/Market-Data-Collector/Market-Data-Collector/src/MarketDataCollector/MarketDataCollector.csproj]
/home/runner/work/Market-Data-Collector/Market-Data-Collector/src/MarketDataCollector/Application/Http/UiServer.cs(90,9): warning IL2026: Using member 'Microsoft.AspNetCore.Builder.EndpointRouteBuilderExtensions.MapGet(IEndpointRouteBuilder, String, Delegate)' which has 'RequiresUnreferencedCodeAttribute' can break functionality when trimming application code. This API may perform reflection on the supplied delegate and its parameters. These types may be trimmed if not directly referenced. [/home/runner/work/Market-Data-Collector/Market-Data-Collector/src/MarketDataCollector/MarketDataCollector.csproj]
/home/runner/work/Market-Data-Collector/Market-Data-Collector/src/MarketDataCollector/Application/Http/UiServer.cs(92,9): warning IL2026: Using member 'Microsoft.AspNetCore.Builder.EndpointRouteBuilderExtensions.MapGet(IEndpointRouteBuilder, String, Delegate)' which has 'RequiresUnreferencedCodeAttribute' can break functionality when trimming application code. This API may perform reflection on the supplied delegate and its parameters. These types may be trimmed if not directly referenced. [/home/runner/work/Market-Data-Collector/Market-Data-Collector/src/MarketDataCollector/MarketDataCollector.csproj]
/home/runner/work/Market-Data-Collector/Market-Data-Collector/src/MarketDataCollector/Application/Http/UiServer.cs(94,9): warning IL2026: Using member 'Microsoft.AspNetCore.Builder.EndpointRouteBuilderExtensions.MapGet(IEndpointRouteBuilder, String, Delegate)' which has 'RequiresUnreferencedCodeAttribute' can break functionality when trimming application code. This API may perform reflection on the supplied delegate and its parameters. These types may be trimmed if not directly referenced. [/home/runner/work/Market-Data-Collector/Market-Data-Collector/src/MarketDataCollector/MarketDataCollector.csproj]
/home/runner/work/Market-Data-Collector/Market-Data-Collector/src/MarketDataCollector/Application/Http/UiServer.cs(96,9): warning IL2026: Using member 'Microsoft.AspNetCore.Builder.EndpointRouteBuilderExtensions.MapGet(IEndpointRouteBuilder, String, Delegate)' which has 'RequiresUnreferencedCodeAttribute' can break functionality when trimming application code. This API may perform reflection on the supplied delegate and its parameters. These types may be trimmed if not directly referenced. [/home/runner/work/Market-Data-Collector/Market-Data-Collector/src/MarketDataCollector/MarketDataCollector.csproj]
/home/runner/work/Market-Data-Collector/Market-Data-Collector/src/MarketDataCollector/Application/Http/UiServer.cs(105,9): warning IL2026: Using member 'Microsoft.AspNetCore.Builder.EndpointRouteBuilderExtensions.MapGet(IEndpointRouteBuilder, String, Delegate)' which has 'RequiresUnreferencedCodeAttribute' can break functionality when trimming application code. This API may perform reflection on the supplied delegate and its parameters. These types may be trimmed if not directly referenced. [/home/runner/work/Market-Data-Collector/Market-Data-Collector/src/MarketDataCollector/MarketDataCollector.csproj]
/home/runner/work/Market-Data-Collector/Market-Data-Collector/src/MarketDataCollector/Application/Http/UiServer.cs(120,9): warning IL2026: Using member 'Microsoft.AspNetCore.Builder.EndpointRouteBuilderExtensions.MapPost(IEndpointRouteBuilder, String, Delegate)' which has 'RequiresUnreferencedCodeAttribute' can break functionality when trimming application code. This API may perform reflection on the supplied delegate and its parameters. These types may be trimmed if not directly referenced. [/home/runner/work/Market-Data-Collector/Market-Data-Collector/src/MarketDataCollector/MarketDataCollector.csproj]
/home/runner/work/Market-Data-Collector/Market-Data-Collector/src/MarketDataCollector/Application/Http/UiServer.cs(140,9): warning IL2026: Using member 'Microsoft.AspNetCore.Builder.EndpointRouteBuilderExtensions.MapPost(IEndpointRouteBuilder, String, Delegate)' which has 'RequiresUnreferencedCodeAttribute' can break functionality when trimming application code. This API may perform reflection on the supplied delegate and its parameters. These types may be trimmed if not directly referenced. [/home/runner/work/Market-Data-Collector/Market-Data-Collector/src/MarketDataCollector/MarketDataCollector.csproj]
/home/runner/work/Market-Data-Collector/Market-Data-Collector/src/MarketDataCollector/Application/Http/UiServer.cs(155,9): warning IL2026: Using member 'Microsoft.AspNetCore.Builder.EndpointRouteBuilderExtensions.MapPost(IEndpointRouteBuilder, String, Delegate)' which has 'RequiresUnreferencedCodeAttribute' can break functionality when trimming application code. This API may perform reflection on the supplied delegate and its parameters. These types may be trimmed if not directly referenced. [/home/runner/work/Market-Data-Collector/Market-Data-Collector/src/MarketDataCollector/MarketDataCollector.csproj]
/home/runner/work/Market-Data-Collector/Market-Data-Collector/src/MarketDataCollector/Application/Http/UiServer.cs(182,9): warning IL2026: Using member 'Microsoft.AspNetCore.Builder.EndpointRouteBuilderExtensions.MapGet(IEndpointRouteBuilder, String, Delegate)' which has 'RequiresUnreferencedCodeAttribute' can break functionality when trimming application code. This API may perform reflection on the supplied delegate and its parameters. These types may be trimmed if not directly referenced. [/home/runner/work/Market-Data-Collector/Market-Data-Collector/src/MarketDataCollector/MarketDataCollector.csproj]
/home/runner/work/Market-Data-Collector/Market-Data-Collector/src/MarketDataCollector/Application/Http/UiServer.cs(190,9): warning IL2026: Using member 'Microsoft.AspNetCore.Builder.EndpointRouteBuilderExtensions.MapPost(IEndpointRouteBuilder, String, Delegate)' which has 'RequiresUnreferencedCodeAttribute' can break functionality when trimming application code. This API may perform reflection on the supplied delegate and its parameters. These types may be trimmed if not directly referenced. [/home/runner/work/Market-Data-Collector/Market-Data-Collector/src/MarketDataCollector/MarketDataCollector.csproj]
/home/runner/work/Market-Data-Collector/Market-Data-Collector/src/MarketDataCollector/Application/Http/UiServer.cs(215,9): warning IL2026: Using member 'Microsoft.AspNetCore.Builder.EndpointRouteBuilderExtensions.MapDelete(IEndpointRouteBuilder, String, Delegate)' which has 'RequiresUnreferencedCodeAttribute' can break functionality when trimming application code. This API may perform reflection on the supplied delegate and its parameters. These types may be trimmed if not directly referenced. [/home/runner/work/Market-Data-Collector/Market-Data-Collector/src/MarketDataCollector/MarketDataCollector.csproj]
/home/runner/work/Market-Data-Collector/Market-Data-Collector/src/MarketDataCollector/Application/Http/UiServer.cs(232,9): warning IL2026: Using member 'Microsoft.AspNetCore.Builder.EndpointRouteBuilderExtensions.MapGet(IEndpointRouteBuilder, String, Delegate)' which has 'RequiresUnreferencedCodeAttribute' can break functionality when trimming application code. This API may perform reflection on the supplied delegate and its parameters. These types may be trimmed if not directly referenced. [/home/runner/work/Market-Data-Collector/Market-Data-Collector/src/MarketDataCollector/MarketDataCollector.csproj]
/home/runner/work/Market-Data-Collector/Market-Data-Collector/src/MarketDataCollector/Application/Http/UiServer.cs(245,9): warning IL2026: Using member 'Microsoft.AspNetCore.Builder.EndpointRouteBuilderExtensions.MapGet(IEndpointRouteBuilder, String, Delegate)' which has 'RequiresUnreferencedCodeAttribute' can break functionality when trimming application code. This API may perform reflection on the supplied delegate and its parameters. These types may be trimmed if not directly referenced. [/home/runner/work/Market-Data-Collector/Market-Data-Collector/src/MarketDataCollector/MarketDataCollector.csproj]
/home/runner/work/Market-Data-Collector/Market-Data-Collector/src/MarketDataCollector/Application/Http/UiServer.cs(258,9): warning IL2026: Using member 'Microsoft.AspNetCore.Builder.EndpointRouteBuilderExtensions.MapGet(IEndpointRouteBuilder, String, Delegate)' which has 'RequiresUnreferencedCodeAttribute' can break functionality when trimming application code. This API may perform reflection on the supplied delegate and its parameters. These types may be trimmed if not directly referenced. [/home/runner/work/Market-Data-Collector/Market-Data-Collector/src/MarketDataCollector/MarketDataCollector.csproj]
/home/runner/work/Market-Data-Collector/Market-Data-Collector/src/MarketDataCollector/Application/Http/UiServer.cs(273,9): warning IL2026: Using member 'Microsoft.AspNetCore.Builder.EndpointRouteBuilderExtensions.MapPost(IEndpointRouteBuilder, String, Delegate)' which has 'RequiresUnreferencedCodeAttribute' can break functionality when trimming application code. This API may perform reflection on the supplied delegate and its parameters. These types may be trimmed if not directly referenced. [/home/runner/work/Market-Data-Collector/Market-Data-Collector/src/MarketDataCollector/MarketDataCollector.csproj]
/home/runner/work/Market-Data-Collector/Market-Data-Collector/src/MarketDataCollector/Application/Http/UiServer.cs(299,9): warning IL2026: Using member 'Microsoft.AspNetCore.Builder.EndpointRouteBuilderExtensions.MapGet(IEndpointRouteBuilder, String, Delegate)' which has 'RequiresUnreferencedCodeAttribute' can break functionality when trimming application code. This API may perform reflection on the supplied delegate and its parameters. These types may be trimmed if not directly referenced. [/home/runner/work/Market-Data-Collector/Market-Data-Collector/src/MarketDataCollector/MarketDataCollector.csproj]
/home/runner/work/Market-Data-Collector/Market-Data-Collector/src/MarketDataCollector/Application/Http/UiServer.cs(312,9): warning IL2026: Using member 'Microsoft.AspNetCore.Builder.EndpointRouteBuilderExtensions.MapGet(IEndpointRouteBuilder, String, Delegate)' which has 'RequiresUnreferencedCodeAttribute' can break functionality when trimming application code. This API may perform reflection on the supplied delegate and its parameters. These types may be trimmed if not directly referenced. [/home/runner/work/Market-Data-Collector/Market-Data-Collector/src/MarketDataCollector/MarketDataCollector.csproj]
/home/runner/work/Market-Data-Collector/Market-Data-Collector/src/MarketDataCollector/Application/Http/UiServer.cs(77,20): warning IL2026: Using member 'Microsoft.AspNetCore.Http.Results.Json<TValue>(TValue, JsonSerializerOptions, String, Int32?)' which has 'RequiresUnreferencedCodeAttribute' can break functionality when trimming application code. JSON serialization and deserialization might require types that cannot be statically analyzed. Use the overload that takes a JsonTypeInfo or JsonSerializerContext. [/home/runner/work/Market-Data-Collector/Market-Data-Collector/src/MarketDataCollector/MarketDataCollector.csproj]
/home/runner/work/Market-Data-Collector/Market-Data-Collector/src/MarketDataCollector/Application/Http/UiServer.cs(108,20): warning IL2026: Using member 'Microsoft.AspNetCore.Http.Results.Json<TValue>(TValue, JsonSerializerOptions, String, Int32?)' which has 'RequiresUnreferencedCodeAttribute' can break functionality when trimming application code. JSON serialization and deserialization might require types that cannot be statically analyzed. Use the overload that takes a JsonTypeInfo or JsonSerializerContext. [/home/runner/work/Market-Data-Collector/Market-Data-Collector/src/MarketDataCollector/MarketDataCollector.csproj]
/home/runner/work/Market-Data-Collector/Market-Data-Collector/src/MarketDataCollector/Application/Http/UiServer.cs(187,20): warning IL2026: Using member 'Microsoft.AspNetCore.Http.Results.Json<TValue>(TValue, JsonSerializerOptions, String, Int32?)' which has 'RequiresUnreferencedCodeAttribute' can break functionality when trimming application code. JSON serialization and deserialization might require types that cannot be statically analyzed. Use the overload that takes a JsonTypeInfo or JsonSerializerContext. [/home/runner/work/Market-Data-Collector/Market-Data-Collector/src/MarketDataCollector/MarketDataCollector.csproj]
/home/runner/work/Market-Data-Collector/Market-Data-Collector/src/MarketDataCollector/Application/Http/UiServer.cs(250,24): warning IL2026: Using member 'Microsoft.AspNetCore.Http.Results.Json<TValue>(TValue, JsonSerializerOptions, String, Int32?)' which has 'RequiresUnreferencedCodeAttribute' can break functionality when trimming application code. JSON serialization and deserialization might require types that cannot be statically analyzed. Use the overload that takes a JsonTypeInfo or JsonSerializerContext. [/home/runner/work/Market-Data-Collector/Market-Data-Collector/src/MarketDataCollector/MarketDataCollector.csproj]
/home/runner/work/Market-Data-Collector/Market-Data-Collector/src/MarketDataCollector/Application/Http/UiServer.cs(265,23): warning IL2026: Using member 'Microsoft.AspNetCore.Http.Results.Json<TValue>(TValue, JsonSerializerOptions, String, Int32?)' which has 'RequiresUnreferencedCodeAttribute' can break functionality when trimming application code. JSON serialization and deserialization might require types that cannot be statically analyzed. Use the overload that takes a JsonTypeInfo or JsonSerializerContext. [/home/runner/work/Market-Data-Collector/Market-Data-Collector/src/MarketDataCollector/MarketDataCollector.csproj]
/home/runner/work/Market-Data-Collector/Market-Data-Collector/src/MarketDataCollector/Application/Http/UiServer.cs(304,24): warning IL2026: Using member 'Microsoft.AspNetCore.Http.Results.Json<TValue>(TValue, JsonSerializerOptions, String, Int32?)' which has 'RequiresUnreferencedCodeAttribute' can break functionality when trimming application code. JSON serialization and deserialization might require types that cannot be statically analyzed. Use the overload that takes a JsonTypeInfo or JsonSerializerContext. [/home/runner/work/Market-Data-Collector/Market-Data-Collector/src/MarketDataCollector/MarketDataCollector.csproj]
/home/runner/work/Market-Data-Collector/Market-Data-Collector/src/MarketDataCollector/Application/Http/UiServer.cs(323,24): warning IL2026: Using member 'Microsoft.AspNetCore.Http.Results.Json<TValue>(TValue, JsonSerializerOptions, String, Int32?)' which has 'RequiresUnreferencedCodeAttribute' can break functionality when trimming application code. JSON serialization and deserialization might require types that cannot be statically analyzed. Use the overload that takes a JsonTypeInfo or JsonSerializerContext. [/home/runner/work/Market-Data-Collector/Market-Data-Collector/src/MarketDataCollector/MarketDataCollector.csproj]
/home/runner/work/Market-Data-Collector/Market-Data-Collector/src/MarketDataCollector/Infrastructure/Providers/Historical/SymbolResolution/OpenFigiSymbolResolver.cs(75,40): warning IL2026: Using member 'System.Net.Http.Json.HttpClientJsonExtensions.PostAsJsonAsync<TValue>(HttpClient, String, TValue, CancellationToken)' which has 'RequiresUnreferencedCodeAttribute' can break functionality when trimming application code. JSON serialization and deserialization might require types that cannot be statically analyzed. Use the overload that takes a JsonTypeInfo or JsonSerializerContext, or make sure all of the required types are preserved. [/home/runner/work/Market-Data-Collector/Market-Data-Collector/src/MarketDataCollector/MarketDataCollector.csproj]
/home/runner/work/Market-Data-Collector/Market-Data-Collector/src/MarketDataCollector/Infrastructure/Providers/Historical/SymbolResolution/OpenFigiSymbolResolver.cs(84,33): warning IL2026: Using member 'System.Net.Http.Json.HttpContentJsonExtensions.ReadFromJsonAsync<T>(HttpContent, CancellationToken)' which has 'RequiresUnreferencedCodeAttribute' can break functionality when trimming application code. JSON serialization and deserialization might require types that cannot be statically analyzed. Use the overload that takes a JsonTypeInfo or JsonSerializerContext, or make sure all of the required types are preserved. [/home/runner/work/Market-Data-Collector/Market-Data-Collector/src/MarketDataCollector/MarketDataCollector.csproj]
/home/runner/work/Market-Data-Collector/Market-Data-Collector/src/MarketDataCollector/Infrastructure/Providers/Historical/SymbolResolution/OpenFigiSymbolResolver.cs(168,40): warning IL2026: Using member 'System.Net.Http.Json.HttpClientJsonExtensions.PostAsJsonAsync<TValue>(HttpClient, String, TValue, CancellationToken)' which has 'RequiresUnreferencedCodeAttribute' can break functionality when trimming application code. JSON serialization and deserialization might require types that cannot be statically analyzed. Use the overload that takes a JsonTypeInfo or JsonSerializerContext, or make sure all of the required types are preserved. [/home/runner/work/Market-Data-Collector/Market-Data-Collector/src/MarketDataCollector/MarketDataCollector.csproj]
/home/runner/work/Market-Data-Collector/Market-Data-Collector/src/MarketDataCollector/Infrastructure/Providers/Historical/SymbolResolution/OpenFigiSymbolResolver.cs(175,33): warning IL2026: Using member 'System.Net.Http.Json.HttpContentJsonExtensions.ReadFromJsonAsync<T>(HttpContent, CancellationToken)' which has 'RequiresUnreferencedCodeAttribute' can break functionality when trimming application code. JSON serialization and deserialization might require types that cannot be statically analyzed. Use the overload that takes a JsonTypeInfo or JsonSerializerContext, or make sure all of the required types are preserved. [/home/runner/work/Market-Data-Collector/Market-Data-Collector/src/MarketDataCollector/MarketDataCollector.csproj]
/home/runner/work/Market-Data-Collector/Market-Data-Collector/src/MarketDataCollector/Application/Http/UiServer.cs(352,9): warning IL2026: Using member 'Microsoft.AspNetCore.Builder.EndpointRouteBuilderExtensions.MapGet(IEndpointRouteBuilder, String, Delegate)' which has 'RequiresUnreferencedCodeAttribute' can break functionality when trimming application code. This API may perform reflection on the supplied delegate and its parameters. These types may be trimmed if not directly referenced. [/home/runner/work/Market-Data-Collector/Market-Data-Collector/src/MarketDataCollector/MarketDataCollector.csproj]
/home/runner/work/Market-Data-Collector/Market-Data-Collector/src/MarketDataCollector/Application/Http/UiServer.cs(365,9): warning IL2026: Using member 'Microsoft.AspNetCore.Builder.EndpointRouteBuilderExtensions.MapPost(IEndpointRouteBuilder, String, Delegate)' which has 'RequiresUnreferencedCodeAttribute' can break functionality when trimming application code. This API may perform reflection on the supplied delegate and its parameters. These types may be trimmed if not directly referenced. [/home/runner/work/Market-Data-Collector/Market-Data-Collector/src/MarketDataCollector/MarketDataCollector.csproj]
/home/runner/work/Market-Data-Collector/Market-Data-Collector/src/MarketDataCollector/Application/Http/UiServer.cs(391,9): warning IL2026: Using member 'Microsoft.AspNetCore.Builder.EndpointRouteBuilderExtensions.MapPost(IEndpointRouteBuilder, String, Delegate)' which has 'RequiresUnreferencedCodeAttribute' can break functionality when trimming application code. This API may perform reflection on the supplied delegate and its parameters. These types may be trimmed if not directly referenced. [/home/runner/work/Market-Data-Collector/Market-Data-Collector/src/MarketDataCollector/MarketDataCollector.csproj]
/home/runner/work/Market-Data-Collector/Market-Data-Collector/src/MarketDataCollector/Application/Http/UiServer.cs(412,9): warning IL2026: Using member 'Microsoft.AspNetCore.Builder.EndpointRouteBuilderExtensions.MapPost(IEndpointRouteBuilder, String, Delegate)' which has 'RequiresUnreferencedCodeAttribute' can break functionality when trimming application code. This API may perform reflection on the supplied delegate and its parameters. These types may be trimmed if not directly referenced. [/home/runner/work/Market-Data-Collector/Market-Data-Collector/src/MarketDataCollector/MarketDataCollector.csproj]
/home/runner/work/Market-Data-Collector/Market-Data-Collector/src/MarketDataCollector/Application/Http/UiServer.cs(428,9): warning IL2026: Using member 'Microsoft.AspNetCore.Builder.EndpointRouteBuilderExtensions.MapPost(IEndpointRouteBuilder, String, Delegate)' which has 'RequiresUnreferencedCodeAttribute' can break functionality when trimming application code. This API may perform reflection on the supplied delegate and its parameters. These types may be trimmed if not directly referenced. [/home/runner/work/Market-Data-Collector/Market-Data-Collector/src/MarketDataCollector/MarketDataCollector.csproj]
/home/runner/work/Market-Data-Collector/Market-Data-Collector/src/MarketDataCollector/Application/Http/UiServer.cs(444,9): warning IL2026: Using member 'Microsoft.AspNetCore.Builder.EndpointRouteBuilderExtensions.MapPost(IEndpointRouteBuilder, String, Delegate)' which has 'RequiresUnreferencedCodeAttribute' can break functionality when trimming application code. This API may perform reflection on the supplied delegate and its parameters. These types may be trimmed if not directly referenced. [/home/runner/work/Market-Data-Collector/Market-Data-Collector/src/MarketDataCollector/MarketDataCollector.csproj]
/home/runner/work/Market-Data-Collector/Market-Data-Collector/src/MarketDataCollector/Application/Http/UiServer.cs(464,9): warning IL2026: Using member 'Microsoft.AspNetCore.Builder.EndpointRouteBuilderExtensions.MapGet(IEndpointRouteBuilder, String, Delegate)' which has 'RequiresUnreferencedCodeAttribute' can break functionality when trimming application code. This API may perform reflection on the supplied delegate and its parameters. These types may be trimmed if not directly referenced. [/home/runner/work/Market-Data-Collector/Market-Data-Collector/src/MarketDataCollector/MarketDataCollector.csproj]
/home/runner/work/Market-Data-Collector/Market-Data-Collector/src/MarketDataCollector/Application/Http/UiServer.cs(477,9): warning IL2026: Using member 'Microsoft.AspNetCore.Builder.EndpointRouteBuilderExtensions.MapPost(IEndpointRouteBuilder, String, Delegate)' which has 'RequiresUnreferencedCodeAttribute' can break functionality when trimming application code. This API may perform reflection on the supplied delegate and its parameters. These types may be trimmed if not directly referenced. [/home/runner/work/Market-Data-Collector/Market-Data-Collector/src/MarketDataCollector/MarketDataCollector.csproj]
/home/runner/work/Market-Data-Collector/Market-Data-Collector/src/MarketDataCollector/Application/Http/UiServer.cs(497,9): warning IL2026: Using member 'Microsoft.AspNetCore.Builder.EndpointRouteBuilderExtensions.MapPost(IEndpointRouteBuilder, String, Delegate)' which has 'RequiresUnreferencedCodeAttribute' can break functionality when trimming application code. This API may perform reflection on the supplied delegate and its parameters. These types may be trimmed if not directly referenced. [/home/runner/work/Market-Data-Collector/Market-Data-Collector/src/MarketDataCollector/MarketDataCollector.csproj]
/home/runner/work/Market-Data-Collector/Market-Data-Collector/src/MarketDataCollector/Application/Http/UiServer.cs(517,9): warning IL2026: Using member 'Microsoft.AspNetCore.Builder.EndpointRouteBuilderExtensions.MapPost(IEndpointRouteBuilder, String, Delegate)' which has 'RequiresUnreferencedCodeAttribute' can break functionality when trimming application code. This API may perform reflection on the supplied delegate and its parameters. These types may be trimmed if not directly referenced. [/home/runner/work/Market-Data-Collector/Market-Data-Collector/src/MarketDataCollector/MarketDataCollector.csproj]
/home/runner/work/Market-Data-Collector/Market-Data-Collector/src/MarketDataCollector/Application/Http/UiServer.cs(530,9): warning IL2026: Using member 'Microsoft.AspNetCore.Builder.EndpointRouteBuilderExtensions.MapPost(IEndpointRouteBuilder, String, Delegate)' which has 'RequiresUnreferencedCodeAttribute' can break functionality when trimming application code. This API may perform reflection on the supplied delegate and its parameters. These types may be trimmed if not directly referenced. [/home/runner/work/Market-Data-Collector/Market-Data-Collector/src/MarketDataCollector/MarketDataCollector.csproj]
/home/runner/work/Market-Data-Collector/Market-Data-Collector/src/MarketDataCollector/Application/Http/UiServer.cs(550,9): warning IL2026: Using member 'Microsoft.AspNetCore.Builder.EndpointRouteBuilderExtensions.MapGet(IEndpointRouteBuilder, String, Delegate)' which has 'RequiresUnreferencedCodeAttribute' can break functionality when trimming application code. This API may perform reflection on the supplied delegate and its parameters. These types may be trimmed if not directly referenced. [/home/runner/work/Market-Data-Collector/Market-Data-Collector/src/MarketDataCollector/MarketDataCollector.csproj]
/home/runner/work/Market-Data-Collector/Market-Data-Collector/src/MarketDataCollector/Application/Http/UiServer.cs(563,9): warning IL2026: Using member 'Microsoft.AspNetCore.Builder.EndpointRouteBuilderExtensions.MapGet(IEndpointRouteBuilder, String, Delegate)' which has 'RequiresUnreferencedCodeAttribute' can break functionality when trimming application code. This API may perform reflection on the supplied delegate and its parameters. These types may be trimmed if not directly referenced. [/home/runner/work/Market-Data-Collector/Market-Data-Collector/src/MarketDataCollector/MarketDataCollector.csproj]
/home/runner/work/Market-Data-Collector/Market-Data-Collector/src/MarketDataCollector/Application/Http/UiServer.cs(579,9): warning IL2026: Using member 'Microsoft.AspNetCore.Builder.EndpointRouteBuilderExtensions.MapGet(IEndpointRouteBuilder, String, Delegate)' which has 'RequiresUnreferencedCodeAttribute' can break functionality when trimming application code. This API may perform reflection on the supplied delegate and its parameters. These types may be trimmed if not directly referenced. [/home/runner/work/Market-Data-Collector/Market-Data-Collector/src/MarketDataCollector/MarketDataCollector.csproj]
/home/runner/work/Market-Data-Collector/Market-Data-Collector/src/MarketDataCollector/Application/Http/UiServer.cs(595,9): warning IL2026: Using member 'Microsoft.AspNetCore.Builder.EndpointRouteBuilderExtensions.MapGet(IEndpointRouteBuilder, String, Delegate)' which has 'RequiresUnreferencedCodeAttribute' can break functionality when trimming application code. This API may perform reflection on the supplied delegate and its parameters. These types may be trimmed if not directly referenced. [/home/runner/work/Market-Data-Collector/Market-Data-Collector/src/MarketDataCollector/MarketDataCollector.csproj]
/home/runner/work/Market-Data-Collector/Market-Data-Collector/src/MarketDataCollector/Application/Http/UiServer.cs(608,9): warning IL2026: Using member 'Microsoft.AspNetCore.Builder.EndpointRouteBuilderExtensions.MapPost(IEndpointRouteBuilder, String, Delegate)' which has 'RequiresUnreferencedCodeAttribute' can break functionality when trimming application code. This API may perform reflection on the supplied delegate and its parameters. These types may be trimmed if not directly referenced. [/home/runner/work/Market-Data-Collector/Market-Data-Collector/src/MarketDataCollector/MarketDataCollector.csproj]
/home/runner/work/Market-Data-Collector/Market-Data-Collector/src/MarketDataCollector/Application/Http/UiServer.cs(621,9): warning IL2026: Using member 'Microsoft.AspNetCore.Builder.EndpointRouteBuilderExtensions.MapPost(IEndpointRouteBuilder, String, Delegate)' which has 'RequiresUnreferencedCodeAttribute' can break functionality when trimming application code. This API may perform reflection on the supplied delegate and its parameters. These types may be trimmed if not directly referenced. [/home/runner/work/Market-Data-Collector/Market-Data-Collector/src/MarketDataCollector/MarketDataCollector.csproj]
/home/runner/work/Market-Data-Collector/Market-Data-Collector/src/MarketDataCollector/Application/Http/UiServer.cs(643,9): warning IL2026: Using member 'Microsoft.AspNetCore.Builder.EndpointRouteBuilderExtensions.MapGet(IEndpointRouteBuilder, String, Delegate)' which has 'RequiresUnreferencedCodeAttribute' can break functionality when trimming application code. This API may perform reflection on the supplied delegate and its parameters. These types may be trimmed if not directly referenced. [/home/runner/work/Market-Data-Collector/Market-Data-Collector/src/MarketDataCollector/MarketDataCollector.csproj]
/home/runner/work/Market-Data-Collector/Market-Data-Collector/src/MarketDataCollector/Application/Http/UiServer.cs(658,9): warning IL2026: Using member 'Microsoft.AspNetCore.Builder.EndpointRouteBuilderExtensions.MapGet(IEndpointRouteBuilder, String, Delegate)' which has 'RequiresUnreferencedCodeAttribute' can break functionality when trimming application code. This API may perform reflection on the supplied delegate and its parameters. These types may be trimmed if not directly referenced. [/home/runner/work/Market-Data-Collector/Market-Data-Collector/src/MarketDataCollector/MarketDataCollector.csproj]
/home/runner/work/Market-Data-Collector/Market-Data-Collector/src/MarketDataCollector/Application/Http/UiServer.cs(671,9): warning IL2026: Using member 'Microsoft.AspNetCore.Builder.EndpointRouteBuilderExtensions.MapGet(IEndpointRouteBuilder, String, Delegate)' which has 'RequiresUnreferencedCodeAttribute' can break functionality when trimming application code. This API may perform reflection on the supplied delegate and its parameters. These types may be trimmed if not directly referenced. [/home/runner/work/Market-Data-Collector/Market-Data-Collector/src/MarketDataCollector/MarketDataCollector.csproj]
/home/runner/work/Market-Data-Collector/Market-Data-Collector/src/MarketDataCollector/Application/Http/UiServer.cs(686,9): warning IL2026: Using member 'Microsoft.AspNetCore.Builder.EndpointRouteBuilderExtensions.MapPost(IEndpointRouteBuilder, String, Delegate)' which has 'RequiresUnreferencedCodeAttribute' can break functionality when trimming application code. This API may perform reflection on the supplied delegate and its parameters. These types may be trimmed if not directly referenced. [/home/runner/work/Market-Data-Collector/Market-Data-Collector/src/MarketDataCollector/MarketDataCollector.csproj]
/home/runner/work/Market-Data-Collector/Market-Data-Collector/src/MarketDataCollector/Application/Http/UiServer.cs(699,9): warning IL2026: Using member 'Microsoft.AspNetCore.Builder.EndpointRouteBuilderExtensions.MapGet(IEndpointRouteBuilder, String, Delegate)' which has 'RequiresUnreferencedCodeAttribute' can break functionality when trimming application code. This API may perform reflection on the supplied delegate and its parameters. These types may be trimmed if not directly referenced. [/home/runner/work/Market-Data-Collector/Market-Data-Collector/src/MarketDataCollector/MarketDataCollector.csproj]
/home/runner/work/Market-Data-Collector/Market-Data-Collector/src/MarketDataCollector/Application/Http/UiServer.cs(712,9): warning IL2026: Using member 'Microsoft.AspNetCore.Builder.EndpointRouteBuilderExtensions.MapGet(IEndpointRouteBuilder, String, Delegate)' which has 'RequiresUnreferencedCodeAttribute' can break functionality when trimming application code. This API may perform reflection on the supplied delegate and its parameters. These types may be trimmed if not directly referenced. [/home/runner/work/Market-Data-Collector/Market-Data-Collector/src/MarketDataCollector/MarketDataCollector.csproj]
/home/runner/work/Market-Data-Collector/Market-Data-Collector/src/MarketDataCollector/Application/Http/UiServer.cs(727,9): warning IL2026: Using member 'Microsoft.AspNetCore.Builder.EndpointRouteBuilderExtensions.MapPost(IEndpointRouteBuilder, String, Delegate)' which has 'RequiresUnreferencedCodeAttribute' can break functionality when trimming application code. This API may perform reflection on the supplied delegate and its parameters. These types may be trimmed if not directly referenced. [/home/runner/work/Market-Data-Collector/Market-Data-Collector/src/MarketDataCollector/MarketDataCollector.csproj]
/home/runner/work/Market-Data-Collector/Market-Data-Collector/src/MarketDataCollector/Application/Http/UiServer.cs(740,9): warning IL2026: Using member 'Microsoft.AspNetCore.Builder.EndpointRouteBuilderExtensions.MapGet(IEndpointRouteBuilder, String, Delegate)' which has 'RequiresUnreferencedCodeAttribute' can break functionality when trimming application code. This API may perform reflection on the supplied delegate and its parameters. These types may be trimmed if not directly referenced. [/home/runner/work/Market-Data-Collector/Market-Data-Collector/src/MarketDataCollector/MarketDataCollector.csproj]
/home/runner/work/Market-Data-Collector/Market-Data-Collector/src/MarketDataCollector/Application/Http/UiServer.cs(755,9): warning IL2026: Using member 'Microsoft.AspNetCore.Builder.EndpointRouteBuilderExtensions.MapGet(IEndpointRouteBuilder, String, Delegate)' which has 'RequiresUnreferencedCodeAttribute' can break functionality when trimming application code. This API may perform reflection on the supplied delegate and its parameters. These types may be trimmed if not directly referenced. [/home/runner/work/Market-Data-Collector/Market-Data-Collector/src/MarketDataCollector/MarketDataCollector.csproj]
/home/runner/work/Market-Data-Collector/Market-Data-Collector/src/MarketDataCollector/Application/Http/UiServer.cs(648,24): warning IL2026: Using member 'Microsoft.AspNetCore.Http.Results.Json<TValue>(TValue, JsonSerializerOptions, String, Int32?)' which has 'RequiresUnreferencedCodeAttribute' can break functionality when trimming application code. JSON serialization and deserialization might require types that cannot be statically analyzed. Use the overload that takes a JsonTypeInfo or JsonSerializerContext. [/home/runner/work/Market-Data-Collector/Market-Data-Collector/src/MarketDataCollector/MarketDataCollector.csproj]
/home/runner/work/Market-Data-Collector/Market-Data-Collector/src/MarketDataCollector/Application/Http/UiServer.cs(745,24): warning IL2026: Using member 'Microsoft.AspNetCore.Http.Results.Json<TValue>(TValue, JsonSerializerOptions, String, Int32?)' which has 'RequiresUnreferencedCodeAttribute' can break functionality when trimming application code. JSON serialization and deserialization might require types that cannot be statically analyzed. Use the overload that takes a JsonTypeInfo or JsonSerializerContext. [/home/runner/work/Market-Data-Collector/Market-Data-Collector/src/MarketDataCollector/MarketDataCollector.csproj]
/home/runner/work/Market-Data-Collector/Market-Data-Collector/src/MarketDataCollector/Application/Http/UiServer.cs(768,24): warning IL2026: Using member 'Microsoft.AspNetCore.Http.Results.Json<TValue>(TValue, JsonSerializerOptions, String, Int32?)' which has 'RequiresUnreferencedCodeAttribute' can break functionality when trimming application code. JSON serialization and deserialization might require types that cannot be statically analyzed. Use the overload that takes a JsonTypeInfo or JsonSerializerContext. [/home/runner/work/Market-Data-Collector/Market-Data-Collector/src/MarketDataCollector/MarketDataCollector.csproj]
/home/runner/work/Market-Data-Collector/Market-Data-Collector/src/MarketDataCollector/Application/Subscriptions/Services/SchedulingService.cs(397,29): warning IL2026: Using member 'System.Text.Json.JsonSerializer.Deserialize<TValue>(String, JsonSerializerOptions)' which has 'RequiresUnreferencedCodeAttribute' can break functionality when trimming application code. JSON serialization and deserialization might require types that cannot be statically analyzed. Use the overload that takes a JsonTypeInfo or JsonSerializerContext, or make sure all of the required types are preserved. [/home/runner/work/Market-Data-Collector/Market-Data-Collector/src/MarketDataCollector/MarketDataCollector.csproj]
/home/runner/work/Market-Data-Collector/Market-Data-Collector/src/MarketDataCollector/Application/Subscriptions/Services/SchedulingService.cs(417,24): warning IL2026: Using member 'System.Text.Json.JsonSerializer.Serialize<TValue>(TValue, JsonSerializerOptions)' which has 'RequiresUnreferencedCodeAttribute' can break functionality when trimming application code. JSON serialization and deserialization might require types that cannot be statically analyzed. Use the overload that takes a JsonTypeInfo or JsonSerializerContext, or make sure all of the required types are preserved. [/home/runner/work/Market-Data-Collector/Market-Data-Collector/src/MarketDataCollector/MarketDataCollector.csproj]
/home/runner/work/Market-Data-Collector/Market-Data-Collector/src/MarketDataCollector/Application/Config/ConfigWatcher.cs(108,27): warning IL2026: Using member 'System.Text.Json.JsonSerializer.Deserialize<TValue>(String, JsonSerializerOptions)' which has 'RequiresUnreferencedCodeAttribute' can break functionality when trimming application code. JSON serialization and deserialization might require types that cannot be statically analyzed. Use the overload that takes a JsonTypeInfo or JsonSerializerContext, or make sure all of the required types are preserved. [/home/runner/work/Market-Data-Collector/Market-Data-Collector/src/MarketDataCollector/MarketDataCollector.csproj]
/home/runner/work/Market-Data-Collector/Market-Data-Collector/src/MarketDataCollector/Application/Config/ConfigValidatorCli.cs(51,22): warning IL2026: Using member 'System.Text.Json.JsonSerializer.Deserialize<TValue>(String, JsonSerializerOptions)' which has 'RequiresUnreferencedCodeAttribute' can break functionality when trimming application code. JSON serialization and deserialization might require types that cannot be statically analyzed. Use the overload that takes a JsonTypeInfo or JsonSerializerContext, or make sure all of the required types are preserved. [/home/runner/work/Market-Data-Collector/Market-Data-Collector/src/MarketDataCollector/MarketDataCollector.csproj]
/home/runner/work/Market-Data-Collector/Market-Data-Collector/src/MarketDataCollector/Application/Subscriptions/Services/PortfolioImportService.cs(261,34): warning IL2026: Using member 'System.Net.Http.Json.HttpContentJsonExtensions.ReadFromJsonAsync<T>(HttpContent, JsonSerializerOptions, CancellationToken)' which has 'RequiresUnreferencedCodeAttribute' can break functionality when trimming application code. JSON serialization and deserialization might require types that cannot be statically analyzed. Use the overload that takes a JsonTypeInfo or JsonSerializerContext, or make sure all of the required types are preserved. [/home/runner/work/Market-Data-Collector/Market-Data-Collector/src/MarketDataCollector/MarketDataCollector.csproj]
/home/runner/work/Market-Data-Collector/Market-Data-Collector/src/MarketDataCollector/Application/Subscriptions/Services/PortfolioImportService.cs(276,37): warning IL2026: Using member 'System.Net.Http.Json.HttpContentJsonExtensions.ReadFromJsonAsync<T>(HttpContent, JsonSerializerOptions, CancellationToken)' which has 'RequiresUnreferencedCodeAttribute' can break functionality when trimming application code. JSON serialization and deserialization might require types that cannot be statically analyzed. Use the overload that takes a JsonTypeInfo or JsonSerializerContext, or make sure all of the required types are preserved. [/home/runner/work/Market-Data-Collector/Market-Data-Collector/src/MarketDataCollector/MarketDataCollector.csproj]
/home/runner/work/Market-Data-Collector/Market-Data-Collector/src/MarketDataCollector/Application/Config/ConfigValidatorCli.cs(138,26): warning IL2026: Using member 'System.Text.Json.JsonSerializer.Deserialize<TValue>(String, JsonSerializerOptions)' which has 'RequiresUnreferencedCodeAttribute' can break functionality when trimming application code. JSON serialization and deserialization might require types that cannot be statically analyzed. Use the overload that takes a JsonTypeInfo or JsonSerializerContext, or make sure all of the required types are preserved. [/home/runner/work/Market-Data-Collector/Market-Data-Collector/src/MarketDataCollector/MarketDataCollector.csproj]
/home/runner/work/Market-Data-Collector/Market-Data-Collector/src/MarketDataCollector/Application/Subscriptions/Services/PortfolioImportService.cs(186,35): warning IL2026: Using member 'System.Net.Http.Json.HttpContentJsonExtensions.ReadFromJsonAsync<T>(HttpContent, JsonSerializerOptions, CancellationToken)' which has 'RequiresUnreferencedCodeAttribute' can break functionality when trimming application code. JSON serialization and deserialization might require types that cannot be statically analyzed. Use the overload that takes a JsonTypeInfo or JsonSerializerContext, or make sure all of the required types are preserved. [/home/runner/work/Market-Data-Collector/Market-Data-Collector/src/MarketDataCollector/MarketDataCollector.csproj]
/home/runner/work/Market-Data-Collector/Market-Data-Collector/src/MarketDataCollector/Application/Subscriptions/Services/PortfolioImportService.cs(197,29): warning IL2026: Using member 'System.Net.Http.Json.HttpContentJsonExtensions.ReadFromJsonAsync<T>(HttpContent, JsonSerializerOptions, CancellationToken)' which has 'RequiresUnreferencedCodeAttribute' can break functionality when trimming application code. JSON serialization and deserialization might require types that cannot be statically analyzed. Use the overload that takes a JsonTypeInfo or JsonSerializerContext, or make sure all of the required types are preserved. [/home/runner/work/Market-Data-Collector/Market-Data-Collector/src/MarketDataCollector/MarketDataCollector.csproj]
/home/runner/work/Market-Data-Collector/Market-Data-Collector/src/MarketDataCollector/Infrastructure/Providers/SymbolSearch/BaseSymbolSearchProvider.cs(367,20): warning IL2026: Using member 'System.Text.Json.JsonSerializer.Deserialize<TValue>(String, JsonSerializerOptions)' which has 'RequiresUnreferencedCodeAttribute' can break functionality when trimming application code. JSON serialization and deserialization might require types that cannot be statically analyzed. Use the overload that takes a JsonTypeInfo or JsonSerializerContext, or make sure all of the required types are preserved. [/home/runner/work/Market-Data-Collector/Market-Data-Collector/src/MarketDataCollector/MarketDataCollector.csproj]
/home/runner/work/Market-Data-Collector/Market-Data-Collector/src/MarketDataCollector/Infrastructure/Providers/Streaming/Alpaca/AlpacaMarketDataClient.cs(126,23): warning IL2026: Using member 'System.Text.Json.JsonSerializer.Serialize<TValue>(TValue, JsonSerializerOptions)' which has 'RequiresUnreferencedCodeAttribute' can break functionality when trimming application code. JSON serialization and deserialization might require types that cannot be statically analyzed. Use the overload that takes a JsonTypeInfo or JsonSerializerContext, or make sure all of the required types are preserved. [/home/runner/work/Market-Data-Collector/Market-Data-Collector/src/MarketDataCollector/MarketDataCollector.csproj]
/home/runner/work/Market-Data-Collector/Market-Data-Collector/src/MarketDataCollector/Infrastructure/Providers/Streaming/Alpaca/AlpacaMarketDataClient.cs(148,31): warning IL2026: Using member 'System.Text.Json.JsonSerializer.Serialize<TValue>(TValue, JsonSerializerOptions)' which has 'RequiresUnreferencedCodeAttribute' can break functionality when trimming application code. JSON serialization and deserialization might require types that cannot be statically analyzed. Use the overload that takes a JsonTypeInfo or JsonSerializerContext, or make sure all of the required types are preserved. [/home/runner/work/Market-Data-Collector/Market-Data-Collector/src/MarketDataCollector/MarketDataCollector.csproj]
/home/runner/work/Market-Data-Collector/Market-Data-Collector/src/MarketDataCollector/Application/Config/Credentials/OAuthTokenRefreshService.cs(270,33): warning IL2026: Using member 'System.Text.Json.JsonSerializer.Deserialize<TValue>(String, JsonSerializerOptions)' which has 'RequiresUnreferencedCodeAttribute' can break functionality when trimming application code. JSON serialization and deserialization might require types that cannot be statically analyzed. Use the overload that takes a JsonTypeInfo or JsonSerializerContext, or make sure all of the required types are preserved. [/home/runner/work/Market-Data-Collector/Market-Data-Collector/src/MarketDataCollector/MarketDataCollector.csproj]
/home/runner/work/Market-Data-Collector/Market-Data-Collector/src/MarketDataCollector/Application/Config/Credentials/OAuthTokenRefreshService.cs(328,26): warning IL2026: Using member 'System.Text.Json.JsonSerializer.Deserialize<TValue>(String, JsonSerializerOptions)' which has 'RequiresUnreferencedCodeAttribute' can break functionality when trimming application code. JSON serialization and deserialization might require types that cannot be statically analyzed. Use the overload that takes a JsonTypeInfo or JsonSerializerContext, or make sure all of the required types are preserved. [/home/runner/work/Market-Data-Collector/Market-Data-Collector/src/MarketDataCollector/MarketDataCollector.csproj]
/home/runner/work/Market-Data-Collector/Market-Data-Collector/src/MarketDataCollector/Application/Config/Credentials/OAuthTokenRefreshService.cs(355,24): warning IL2026: Using member 'System.Text.Json.JsonSerializer.Serialize<TValue>(TValue, JsonSerializerOptions)' which has 'RequiresUnreferencedCodeAttribute' can break functionality when trimming application code. JSON serialization and deserialization might require types that cannot be statically analyzed. Use the overload that takes a JsonTypeInfo or JsonSerializerContext, or make sure all of the required types are preserved. [/home/runner/work/Market-Data-Collector/Market-Data-Collector/src/MarketDataCollector/MarketDataCollector.csproj]
/home/runner/work/Market-Data-Collector/Market-Data-Collector/src/MarketDataCollector/Application/Http/UiServer.cs(795,9): warning IL2026: Using member 'Microsoft.AspNetCore.Builder.EndpointRouteBuilderExtensions.MapPost(IEndpointRouteBuilder, String, Delegate)' which has 'RequiresUnreferencedCodeAttribute' can break functionality when trimming application code. This API may perform reflection on the supplied delegate and its parameters. These types may be trimmed if not directly referenced. [/home/runner/work/Market-Data-Collector/Market-Data-Collector/src/MarketDataCollector/MarketDataCollector.csproj]
/home/runner/work/Market-Data-Collector/Market-Data-Collector/src/MarketDataCollector/Application/Http/UiServer.cs(824,9): warning IL2026: Using member 'Microsoft.AspNetCore.Builder.EndpointRouteBuilderExtensions.MapGet(IEndpointRouteBuilder, String, Delegate)' which has 'RequiresUnreferencedCodeAttribute' can break functionality when trimming application code. This API may perform reflection on the supplied delegate and its parameters. These types may be trimmed if not directly referenced. [/home/runner/work/Market-Data-Collector/Market-Data-Collector/src/MarketDataCollector/MarketDataCollector.csproj]
/home/runner/work/Market-Data-Collector/Market-Data-Collector/src/MarketDataCollector/Application/Http/UiServer.cs(842,9): warning IL2026: Using member 'Microsoft.AspNetCore.Builder.EndpointRouteBuilderExtensions.MapGet(IEndpointRouteBuilder, String, Delegate)' which has 'RequiresUnreferencedCodeAttribute' can break functionality when trimming application code. This API may perform reflection on the supplied delegate and its parameters. These types may be trimmed if not directly referenced. [/home/runner/work/Market-Data-Collector/Market-Data-Collector/src/MarketDataCollector/MarketDataCollector.csproj]
/home/runner/work/Market-Data-Collector/Market-Data-Collector/src/MarketDataCollector/Application/Http/UiServer.cs(862,9): warning IL2026: Using member 'Microsoft.AspNetCore.Builder.EndpointRouteBuilderExtensions.MapGet(IEndpointRouteBuilder, String, Delegate)' which has 'RequiresUnreferencedCodeAttribute' can break functionality when trimming application code. This API may perform reflection on the supplied delegate and its parameters. These types may be trimmed if not directly referenced. [/home/runner/work/Market-Data-Collector/Market-Data-Collector/src/MarketDataCollector/MarketDataCollector.csproj]
/home/runner/work/Market-Data-Collector/Market-Data-Collector/src/MarketDataCollector/Application/Http/UiServer.cs(875,9): warning IL2026: Using member 'Microsoft.AspNetCore.Builder.EndpointRouteBuilderExtensions.MapGet(IEndpointRouteBuilder, String, Delegate)' which has 'RequiresUnreferencedCodeAttribute' can break functionality when trimming application code. This API may perform reflection on the supplied delegate and its parameters. These types may be trimmed if not directly referenced. [/home/runner/work/Market-Data-Collector/Market-Data-Collector/src/MarketDataCollector/MarketDataCollector.csproj]
/home/runner/work/Market-Data-Collector/Market-Data-Collector/src/MarketDataCollector/Application/Http/UiServer.cs(890,9): warning IL2026: Using member 'Microsoft.AspNetCore.Builder.EndpointRouteBuilderExtensions.MapPost(IEndpointRouteBuilder, String, Delegate)' which has 'RequiresUnreferencedCodeAttribute' can break functionality when trimming application code. This API may perform reflection on the supplied delegate and its parameters. These types may be trimmed if not directly referenced. [/home/runner/work/Market-Data-Collector/Market-Data-Collector/src/MarketDataCollector/MarketDataCollector.csproj]
/home/runner/work/Market-Data-Collector/Market-Data-Collector/src/MarketDataCollector/Application/Http/UiServer.cs(903,9): warning IL2026: Using member 'Microsoft.AspNetCore.Builder.EndpointRouteBuilderExtensions.MapPost(IEndpointRouteBuilder, String, Delegate)' which has 'RequiresUnreferencedCodeAttribute' can break functionality when trimming application code. This API may perform reflection on the supplied delegate and its parameters. These types may be trimmed if not directly referenced. [/home/runner/work/Market-Data-Collector/Market-Data-Collector/src/MarketDataCollector/MarketDataCollector.csproj]
/home/runner/work/Market-Data-Collector/Market-Data-Collector/src/MarketDataCollector/Application/Http/UiServer.cs(928,9): warning IL2026: Using member 'Microsoft.AspNetCore.Builder.EndpointRouteBuilderExtensions.MapPost(IEndpointRouteBuilder, String, Delegate)' which has 'RequiresUnreferencedCodeAttribute' can break functionality when trimming application code. This API may perform reflection on the supplied delegate and its parameters. These types may be trimmed if not directly referenced. [/home/runner/work/Market-Data-Collector/Market-Data-Collector/src/MarketDataCollector/MarketDataCollector.csproj]
/home/runner/work/Market-Data-Collector/Market-Data-Collector/src/MarketDataCollector/Application/Http/UiServer.cs(944,9): warning IL2026: Using member 'Microsoft.AspNetCore.Builder.EndpointRouteBuilderExtensions.MapDelete(IEndpointRouteBuilder, String, Delegate)' which has 'RequiresUnreferencedCodeAttribute' can break functionality when trimming application code. This API may perform reflection on the supplied delegate and its parameters. These types may be trimmed if not directly referenced. [/home/runner/work/Market-Data-Collector/Market-Data-Collector/src/MarketDataCollector/MarketDataCollector.csproj]
/home/runner/work/Market-Data-Collector/Market-Data-Collector/src/MarketDataCollector/Application/Http/UiServer.cs(961,9): warning IL2026: Using member 'Microsoft.AspNetCore.Builder.EndpointRouteBuilderExtensions.MapGet(IEndpointRouteBuilder, String, Delegate)' which has 'RequiresUnreferencedCodeAttribute' can break functionality when trimming application code. This API may perform reflection on the supplied delegate and its parameters. These types may be trimmed if not directly referenced. [/home/runner/work/Market-Data-Collector/Market-Data-Collector/src/MarketDataCollector/MarketDataCollector.csproj]
/home/runner/work/Market-Data-Collector/Market-Data-Collector/src/MarketDataCollector/Application/Http/UiServer.cs(974,9): warning IL2026: Using member 'Microsoft.AspNetCore.Builder.EndpointRouteBuilderExtensions.MapGet(IEndpointRouteBuilder, String, Delegate)' which has 'RequiresUnreferencedCodeAttribute' can break functionality when trimming application code. This API may perform reflection on the supplied delegate and its parameters. These types may be trimmed if not directly referenced. [/home/runner/work/Market-Data-Collector/Market-Data-Collector/src/MarketDataCollector/MarketDataCollector.csproj]
/home/runner/work/Market-Data-Collector/Market-Data-Collector/src/MarketDataCollector/Application/Http/UiServer.cs(989,9): warning IL2026: Using member 'Microsoft.AspNetCore.Builder.EndpointRouteBuilderExtensions.MapGet(IEndpointRouteBuilder, String, Delegate)' which has 'RequiresUnreferencedCodeAttribute' can break functionality when trimming application code. This API may perform reflection on the supplied delegate and its parameters. These types may be trimmed if not directly referenced. [/home/runner/work/Market-Data-Collector/Market-Data-Collector/src/MarketDataCollector/MarketDataCollector.csproj]
/home/runner/work/Market-Data-Collector/Market-Data-Collector/src/MarketDataCollector/Application/Http/UiServer.cs(1004,9): warning IL2026: Using member 'Microsoft.AspNetCore.Builder.EndpointRouteBuilderExtensions.MapPost(IEndpointRouteBuilder, String, Delegate)' which has 'RequiresUnreferencedCodeAttribute' can break functionality when trimming application code. This API may perform reflection on the supplied delegate and its parameters. These types may be trimmed if not directly referenced. [/home/runner/work/Market-Data-Collector/Market-Data-Collector/src/MarketDataCollector/MarketDataCollector.csproj]
/home/runner/work/Market-Data-Collector/Market-Data-Collector/src/MarketDataCollector/Application/Http/UiServer.cs(1023,9): warning IL2026: Using member 'Microsoft.AspNetCore.Builder.EndpointRouteBuilderExtensions.MapPut(IEndpointRouteBuilder, String, Delegate)' which has 'RequiresUnreferencedCodeAttribute' can break functionality when trimming application code. This API may perform reflection on the supplied delegate and its parameters. These types may be trimmed if not directly referenced. [/home/runner/work/Market-Data-Collector/Market-Data-Collector/src/MarketDataCollector/MarketDataCollector.csproj]
/home/runner/work/Market-Data-Collector/Market-Data-Collector/src/MarketDataCollector/Application/Http/UiServer.cs(1041,9): warning IL2026: Using member 'Microsoft.AspNetCore.Builder.EndpointRouteBuilderExtensions.MapPost(IEndpointRouteBuilder, String, Delegate)' which has 'RequiresUnreferencedCodeAttribute' can break functionality when trimming application code. This API may perform reflection on the supplied delegate and its parameters. These types may be trimmed if not directly referenced. [/home/runner/work/Market-Data-Collector/Market-Data-Collector/src/MarketDataCollector/MarketDataCollector.csproj]
/home/runner/work/Market-Data-Collector/Market-Data-Collector/src/MarketDataCollector/Application/Http/UiServer.cs(1056,9): warning IL2026: Using member 'Microsoft.AspNetCore.Builder.EndpointRouteBuilderExtensions.MapPost(IEndpointRouteBuilder, String, Delegate)' which has 'RequiresUnreferencedCodeAttribute' can break functionality when trimming application code. This API may perform reflection on the supplied delegate and its parameters. These types may be trimmed if not directly referenced. [/home/runner/work/Market-Data-Collector/Market-Data-Collector/src/MarketDataCollector/MarketDataCollector.csproj]
/home/runner/work/Market-Data-Collector/Market-Data-Collector/src/MarketDataCollector/Application/Http/UiServer.cs(1071,9): warning IL2026: Using member 'Microsoft.AspNetCore.Builder.EndpointRouteBuilderExtensions.MapPost(IEndpointRouteBuilder, String, Delegate)' which has 'RequiresUnreferencedCodeAttribute' can break functionality when trimming application code. This API may perform reflection on the supplied delegate and its parameters. These types may be trimmed if not directly referenced. [/home/runner/work/Market-Data-Collector/Market-Data-Collector/src/MarketDataCollector/MarketDataCollector.csproj]
/home/runner/work/Market-Data-Collector/Market-Data-Collector/src/MarketDataCollector/Application/Http/UiServer.cs(1086,9): warning IL2026: Using member 'Microsoft.AspNetCore.Builder.EndpointRouteBuilderExtensions.MapDelete(IEndpointRouteBuilder, String, Delegate)' which has 'RequiresUnreferencedCodeAttribute' can break functionality when trimming application code. This API may perform reflection on the supplied delegate and its parameters. These types may be trimmed if not directly referenced. [/home/runner/work/Market-Data-Collector/Market-Data-Collector/src/MarketDataCollector/MarketDataCollector.csproj]
/home/runner/work/Market-Data-Collector/Market-Data-Collector/src/MarketDataCollector/Application/Http/UiServer.cs(1101,9): warning IL2026: Using member 'Microsoft.AspNetCore.Builder.EndpointRouteBuilderExtensions.MapGet(IEndpointRouteBuilder, String, Delegate)' which has 'RequiresUnreferencedCodeAttribute' can break functionality when trimming application code. This API may perform reflection on the supplied delegate and its parameters. These types may be trimmed if not directly referenced. [/home/runner/work/Market-Data-Collector/Market-Data-Collector/src/MarketDataCollector/MarketDataCollector.csproj]
/home/runner/work/Market-Data-Collector/Market-Data-Collector/src/MarketDataCollector/Application/Http/UiServer.cs(1116,9): warning IL2026: Using member 'Microsoft.AspNetCore.Builder.EndpointRouteBuilderExtensions.MapPost(IEndpointRouteBuilder, String, Delegate)' which has 'RequiresUnreferencedCodeAttribute' can break functionality when trimming application code. This API may perform reflection on the supplied delegate and its parameters. These types may be trimmed if not directly referenced. [/home/runner/work/Market-Data-Collector/Market-Data-Collector/src/MarketDataCollector/MarketDataCollector.csproj]
/home/runner/work/Market-Data-Collector/Market-Data-Collector/src/MarketDataCollector/Application/Http/UiServer.cs(1131,9): warning IL2026: Using member 'Microsoft.AspNetCore.Builder.EndpointRouteBuilderExtensions.MapPost(IEndpointRouteBuilder, String, Delegate)' which has 'RequiresUnreferencedCodeAttribute' can break functionality when trimming application code. This API may perform reflection on the supplied delegate and its parameters. These types may be trimmed if not directly referenced. [/home/runner/work/Market-Data-Collector/Market-Data-Collector/src/MarketDataCollector/MarketDataCollector.csproj]
/home/runner/work/Market-Data-Collector/Market-Data-Collector/src/MarketDataCollector/Application/Http/UiServer.cs(1146,9): warning IL2026: Using member 'Microsoft.AspNetCore.Builder.EndpointRouteBuilderExtensions.MapGet(IEndpointRouteBuilder, String, Delegate)' which has 'RequiresUnreferencedCodeAttribute' can break functionality when trimming application code. This API may perform reflection on the supplied delegate and its parameters. These types may be trimmed if not directly referenced. [/home/runner/work/Market-Data-Collector/Market-Data-Collector/src/MarketDataCollector/MarketDataCollector.csproj]
/home/runner/work/Market-Data-Collector/Market-Data-Collector/src/MarketDataCollector/Application/Http/UiServer.cs(1159,9): warning IL2026: Using member 'Microsoft.AspNetCore.Builder.EndpointRouteBuilderExtensions.MapGet(IEndpointRouteBuilder, String, Delegate)' which has 'RequiresUnreferencedCodeAttribute' can break functionality when trimming application code. This API may perform reflection on the supplied delegate and its parameters. These types may be trimmed if not directly referenced. [/home/runner/work/Market-Data-Collector/Market-Data-Collector/src/MarketDataCollector/MarketDataCollector.csproj]
/home/runner/work/Market-Data-Collector/Market-Data-Collector/src/MarketDataCollector/Application/Http/UiServer.cs(1175,9): warning IL2026: Using member 'Microsoft.AspNetCore.Builder.EndpointRouteBuilderExtensions.MapPost(IEndpointRouteBuilder, String, Delegate)' which has 'RequiresUnreferencedCodeAttribute' can break functionality when trimming application code. This API may perform reflection on the supplied delegate and its parameters. These types may be trimmed if not directly referenced. [/home/runner/work/Market-Data-Collector/Market-Data-Collector/src/MarketDataCollector/MarketDataCollector.csproj]
/home/runner/work/Market-Data-Collector/Market-Data-Collector/src/MarketDataCollector/Application/Http/UiServer.cs(1192,9): warning IL2026: Using member 'Microsoft.AspNetCore.Builder.EndpointRouteBuilderExtensions.MapGet(IEndpointRouteBuilder, String, Delegate)' which has 'RequiresUnreferencedCodeAttribute' can break functionality when trimming application code. This API may perform reflection on the supplied delegate and its parameters. These types may be trimmed if not directly referenced. [/home/runner/work/Market-Data-Collector/Market-Data-Collector/src/MarketDataCollector/MarketDataCollector.csproj]
/home/runner/work/Market-Data-Collector/Market-Data-Collector/src/MarketDataCollector/Application/Http/UiServer.cs(1226,9): warning IL2026: Using member 'Microsoft.AspNetCore.Builder.EndpointRouteBuilderExtensions.MapPost(IEndpointRouteBuilder, String, Delegate)' which has 'RequiresUnreferencedCodeAttribute' can break functionality when trimming application code. This API may perform reflection on the supplied delegate and its parameters. These types may be trimmed if not directly referenced. [/home/runner/work/Market-Data-Collector/Market-Data-Collector/src/MarketDataCollector/MarketDataCollector.csproj]
/home/runner/work/Market-Data-Collector/Market-Data-Collector/src/MarketDataCollector/Application/Http/UiServer.cs(1242,9): warning IL2026: Using member 'Microsoft.AspNetCore.Builder.EndpointRouteBuilderExtensions.MapGet(IEndpointRouteBuilder, String, Delegate)' which has 'RequiresUnreferencedCodeAttribute' can break functionality when trimming application code. This API may perform reflection on the supplied delegate and its parameters. These types may be trimmed if not directly referenced. [/home/runner/work/Market-Data-Collector/Market-Data-Collector/src/MarketDataCollector/MarketDataCollector.csproj]
/home/runner/work/Market-Data-Collector/Market-Data-Collector/src/MarketDataCollector/Application/Http/UiServer.cs(1257,9): warning IL2026: Using member 'Microsoft.AspNetCore.Builder.EndpointRouteBuilderExtensions.MapGet(IEndpointRouteBuilder, String, Delegate)' which has 'RequiresUnreferencedCodeAttribute' can break functionality when trimming application code. This API may perform reflection on the supplied delegate and its parameters. These types may be trimmed if not directly referenced. [/home/runner/work/Market-Data-Collector/Market-Data-Collector/src/MarketDataCollector/MarketDataCollector.csproj]
/home/runner/work/Market-Data-Collector/Market-Data-Collector/src/MarketDataCollector/Application/Http/UiServer.cs(1279,9): warning IL2026: Using member 'Microsoft.AspNetCore.Builder.EndpointRouteBuilderExtensions.MapGet(IEndpointRouteBuilder, String, Delegate)' which has 'RequiresUnreferencedCodeAttribute' can break functionality when trimming application code. This API may perform reflection on the supplied delegate and its parameters. These types may be trimmed if not directly referenced. [/home/runner/work/Market-Data-Collector/Market-Data-Collector/src/MarketDataCollector/MarketDataCollector.csproj]
/home/runner/work/Market-Data-Collector/Market-Data-Collector/src/MarketDataCollector/Application/Http/UiServer.cs(1298,9): warning IL2026: Using member 'Microsoft.AspNetCore.Builder.EndpointRouteBuilderExtensions.MapPost(IEndpointRouteBuilder, String, Delegate)' which has 'RequiresUnreferencedCodeAttribute' can break functionality when trimming application code. This API may perform reflection on the supplied delegate and its parameters. These types may be trimmed if not directly referenced. [/home/runner/work/Market-Data-Collector/Market-Data-Collector/src/MarketDataCollector/MarketDataCollector.csproj]
/home/runner/work/Market-Data-Collector/Market-Data-Collector/src/MarketDataCollector/Application/Http/UiServer.cs(1317,9): warning IL2026: Using member 'Microsoft.AspNetCore.Builder.EndpointRouteBuilderExtensions.MapGet(IEndpointRouteBuilder, String, Delegate)' which has 'RequiresUnreferencedCodeAttribute' can break functionality when trimming application code. This API may perform reflection on the supplied delegate and its parameters. These types may be trimmed if not directly referenced. [/home/runner/work/Market-Data-Collector/Market-Data-Collector/src/MarketDataCollector/MarketDataCollector.csproj]
/home/runner/work/Market-Data-Collector/Market-Data-Collector/src/MarketDataCollector/Application/Http/UiServer.cs(1340,9): warning IL2026: Using member 'Microsoft.AspNetCore.Builder.EndpointRouteBuilderExtensions.MapDelete(IEndpointRouteBuilder, String, Delegate)' which has 'RequiresUnreferencedCodeAttribute' can break functionality when trimming application code. This API may perform reflection on the supplied delegate and its parameters. These types may be trimmed if not directly referenced. [/home/runner/work/Market-Data-Collector/Market-Data-Collector/src/MarketDataCollector/MarketDataCollector.csproj]
/home/runner/work/Market-Data-Collector/Market-Data-Collector/src/MarketDataCollector/Application/Http/UiServer.cs(1355,9): warning IL2026: Using member 'Microsoft.AspNetCore.Builder.EndpointRouteBuilderExtensions.MapGet(IEndpointRouteBuilder, String, Delegate)' which has 'RequiresUnreferencedCodeAttribute' can break functionality when trimming application code. This API may perform reflection on the supplied delegate and its parameters. These types may be trimmed if not directly referenced. [/home/runner/work/Market-Data-Collector/Market-Data-Collector/src/MarketDataCollector/MarketDataCollector.csproj]
/home/runner/work/Market-Data-Collector/Market-Data-Collector/src/MarketDataCollector/Application/Http/UiServer.cs(1368,9): warning IL2026: Using member 'Microsoft.AspNetCore.Builder.EndpointRouteBuilderExtensions.MapGet(IEndpointRouteBuilder, String, Delegate)' which has 'RequiresUnreferencedCodeAttribute' can break functionality when trimming application code. This API may perform reflection on the supplied delegate and its parameters. These types may be trimmed if not directly referenced. [/home/runner/work/Market-Data-Collector/Market-Data-Collector/src/MarketDataCollector/MarketDataCollector.csproj]
/home/runner/work/Market-Data-Collector/Market-Data-Collector/src/MarketDataCollector/Application/Http/UiServer.cs(1385,9): warning IL2026: Using member 'Microsoft.AspNetCore.Builder.EndpointRouteBuilderExtensions.MapGet(IEndpointRouteBuilder, String, Delegate)' which has 'RequiresUnreferencedCodeAttribute' can break functionality when trimming application code. This API may perform reflection on the supplied delegate and its parameters. These types may be trimmed if not directly referenced. [/home/runner/work/Market-Data-Collector/Market-Data-Collector/src/MarketDataCollector/MarketDataCollector.csproj]
/home/runner/work/Market-Data-Collector/Market-Data-Collector/src/MarketDataCollector/Application/Http/UiServer.cs(1400,9): warning IL2026: Using member 'Microsoft.AspNetCore.Builder.EndpointRouteBuilderExtensions.MapPost(IEndpointRouteBuilder, String, Delegate)' which has 'RequiresUnreferencedCodeAttribute' can break functionality when trimming application code. This API may perform reflection on the supplied delegate and its parameters. These types may be trimmed if not directly referenced. [/home/runner/work/Market-Data-Collector/Market-Data-Collector/src/MarketDataCollector/MarketDataCollector.csproj]
/home/runner/work/Market-Data-Collector/Market-Data-Collector/src/MarketDataCollector/Application/Http/UiServer.cs(1424,9): warning IL2026: Using member 'Microsoft.AspNetCore.Builder.EndpointRouteBuilderExtensions.MapPost(IEndpointRouteBuilder, String, Delegate)' which has 'RequiresUnreferencedCodeAttribute' can break functionality when trimming application code. This API may perform reflection on the supplied delegate and its parameters. These types may be trimmed if not directly referenced. [/home/runner/work/Market-Data-Collector/Market-Data-Collector/src/MarketDataCollector/MarketDataCollector.csproj]
/home/runner/work/Market-Data-Collector/Market-Data-Collector/src/MarketDataCollector/Application/Http/UiServer.cs(816,24): warning IL2026: Using member 'Microsoft.AspNetCore.Http.Results.Json<TValue>(TValue, JsonSerializerOptions, String, Int32?)' which has 'RequiresUnreferencedCodeAttribute' can break functionality when trimming application code. JSON serialization and deserialization might require types that cannot be statically analyzed. Use the overload that takes a JsonTypeInfo or JsonSerializerContext. [/home/runner/work/Market-Data-Collector/Market-Data-Collector/src/MarketDataCollector/MarketDataCollector.csproj]
/home/runner/work/Market-Data-Collector/Market-Data-Collector/src/MarketDataCollector/Application/Http/UiServer.cs(867,24): warning IL2026: Using member 'Microsoft.AspNetCore.Http.Results.Json<TValue>(TValue, JsonSerializerOptions, String, Int32?)' which has 'RequiresUnreferencedCodeAttribute' can break functionality when trimming application code. JSON serialization and deserialization might require types that cannot be statically analyzed. Use the overload that takes a JsonTypeInfo or JsonSerializerContext. [/home/runner/work/Market-Data-Collector/Market-Data-Collector/src/MarketDataCollector/MarketDataCollector.csproj]
/home/runner/work/Market-Data-Collector/Market-Data-Collector/src/MarketDataCollector/Application/Http/UiServer.cs(882,23): warning IL2026: Using member 'Microsoft.AspNetCore.Http.Results.Json<TValue>(TValue, JsonSerializerOptions, String, Int32?)' which has 'RequiresUnreferencedCodeAttribute' can break functionality when trimming application code. JSON serialization and deserialization might require types that cannot be statically analyzed. Use the overload that takes a JsonTypeInfo or JsonSerializerContext. [/home/runner/work/Market-Data-Collector/Market-Data-Collector/src/MarketDataCollector/MarketDataCollector.csproj]
/home/runner/work/Market-Data-Collector/Market-Data-Collector/src/MarketDataCollector/Application/Http/UiServer.cs(895,24): warning IL2026: Using member 'Microsoft.AspNetCore.Http.Results.Json<TValue>(TValue, JsonSerializerOptions, String, Int32?)' which has 'RequiresUnreferencedCodeAttribute' can break functionality when trimming application code. JSON serialization and deserialization might require types that cannot be statically analyzed. Use the overload that takes a JsonTypeInfo or JsonSerializerContext. [/home/runner/work/Market-Data-Collector/Market-Data-Collector/src/MarketDataCollector/MarketDataCollector.csproj]
/home/runner/work/Market-Data-Collector/Market-Data-Collector/src/MarketDataCollector/Application/Http/UiServer.cs(920,24): warning IL2026: Using member 'Microsoft.AspNetCore.Http.Results.Json<TValue>(TValue, JsonSerializerOptions, String, Int32?)' which has 'RequiresUnreferencedCodeAttribute' can break functionality when trimming application code. JSON serialization and deserialization might require types that cannot be statically analyzed. Use the overload that takes a JsonTypeInfo or JsonSerializerContext. [/home/runner/work/Market-Data-Collector/Market-Data-Collector/src/MarketDataCollector/MarketDataCollector.csproj]
/home/runner/work/Market-Data-Collector/Market-Data-Collector/src/MarketDataCollector/Application/Http/UiServer.cs(936,24): warning IL2026: Using member 'Microsoft.AspNetCore.Http.Results.Json<TValue>(TValue, JsonSerializerOptions, String, Int32?)' which has 'RequiresUnreferencedCodeAttribute' can break functionality when trimming application code. JSON serialization and deserialization might require types that cannot be statically analyzed. Use the overload that takes a JsonTypeInfo or JsonSerializerContext. [/home/runner/work/Market-Data-Collector/Market-Data-Collector/src/MarketDataCollector/MarketDataCollector.csproj]
/home/runner/work/Market-Data-Collector/Market-Data-Collector/src/MarketDataCollector/Application/Http/UiServer.cs(966,24): warning IL2026: Using member 'Microsoft.AspNetCore.Http.Results.Json<TValue>(TValue, JsonSerializerOptions, String, Int32?)' which has 'RequiresUnreferencedCodeAttribute' can break functionality when trimming application code. JSON serialization and deserialization might require types that cannot be statically analyzed. Use the overload that takes a JsonTypeInfo or JsonSerializerContext. [/home/runner/work/Market-Data-Collector/Market-Data-Collector/src/MarketDataCollector/MarketDataCollector.csproj]
/home/runner/work/Market-Data-Collector/Market-Data-Collector/src/MarketDataCollector/Application/Http/UiServer.cs(981,23): warning IL2026: Using member 'Microsoft.AspNetCore.Http.Results.Json<TValue>(TValue, JsonSerializerOptions, String, Int32?)' which has 'RequiresUnreferencedCodeAttribute' can break functionality when trimming application code. JSON serialization and deserialization might require types that cannot be statically analyzed. Use the overload that takes a JsonTypeInfo or JsonSerializerContext. [/home/runner/work/Market-Data-Collector/Market-Data-Collector/src/MarketDataCollector/MarketDataCollector.csproj]
/home/runner/work/Market-Data-Collector/Market-Data-Collector/src/MarketDataCollector/Application/Http/UiServer.cs(996,23): warning IL2026: Using member 'Microsoft.AspNetCore.Http.Results.Json<TValue>(TValue, JsonSerializerOptions, String, Int32?)' which has 'RequiresUnreferencedCodeAttribute' can break functionality when trimming application code. JSON serialization and deserialization might require types that cannot be statically analyzed. Use the overload that takes a JsonTypeInfo or JsonSerializerContext. [/home/runner/work/Market-Data-Collector/Market-Data-Collector/src/MarketDataCollector/MarketDataCollector.csproj]
/home/runner/work/Market-Data-Collector/Market-Data-Collector/src/MarketDataCollector/Application/Http/UiServer.cs(1015,24): warning IL2026: Using member 'Microsoft.AspNetCore.Http.Results.Json<TValue>(TValue, JsonSerializerOptions, String, Int32?)' which has 'RequiresUnreferencedCodeAttribute' can break functionality when trimming application code. JSON serialization and deserialization might require types that cannot be statically analyzed. Use the overload that takes a JsonTypeInfo or JsonSerializerContext. [/home/runner/work/Market-Data-Collector/Market-Data-Collector/src/MarketDataCollector/MarketDataCollector.csproj]
/home/runner/work/Market-Data-Collector/Market-Data-Collector/src/MarketDataCollector/Application/Http/UiServer.cs(1033,23): warning IL2026: Using member 'Microsoft.AspNetCore.Http.Results.Json<TValue>(TValue, JsonSerializerOptions, String, Int32?)' which has 'RequiresUnreferencedCodeAttribute' can break functionality when trimming application code. JSON serialization and deserialization might require types that cannot be statically analyzed. Use the overload that takes a JsonTypeInfo or JsonSerializerContext. [/home/runner/work/Market-Data-Collector/Market-Data-Collector/src/MarketDataCollector/MarketDataCollector.csproj]
/home/runner/work/Market-Data-Collector/Market-Data-Collector/src/MarketDataCollector/Application/Http/UiServer.cs(1078,24): warning IL2026: Using member 'Microsoft.AspNetCore.Http.Results.Json<TValue>(TValue, JsonSerializerOptions, String, Int32?)' which has 'RequiresUnreferencedCodeAttribute' can break functionality when trimming application code. JSON serialization and deserialization might require types that cannot be statically analyzed. Use the overload that takes a JsonTypeInfo or JsonSerializerContext. [/home/runner/work/Market-Data-Collector/Market-Data-Collector/src/MarketDataCollector/MarketDataCollector.csproj]
/home/runner/work/Market-Data-Collector/Market-Data-Collector/src/MarketDataCollector/Application/Http/UiServer.cs(1108,23): warning IL2026: Using member 'Microsoft.AspNetCore.Http.Results.Json<TValue>(TValue, JsonSerializerOptions, String, Int32?)' which has 'RequiresUnreferencedCodeAttribute' can break functionality when trimming application code. JSON serialization and deserialization might require types that cannot be statically analyzed. Use the overload that takes a JsonTypeInfo or JsonSerializerContext. [/home/runner/work/Market-Data-Collector/Market-Data-Collector/src/MarketDataCollector/MarketDataCollector.csproj]
/home/runner/work/Market-Data-Collector/Market-Data-Collector/src/MarketDataCollector/Application/Http/UiServer.cs(1123,24): warning IL2026: Using member 'Microsoft.AspNetCore.Http.Results.Json<TValue>(TValue, JsonSerializerOptions, String, Int32?)' which has 'RequiresUnreferencedCodeAttribute' can break functionality when trimming application code. JSON serialization and deserialization might require types that cannot be statically analyzed. Use the overload that takes a JsonTypeInfo or JsonSerializerContext. [/home/runner/work/Market-Data-Collector/Market-Data-Collector/src/MarketDataCollector/MarketDataCollector.csproj]
/home/runner/work/Market-Data-Collector/Market-Data-Collector/src/MarketDataCollector/Application/Http/UiServer.cs(1138,24): warning IL2026: Using member 'Microsoft.AspNetCore.Http.Results.Json<TValue>(TValue, JsonSerializerOptions, String, Int32?)' which has 'RequiresUnreferencedCodeAttribute' can break functionality when trimming application code. JSON serialization and deserialization might require types that cannot be statically analyzed. Use the overload that takes a JsonTypeInfo or JsonSerializerContext. [/home/runner/work/Market-Data-Collector/Market-Data-Collector/src/MarketDataCollector/MarketDataCollector.csproj]
/home/runner/work/Market-Data-Collector/Market-Data-Collector/src/MarketDataCollector/Application/Http/UiServer.cs(1151,24): warning IL2026: Using member 'Microsoft.AspNetCore.Http.Results.Json<TValue>(TValue, JsonSerializerOptions, String, Int32?)' which has 'RequiresUnreferencedCodeAttribute' can break functionality when trimming application code. JSON serialization and deserialization might require types that cannot be statically analyzed. Use the overload that takes a JsonTypeInfo or JsonSerializerContext. [/home/runner/work/Market-Data-Collector/Market-Data-Collector/src/MarketDataCollector/MarketDataCollector.csproj]
/home/runner/work/Market-Data-Collector/Market-Data-Collector/src/MarketDataCollector/Application/Http/UiServer.cs(1167,24): warning IL2026: Using member 'Microsoft.AspNetCore.Http.Results.Json<TValue>(TValue, JsonSerializerOptions, String, Int32?)' which has 'RequiresUnreferencedCodeAttribute' can break functionality when trimming application code. JSON serialization and deserialization might require types that cannot be statically analyzed. Use the overload that takes a JsonTypeInfo or JsonSerializerContext. [/home/runner/work/Market-Data-Collector/Market-Data-Collector/src/MarketDataCollector/MarketDataCollector.csproj]
/home/runner/work/Market-Data-Collector/Market-Data-Collector/src/MarketDataCollector/Application/Http/UiServer.cs(1218,24): warning IL2026: Using member 'Microsoft.AspNetCore.Http.Results.Json<TValue>(TValue, JsonSerializerOptions, String, Int32?)' which has 'RequiresUnreferencedCodeAttribute' can break functionality when trimming application code. JSON serialization and deserialization might require types that cannot be statically analyzed. Use the overload that takes a JsonTypeInfo or JsonSerializerContext. [/home/runner/work/Market-Data-Collector/Market-Data-Collector/src/MarketDataCollector/MarketDataCollector.csproj]
/home/runner/work/Market-Data-Collector/Market-Data-Collector/src/MarketDataCollector/Application/Http/UiServer.cs(1234,24): warning IL2026: Using member 'Microsoft.AspNetCore.Http.Results.Json<TValue>(TValue, JsonSerializerOptions, String, Int32?)' which has 'RequiresUnreferencedCodeAttribute' can break functionality when trimming application code. JSON serialization and deserialization might require types that cannot be statically analyzed. Use the overload that takes a JsonTypeInfo or JsonSerializerContext. [/home/runner/work/Market-Data-Collector/Market-Data-Collector/src/MarketDataCollector/MarketDataCollector.csproj]
/home/runner/work/Market-Data-Collector/Market-Data-Collector/src/MarketDataCollector/Application/Http/UiServer.cs(1249,24): warning IL2026: Using member 'Microsoft.AspNetCore.Http.Results.Json<TValue>(TValue, JsonSerializerOptions, String, Int32?)' which has 'RequiresUnreferencedCodeAttribute' can break functionality when trimming application code. JSON serialization and deserialization might require types that cannot be statically analyzed. Use the overload that takes a JsonTypeInfo or JsonSerializerContext. [/home/runner/work/Market-Data-Collector/Market-Data-Collector/src/MarketDataCollector/MarketDataCollector.csproj]
/home/runner/work/Market-Data-Collector/Market-Data-Collector/src/MarketDataCollector/Application/Http/UiServer.cs(1271,24): warning IL2026: Using member 'Microsoft.AspNetCore.Http.Results.Json<TValue>(TValue, JsonSerializerOptions, String, Int32?)' which has 'RequiresUnreferencedCodeAttribute' can break functionality when trimming application code. JSON serialization and deserialization might require types that cannot be statically analyzed. Use the overload that takes a JsonTypeInfo or JsonSerializerContext. [/home/runner/work/Market-Data-Collector/Market-Data-Collector/src/MarketDataCollector/MarketDataCollector.csproj]
/home/runner/work/Market-Data-Collector/Market-Data-Collector/src/MarketDataCollector/Application/Http/UiServer.cs(1290,24): warning IL2026: Using member 'Microsoft.AspNetCore.Http.Results.Json<TValue>(TValue, JsonSerializerOptions, String, Int32?)' which has 'RequiresUnreferencedCodeAttribute' can break functionality when trimming application code. JSON serialization and deserialization might require types that cannot be statically analyzed. Use the overload that takes a JsonTypeInfo or JsonSerializerContext. [/home/runner/work/Market-Data-Collector/Market-Data-Collector/src/MarketDataCollector/MarketDataCollector.csproj]
/home/runner/work/Market-Data-Collector/Market-Data-Collector/src/MarketDataCollector/Application/Http/UiServer.cs(1309,24): warning IL2026: Using member 'Microsoft.AspNetCore.Http.Results.Json<TValue>(TValue, JsonSerializerOptions, String, Int32?)' which has 'RequiresUnreferencedCodeAttribute' can break functionality when trimming application code. JSON serialization and deserialization might require types that cannot be statically analyzed. Use the overload that takes a JsonTypeInfo or JsonSerializerContext. [/home/runner/work/Market-Data-Collector/Market-Data-Collector/src/MarketDataCollector/MarketDataCollector.csproj]
/home/runner/work/Market-Data-Collector/Market-Data-Collector/src/MarketDataCollector/Application/Http/UiServer.cs(1332,24): warning IL2026: Using member 'Microsoft.AspNetCore.Http.Results.Json<TValue>(TValue, JsonSerializerOptions, String, Int32?)' which has 'RequiresUnreferencedCodeAttribute' can break functionality when trimming application code. JSON serialization and deserialization might require types that cannot be statically analyzed. Use the overload that takes a JsonTypeInfo or JsonSerializerContext. [/home/runner/work/Market-Data-Collector/Market-Data-Collector/src/MarketDataCollector/MarketDataCollector.csproj]
/home/runner/work/Market-Data-Collector/Market-Data-Collector/src/MarketDataCollector/Application/Http/UiServer.cs(1360,24): warning IL2026: Using member 'Microsoft.AspNetCore.Http.Results.Json<TValue>(TValue, JsonSerializerOptions, String, Int32?)' which has 'RequiresUnreferencedCodeAttribute' can break functionality when trimming application code. JSON serialization and deserialization might require types that cannot be statically analyzed. Use the overload that takes a JsonTypeInfo or JsonSerializerContext. [/home/runner/work/Market-Data-Collector/Market-Data-Collector/src/MarketDataCollector/MarketDataCollector.csproj]
/home/runner/work/Market-Data-Collector/Market-Data-Collector/src/MarketDataCollector/Application/Http/UiServer.cs(1377,23): warning IL2026: Using member 'Microsoft.AspNetCore.Http.Results.Json<TValue>(TValue, JsonSerializerOptions, String, Int32?)' which has 'RequiresUnreferencedCodeAttribute' can break functionality when trimming application code. JSON serialization and deserialization might require types that cannot be statically analyzed. Use the overload that takes a JsonTypeInfo or JsonSerializerContext. [/home/runner/work/Market-Data-Collector/Market-Data-Collector/src/MarketDataCollector/MarketDataCollector.csproj]
/home/runner/work/Market-Data-Collector/Market-Data-Collector/src/MarketDataCollector/Application/Http/UiServer.cs(1392,24): warning IL2026: Using member 'Microsoft.AspNetCore.Http.Results.Json<TValue>(TValue, JsonSerializerOptions, String, Int32?)' which has 'RequiresUnreferencedCodeAttribute' can break functionality when trimming application code. JSON serialization and deserialization might require types that cannot be statically analyzed. Use the overload that takes a JsonTypeInfo or JsonSerializerContext. [/home/runner/work/Market-Data-Collector/Market-Data-Collector/src/MarketDataCollector/MarketDataCollector.csproj]
/home/runner/work/Market-Data-Collector/Market-Data-Collector/src/MarketDataCollector/Application/Http/UiServer.cs(1416,24): warning IL2026: Using member 'Microsoft.AspNetCore.Http.Results.Json<TValue>(TValue, JsonSerializerOptions, String, Int32?)' which has 'RequiresUnreferencedCodeAttribute' can break functionality when trimming application code. JSON serialization and deserialization might require types that cannot be statically analyzed. Use the overload that takes a JsonTypeInfo or JsonSerializerContext. [/home/runner/work/Market-Data-Collector/Market-Data-Collector/src/MarketDataCollector/MarketDataCollector.csproj]
/home/runner/work/Market-Data-Collector/Market-Data-Collector/src/MarketDataCollector/Application/Http/UiServer.cs(1431,24): warning IL2026: Using member 'Microsoft.AspNetCore.Http.Results.Json<TValue>(TValue, JsonSerializerOptions, String, Int32?)' which has 'RequiresUnreferencedCodeAttribute' can break functionality when trimming application code. JSON serialization and deserialization might require types that cannot be statically analyzed. Use the overload that takes a JsonTypeInfo or JsonSerializerContext. [/home/runner/work/Market-Data-Collector/Market-Data-Collector/src/MarketDataCollector/MarketDataCollector.csproj]
/home/runner/work/Market-Data-Collector/Market-Data-Collector/src/MarketDataCollector/Infrastructure/Providers/Streaming/Alpaca/AlpacaMarketDataClient.cs(238,24): warning IL2026: Using member 'System.Text.Json.JsonSerializer.Serialize<TValue>(TValue, JsonSerializerOptions)' which has 'RequiresUnreferencedCodeAttribute' can break functionality when trimming application code. JSON serialization and deserialization might require types that cannot be statically analyzed. Use the overload that takes a JsonTypeInfo or JsonSerializerContext, or make sure all of the required types are preserved. [/home/runner/work/Market-Data-Collector/Market-Data-Collector/src/MarketDataCollector/MarketDataCollector.csproj]
/home/runner/work/Market-Data-Collector/Market-Data-Collector/src/MarketDataCollector/Infrastructure/Providers/Historical/Queue/BackfillWorkerService.cs(251,46): warning IL2026: Using member 'System.Text.Json.JsonSerializer.Serialize<TValue>(TValue, JsonSerializerOptions)' which has 'RequiresUnreferencedCodeAttribute' can break functionality when trimming application code. JSON serialization and deserialization might require types that cannot be statically analyzed. Use the overload that takes a JsonTypeInfo or JsonSerializerContext, or make sure all of the required types are preserved. [/home/runner/work/Market-Data-Collector/Market-Data-Collector/src/MarketDataCollector/MarketDataCollector.csproj]
/home/runner/work/Market-Data-Collector/Market-Data-Collector/src/MarketDataCollector/Infrastructure/Providers/Streaming/NYSE/NYSEServiceExtensions.cs(25,9): warning IL2026: Using member 'Microsoft.Extensions.Configuration.ConfigurationBinder.Bind(IConfiguration, Object)' which has 'RequiresUnreferencedCodeAttribute' can break functionality when trimming application code. Cannot statically analyze the type of instance so its members may be trimmed. [/home/runner/work/Market-Data-Collector/Market-Data-Collector/src/MarketDataCollector/MarketDataCollector.csproj]
/home/runner/work/Market-Data-Collector/Market-Data-Collector/src/MarketDataCollector/Infrastructure/Providers/Streaming/NYSE/NYSEServiceExtensions.cs(30,13): warning IL2026: Using member 'Microsoft.Extensions.Configuration.ConfigurationBinder.Bind(IConfiguration, Object)' which has 'RequiresUnreferencedCodeAttribute' can break functionality when trimming application code. Cannot statically analyze the type of instance so its members may be trimmed. [/home/runner/work/Market-Data-Collector/Market-Data-Collector/src/MarketDataCollector/MarketDataCollector.csproj]
/home/runner/work/Market-Data-Collector/Market-Data-Collector/src/MarketDataCollector/Infrastructure/Providers/Streaming/NYSE/NYSEServiceExtensions.cs(37,9): warning IL2026: Using member 'Microsoft.Extensions.Configuration.ConfigurationBinder.Bind(IConfiguration, Object)' which has 'RequiresUnreferencedCodeAttribute' can break functionality when trimming application code. Cannot statically analyze the type of instance so its members may be trimmed. [/home/runner/work/Market-Data-Collector/Market-Data-Collector/src/MarketDataCollector/MarketDataCollector.csproj]
/home/runner/work/Market-Data-Collector/Market-Data-Collector/src/MarketDataCollector/Infrastructure/Providers/Streaming/Polygon/PolygonMarketDataClient.cs(323,27): warning IL2026: Using member 'System.Text.Json.JsonSerializer.Serialize<TValue>(TValue, JsonSerializerOptions)' which has 'RequiresUnreferencedCodeAttribute' can break functionality when trimming application code. JSON serialization and deserialization might require types that cannot be statically analyzed. Use the overload that takes a JsonTypeInfo or JsonSerializerContext, or make sure all of the required types are preserved. [/home/runner/work/Market-Data-Collector/Market-Data-Collector/src/MarketDataCollector/MarketDataCollector.csproj]
/home/runner/work/Market-Data-Collector/Market-Data-Collector/src/MarketDataCollector/Application/Subscriptions/Services/MetadataEnrichmentService.cs(256,26): warning IL2026: Using member 'System.Text.Json.JsonSerializer.Deserialize<TValue>(String, JsonSerializerOptions)' which has 'RequiresUnreferencedCodeAttribute' can break functionality when trimming application code. JSON serialization and deserialization might require types that cannot be statically analyzed. Use the overload that takes a JsonTypeInfo or JsonSerializerContext, or make sure all of the required types are preserved. [/home/runner/work/Market-Data-Collector/Market-Data-Collector/src/MarketDataCollector/MarketDataCollector.csproj]
/home/runner/work/Market-Data-Collector/Market-Data-Collector/src/MarketDataCollector/Application/Subscriptions/Services/MetadataEnrichmentService.cs(284,24): warning IL2026: Using member 'System.Text.Json.JsonSerializer.Serialize<TValue>(TValue, JsonSerializerOptions)' which has 'RequiresUnreferencedCodeAttribute' can break functionality when trimming application code. JSON serialization and deserialization might require types that cannot be statically analyzed. Use the overload that takes a JsonTypeInfo or JsonSerializerContext, or make sure all of the required types are preserved. [/home/runner/work/Market-Data-Collector/Market-Data-Collector/src/MarketDataCollector/MarketDataCollector.csproj]
/home/runner/work/Market-Data-Collector/Market-Data-Collector/src/MarketDataCollector/Infrastructure/Providers/Streaming/Polygon/PolygonMarketDataClient.cs(734,30): warning IL2026: Using member 'System.Text.Json.JsonSerializer.Serialize<TValue>(TValue, JsonSerializerOptions)' which has 'RequiresUnreferencedCodeAttribute' can break functionality when trimming application code. JSON serialization and deserialization might require types that cannot be statically analyzed. Use the overload that takes a JsonTypeInfo or JsonSerializerContext, or make sure all of the required types are preserved. [/home/runner/work/Market-Data-Collector/Market-Data-Collector/src/MarketDataCollector/MarketDataCollector.csproj]
/home/runner/work/Market-Data-Collector/Market-Data-Collector/src/MarketDataCollector/Infrastructure/Providers/Streaming/Polygon/PolygonMarketDataClient.cs(742,30): warning IL2026: Using member 'System.Text.Json.JsonSerializer.Serialize<TValue>(TValue, JsonSerializerOptions)' which has 'RequiresUnreferencedCodeAttribute' can break functionality when trimming application code. JSON serialization and deserialization might require types that cannot be statically analyzed. Use the overload that takes a JsonTypeInfo or JsonSerializerContext, or make sure all of the required types are preserved. [/home/runner/work/Market-Data-Collector/Market-Data-Collector/src/MarketDataCollector/MarketDataCollector.csproj]
/home/runner/work/Market-Data-Collector/Market-Data-Collector/src/MarketDataCollector/Infrastructure/Providers/Streaming/Polygon/PolygonMarketDataClient.cs(751,30): warning IL2026: Using member 'System.Text.Json.JsonSerializer.Serialize<TValue>(TValue, JsonSerializerOptions)' which has 'RequiresUnreferencedCodeAttribute' can break functionality when trimming application code. JSON serialization and deserialization might require types that cannot be statically analyzed. Use the overload that takes a JsonTypeInfo or JsonSerializerContext, or make sure all of the required types are preserved. [/home/runner/work/Market-Data-Collector/Market-Data-Collector/src/MarketDataCollector/MarketDataCollector.csproj]
/home/runner/work/Market-Data-Collector/Market-Data-Collector/src/MarketDataCollector/Infrastructure/Providers/Streaming/NYSE/NYSEDataSource.cs(532,24): warning IL2026: Using member 'System.Text.Json.JsonSerializer.Deserialize<TValue>(String, JsonSerializerOptions)' which has 'RequiresUnreferencedCodeAttribute' can break functionality when trimming application code. JSON serialization and deserialization might require types that cannot be statically analyzed. Use the overload that takes a JsonTypeInfo or JsonSerializerContext, or make sure all of the required types are preserved. [/home/runner/work/Market-Data-Collector/Market-Data-Collector/src/MarketDataCollector/MarketDataCollector.csproj]
/home/runner/work/Market-Data-Collector/Market-Data-Collector/src/MarketDataCollector/Infrastructure/Providers/Streaming/Polygon/PolygonMarketDataClient.cs(986,27): warning IL2026: Using member 'System.Text.Json.JsonSerializer.Serialize<TValue>(TValue, JsonSerializerOptions)' which has 'RequiresUnreferencedCodeAttribute' can break functionality when trimming application code. JSON serialization and deserialization might require types that cannot be statically analyzed. Use the overload that takes a JsonTypeInfo or JsonSerializerContext, or make sure all of the required types are preserved. [/home/runner/work/Market-Data-Collector/Market-Data-Collector/src/MarketDataCollector/MarketDataCollector.csproj]
/home/runner/work/Market-Data-Collector/Market-Data-Collector/src/MarketDataCollector/Application/Http/UiServer.cs(1444,9): warning IL2026: Using member 'Microsoft.AspNetCore.Builder.EndpointRouteBuilderExtensions.MapGet(IEndpointRouteBuilder, String, Delegate)' which has 'RequiresUnreferencedCodeAttribute' can break functionality when trimming application code. This API may perform reflection on the supplied delegate and its parameters. These types may be trimmed if not directly referenced. [/home/runner/work/Market-Data-Collector/Market-Data-Collector/src/MarketDataCollector/MarketDataCollector.csproj]
/home/runner/work/Market-Data-Collector/Market-Data-Collector/src/MarketDataCollector/Application/Http/UiServer.cs(1457,9): warning IL2026: Using member 'Microsoft.AspNetCore.Builder.EndpointRouteBuilderExtensions.MapGet(IEndpointRouteBuilder, String, Delegate)' which has 'RequiresUnreferencedCodeAttribute' can break functionality when trimming application code. This API may perform reflection on the supplied delegate and its parameters. These types may be trimmed if not directly referenced. [/home/runner/work/Market-Data-Collector/Market-Data-Collector/src/MarketDataCollector/MarketDataCollector.csproj]
/home/runner/work/Market-Data-Collector/Market-Data-Collector/src/MarketDataCollector/Application/Http/UiServer.cs(1470,9): warning IL2026: Using member 'Microsoft.AspNetCore.Builder.EndpointRouteBuilderExtensions.MapPost(IEndpointRouteBuilder, String, Delegate)' which has 'RequiresUnreferencedCodeAttribute' can break functionality when trimming application code. This API may perform reflection on the supplied delegate and its parameters. These types may be trimmed if not directly referenced. [/home/runner/work/Market-Data-Collector/Market-Data-Collector/src/MarketDataCollector/MarketDataCollector.csproj]
/home/runner/work/Market-Data-Collector/Market-Data-Collector/src/MarketDataCollector/Application/Http/UiServer.cs(1497,9): warning IL2026: Using member 'Microsoft.AspNetCore.Builder.EndpointRouteBuilderExtensions.MapPost(IEndpointRouteBuilder, String, Delegate)' which has 'RequiresUnreferencedCodeAttribute' can break functionality when trimming application code. This API may perform reflection on the supplied delegate and its parameters. These types may be trimmed if not directly referenced. [/home/runner/work/Market-Data-Collector/Market-Data-Collector/src/MarketDataCollector/MarketDataCollector.csproj]
/home/runner/work/Market-Data-Collector/Market-Data-Collector/src/MarketDataCollector/Application/Http/UiServer.cs(1520,9): warning IL2026: Using member 'Microsoft.AspNetCore.Builder.EndpointRouteBuilderExtensions.MapGet(IEndpointRouteBuilder, String, Delegate)' which has 'RequiresUnreferencedCodeAttribute' can break functionality when trimming application code. This API may perform reflection on the supplied delegate and its parameters. These types may be trimmed if not directly referenced. [/home/runner/work/Market-Data-Collector/Market-Data-Collector/src/MarketDataCollector/MarketDataCollector.csproj]
/home/runner/work/Market-Data-Collector/Market-Data-Collector/src/MarketDataCollector/Application/Http/UiServer.cs(1539,9): warning IL2026: Using member 'Microsoft.AspNetCore.Builder.EndpointRouteBuilderExtensions.MapPost(IEndpointRouteBuilder, String, Delegate)' which has 'RequiresUnreferencedCodeAttribute' can break functionality when trimming application code. This API may perform reflection on the supplied delegate and its parameters. These types may be trimmed if not directly referenced. [/home/runner/work/Market-Data-Collector/Market-Data-Collector/src/MarketDataCollector/MarketDataCollector.csproj]
/home/runner/work/Market-Data-Collector/Market-Data-Collector/src/MarketDataCollector/Application/Http/UiServer.cs(1573,9): warning IL2026: Using member 'Microsoft.AspNetCore.Builder.EndpointRouteBuilderExtensions.MapGet(IEndpointRouteBuilder, String, Delegate)' which has 'RequiresUnreferencedCodeAttribute' can break functionality when trimming application code. This API may perform reflection on the supplied delegate and its parameters. These types may be trimmed if not directly referenced. [/home/runner/work/Market-Data-Collector/Market-Data-Collector/src/MarketDataCollector/MarketDataCollector.csproj]
/home/runner/work/Market-Data-Collector/Market-Data-Collector/src/MarketDataCollector/Application/Http/UiServer.cs(1588,9): warning IL2026: Using member 'Microsoft.AspNetCore.Builder.EndpointRouteBuilderExtensions.MapGet(IEndpointRouteBuilder, String, Delegate)' which has 'RequiresUnreferencedCodeAttribute' can break functionality when trimming application code. This API may perform reflection on the supplied delegate and its parameters. These types may be trimmed if not directly referenced. [/home/runner/work/Market-Data-Collector/Market-Data-Collector/src/MarketDataCollector/MarketDataCollector.csproj]
/home/runner/work/Market-Data-Collector/Market-Data-Collector/src/MarketDataCollector/Application/Http/UiServer.cs(1601,9): warning IL2026: Using member 'Microsoft.AspNetCore.Builder.EndpointRouteBuilderExtensions.MapGet(IEndpointRouteBuilder, String, Delegate)' which has 'RequiresUnreferencedCodeAttribute' can break functionality when trimming application code. This API may perform reflection on the supplied delegate and its parameters. These types may be trimmed if not directly referenced. [/home/runner/work/Market-Data-Collector/Market-Data-Collector/src/MarketDataCollector/MarketDataCollector.csproj]
/home/runner/work/Market-Data-Collector/Market-Data-Collector/src/MarketDataCollector/Application/Http/UiServer.cs(1615,9): warning IL2026: Using member 'Microsoft.AspNetCore.Builder.EndpointRouteBuilderExtensions.MapGet(IEndpointRouteBuilder, String, Delegate)' which has 'RequiresUnreferencedCodeAttribute' can break functionality when trimming application code. This API may perform reflection on the supplied delegate and its parameters. These types may be trimmed if not directly referenced. [/home/runner/work/Market-Data-Collector/Market-Data-Collector/src/MarketDataCollector/MarketDataCollector.csproj]
/home/runner/work/Market-Data-Collector/Market-Data-Collector/src/MarketDataCollector/Application/Http/UiServer.cs(1630,9): warning IL2026: Using member 'Microsoft.AspNetCore.Builder.EndpointRouteBuilderExtensions.MapGet(IEndpointRouteBuilder, String, Delegate)' which has 'RequiresUnreferencedCodeAttribute' can break functionality when trimming application code. This API may perform reflection on the supplied delegate and its parameters. These types may be trimmed if not directly referenced. [/home/runner/work/Market-Data-Collector/Market-Data-Collector/src/MarketDataCollector/MarketDataCollector.csproj]
/home/runner/work/Market-Data-Collector/Market-Data-Collector/src/MarketDataCollector/Application/Http/UiServer.cs(1649,9): warning IL2026: Using member 'Microsoft.AspNetCore.Builder.EndpointRouteBuilderExtensions.MapGet(IEndpointRouteBuilder, String, Delegate)' which has 'RequiresUnreferencedCodeAttribute' can break functionality when trimming application code. This API may perform reflection on the supplied delegate and its parameters. These types may be trimmed if not directly referenced. [/home/runner/work/Market-Data-Collector/Market-Data-Collector/src/MarketDataCollector/MarketDataCollector.csproj]
/home/runner/work/Market-Data-Collector/Market-Data-Collector/src/MarketDataCollector/Application/Http/UiServer.cs(1665,9): warning IL2026: Using member 'Microsoft.AspNetCore.Builder.EndpointRouteBuilderExtensions.MapPost(IEndpointRouteBuilder, String, Delegate)' which has 'RequiresUnreferencedCodeAttribute' can break functionality when trimming application code. This API may perform reflection on the supplied delegate and its parameters. These types may be trimmed if not directly referenced. [/home/runner/work/Market-Data-Collector/Market-Data-Collector/src/MarketDataCollector/MarketDataCollector.csproj]
/home/runner/work/Market-Data-Collector/Market-Data-Collector/src/MarketDataCollector/Application/Http/UiServer.cs(1683,9): warning IL2026: Using member 'Microsoft.AspNetCore.Builder.EndpointRouteBuilderExtensions.MapGet(IEndpointRouteBuilder, String, Delegate)' which has 'RequiresUnreferencedCodeAttribute' can break functionality when trimming application code. This API may perform reflection on the supplied delegate and its parameters. These types may be trimmed if not directly referenced. [/home/runner/work/Market-Data-Collector/Market-Data-Collector/src/MarketDataCollector/MarketDataCollector.csproj]
/home/runner/work/Market-Data-Collector/Market-Data-Collector/src/MarketDataCollector/Application/Http/UiServer.cs(1696,9): warning IL2026: Using member 'Microsoft.AspNetCore.Builder.EndpointRouteBuilderExtensions.MapGet(IEndpointRouteBuilder, String, Delegate)' which has 'RequiresUnreferencedCodeAttribute' can break functionality when trimming application code. This API may perform reflection on the supplied delegate and its parameters. These types may be trimmed if not directly referenced. [/home/runner/work/Market-Data-Collector/Market-Data-Collector/src/MarketDataCollector/MarketDataCollector.csproj]
/home/runner/work/Market-Data-Collector/Market-Data-Collector/src/MarketDataCollector/Application/Http/UiServer.cs(1711,9): warning IL2026: Using member 'Microsoft.AspNetCore.Builder.EndpointRouteBuilderExtensions.MapPost(IEndpointRouteBuilder, String, Delegate)' which has 'RequiresUnreferencedCodeAttribute' can break functionality when trimming application code. This API may perform reflection on the supplied delegate and its parameters. These types may be trimmed if not directly referenced. [/home/runner/work/Market-Data-Collector/Market-Data-Collector/src/MarketDataCollector/MarketDataCollector.csproj]
/home/runner/work/Market-Data-Collector/Market-Data-Collector/src/MarketDataCollector/Application/Http/UiServer.cs(1737,9): warning IL2026: Using member 'Microsoft.AspNetCore.Builder.EndpointRouteBuilderExtensions.MapPost(IEndpointRouteBuilder, String, Delegate)' which has 'RequiresUnreferencedCodeAttribute' can break functionality when trimming application code. This API may perform reflection on the supplied delegate and its parameters. These types may be trimmed if not directly referenced. [/home/runner/work/Market-Data-Collector/Market-Data-Collector/src/MarketDataCollector/MarketDataCollector.csproj]
/home/runner/work/Market-Data-Collector/Market-Data-Collector/src/MarketDataCollector/Application/Http/UiServer.cs(1757,9): warning IL2026: Using member 'Microsoft.AspNetCore.Builder.EndpointRouteBuilderExtensions.MapGet(IEndpointRouteBuilder, String, Delegate)' which has 'RequiresUnreferencedCodeAttribute' can break functionality when trimming application code. This API may perform reflection on the supplied delegate and its parameters. These types may be trimmed if not directly referenced. [/home/runner/work/Market-Data-Collector/Market-Data-Collector/src/MarketDataCollector/MarketDataCollector.csproj]
/home/runner/work/Market-Data-Collector/Market-Data-Collector/src/MarketDataCollector/Application/Http/UiServer.cs(1775,9): warning IL2026: Using member 'Microsoft.AspNetCore.Builder.EndpointRouteBuilderExtensions.MapGet(IEndpointRouteBuilder, String, Delegate)' which has 'RequiresUnreferencedCodeAttribute' can break functionality when trimming application code. This API may perform reflection on the supplied delegate and its parameters. These types may be trimmed if not directly referenced. [/home/runner/work/Market-Data-Collector/Market-Data-Collector/src/MarketDataCollector/MarketDataCollector.csproj]
/home/runner/work/Market-Data-Collector/Market-Data-Collector/src/MarketDataCollector/Application/Http/UiServer.cs(1788,9): warning IL2026: Using member 'Microsoft.AspNetCore.Builder.EndpointRouteBuilderExtensions.MapGet(IEndpointRouteBuilder, String, Delegate)' which has 'RequiresUnreferencedCodeAttribute' can break functionality when trimming application code. This API may perform reflection on the supplied delegate and its parameters. These types may be trimmed if not directly referenced. [/home/runner/work/Market-Data-Collector/Market-Data-Collector/src/MarketDataCollector/MarketDataCollector.csproj]
/home/runner/work/Market-Data-Collector/Market-Data-Collector/src/MarketDataCollector/Application/Http/UiServer.cs(1801,9): warning IL2026: Using member 'Microsoft.AspNetCore.Builder.EndpointRouteBuilderExtensions.MapGet(IEndpointRouteBuilder, String, Delegate)' which has 'RequiresUnreferencedCodeAttribute' can break functionality when trimming application code. This API may perform reflection on the supplied delegate and its parameters. These types may be trimmed if not directly referenced. [/home/runner/work/Market-Data-Collector/Market-Data-Collector/src/MarketDataCollector/MarketDataCollector.csproj]
/home/runner/work/Market-Data-Collector/Market-Data-Collector/src/MarketDataCollector/Application/Http/UiServer.cs(1449,24): warning IL2026: Using member 'Microsoft.AspNetCore.Http.Results.Json<TValue>(TValue, JsonSerializerOptions, String, Int32?)' which has 'RequiresUnreferencedCodeAttribute' can break functionality when trimming application code. JSON serialization and deserialization might require types that cannot be statically analyzed. Use the overload that takes a JsonTypeInfo or JsonSerializerContext. [/home/runner/work/Market-Data-Collector/Market-Data-Collector/src/MarketDataCollector/MarketDataCollector.csproj]
/home/runner/work/Market-Data-Collector/Market-Data-Collector/src/MarketDataCollector/Application/Http/UiServer.cs(1462,24): warning IL2026: Using member 'Microsoft.AspNetCore.Http.Results.Json<TValue>(TValue, JsonSerializerOptions, String, Int32?)' which has 'RequiresUnreferencedCodeAttribute' can break functionality when trimming application code. JSON serialization and deserialization might require types that cannot be statically analyzed. Use the overload that takes a JsonTypeInfo or JsonSerializerContext. [/home/runner/work/Market-Data-Collector/Market-Data-Collector/src/MarketDataCollector/MarketDataCollector.csproj]
/home/runner/work/Market-Data-Collector/Market-Data-Collector/src/MarketDataCollector/Application/Http/UiServer.cs(1487,24): warning IL2026: Using member 'Microsoft.AspNetCore.Http.Results.Json<TValue>(TValue, JsonSerializerOptions, String, Int32?)' which has 'RequiresUnreferencedCodeAttribute' can break functionality when trimming application code. JSON serialization and deserialization might require types that cannot be statically analyzed. Use the overload that takes a JsonTypeInfo or JsonSerializerContext. [/home/runner/work/Market-Data-Collector/Market-Data-Collector/src/MarketDataCollector/MarketDataCollector.csproj]
/home/runner/work/Market-Data-Collector/Market-Data-Collector/src/MarketDataCollector/Application/Http/UiServer.cs(1512,24): warning IL2026: Using member 'Microsoft.AspNetCore.Http.Results.Json<TValue>(TValue, JsonSerializerOptions, String, Int32?)' which has 'RequiresUnreferencedCodeAttribute' can break functionality when trimming application code. JSON serialization and deserialization might require types that cannot be statically analyzed. Use the overload that takes a JsonTypeInfo or JsonSerializerContext. [/home/runner/work/Market-Data-Collector/Market-Data-Collector/src/MarketDataCollector/MarketDataCollector.csproj]
/home/runner/work/Market-Data-Collector/Market-Data-Collector/src/MarketDataCollector/Application/Http/UiServer.cs(1554,24): warning IL2026: Using member 'Microsoft.AspNetCore.Http.Results.Json<TValue>(TValue, JsonSerializerOptions, String, Int32?)' which has 'RequiresUnreferencedCodeAttribute' can break functionality when trimming application code. JSON serialization and deserialization might require types that cannot be statically analyzed. Use the overload that takes a JsonTypeInfo or JsonSerializerContext. [/home/runner/work/Market-Data-Collector/Market-Data-Collector/src/MarketDataCollector/MarketDataCollector.csproj]
/home/runner/work/Market-Data-Collector/Market-Data-Collector/src/MarketDataCollector/Application/Http/UiServer.cs(1578,24): warning IL2026: Using member 'Microsoft.AspNetCore.Http.Results.Json<TValue>(TValue, JsonSerializerOptions, String, Int32?)' which has 'RequiresUnreferencedCodeAttribute' can break functionality when trimming application code. JSON serialization and deserialization might require types that cannot be statically analyzed. Use the overload that takes a JsonTypeInfo or JsonSerializerContext. [/home/runner/work/Market-Data-Collector/Market-Data-Collector/src/MarketDataCollector/MarketDataCollector.csproj]
/home/runner/work/Market-Data-Collector/Market-Data-Collector/src/MarketDataCollector/Application/Http/UiServer.cs(1593,24): warning IL2026: Using member 'Microsoft.AspNetCore.Http.Results.Json<TValue>(TValue, JsonSerializerOptions, String, Int32?)' which has 'RequiresUnreferencedCodeAttribute' can break functionality when trimming application code. JSON serialization and deserialization might require types that cannot be statically analyzed. Use the overload that takes a JsonTypeInfo or JsonSerializerContext. [/home/runner/work/Market-Data-Collector/Market-Data-Collector/src/MarketDataCollector/MarketDataCollector.csproj]
/home/runner/work/Market-Data-Collector/Market-Data-Collector/src/MarketDataCollector/Application/Http/UiServer.cs(1607,24): warning IL2026: Using member 'Microsoft.AspNetCore.Http.Results.Json<TValue>(TValue, JsonSerializerOptions, String, Int32?)' which has 'RequiresUnreferencedCodeAttribute' can break functionality when trimming application code. JSON serialization and deserialization might require types that cannot be statically analyzed. Use the overload that takes a JsonTypeInfo or JsonSerializerContext. [/home/runner/work/Market-Data-Collector/Market-Data-Collector/src/MarketDataCollector/MarketDataCollector.csproj]
/home/runner/work/Market-Data-Collector/Market-Data-Collector/src/MarketDataCollector/Application/Http/UiServer.cs(1620,24): warning IL2026: Using member 'Microsoft.AspNetCore.Http.Results.Json<TValue>(TValue, JsonSerializerOptions, String, Int32?)' which has 'RequiresUnreferencedCodeAttribute' can break functionality when trimming application code. JSON serialization and deserialization might require types that cannot be statically analyzed. Use the overload that takes a JsonTypeInfo or JsonSerializerContext. [/home/runner/work/Market-Data-Collector/Market-Data-Collector/src/MarketDataCollector/MarketDataCollector.csproj]
/home/runner/work/Market-Data-Collector/Market-Data-Collector/src/MarketDataCollector/Application/Http/UiServer.cs(1635,24): warning IL2026: Using member 'Microsoft.AspNetCore.Http.Results.Json<TValue>(TValue, JsonSerializerOptions, String, Int32?)' which has 'RequiresUnreferencedCodeAttribute' can break functionality when trimming application code. JSON serialization and deserialization might require types that cannot be statically analyzed. Use the overload that takes a JsonTypeInfo or JsonSerializerContext. [/home/runner/work/Market-Data-Collector/Market-Data-Collector/src/MarketDataCollector/MarketDataCollector.csproj]
/home/runner/work/Market-Data-Collector/Market-Data-Collector/src/MarketDataCollector/Application/Http/UiServer.cs(1657,24): warning IL2026: Using member 'Microsoft.AspNetCore.Http.Results.Json<TValue>(TValue, JsonSerializerOptions, String, Int32?)' which has 'RequiresUnreferencedCodeAttribute' can break functionality when trimming application code. JSON serialization and deserialization might require types that cannot be statically analyzed. Use the overload that takes a JsonTypeInfo or JsonSerializerContext. [/home/runner/work/Market-Data-Collector/Market-Data-Collector/src/MarketDataCollector/MarketDataCollector.csproj]
/home/runner/work/Market-Data-Collector/Market-Data-Collector/src/MarketDataCollector/Application/Http/UiServer.cs(1673,24): warning IL2026: Using member 'Microsoft.AspNetCore.Http.Results.Json<TValue>(TValue, JsonSerializerOptions, String, Int32?)' which has 'RequiresUnreferencedCodeAttribute' can break functionality when trimming application code. JSON serialization and deserialization might require types that cannot be statically analyzed. Use the overload that takes a JsonTypeInfo or JsonSerializerContext. [/home/runner/work/Market-Data-Collector/Market-Data-Collector/src/MarketDataCollector/MarketDataCollector.csproj]
/home/runner/work/Market-Data-Collector/Market-Data-Collector/src/MarketDataCollector/Application/Http/UiServer.cs(1688,24): warning IL2026: Using member 'Microsoft.AspNetCore.Http.Results.Json<TValue>(TValue, JsonSerializerOptions, String, Int32?)' which has 'RequiresUnreferencedCodeAttribute' can break functionality when trimming application code. JSON serialization and deserialization might require types that cannot be statically analyzed. Use the overload that takes a JsonTypeInfo or JsonSerializerContext. [/home/runner/work/Market-Data-Collector/Market-Data-Collector/src/MarketDataCollector/MarketDataCollector.csproj]
/home/runner/work/Market-Data-Collector/Market-Data-Collector/src/MarketDataCollector/Application/Http/UiServer.cs(1729,24): warning IL2026: Using member 'Microsoft.AspNetCore.Http.Results.Json<TValue>(TValue, JsonSerializerOptions, String, Int32?)' which has 'RequiresUnreferencedCodeAttribute' can break functionality when trimming application code. JSON serialization and deserialization might require types that cannot be statically analyzed. Use the overload that takes a JsonTypeInfo or JsonSerializerContext. [/home/runner/work/Market-Data-Collector/Market-Data-Collector/src/MarketDataCollector/MarketDataCollector.csproj]
/home/runner/work/Market-Data-Collector/Market-Data-Collector/src/MarketDataCollector/Application/Http/UiServer.cs(1762,24): warning IL2026: Using member 'Microsoft.AspNetCore.Http.Results.Json<TValue>(TValue, JsonSerializerOptions, String, Int32?)' which has 'RequiresUnreferencedCodeAttribute' can break functionality when trimming application code. JSON serialization and deserialization might require types that cannot be statically analyzed. Use the overload that takes a JsonTypeInfo or JsonSerializerContext. [/home/runner/work/Market-Data-Collector/Market-Data-Collector/src/MarketDataCollector/MarketDataCollector.csproj]
/home/runner/work/Market-Data-Collector/Market-Data-Collector/src/MarketDataCollector/Infrastructure/Providers/Streaming/NYSE/NYSEDataSource.cs(465,24): warning IL2026: Using member 'System.Text.Json.JsonSerializer.Deserialize<TValue>(String, JsonSerializerOptions)' which has 'RequiresUnreferencedCodeAttribute' can break functionality when trimming application code. JSON serialization and deserialization might require types that cannot be statically analyzed. Use the overload that takes a JsonTypeInfo or JsonSerializerContext, or make sure all of the required types are preserved. [/home/runner/work/Market-Data-Collector/Market-Data-Collector/src/MarketDataCollector/MarketDataCollector.csproj]
/home/runner/work/Market-Data-Collector/Market-Data-Collector/src/MarketDataCollector/Infrastructure/Providers/Streaming/NYSE/NYSEDataSource.cs(582,24): warning IL2026: Using member 'System.Text.Json.JsonSerializer.Deserialize<TValue>(String, JsonSerializerOptions)' which has 'RequiresUnreferencedCodeAttribute' can break functionality when trimming application code. JSON serialization and deserialization might require types that cannot be statically analyzed. Use the overload that takes a JsonTypeInfo or JsonSerializerContext, or make sure all of the required types are preserved. [/home/runner/work/Market-Data-Collector/Market-Data-Collector/src/MarketDataCollector/MarketDataCollector.csproj]
/home/runner/work/Market-Data-Collector/Market-Data-Collector/src/MarketDataCollector/Infrastructure/Providers/Streaming/Polygon/PolygonMarketDataClient.cs(1003,27): warning IL2026: Using member 'System.Text.Json.JsonSerializer.Serialize<TValue>(TValue, JsonSerializerOptions)' which has 'RequiresUnreferencedCodeAttribute' can break functionality when trimming application code. JSON serialization and deserialization might require types that cannot be statically analyzed. Use the overload that takes a JsonTypeInfo or JsonSerializerContext, or make sure all of the required types are preserved. [/home/runner/work/Market-Data-Collector/Market-Data-Collector/src/MarketDataCollector/MarketDataCollector.csproj]
/home/runner/work/Market-Data-Collector/Market-Data-Collector/src/MarketDataCollector/Infrastructure/Providers/Streaming/NYSE/NYSEDataSource.cs(629,24): warning IL2026: Using member 'System.Text.Json.JsonSerializer.Deserialize<TValue>(String, JsonSerializerOptions)' which has 'RequiresUnreferencedCodeAttribute' can break functionality when trimming application code. JSON serialization and deserialization might require types that cannot be statically analyzed. Use the overload that takes a JsonTypeInfo or JsonSerializerContext, or make sure all of the required types are preserved. [/home/runner/work/Market-Data-Collector/Market-Data-Collector/src/MarketDataCollector/MarketDataCollector.csproj]
/home/runner/work/Market-Data-Collector/Market-Data-Collector/src/MarketDataCollector/Infrastructure/Providers/Streaming/NYSE/NYSEDataSource.cs(690,33): warning IL2026: Using member 'System.Text.Json.JsonSerializer.Deserialize<TValue>(String, JsonSerializerOptions)' which has 'RequiresUnreferencedCodeAttribute' can break functionality when trimming application code. JSON serialization and deserialization might require types that cannot be statically analyzed. Use the overload that takes a JsonTypeInfo or JsonSerializerContext, or make sure all of the required types are preserved. [/home/runner/work/Market-Data-Collector/Market-Data-Collector/src/MarketDataCollector/MarketDataCollector.csproj]
/home/runner/work/Market-Data-Collector/Market-Data-Collector/src/MarketDataCollector/Infrastructure/Providers/Streaming/NYSE/NYSEDataSource.cs(844,23): warning IL2026: Using member 'System.Text.Json.JsonSerializer.Serialize<TValue>(TValue, JsonSerializerOptions)' which has 'RequiresUnreferencedCodeAttribute' can break functionality when trimming application code. JSON serialization and deserialization might require types that cannot be statically analyzed. Use the overload that takes a JsonTypeInfo or JsonSerializerContext, or make sure all of the required types are preserved. [/home/runner/work/Market-Data-Collector/Market-Data-Collector/src/MarketDataCollector/MarketDataCollector.csproj]
/home/runner/work/Market-Data-Collector/Market-Data-Collector/src/MarketDataCollector/Infrastructure/Providers/Streaming/NYSE/NYSEDataSource.cs(862,23): warning IL2026: Using member 'System.Text.Json.JsonSerializer.Serialize<TValue>(TValue, JsonSerializerOptions)' which has 'RequiresUnreferencedCodeAttribute' can break functionality when trimming application code. JSON serialization and deserialization might require types that cannot be statically analyzed. Use the overload that takes a JsonTypeInfo or JsonSerializerContext, or make sure all of the required types are preserved. [/home/runner/work/Market-Data-Collector/Market-Data-Collector/src/MarketDataCollector/MarketDataCollector.csproj]
/home/runner/work/Market-Data-Collector/Market-Data-Collector/src/MarketDataCollector/Application/Http/UiServer.cs(1826,9): warning IL2026: Using member 'Microsoft.AspNetCore.Builder.EndpointRouteBuilderExtensions.MapPost(IEndpointRouteBuilder, String, Delegate)' which has 'RequiresUnreferencedCodeAttribute' can break functionality when trimming application code. This API may perform reflection on the supplied delegate and its parameters. These types may be trimmed if not directly referenced. [/home/runner/work/Market-Data-Collector/Market-Data-Collector/src/MarketDataCollector/MarketDataCollector.csproj]
/home/runner/work/Market-Data-Collector/Market-Data-Collector/src/MarketDataCollector/Application/Http/UiServer.cs(1850,9): warning IL2026: Using member 'Microsoft.AspNetCore.Builder.EndpointRouteBuilderExtensions.MapPost(IEndpointRouteBuilder, String, Delegate)' which has 'RequiresUnreferencedCodeAttribute' can break functionality when trimming application code. This API may perform reflection on the supplied delegate and its parameters. These types may be trimmed if not directly referenced. [/home/runner/work/Market-Data-Collector/Market-Data-Collector/src/MarketDataCollector/MarketDataCollector.csproj]
/home/runner/work/Market-Data-Collector/Market-Data-Collector/src/MarketDataCollector/Application/Http/UiServer.cs(1868,9): warning IL2026: Using member 'Microsoft.AspNetCore.Builder.EndpointRouteBuilderExtensions.MapGet(IEndpointRouteBuilder, String, Delegate)' which has 'RequiresUnreferencedCodeAttribute' can break functionality when trimming application code. This API may perform reflection on the supplied delegate and its parameters. These types may be trimmed if not directly referenced. [/home/runner/work/Market-Data-Collector/Market-Data-Collector/src/MarketDataCollector/MarketDataCollector.csproj]
/home/runner/work/Market-Data-Collector/Market-Data-Collector/src/MarketDataCollector/Application/Http/UiServer.cs(1898,9): warning IL2026: Using member 'Microsoft.AspNetCore.Builder.EndpointRouteBuilderExtensions.MapGet(IEndpointRouteBuilder, String, Delegate)' which has 'RequiresUnreferencedCodeAttribute' can break functionality when trimming application code. This API may perform reflection on the supplied delegate and its parameters. These types may be trimmed if not directly referenced. [/home/runner/work/Market-Data-Collector/Market-Data-Collector/src/MarketDataCollector/MarketDataCollector.csproj]
/home/runner/work/Market-Data-Collector/Market-Data-Collector/src/MarketDataCollector/Application/Http/UiServer.cs(1934,9): warning IL2026: Using member 'Microsoft.AspNetCore.Builder.EndpointRouteBuilderExtensions.MapGet(IEndpointRouteBuilder, String, Delegate)' which has 'RequiresUnreferencedCodeAttribute' can break functionality when trimming application code. This API may perform reflection on the supplied delegate and its parameters. These types may be trimmed if not directly referenced. [/home/runner/work/Market-Data-Collector/Market-Data-Collector/src/MarketDataCollector/MarketDataCollector.csproj]
/home/runner/work/Market-Data-Collector/Market-Data-Collector/src/MarketDataCollector/Application/Http/UiServer.cs(1961,9): warning IL2026: Using member 'Microsoft.AspNetCore.Builder.EndpointRouteBuilderExtensions.MapPost(IEndpointRouteBuilder, String, Delegate)' which has 'RequiresUnreferencedCodeAttribute' can break functionality when trimming application code. This API may perform reflection on the supplied delegate and its parameters. These types may be trimmed if not directly referenced. [/home/runner/work/Market-Data-Collector/Market-Data-Collector/src/MarketDataCollector/MarketDataCollector.csproj]
/home/runner/work/Market-Data-Collector/Market-Data-Collector/src/MarketDataCollector/Application/Http/UiServer.cs(1977,9): warning IL2026: Using member 'Microsoft.AspNetCore.Builder.EndpointRouteBuilderExtensions.MapPost(IEndpointRouteBuilder, String, Delegate)' which has 'RequiresUnreferencedCodeAttribute' can break functionality when trimming application code. This API may perform reflection on the supplied delegate and its parameters. These types may be trimmed if not directly referenced. [/home/runner/work/Market-Data-Collector/Market-Data-Collector/src/MarketDataCollector/MarketDataCollector.csproj]
/home/runner/work/Market-Data-Collector/Market-Data-Collector/src/MarketDataCollector/Application/Http/UiServer.cs(2009,9): warning IL2026: Using member 'Microsoft.AspNetCore.Builder.EndpointRouteBuilderExtensions.MapDelete(IEndpointRouteBuilder, String, Delegate)' which has 'RequiresUnreferencedCodeAttribute' can break functionality when trimming application code. This API may perform reflection on the supplied delegate and its parameters. These types may be trimmed if not directly referenced. [/home/runner/work/Market-Data-Collector/Market-Data-Collector/src/MarketDataCollector/MarketDataCollector.csproj]
/home/runner/work/Market-Data-Collector/Market-Data-Collector/src/MarketDataCollector/Application/Http/UiServer.cs(2028,9): warning IL2026: Using member 'Microsoft.AspNetCore.Builder.EndpointRouteBuilderExtensions.MapGet(IEndpointRouteBuilder, String, Delegate)' which has 'RequiresUnreferencedCodeAttribute' can break functionality when trimming application code. This API may perform reflection on the supplied delegate and its parameters. These types may be trimmed if not directly referenced. [/home/runner/work/Market-Data-Collector/Market-Data-Collector/src/MarketDataCollector/MarketDataCollector.csproj]
/home/runner/work/Market-Data-Collector/Market-Data-Collector/src/MarketDataCollector/Application/Http/UiServer.cs(2042,9): warning IL2026: Using member 'Microsoft.AspNetCore.Builder.EndpointRouteBuilderExtensions.MapGet(IEndpointRouteBuilder, String, Delegate)' which has 'RequiresUnreferencedCodeAttribute' can break functionality when trimming application code. This API may perform reflection on the supplied delegate and its parameters. These types may be trimmed if not directly referenced. [/home/runner/work/Market-Data-Collector/Market-Data-Collector/src/MarketDataCollector/MarketDataCollector.csproj]
/home/runner/work/Market-Data-Collector/Market-Data-Collector/src/MarketDataCollector/Application/Http/UiServer.cs(2056,9): warning IL2026: Using member 'Microsoft.AspNetCore.Builder.EndpointRouteBuilderExtensions.MapGet(IEndpointRouteBuilder, String, Delegate)' which has 'RequiresUnreferencedCodeAttribute' can break functionality when trimming application code. This API may perform reflection on the supplied delegate and its parameters. These types may be trimmed if not directly referenced. [/home/runner/work/Market-Data-Collector/Market-Data-Collector/src/MarketDataCollector/MarketDataCollector.csproj]
/home/runner/work/Market-Data-Collector/Market-Data-Collector/src/MarketDataCollector/Application/Http/UiServer.cs(2073,9): warning IL2026: Using member 'Microsoft.AspNetCore.Builder.EndpointRouteBuilderExtensions.MapGet(IEndpointRouteBuilder, String, Delegate)' which has 'RequiresUnreferencedCodeAttribute' can break functionality when trimming application code. This API may perform reflection on the supplied delegate and its parameters. These types may be trimmed if not directly referenced. [/home/runner/work/Market-Data-Collector/Market-Data-Collector/src/MarketDataCollector/MarketDataCollector.csproj]
/home/runner/work/Market-Data-Collector/Market-Data-Collector/src/MarketDataCollector/Application/Http/UiServer.cs(2087,9): warning IL2026: Using member 'Microsoft.AspNetCore.Builder.EndpointRouteBuilderExtensions.MapPost(IEndpointRouteBuilder, String, Delegate)' which has 'RequiresUnreferencedCodeAttribute' can break functionality when trimming application code. This API may perform reflection on the supplied delegate and its parameters. These types may be trimmed if not directly referenced. [/home/runner/work/Market-Data-Collector/Market-Data-Collector/src/MarketDataCollector/MarketDataCollector.csproj]
/home/runner/work/Market-Data-Collector/Market-Data-Collector/src/MarketDataCollector/Application/Http/UiServer.cs(2109,9): warning IL2026: Using member 'Microsoft.AspNetCore.Builder.EndpointRouteBuilderExtensions.MapPost(IEndpointRouteBuilder, String, Delegate)' which has 'RequiresUnreferencedCodeAttribute' can break functionality when trimming application code. This API may perform reflection on the supplied delegate and its parameters. These types may be trimmed if not directly referenced. [/home/runner/work/Market-Data-Collector/Market-Data-Collector/src/MarketDataCollector/MarketDataCollector.csproj]
/home/runner/work/Market-Data-Collector/Market-Data-Collector/src/MarketDataCollector/Application/Http/UiServer.cs(2136,9): warning IL2026: Using member 'Microsoft.AspNetCore.Builder.EndpointRouteBuilderExtensions.MapPost(IEndpointRouteBuilder, String, Delegate)' which has 'RequiresUnreferencedCodeAttribute' can break functionality when trimming application code. This API may perform reflection on the supplied delegate and its parameters. These types may be trimmed if not directly referenced. [/home/runner/work/Market-Data-Collector/Market-Data-Collector/src/MarketDataCollector/MarketDataCollector.csproj]
/home/runner/work/Market-Data-Collector/Market-Data-Collector/src/MarketDataCollector/Application/Http/UiServer.cs(2156,9): warning IL2026: Using member 'Microsoft.AspNetCore.Builder.EndpointRouteBuilderExtensions.MapGet(IEndpointRouteBuilder, String, Delegate)' which has 'RequiresUnreferencedCodeAttribute' can break functionality when trimming application code. This API may perform reflection on the supplied delegate and its parameters. These types may be trimmed if not directly referenced. [/home/runner/work/Market-Data-Collector/Market-Data-Collector/src/MarketDataCollector/MarketDataCollector.csproj]
/home/runner/work/Market-Data-Collector/Market-Data-Collector/src/MarketDataCollector/Application/Http/UiServer.cs(2171,9): warning IL2026: Using member 'Microsoft.AspNetCore.Builder.EndpointRouteBuilderExtensions.MapPost(IEndpointRouteBuilder, String, Delegate)' which has 'RequiresUnreferencedCodeAttribute' can break functionality when trimming application code. This API may perform reflection on the supplied delegate and its parameters. These types may be trimmed if not directly referenced. [/home/runner/work/Market-Data-Collector/Market-Data-Collector/src/MarketDataCollector/MarketDataCollector.csproj]
/home/runner/work/Market-Data-Collector/Market-Data-Collector/src/MarketDataCollector/Application/Http/UiServer.cs(2206,9): warning IL2026: Using member 'Microsoft.AspNetCore.Builder.EndpointRouteBuilderExtensions.MapGet(IEndpointRouteBuilder, String, Delegate)' which has 'RequiresUnreferencedCodeAttribute' can break functionality when trimming application code. This API may perform reflection on the supplied delegate and its parameters. These types may be trimmed if not directly referenced. [/home/runner/work/Market-Data-Collector/Market-Data-Collector/src/MarketDataCollector/MarketDataCollector.csproj]
/home/runner/work/Market-Data-Collector/Market-Data-Collector/src/MarketDataCollector/Application/Http/UiServer.cs(2225,9): warning IL2026: Using member 'Microsoft.AspNetCore.Builder.EndpointRouteBuilderExtensions.MapGet(IEndpointRouteBuilder, String, Delegate)' which has 'RequiresUnreferencedCodeAttribute' can break functionality when trimming application code. This API may perform reflection on the supplied delegate and its parameters. These types may be trimmed if not directly referenced. [/home/runner/work/Market-Data-Collector/Market-Data-Collector/src/MarketDataCollector/MarketDataCollector.csproj]
/home/runner/work/Market-Data-Collector/Market-Data-Collector/src/MarketDataCollector/Application/Http/UiServer.cs(2250,9): warning IL2026: Using member 'Microsoft.AspNetCore.Builder.EndpointRouteBuilderExtensions.MapGet(IEndpointRouteBuilder, String, Delegate)' which has 'RequiresUnreferencedCodeAttribute' can break functionality when trimming application code. This API may perform reflection on the supplied delegate and its parameters. These types may be trimmed if not directly referenced. [/home/runner/work/Market-Data-Collector/Market-Data-Collector/src/MarketDataCollector/MarketDataCollector.csproj]
/home/runner/work/Market-Data-Collector/Market-Data-Collector/src/MarketDataCollector/Application/Http/UiServer.cs(1841,24): warning IL2026: Using member 'Microsoft.AspNetCore.Http.Results.Json<TValue>(TValue, JsonSerializerOptions, String, Int32?)' which has 'RequiresUnreferencedCodeAttribute' can break functionality when trimming application code. JSON serialization and deserialization might require types that cannot be statically analyzed. Use the overload that takes a JsonTypeInfo or JsonSerializerContext. [/home/runner/work/Market-Data-Collector/Market-Data-Collector/src/MarketDataCollector/MarketDataCollector.csproj]
/home/runner/work/Market-Data-Collector/Market-Data-Collector/src/MarketDataCollector/Application/Http/UiServer.cs(1859,24): warning IL2026: Using member 'Microsoft.AspNetCore.Http.Results.Json<TValue>(TValue, JsonSerializerOptions, String, Int32?)' which has 'RequiresUnreferencedCodeAttribute' can break functionality when trimming application code. JSON serialization and deserialization might require types that cannot be statically analyzed. Use the overload that takes a JsonTypeInfo or JsonSerializerContext. [/home/runner/work/Market-Data-Collector/Market-Data-Collector/src/MarketDataCollector/MarketDataCollector.csproj]
/home/runner/work/Market-Data-Collector/Market-Data-Collector/src/MarketDataCollector/Application/Http/UiServer.cs(1889,24): warning IL2026: Using member 'Microsoft.AspNetCore.Http.Results.Json<TValue>(TValue, JsonSerializerOptions, String, Int32?)' which has 'RequiresUnreferencedCodeAttribute' can break functionality when trimming application code. JSON serialization and deserialization might require types that cannot be statically analyzed. Use the overload that takes a JsonTypeInfo or JsonSerializerContext. [/home/runner/work/Market-Data-Collector/Market-Data-Collector/src/MarketDataCollector/MarketDataCollector.csproj]
/home/runner/work/Market-Data-Collector/Market-Data-Collector/src/MarketDataCollector/Application/Http/UiServer.cs(1923,24): warning IL2026: Using member 'Microsoft.AspNetCore.Http.Results.Json<TValue>(TValue, JsonSerializerOptions, String, Int32?)' which has 'RequiresUnreferencedCodeAttribute' can break functionality when trimming application code. JSON serialization and deserialization might require types that cannot be statically analyzed. Use the overload that takes a JsonTypeInfo or JsonSerializerContext. [/home/runner/work/Market-Data-Collector/Market-Data-Collector/src/MarketDataCollector/MarketDataCollector.csproj]
/home/runner/work/Market-Data-Collector/Market-Data-Collector/src/MarketDataCollector/Application/Http/UiServer.cs(1952,24): warning IL2026: Using member 'Microsoft.AspNetCore.Http.Results.Json<TValue>(TValue, JsonSerializerOptions, String, Int32?)' which has 'RequiresUnreferencedCodeAttribute' can break functionality when trimming application code. JSON serialization and deserialization might require types that cannot be statically analyzed. Use the overload that takes a JsonTypeInfo or JsonSerializerContext. [/home/runner/work/Market-Data-Collector/Market-Data-Collector/src/MarketDataCollector/MarketDataCollector.csproj]
/home/runner/work/Market-Data-Collector/Market-Data-Collector/src/MarketDataCollector/Application/Http/UiServer.cs(1968,24): warning IL2026: Using member 'Microsoft.AspNetCore.Http.Results.Json<TValue>(TValue, JsonSerializerOptions, String, Int32?)' which has 'RequiresUnreferencedCodeAttribute' can break functionality when trimming application code. JSON serialization and deserialization might require types that cannot be statically analyzed. Use the overload that takes a JsonTypeInfo or JsonSerializerContext. [/home/runner/work/Market-Data-Collector/Market-Data-Collector/src/MarketDataCollector/MarketDataCollector.csproj]
/home/runner/work/Market-Data-Collector/Market-Data-Collector/src/MarketDataCollector/Application/Http/UiServer.cs(2033,24): warning IL2026: Using member 'Microsoft.AspNetCore.Http.Results.Json<TValue>(TValue, JsonSerializerOptions, String, Int32?)' which has 'RequiresUnreferencedCodeAttribute' can break functionality when trimming application code. JSON serialization and deserialization might require types that cannot be statically analyzed. Use the overload that takes a JsonTypeInfo or JsonSerializerContext. [/home/runner/work/Market-Data-Collector/Market-Data-Collector/src/MarketDataCollector/MarketDataCollector.csproj]
/home/runner/work/Market-Data-Collector/Market-Data-Collector/src/MarketDataCollector/Application/Http/UiServer.cs(2047,24): warning IL2026: Using member 'Microsoft.AspNetCore.Http.Results.Json<TValue>(TValue, JsonSerializerOptions, String, Int32?)' which has 'RequiresUnreferencedCodeAttribute' can break functionality when trimming application code. JSON serialization and deserialization might require types that cannot be statically analyzed. Use the overload that takes a JsonTypeInfo or JsonSerializerContext. [/home/runner/work/Market-Data-Collector/Market-Data-Collector/src/MarketDataCollector/MarketDataCollector.csproj]
/home/runner/work/Market-Data-Collector/Market-Data-Collector/src/MarketDataCollector/Application/Http/UiServer.cs(2064,24): warning IL2026: Using member 'Microsoft.AspNetCore.Http.Results.Json<TValue>(TValue, JsonSerializerOptions, String, Int32?)' which has 'RequiresUnreferencedCodeAttribute' can break functionality when trimming application code. JSON serialization and deserialization might require types that cannot be statically analyzed. Use the overload that takes a JsonTypeInfo or JsonSerializerContext. [/home/runner/work/Market-Data-Collector/Market-Data-Collector/src/MarketDataCollector/MarketDataCollector.csproj]
/home/runner/work/Market-Data-Collector/Market-Data-Collector/src/MarketDataCollector/Application/Http/UiServer.cs(2078,24): warning IL2026: Using member 'Microsoft.AspNetCore.Http.Results.Json<TValue>(TValue, JsonSerializerOptions, String, Int32?)' which has 'RequiresUnreferencedCodeAttribute' can break functionality when trimming application code. JSON serialization and deserialization might require types that cannot be statically analyzed. Use the overload that takes a JsonTypeInfo or JsonSerializerContext. [/home/runner/work/Market-Data-Collector/Market-Data-Collector/src/MarketDataCollector/MarketDataCollector.csproj]
/home/runner/work/Market-Data-Collector/Market-Data-Collector/src/MarketDataCollector/Application/Http/UiServer.cs(2094,24): warning IL2026: Using member 'Microsoft.AspNetCore.Http.Results.Json<TValue>(TValue, JsonSerializerOptions, String, Int32?)' which has 'RequiresUnreferencedCodeAttribute' can break functionality when trimming application code. JSON serialization and deserialization might require types that cannot be statically analyzed. Use the overload that takes a JsonTypeInfo or JsonSerializerContext. [/home/runner/work/Market-Data-Collector/Market-Data-Collector/src/MarketDataCollector/MarketDataCollector.csproj]
/home/runner/work/Market-Data-Collector/Market-Data-Collector/src/MarketDataCollector/Application/Http/UiServer.cs(2121,24): warning IL2026: Using member 'Microsoft.AspNetCore.Http.Results.Json<TValue>(TValue, JsonSerializerOptions, String, Int32?)' which has 'RequiresUnreferencedCodeAttribute' can break functionality when trimming application code. JSON serialization and deserialization might require types that cannot be statically analyzed. Use the overload that takes a JsonTypeInfo or JsonSerializerContext. [/home/runner/work/Market-Data-Collector/Market-Data-Collector/src/MarketDataCollector/MarketDataCollector.csproj]
/home/runner/work/Market-Data-Collector/Market-Data-Collector/src/MarketDataCollector/Application/Http/UiServer.cs(2143,24): warning IL2026: Using member 'Microsoft.AspNetCore.Http.Results.Json<TValue>(TValue, JsonSerializerOptions, String, Int32?)' which has 'RequiresUnreferencedCodeAttribute' can break functionality when trimming application code. JSON serialization and deserialization might require types that cannot be statically analyzed. Use the overload that takes a JsonTypeInfo or JsonSerializerContext. [/home/runner/work/Market-Data-Collector/Market-Data-Collector/src/MarketDataCollector/MarketDataCollector.csproj]
/home/runner/work/Market-Data-Collector/Market-Data-Collector/src/MarketDataCollector/Application/Http/UiServer.cs(2162,24): warning IL2026: Using member 'Microsoft.AspNetCore.Http.Results.Json<TValue>(TValue, JsonSerializerOptions, String, Int32?)' which has 'RequiresUnreferencedCodeAttribute' can break functionality when trimming application code. JSON serialization and deserialization might require types that cannot be statically analyzed. Use the overload that takes a JsonTypeInfo or JsonSerializerContext. [/home/runner/work/Market-Data-Collector/Market-Data-Collector/src/MarketDataCollector/MarketDataCollector.csproj]
/home/runner/work/Market-Data-Collector/Market-Data-Collector/src/MarketDataCollector/Application/Http/UiServer.cs(2193,24): warning IL2026: Using member 'Microsoft.AspNetCore.Http.Results.Json<TValue>(TValue, JsonSerializerOptions, String, Int32?)' which has 'RequiresUnreferencedCodeAttribute' can break functionality when trimming application code. JSON serialization and deserialization might require types that cannot be statically analyzed. Use the overload that takes a JsonTypeInfo or JsonSerializerContext. [/home/runner/work/Market-Data-Collector/Market-Data-Collector/src/MarketDataCollector/MarketDataCollector.csproj]
/home/runner/work/Market-Data-Collector/Market-Data-Collector/src/MarketDataCollector/Application/Http/UiServer.cs(2211,24): warning IL2026: Using member 'Microsoft.AspNetCore.Http.Results.Json<TValue>(TValue, JsonSerializerOptions, String, Int32?)' which has 'RequiresUnreferencedCodeAttribute' can break functionality when trimming application code. JSON serialization and deserialization might require types that cannot be statically analyzed. Use the overload that takes a JsonTypeInfo or JsonSerializerContext. [/home/runner/work/Market-Data-Collector/Market-Data-Collector/src/MarketDataCollector/MarketDataCollector.csproj]
/home/runner/work/Market-Data-Collector/Market-Data-Collector/src/MarketDataCollector/Application/Http/UiServer.cs(2230,24): warning IL2026: Using member 'Microsoft.AspNetCore.Http.Results.Json<TValue>(TValue, JsonSerializerOptions, String, Int32?)' which has 'RequiresUnreferencedCodeAttribute' can break functionality when trimming application code. JSON serialization and deserialization might require types that cannot be statically analyzed. Use the overload that takes a JsonTypeInfo or JsonSerializerContext. [/home/runner/work/Market-Data-Collector/Market-Data-Collector/src/MarketDataCollector/MarketDataCollector.csproj]
/home/runner/work/Market-Data-Collector/Market-Data-Collector/src/MarketDataCollector/Storage/Services/SourceRegistry.cs(165,24): warning IL2026: Using member 'System.Text.Json.JsonSerializer.Deserialize<TValue>(String, JsonSerializerOptions)' which has 'RequiresUnreferencedCodeAttribute' can break functionality when trimming application code. JSON serialization and deserialization might require types that cannot be statically analyzed. Use the overload that takes a JsonTypeInfo or JsonSerializerContext, or make sure all of the required types are preserved. [/home/runner/work/Market-Data-Collector/Market-Data-Collector/src/MarketDataCollector/MarketDataCollector.csproj]
/home/runner/work/Market-Data-Collector/Market-Data-Collector/src/MarketDataCollector/Storage/Services/SourceRegistry.cs(213,32): warning IL2026: Using member 'System.Text.Json.JsonSerializer.Serialize<TValue>(TValue, JsonSerializerOptions)' which has 'RequiresUnreferencedCodeAttribute' can break functionality when trimming application code. JSON serialization and deserialization might require types that cannot be statically analyzed. Use the overload that takes a JsonTypeInfo or JsonSerializerContext, or make sure all of the required types are preserved. [/home/runner/work/Market-Data-Collector/Market-Data-Collector/src/MarketDataCollector/MarketDataCollector.csproj]
/home/runner/work/Market-Data-Collector/Market-Data-Collector/src/MarketDataCollector/Application/Http/UiServer.cs(2270,9): warning IL2026: Using member 'Microsoft.AspNetCore.Builder.EndpointRouteBuilderExtensions.MapPost(IEndpointRouteBuilder, String, Delegate)' which has 'RequiresUnreferencedCodeAttribute' can break functionality when trimming application code. This API may perform reflection on the supplied delegate and its parameters. These types may be trimmed if not directly referenced. [/home/runner/work/Market-Data-Collector/Market-Data-Collector/src/MarketDataCollector/MarketDataCollector.csproj]
/home/runner/work/Market-Data-Collector/Market-Data-Collector/src/MarketDataCollector/Application/Http/UiServer.cs(2298,9): warning IL2026: Using member 'Microsoft.AspNetCore.Builder.EndpointRouteBuilderExtensions.MapPost(IEndpointRouteBuilder, String, Delegate)' which has 'RequiresUnreferencedCodeAttribute' can break functionality when trimming application code. This API may perform reflection on the supplied delegate and its parameters. These types may be trimmed if not directly referenced. [/home/runner/work/Market-Data-Collector/Market-Data-Collector/src/MarketDataCollector/MarketDataCollector.csproj]
/home/runner/work/Market-Data-Collector/Market-Data-Collector/src/MarketDataCollector/Application/Http/UiServer.cs(2327,9): warning IL2026: Using member 'Microsoft.AspNetCore.Builder.EndpointRouteBuilderExtensions.MapGet(IEndpointRouteBuilder, String, Delegate)' which has 'RequiresUnreferencedCodeAttribute' can break functionality when trimming application code. This API may perform reflection on the supplied delegate and its parameters. These types may be trimmed if not directly referenced. [/home/runner/work/Market-Data-Collector/Market-Data-Collector/src/MarketDataCollector/MarketDataCollector.csproj]
/home/runner/work/Market-Data-Collector/Market-Data-Collector/src/MarketDataCollector/Application/Http/UiServer.cs(2340,9): warning IL2026: Using member 'Microsoft.AspNetCore.Builder.EndpointRouteBuilderExtensions.MapGet(IEndpointRouteBuilder, String, Delegate)' which has 'RequiresUnreferencedCodeAttribute' can break functionality when trimming application code. This API may perform reflection on the supplied delegate and its parameters. These types may be trimmed if not directly referenced. [/home/runner/work/Market-Data-Collector/Market-Data-Collector/src/MarketDataCollector/MarketDataCollector.csproj]
/home/runner/work/Market-Data-Collector/Market-Data-Collector/src/MarketDataCollector/Application/Http/UiServer.cs(2353,9): warning IL2026: Using member 'Microsoft.AspNetCore.Builder.EndpointRouteBuilderExtensions.MapGet(IEndpointRouteBuilder, String, Delegate)' which has 'RequiresUnreferencedCodeAttribute' can break functionality when trimming application code. This API may perform reflection on the supplied delegate and its parameters. These types may be trimmed if not directly referenced. [/home/runner/work/Market-Data-Collector/Market-Data-Collector/src/MarketDataCollector/MarketDataCollector.csproj]
/home/runner/work/Market-Data-Collector/Market-Data-Collector/src/MarketDataCollector/Application/Http/UiServer.cs(2368,9): warning IL2026: Using member 'Microsoft.AspNetCore.Builder.EndpointRouteBuilderExtensions.MapPost(IEndpointRouteBuilder, String, Delegate)' which has 'RequiresUnreferencedCodeAttribute' can break functionality when trimming application code. This API may perform reflection on the supplied delegate and its parameters. These types may be trimmed if not directly referenced. [/home/runner/work/Market-Data-Collector/Market-Data-Collector/src/MarketDataCollector/MarketDataCollector.csproj]
/home/runner/work/Market-Data-Collector/Market-Data-Collector/src/MarketDataCollector/Application/Http/UiServer.cs(2384,9): warning IL2026: Using member 'Microsoft.AspNetCore.Builder.EndpointRouteBuilderExtensions.MapPut(IEndpointRouteBuilder, String, Delegate)' which has 'RequiresUnreferencedCodeAttribute' can break functionality when trimming application code. This API may perform reflection on the supplied delegate and its parameters. These types may be trimmed if not directly referenced. [/home/runner/work/Market-Data-Collector/Market-Data-Collector/src/MarketDataCollector/MarketDataCollector.csproj]
/home/runner/work/Market-Data-Collector/Market-Data-Collector/src/MarketDataCollector/Application/Http/UiServer.cs(2402,9): warning IL2026: Using member 'Microsoft.AspNetCore.Builder.EndpointRouteBuilderExtensions.MapDelete(IEndpointRouteBuilder, String, Delegate)' which has 'RequiresUnreferencedCodeAttribute' can break functionality when trimming application code. This API may perform reflection on the supplied delegate and its parameters. These types may be trimmed if not directly referenced. [/home/runner/work/Market-Data-Collector/Market-Data-Collector/src/MarketDataCollector/MarketDataCollector.csproj]
/home/runner/work/Market-Data-Collector/Market-Data-Collector/src/MarketDataCollector/Application/Http/UiServer.cs(2415,9): warning IL2026: Using member 'Microsoft.AspNetCore.Builder.EndpointRouteBuilderExtensions.MapPost(IEndpointRouteBuilder, String, Delegate)' which has 'RequiresUnreferencedCodeAttribute' can break functionality when trimming application code. This API may perform reflection on the supplied delegate and its parameters. These types may be trimmed if not directly referenced. [/home/runner/work/Market-Data-Collector/Market-Data-Collector/src/MarketDataCollector/MarketDataCollector.csproj]
/home/runner/work/Market-Data-Collector/Market-Data-Collector/src/MarketDataCollector/Application/Http/UiServer.cs(2435,9): warning IL2026: Using member 'Microsoft.AspNetCore.Builder.EndpointRouteBuilderExtensions.MapDelete(IEndpointRouteBuilder, String, Delegate)' which has 'RequiresUnreferencedCodeAttribute' can break functionality when trimming application code. This API may perform reflection on the supplied delegate and its parameters. These types may be trimmed if not directly referenced. [/home/runner/work/Market-Data-Collector/Market-Data-Collector/src/MarketDataCollector/MarketDataCollector.csproj]
/home/runner/work/Market-Data-Collector/Market-Data-Collector/src/MarketDataCollector/Application/Http/UiServer.cs(2455,9): warning IL2026: Using member 'Microsoft.AspNetCore.Builder.EndpointRouteBuilderExtensions.MapPost(IEndpointRouteBuilder, String, Delegate)' which has 'RequiresUnreferencedCodeAttribute' can break functionality when trimming application code. This API may perform reflection on the supplied delegate and its parameters. These types may be trimmed if not directly referenced. [/home/runner/work/Market-Data-Collector/Market-Data-Collector/src/MarketDataCollector/MarketDataCollector.csproj]
/home/runner/work/Market-Data-Collector/Market-Data-Collector/src/MarketDataCollector/Application/Http/UiServer.cs(2476,9): warning IL2026: Using member 'Microsoft.AspNetCore.Builder.EndpointRouteBuilderExtensions.MapPost(IEndpointRouteBuilder, String, Delegate)' which has 'RequiresUnreferencedCodeAttribute' can break functionality when trimming application code. This API may perform reflection on the supplied delegate and its parameters. These types may be trimmed if not directly referenced. [/home/runner/work/Market-Data-Collector/Market-Data-Collector/src/MarketDataCollector/MarketDataCollector.csproj]
/home/runner/work/Market-Data-Collector/Market-Data-Collector/src/MarketDataCollector/Application/Http/UiServer.cs(2491,9): warning IL2026: Using member 'Microsoft.AspNetCore.Builder.EndpointRouteBuilderExtensions.MapGet(IEndpointRouteBuilder, String, Delegate)' which has 'RequiresUnreferencedCodeAttribute' can break functionality when trimming application code. This API may perform reflection on the supplied delegate and its parameters. These types may be trimmed if not directly referenced. [/home/runner/work/Market-Data-Collector/Market-Data-Collector/src/MarketDataCollector/MarketDataCollector.csproj]
/home/runner/work/Market-Data-Collector/Market-Data-Collector/src/MarketDataCollector/Application/Http/UiServer.cs(2506,9): warning IL2026: Using member 'Microsoft.AspNetCore.Builder.EndpointRouteBuilderExtensions.MapPost(IEndpointRouteBuilder, String, Delegate)' which has 'RequiresUnreferencedCodeAttribute' can break functionality when trimming application code. This API may perform reflection on the supplied delegate and its parameters. These types may be trimmed if not directly referenced. [/home/runner/work/Market-Data-Collector/Market-Data-Collector/src/MarketDataCollector/MarketDataCollector.csproj]
/home/runner/work/Market-Data-Collector/Market-Data-Collector/src/MarketDataCollector/Application/Http/UiServer.cs(2524,9): warning IL2026: Using member 'Microsoft.AspNetCore.Builder.EndpointRouteBuilderExtensions.MapPost(IEndpointRouteBuilder, String, Delegate)' which has 'RequiresUnreferencedCodeAttribute' can break functionality when trimming application code. This API may perform reflection on the supplied delegate and its parameters. These types may be trimmed if not directly referenced. [/home/runner/work/Market-Data-Collector/Market-Data-Collector/src/MarketDataCollector/MarketDataCollector.csproj]
/home/runner/work/Market-Data-Collector/Market-Data-Collector/src/MarketDataCollector/Application/Http/UiServer.cs(2539,9): warning IL2026: Using member 'Microsoft.AspNetCore.Builder.EndpointRouteBuilderExtensions.MapGet(IEndpointRouteBuilder, String, Delegate)' which has 'RequiresUnreferencedCodeAttribute' can break functionality when trimming application code. This API may perform reflection on the supplied delegate and its parameters. These types may be trimmed if not directly referenced. [/home/runner/work/Market-Data-Collector/Market-Data-Collector/src/MarketDataCollector/MarketDataCollector.csproj]
/home/runner/work/Market-Data-Collector/Market-Data-Collector/src/MarketDataCollector/Application/Http/UiServer.cs(2552,9): warning IL2026: Using member 'Microsoft.AspNetCore.Builder.EndpointRouteBuilderExtensions.MapGet(IEndpointRouteBuilder, String, Delegate)' which has 'RequiresUnreferencedCodeAttribute' can break functionality when trimming application code. This API may perform reflection on the supplied delegate and its parameters. These types may be trimmed if not directly referenced. [/home/runner/work/Market-Data-Collector/Market-Data-Collector/src/MarketDataCollector/MarketDataCollector.csproj]
/home/runner/work/Market-Data-Collector/Market-Data-Collector/src/MarketDataCollector/Application/Http/UiServer.cs(2567,9): warning IL2026: Using member 'Microsoft.AspNetCore.Builder.EndpointRouteBuilderExtensions.MapPost(IEndpointRouteBuilder, String, Delegate)' which has 'RequiresUnreferencedCodeAttribute' can break functionality when trimming application code. This API may perform reflection on the supplied delegate and its parameters. These types may be trimmed if not directly referenced. [/home/runner/work/Market-Data-Collector/Market-Data-Collector/src/MarketDataCollector/MarketDataCollector.csproj]
/home/runner/work/Market-Data-Collector/Market-Data-Collector/src/MarketDataCollector/Application/Http/UiServer.cs(2596,9): warning IL2026: Using member 'Microsoft.AspNetCore.Builder.EndpointRouteBuilderExtensions.MapPost(IEndpointRouteBuilder, String, Delegate)' which has 'RequiresUnreferencedCodeAttribute' can break functionality when trimming application code. This API may perform reflection on the supplied delegate and its parameters. These types may be trimmed if not directly referenced. [/home/runner/work/Market-Data-Collector/Market-Data-Collector/src/MarketDataCollector/MarketDataCollector.csproj]
/home/runner/work/Market-Data-Collector/Market-Data-Collector/src/MarketDataCollector/Application/Http/UiServer.cs(2630,9): warning IL2026: Using member 'Microsoft.AspNetCore.Builder.EndpointRouteBuilderExtensions.MapPost(IEndpointRouteBuilder, String, Delegate)' which has 'RequiresUnreferencedCodeAttribute' can break functionality when trimming application code. This API may perform reflection on the supplied delegate and its parameters. These types may be trimmed if not directly referenced. [/home/runner/work/Market-Data-Collector/Market-Data-Collector/src/MarketDataCollector/MarketDataCollector.csproj]
/home/runner/work/Market-Data-Collector/Market-Data-Collector/src/MarketDataCollector/Application/Http/UiServer.cs(2646,9): warning IL2026: Using member 'Microsoft.AspNetCore.Builder.EndpointRouteBuilderExtensions.MapPost(IEndpointRouteBuilder, String, Delegate)' which has 'RequiresUnreferencedCodeAttribute' can break functionality when trimming application code. This API may perform reflection on the supplied delegate and its parameters. These types may be trimmed if not directly referenced. [/home/runner/work/Market-Data-Collector/Market-Data-Collector/src/MarketDataCollector/MarketDataCollector.csproj]
/home/runner/work/Market-Data-Collector/Market-Data-Collector/src/MarketDataCollector/Application/Http/UiServer.cs(2662,9): warning IL2026: Using member 'Microsoft.AspNetCore.Builder.EndpointRouteBuilderExtensions.MapPost(IEndpointRouteBuilder, String, Delegate)' which has 'RequiresUnreferencedCodeAttribute' can break functionality when trimming application code. This API may perform reflection on the supplied delegate and its parameters. These types may be trimmed if not directly referenced. [/home/runner/work/Market-Data-Collector/Market-Data-Collector/src/MarketDataCollector/MarketDataCollector.csproj]
/home/runner/work/Market-Data-Collector/Market-Data-Collector/src/MarketDataCollector/Application/Http/UiServer.cs(2678,9): warning IL2026: Using member 'Microsoft.AspNetCore.Builder.EndpointRouteBuilderExtensions.MapPost(IEndpointRouteBuilder, String, Delegate)' which has 'RequiresUnreferencedCodeAttribute' can break functionality when trimming application code. This API may perform reflection on the supplied delegate and its parameters. These types may be trimmed if not directly referenced. [/home/runner/work/Market-Data-Collector/Market-Data-Collector/src/MarketDataCollector/MarketDataCollector.csproj]
/home/runner/work/Market-Data-Collector/Market-Data-Collector/src/MarketDataCollector/Application/Http/UiServer.cs(2694,9): warning IL2026: Using member 'Microsoft.AspNetCore.Builder.EndpointRouteBuilderExtensions.MapPost(IEndpointRouteBuilder, String, Delegate)' which has 'RequiresUnreferencedCodeAttribute' can break functionality when trimming application code. This API may perform reflection on the supplied delegate and its parameters. These types may be trimmed if not directly referenced. [/home/runner/work/Market-Data-Collector/Market-Data-Collector/src/MarketDataCollector/MarketDataCollector.csproj]
/home/runner/work/Market-Data-Collector/Market-Data-Collector/src/MarketDataCollector/Application/Http/UiServer.cs(2710,9): warning IL2026: Using member 'Microsoft.AspNetCore.Builder.EndpointRouteBuilderExtensions.MapPost(IEndpointRouteBuilder, String, Delegate)' which has 'RequiresUnreferencedCodeAttribute' can break functionality when trimming application code. This API may perform reflection on the supplied delegate and its parameters. These types may be trimmed if not directly referenced. [/home/runner/work/Market-Data-Collector/Market-Data-Collector/src/MarketDataCollector/MarketDataCollector.csproj]
/home/runner/work/Market-Data-Collector/Market-Data-Collector/src/MarketDataCollector/Application/Http/UiServer.cs(2726,9): warning IL2026: Using member 'Microsoft.AspNetCore.Builder.EndpointRouteBuilderExtensions.MapPost(IEndpointRouteBuilder, String, Delegate)' which has 'RequiresUnreferencedCodeAttribute' can break functionality when trimming application code. This API may perform reflection on the supplied delegate and its parameters. These types may be trimmed if not directly referenced. [/home/runner/work/Market-Data-Collector/Market-Data-Collector/src/MarketDataCollector/MarketDataCollector.csproj]
/home/runner/work/Market-Data-Collector/Market-Data-Collector/src/MarketDataCollector/Application/Http/UiServer.cs(2742,9): warning IL2026: Using member 'Microsoft.AspNetCore.Builder.EndpointRouteBuilderExtensions.MapPost(IEndpointRouteBuilder, String, Delegate)' which has 'RequiresUnreferencedCodeAttribute' can break functionality when trimming application code. This API may perform reflection on the supplied delegate and its parameters. These types may be trimmed if not directly referenced. [/home/runner/work/Market-Data-Collector/Market-Data-Collector/src/MarketDataCollector/MarketDataCollector.csproj]
/home/runner/work/Market-Data-Collector/Market-Data-Collector/src/MarketDataCollector/Application/Http/UiServer.cs(2758,9): warning IL2026: Using member 'Microsoft.AspNetCore.Builder.EndpointRouteBuilderExtensions.MapPost(IEndpointRouteBuilder, String, Delegate)' which has 'RequiresUnreferencedCodeAttribute' can break functionality when trimming application code. This API may perform reflection on the supplied delegate and its parameters. These types may be trimmed if not directly referenced. [/home/runner/work/Market-Data-Collector/Market-Data-Collector/src/MarketDataCollector/MarketDataCollector.csproj]
/home/runner/work/Market-Data-Collector/Market-Data-Collector/src/MarketDataCollector/Application/Http/UiServer.cs(2779,9): warning IL2026: Using member 'Microsoft.AspNetCore.Builder.EndpointRouteBuilderExtensions.MapPost(IEndpointRouteBuilder, String, Delegate)' which has 'RequiresUnreferencedCodeAttribute' can break functionality when trimming application code. This API may perform reflection on the supplied delegate and its parameters. These types may be trimmed if not directly referenced. [/home/runner/work/Market-Data-Collector/Market-Data-Collector/src/MarketDataCollector/MarketDataCollector.csproj]
/home/runner/work/Market-Data-Collector/Market-Data-Collector/src/MarketDataCollector/Application/Http/UiServer.cs(2800,9): warning IL2026: Using member 'Microsoft.AspNetCore.Builder.EndpointRouteBuilderExtensions.MapPost(IEndpointRouteBuilder, String, Delegate)' which has 'RequiresUnreferencedCodeAttribute' can break functionality when trimming application code. This API may perform reflection on the supplied delegate and its parameters. These types may be trimmed if not directly referenced. [/home/runner/work/Market-Data-Collector/Market-Data-Collector/src/MarketDataCollector/MarketDataCollector.csproj]
/home/runner/work/Market-Data-Collector/Market-Data-Collector/src/MarketDataCollector/Application/Http/UiServer.cs(2813,9): warning IL2026: Using member 'Microsoft.AspNetCore.Builder.EndpointRouteBuilderExtensions.MapPost(IEndpointRouteBuilder, String, Delegate)' which has 'RequiresUnreferencedCodeAttribute' can break functionality when trimming application code. This API may perform reflection on the supplied delegate and its parameters. These types may be trimmed if not directly referenced. [/home/runner/work/Market-Data-Collector/Market-Data-Collector/src/MarketDataCollector/MarketDataCollector.csproj]
/home/runner/work/Market-Data-Collector/Market-Data-Collector/src/MarketDataCollector/Application/Http/UiServer.cs(2290,24): warning IL2026: Using member 'Microsoft.AspNetCore.Http.Results.Json<TValue>(TValue, JsonSerializerOptions, String, Int32?)' which has 'RequiresUnreferencedCodeAttribute' can break functionality when trimming application code. JSON serialization and deserialization might require types that cannot be statically analyzed. Use the overload that takes a JsonTypeInfo or JsonSerializerContext. [/home/runner/work/Market-Data-Collector/Market-Data-Collector/src/MarketDataCollector/MarketDataCollector.csproj]
/home/runner/work/Market-Data-Collector/Market-Data-Collector/src/MarketDataCollector/Application/Http/UiServer.cs(2317,24): warning IL2026: Using member 'Microsoft.AspNetCore.Http.Results.Json<TValue>(TValue, JsonSerializerOptions, String, Int32?)' which has 'RequiresUnreferencedCodeAttribute' can break functionality when trimming application code. JSON serialization and deserialization might require types that cannot be statically analyzed. Use the overload that takes a JsonTypeInfo or JsonSerializerContext. [/home/runner/work/Market-Data-Collector/Market-Data-Collector/src/MarketDataCollector/MarketDataCollector.csproj]
/home/runner/work/Market-Data-Collector/Market-Data-Collector/src/MarketDataCollector/Application/Http/UiServer.cs(2332,24): warning IL2026: Using member 'Microsoft.AspNetCore.Http.Results.Json<TValue>(TValue, JsonSerializerOptions, String, Int32?)' which has 'RequiresUnreferencedCodeAttribute' can break functionality when trimming application code. JSON serialization and deserialization might require types that cannot be statically analyzed. Use the overload that takes a JsonTypeInfo or JsonSerializerContext. [/home/runner/work/Market-Data-Collector/Market-Data-Collector/src/MarketDataCollector/MarketDataCollector.csproj]
/home/runner/work/Market-Data-Collector/Market-Data-Collector/src/MarketDataCollector/Application/Http/UiServer.cs(2345,24): warning IL2026: Using member 'Microsoft.AspNetCore.Http.Results.Json<TValue>(TValue, JsonSerializerOptions, String, Int32?)' which has 'RequiresUnreferencedCodeAttribute' can break functionality when trimming application code. JSON serialization and deserialization might require types that cannot be statically analyzed. Use the overload that takes a JsonTypeInfo or JsonSerializerContext. [/home/runner/work/Market-Data-Collector/Market-Data-Collector/src/MarketDataCollector/MarketDataCollector.csproj]
/home/runner/work/Market-Data-Collector/Market-Data-Collector/src/MarketDataCollector/Application/Http/UiServer.cs(2360,23): warning IL2026: Using member 'Microsoft.AspNetCore.Http.Results.Json<TValue>(TValue, JsonSerializerOptions, String, Int32?)' which has 'RequiresUnreferencedCodeAttribute' can break functionality when trimming application code. JSON serialization and deserialization might require types that cannot be statically analyzed. Use the overload that takes a JsonTypeInfo or JsonSerializerContext. [/home/runner/work/Market-Data-Collector/Market-Data-Collector/src/MarketDataCollector/MarketDataCollector.csproj]
/home/runner/work/Market-Data-Collector/Market-Data-Collector/src/MarketDataCollector/Application/Http/UiServer.cs(2376,24): warning IL2026: Using member 'Microsoft.AspNetCore.Http.Results.Json<TValue>(TValue, JsonSerializerOptions, String, Int32?)' which has 'RequiresUnreferencedCodeAttribute' can break functionality when trimming application code. JSON serialization and deserialization might require types that cannot be statically analyzed. Use the overload that takes a JsonTypeInfo or JsonSerializerContext. [/home/runner/work/Market-Data-Collector/Market-Data-Collector/src/MarketDataCollector/MarketDataCollector.csproj]
/home/runner/work/Market-Data-Collector/Market-Data-Collector/src/MarketDataCollector/Application/Http/UiServer.cs(2394,23): warning IL2026: Using member 'Microsoft.AspNetCore.Http.Results.Json<TValue>(TValue, JsonSerializerOptions, String, Int32?)' which has 'RequiresUnreferencedCodeAttribute' can break functionality when trimming application code. JSON serialization and deserialization might require types that cannot be statically analyzed. Use the overload that takes a JsonTypeInfo or JsonSerializerContext. [/home/runner/work/Market-Data-Collector/Market-Data-Collector/src/MarketDataCollector/MarketDataCollector.csproj]
/home/runner/work/Market-Data-Collector/Market-Data-Collector/src/MarketDataCollector/Application/Http/UiServer.cs(2427,24): warning IL2026: Using member 'Microsoft.AspNetCore.Http.Results.Json<TValue>(TValue, JsonSerializerOptions, String, Int32?)' which has 'RequiresUnreferencedCodeAttribute' can break functionality when trimming application code. JSON serialization and deserialization might require types that cannot be statically analyzed. Use the overload that takes a JsonTypeInfo or JsonSerializerContext. [/home/runner/work/Market-Data-Collector/Market-Data-Collector/src/MarketDataCollector/MarketDataCollector.csproj]
/home/runner/work/Market-Data-Collector/Market-Data-Collector/src/MarketDataCollector/Application/Http/UiServer.cs(2447,24): warning IL2026: Using member 'Microsoft.AspNetCore.Http.Results.Json<TValue>(TValue, JsonSerializerOptions, String, Int32?)' which has 'RequiresUnreferencedCodeAttribute' can break functionality when trimming application code. JSON serialization and deserialization might require types that cannot be statically analyzed. Use the overload that takes a JsonTypeInfo or JsonSerializerContext. [/home/runner/work/Market-Data-Collector/Market-Data-Collector/src/MarketDataCollector/MarketDataCollector.csproj]
/home/runner/work/Market-Data-Collector/Market-Data-Collector/src/MarketDataCollector/Application/Http/UiServer.cs(2468,24): warning IL2026: Using member 'Microsoft.AspNetCore.Http.Results.Json<TValue>(TValue, JsonSerializerOptions, String, Int32?)' which has 'RequiresUnreferencedCodeAttribute' can break functionality when trimming application code. JSON serialization and deserialization might require types that cannot be statically analyzed. Use the overload that takes a JsonTypeInfo or JsonSerializerContext. [/home/runner/work/Market-Data-Collector/Market-Data-Collector/src/MarketDataCollector/MarketDataCollector.csproj]
/home/runner/work/Market-Data-Collector/Market-Data-Collector/src/MarketDataCollector/Application/Http/UiServer.cs(2483,24): warning IL2026: Using member 'Microsoft.AspNetCore.Http.Results.Json<TValue>(TValue, JsonSerializerOptions, String, Int32?)' which has 'RequiresUnreferencedCodeAttribute' can break functionality when trimming application code. JSON serialization and deserialization might require types that cannot be statically analyzed. Use the overload that takes a JsonTypeInfo or JsonSerializerContext. [/home/runner/work/Market-Data-Collector/Market-Data-Collector/src/MarketDataCollector/MarketDataCollector.csproj]
/home/runner/work/Market-Data-Collector/Market-Data-Collector/src/MarketDataCollector/Application/Http/UiServer.cs(2516,23): warning IL2026: Using member 'Microsoft.AspNetCore.Http.Results.Json<TValue>(TValue, JsonSerializerOptions, String, Int32?)' which has 'RequiresUnreferencedCodeAttribute' can break functionality when trimming application code. JSON serialization and deserialization might require types that cannot be statically analyzed. Use the overload that takes a JsonTypeInfo or JsonSerializerContext. [/home/runner/work/Market-Data-Collector/Market-Data-Collector/src/MarketDataCollector/MarketDataCollector.csproj]
/home/runner/work/Market-Data-Collector/Market-Data-Collector/src/MarketDataCollector/Application/Http/UiServer.cs(2544,24): warning IL2026: Using member 'Microsoft.AspNetCore.Http.Results.Json<TValue>(TValue, JsonSerializerOptions, String, Int32?)' which has 'RequiresUnreferencedCodeAttribute' can break functionality when trimming application code. JSON serialization and deserialization might require types that cannot be statically analyzed. Use the overload that takes a JsonTypeInfo or JsonSerializerContext. [/home/runner/work/Market-Data-Collector/Market-Data-Collector/src/MarketDataCollector/MarketDataCollector.csproj]
/home/runner/work/Market-Data-Collector/Market-Data-Collector/src/MarketDataCollector/Application/Http/UiServer.cs(2559,23): warning IL2026: Using member 'Microsoft.AspNetCore.Http.Results.Json<TValue>(TValue, JsonSerializerOptions, String, Int32?)' which has 'RequiresUnreferencedCodeAttribute' can break functionality when trimming application code. JSON serialization and deserialization might require types that cannot be statically analyzed. Use the overload that takes a JsonTypeInfo or JsonSerializerContext. [/home/runner/work/Market-Data-Collector/Market-Data-Collector/src/MarketDataCollector/MarketDataCollector.csproj]
/home/runner/work/Market-Data-Collector/Market-Data-Collector/src/MarketDataCollector/Application/Http/UiServer.cs(2588,24): warning IL2026: Using member 'Microsoft.AspNetCore.Http.Results.Json<TValue>(TValue, JsonSerializerOptions, String, Int32?)' which has 'RequiresUnreferencedCodeAttribute' can break functionality when trimming application code. JSON serialization and deserialization might require types that cannot be statically analyzed. Use the overload that takes a JsonTypeInfo or JsonSerializerContext. [/home/runner/work/Market-Data-Collector/Market-Data-Collector/src/MarketDataCollector/MarketDataCollector.csproj]
/home/runner/work/Market-Data-Collector/Market-Data-Collector/src/MarketDataCollector/Application/Http/UiServer.cs(2620,24): warning IL2026: Using member 'Microsoft.AspNetCore.Http.Results.Json<TValue>(TValue, JsonSerializerOptions, String, Int32?)' which has 'RequiresUnreferencedCodeAttribute' can break functionality when trimming application code. JSON serialization and deserialization might require types that cannot be statically analyzed. Use the overload that takes a JsonTypeInfo or JsonSerializerContext. [/home/runner/work/Market-Data-Collector/Market-Data-Collector/src/MarketDataCollector/MarketDataCollector.csproj]
/home/runner/work/Market-Data-Collector/Market-Data-Collector/src/MarketDataCollector/Application/Http/UiServer.cs(2638,24): warning IL2026: Using member 'Microsoft.AspNetCore.Http.Results.Json<TValue>(TValue, JsonSerializerOptions, String, Int32?)' which has 'RequiresUnreferencedCodeAttribute' can break functionality when trimming application code. JSON serialization and deserialization might require types that cannot be statically analyzed. Use the overload that takes a JsonTypeInfo or JsonSerializerContext. [/home/runner/work/Market-Data-Collector/Market-Data-Collector/src/MarketDataCollector/MarketDataCollector.csproj]
/home/runner/work/Market-Data-Collector/Market-Data-Collector/src/MarketDataCollector/Application/Http/UiServer.cs(2654,24): warning IL2026: Using member 'Microsoft.AspNetCore.Http.Results.Json<TValue>(TValue, JsonSerializerOptions, String, Int32?)' which has 'RequiresUnreferencedCodeAttribute' can break functionality when trimming application code. JSON serialization and deserialization might require types that cannot be statically analyzed. Use the overload that takes a JsonTypeInfo or JsonSerializerContext. [/home/runner/work/Market-Data-Collector/Market-Data-Collector/src/MarketDataCollector/MarketDataCollector.csproj]
/home/runner/work/Market-Data-Collector/Market-Data-Collector/src/MarketDataCollector/Application/Http/UiServer.cs(2670,24): warning IL2026: Using member 'Microsoft.AspNetCore.Http.Results.Json<TValue>(TValue, JsonSerializerOptions, String, Int32?)' which has 'RequiresUnreferencedCodeAttribute' can break functionality when trimming application code. JSON serialization and deserialization might require types that cannot be statically analyzed. Use the overload that takes a JsonTypeInfo or JsonSerializerContext. [/home/runner/work/Market-Data-Collector/Market-Data-Collector/src/MarketDataCollector/MarketDataCollector.csproj]
/home/runner/work/Market-Data-Collector/Market-Data-Collector/src/MarketDataCollector/Application/Http/UiServer.cs(2686,24): warning IL2026: Using member 'Microsoft.AspNetCore.Http.Results.Json<TValue>(TValue, JsonSerializerOptions, String, Int32?)' which has 'RequiresUnreferencedCodeAttribute' can break functionality when trimming application code. JSON serialization and deserialization might require types that cannot be statically analyzed. Use the overload that takes a JsonTypeInfo or JsonSerializerContext. [/home/runner/work/Market-Data-Collector/Market-Data-Collector/src/MarketDataCollector/MarketDataCollector.csproj]
/home/runner/work/Market-Data-Collector/Market-Data-Collector/src/MarketDataCollector/Application/Http/UiServer.cs(2702,24): warning IL2026: Using member 'Microsoft.AspNetCore.Http.Results.Json<TValue>(TValue, JsonSerializerOptions, String, Int32?)' which has 'RequiresUnreferencedCodeAttribute' can break functionality when trimming application code. JSON serialization and deserialization might require types that cannot be statically analyzed. Use the overload that takes a JsonTypeInfo or JsonSerializerContext. [/home/runner/work/Market-Data-Collector/Market-Data-Collector/src/MarketDataCollector/MarketDataCollector.csproj]
/home/runner/work/Market-Data-Collector/Market-Data-Collector/src/MarketDataCollector/Application/Http/UiServer.cs(2718,24): warning IL2026: Using member 'Microsoft.AspNetCore.Http.Results.Json<TValue>(TValue, JsonSerializerOptions, String, Int32?)' which has 'RequiresUnreferencedCodeAttribute' can break functionality when trimming application code. JSON serialization and deserialization might require types that cannot be statically analyzed. Use the overload that takes a JsonTypeInfo or JsonSerializerContext. [/home/runner/work/Market-Data-Collector/Market-Data-Collector/src/MarketDataCollector/MarketDataCollector.csproj]
/home/runner/work/Market-Data-Collector/Market-Data-Collector/src/MarketDataCollector/Application/Http/UiServer.cs(2734,24): warning IL2026: Using member 'Microsoft.AspNetCore.Http.Results.Json<TValue>(TValue, JsonSerializerOptions, String, Int32?)' which has 'RequiresUnreferencedCodeAttribute' can break functionality when trimming application code. JSON serialization and deserialization might require types that cannot be statically analyzed. Use the overload that takes a JsonTypeInfo or JsonSerializerContext. [/home/runner/work/Market-Data-Collector/Market-Data-Collector/src/MarketDataCollector/MarketDataCollector.csproj]
/home/runner/work/Market-Data-Collector/Market-Data-Collector/src/MarketDataCollector/Application/Http/UiServer.cs(2750,24): warning IL2026: Using member 'Microsoft.AspNetCore.Http.Results.Json<TValue>(TValue, JsonSerializerOptions, String, Int32?)' which has 'RequiresUnreferencedCodeAttribute' can break functionality when trimming application code. JSON serialization and deserialization might require types that cannot be statically analyzed. Use the overload that takes a JsonTypeInfo or JsonSerializerContext. [/home/runner/work/Market-Data-Collector/Market-Data-Collector/src/MarketDataCollector/MarketDataCollector.csproj]
/home/runner/work/Market-Data-Collector/Market-Data-Collector/src/MarketDataCollector/Application/Http/UiServer.cs(2771,24): warning IL2026: Using member 'Microsoft.AspNetCore.Http.Results.Json<TValue>(TValue, JsonSerializerOptions, String, Int32?)' which has 'RequiresUnreferencedCodeAttribute' can break functionality when trimming application code. JSON serialization and deserialization might require types that cannot be statically analyzed. Use the overload that takes a JsonTypeInfo or JsonSerializerContext. [/home/runner/work/Market-Data-Collector/Market-Data-Collector/src/MarketDataCollector/MarketDataCollector.csproj]
/home/runner/work/Market-Data-Collector/Market-Data-Collector/src/MarketDataCollector/Application/Http/UiServer.cs(2792,24): warning IL2026: Using member 'Microsoft.AspNetCore.Http.Results.Json<TValue>(TValue, JsonSerializerOptions, String, Int32?)' which has 'RequiresUnreferencedCodeAttribute' can break functionality when trimming application code. JSON serialization and deserialization might require types that cannot be statically analyzed. Use the overload that takes a JsonTypeInfo or JsonSerializerContext. [/home/runner/work/Market-Data-Collector/Market-Data-Collector/src/MarketDataCollector/MarketDataCollector.csproj]
/home/runner/work/Market-Data-Collector/Market-Data-Collector/src/MarketDataCollector/Application/Http/UiServer.cs(2805,24): warning IL2026: Using member 'Microsoft.AspNetCore.Http.Results.Json<TValue>(TValue, JsonSerializerOptions, String, Int32?)' which has 'RequiresUnreferencedCodeAttribute' can break functionality when trimming application code. JSON serialization and deserialization might require types that cannot be statically analyzed. Use the overload that takes a JsonTypeInfo or JsonSerializerContext. [/home/runner/work/Market-Data-Collector/Market-Data-Collector/src/MarketDataCollector/MarketDataCollector.csproj]
/home/runner/work/Market-Data-Collector/Market-Data-Collector/src/MarketDataCollector/Application/Http/UiServer.cs(2823,24): warning IL2026: Using member 'Microsoft.AspNetCore.Http.Results.Json<TValue>(TValue, JsonSerializerOptions, String, Int32?)' which has 'RequiresUnreferencedCodeAttribute' can break functionality when trimming application code. JSON serialization and deserialization might require types that cannot be statically analyzed. Use the overload that takes a JsonTypeInfo or JsonSerializerContext. [/home/runner/work/Market-Data-Collector/Market-Data-Collector/src/MarketDataCollector/MarketDataCollector.csproj]
/home/runner/work/Market-Data-Collector/Market-Data-Collector/src/MarketDataCollector/Storage/Services/FilePermissionsService.cs(206,52): warning CA1416: This call site is reachable on all platforms. 'WellKnownSidType.BuiltinAdministratorsSid' is only supported on: 'windows'. (https://learn.microsoft.com/dotnet/fundamentals/code-analysis/quality-rules/ca1416) [/home/runner/work/Market-Data-Collector/Market-Data-Collector/src/MarketDataCollector/MarketDataCollector.csproj]
/home/runner/work/Market-Data-Collector/Market-Data-Collector/src/MarketDataCollector/Storage/Services/FilePermissionsService.cs(220,17): warning CA1416: This call site is reachable on all platforms. 'FileSystemRights.FullControl' is only supported on: 'windows'. (https://learn.microsoft.com/dotnet/fundamentals/code-analysis/quality-rules/ca1416) [/home/runner/work/Market-Data-Collector/Market-Data-Collector/src/MarketDataCollector/MarketDataCollector.csproj]
/home/runner/work/Market-Data-Collector/Market-Data-Collector/src/MarketDataCollector/Storage/Services/FilePermissionsService.cs(221,17): warning CA1416: This call site is reachable on all platforms. 'InheritanceFlags.ContainerInherit' is only supported on: 'windows'. (https://learn.microsoft.com/dotnet/fundamentals/code-analysis/quality-rules/ca1416) [/home/runner/work/Market-Data-Collector/Market-Data-Collector/src/MarketDataCollector/MarketDataCollector.csproj]
/home/runner/work/Market-Data-Collector/Market-Data-Collector/src/MarketDataCollector/Storage/Services/FilePermissionsService.cs(210,36): warning CA1416: This call site is reachable on all platforms. 'FileSystemAccessRule' is only supported on: 'windows'. (https://learn.microsoft.com/dotnet/fundamentals/code-analysis/quality-rules/ca1416) [/home/runner/work/Market-Data-Collector/Market-Data-Collector/src/MarketDataCollector/MarketDataCollector.csproj]
/home/runner/work/Market-Data-Collector/Market-Data-Collector/src/MarketDataCollector/Storage/Services/FilePermissionsService.cs(211,17): warning CA1416: This call site is reachable on all platforms. 'WindowsIdentity.User' is only supported on: 'windows'. (https://learn.microsoft.com/dotnet/fundamentals/code-analysis/quality-rules/ca1416) [/home/runner/work/Market-Data-Collector/Market-Data-Collector/src/MarketDataCollector/MarketDataCollector.csproj]
/home/runner/work/Market-Data-Collector/Market-Data-Collector/src/MarketDataCollector/Storage/Services/FilePermissionsService.cs(218,13): warning CA1416: This call site is reachable on all platforms. 'FileSystemSecurity.AddAccessRule(FileSystemAccessRule)' is only supported on: 'windows'. (https://learn.microsoft.com/dotnet/fundamentals/code-analysis/quality-rules/ca1416) [/home/runner/work/Market-Data-Collector/Market-Data-Collector/src/MarketDataCollector/MarketDataCollector.csproj]
/home/runner/work/Market-Data-Collector/Market-Data-Collector/src/MarketDataCollector/Storage/Services/FilePermissionsService.cs(207,52): warning CA1416: This call site is reachable on all platforms. 'WellKnownSidType.LocalSystemSid' is only supported on: 'windows'. (https://learn.microsoft.com/dotnet/fundamentals/code-analysis/quality-rules/ca1416) [/home/runner/work/Market-Data-Collector/Market-Data-Collector/src/MarketDataCollector/MarketDataCollector.csproj]
/home/runner/work/Market-Data-Collector/Market-Data-Collector/src/MarketDataCollector/Storage/Services/FilePermissionsService.cs(228,17): warning CA1416: This call site is reachable on all platforms. 'FileSystemRights.FullControl' is only supported on: 'windows'. (https://learn.microsoft.com/dotnet/fundamentals/code-analysis/quality-rules/ca1416) [/home/runner/work/Market-Data-Collector/Market-Data-Collector/src/MarketDataCollector/MarketDataCollector.csproj]
/home/runner/work/Market-Data-Collector/Market-Data-Collector/src/MarketDataCollector/Storage/Services/FilePermissionsService.cs(214,17): warning CA1416: This call site is reachable on all platforms. 'PropagationFlags.None' is only supported on: 'windows'. (https://learn.microsoft.com/dotnet/fundamentals/code-analysis/quality-rules/ca1416) [/home/runner/work/Market-Data-Collector/Market-Data-Collector/src/MarketDataCollector/MarketDataCollector.csproj]
/home/runner/work/Market-Data-Collector/Market-Data-Collector/src/MarketDataCollector/Storage/Services/FilePermissionsService.cs(226,36): warning CA1416: This call site is reachable on all platforms. 'FileSystemAccessRule' is only supported on: 'windows'. (https://learn.microsoft.com/dotnet/fundamentals/code-analysis/quality-rules/ca1416) [/home/runner/work/Market-Data-Collector/Market-Data-Collector/src/MarketDataCollector/MarketDataCollector.csproj]
/home/runner/work/Market-Data-Collector/Market-Data-Collector/src/MarketDataCollector/Storage/Services/FilePermissionsService.cs(229,17): warning CA1416: This call site is reachable on all platforms. 'InheritanceFlags.ContainerInherit' is only supported on: 'windows'. (https://learn.microsoft.com/dotnet/fundamentals/code-analysis/quality-rules/ca1416) [/home/runner/work/Market-Data-Collector/Market-Data-Collector/src/MarketDataCollector/MarketDataCollector.csproj]
/home/runner/work/Market-Data-Collector/Market-Data-Collector/src/MarketDataCollector/Storage/Services/FilePermissionsService.cs(230,17): warning CA1416: This call site is reachable on all platforms. 'PropagationFlags.None' is only supported on: 'windows'. (https://learn.microsoft.com/dotnet/fundamentals/code-analysis/quality-rules/ca1416) [/home/runner/work/Market-Data-Collector/Market-Data-Collector/src/MarketDataCollector/MarketDataCollector.csproj]
/home/runner/work/Market-Data-Collector/Market-Data-Collector/src/MarketDataCollector/Storage/Services/FilePermissionsService.cs(212,17): warning CA1416: This call site is reachable on all platforms. 'FileSystemRights.FullControl' is only supported on: 'windows'. (https://learn.microsoft.com/dotnet/fundamentals/code-analysis/quality-rules/ca1416) [/home/runner/work/Market-Data-Collector/Market-Data-Collector/src/MarketDataCollector/MarketDataCollector.csproj]
/home/runner/work/Market-Data-Collector/Market-Data-Collector/src/MarketDataCollector/Storage/Services/FilePermissionsService.cs(226,13): warning CA1416: This call site is reachable on all platforms. 'FileSystemSecurity.AddAccessRule(FileSystemAccessRule)' is only supported on: 'windows'. (https://learn.microsoft.com/dotnet/fundamentals/code-analysis/quality-rules/ca1416) [/home/runner/work/Market-Data-Collector/Market-Data-Collector/src/MarketDataCollector/MarketDataCollector.csproj]
/home/runner/work/Market-Data-Collector/Market-Data-Collector/src/MarketDataCollector/Storage/Services/FilePermissionsService.cs(210,13): warning CA1416: This call site is reachable on all platforms. 'FileSystemSecurity.AddAccessRule(FileSystemAccessRule)' is only supported on: 'windows'. (https://learn.microsoft.com/dotnet/fundamentals/code-analysis/quality-rules/ca1416) [/home/runner/work/Market-Data-Collector/Market-Data-Collector/src/MarketDataCollector/MarketDataCollector.csproj]
/home/runner/work/Market-Data-Collector/Market-Data-Collector/src/MarketDataCollector/Storage/Services/FilePermissionsService.cs(233,13): warning CA1416: This call site is reachable on all platforms. 'FileSystemAclExtensions.SetAccessControl(DirectoryInfo, DirectorySecurity)' is only supported on: 'windows'. (https://learn.microsoft.com/dotnet/fundamentals/code-analysis/quality-rules/ca1416) [/home/runner/work/Market-Data-Collector/Market-Data-Collector/src/MarketDataCollector/MarketDataCollector.csproj]
/home/runner/work/Market-Data-Collector/Market-Data-Collector/src/MarketDataCollector/Storage/Services/FilePermissionsService.cs(221,53): warning CA1416: This call site is reachable on all platforms. 'InheritanceFlags.ObjectInherit' is only supported on: 'windows'. (https://learn.microsoft.com/dotnet/fundamentals/code-analysis/quality-rules/ca1416) [/home/runner/work/Market-Data-Collector/Market-Data-Collector/src/MarketDataCollector/MarketDataCollector.csproj]
/home/runner/work/Market-Data-Collector/Market-Data-Collector/src/MarketDataCollector/Storage/Services/FilePermissionsService.cs(207,29): warning CA1416: This call site is reachable on all platforms. 'SecurityIdentifier' is only supported on: 'windows'. (https://learn.microsoft.com/dotnet/fundamentals/code-analysis/quality-rules/ca1416) [/home/runner/work/Market-Data-Collector/Market-Data-Collector/src/MarketDataCollector/MarketDataCollector.csproj]
/home/runner/work/Market-Data-Collector/Market-Data-Collector/src/MarketDataCollector/Storage/Services/FilePermissionsService.cs(203,13): warning CA1416: This call site is reachable on all platforms. 'ObjectSecurity.SetAccessRuleProtection(bool, bool)' is only supported on: 'windows'. (https://learn.microsoft.com/dotnet/fundamentals/code-analysis/quality-rules/ca1416) [/home/runner/work/Market-Data-Collector/Market-Data-Collector/src/MarketDataCollector/MarketDataCollector.csproj]
/home/runner/work/Market-Data-Collector/Market-Data-Collector/src/MarketDataCollector/Storage/Services/FilePermissionsService.cs(205,31): warning CA1416: This call site is reachable on all platforms. 'WindowsIdentity.GetCurrent()' is only supported on: 'windows'. (https://learn.microsoft.com/dotnet/fundamentals/code-analysis/quality-rules/ca1416) [/home/runner/work/Market-Data-Collector/Market-Data-Collector/src/MarketDataCollector/MarketDataCollector.csproj]
/home/runner/work/Market-Data-Collector/Market-Data-Collector/src/MarketDataCollector/Storage/Services/FilePermissionsService.cs(206,29): warning CA1416: This call site is reachable on all platforms. 'SecurityIdentifier' is only supported on: 'windows'. (https://learn.microsoft.com/dotnet/fundamentals/code-analysis/quality-rules/ca1416) [/home/runner/work/Market-Data-Collector/Market-Data-Collector/src/MarketDataCollector/MarketDataCollector.csproj]
/home/runner/work/Market-Data-Collector/Market-Data-Collector/src/MarketDataCollector/Storage/Services/FilePermissionsService.cs(231,17): warning CA1416: This call site is reachable on all platforms. 'AccessControlType.Allow' is only supported on: 'windows'. (https://learn.microsoft.com/dotnet/fundamentals/code-analysis/quality-rules/ca1416) [/home/runner/work/Market-Data-Collector/Market-Data-Collector/src/MarketDataCollector/MarketDataCollector.csproj]
/home/runner/work/Market-Data-Collector/Market-Data-Collector/src/MarketDataCollector/Storage/Services/FilePermissionsService.cs(222,17): warning CA1416: This call site is reachable on all platforms. 'PropagationFlags.None' is only supported on: 'windows'. (https://learn.microsoft.com/dotnet/fundamentals/code-analysis/quality-rules/ca1416) [/home/runner/work/Market-Data-Collector/Market-Data-Collector/src/MarketDataCollector/MarketDataCollector.csproj]
/home/runner/work/Market-Data-Collector/Market-Data-Collector/src/MarketDataCollector/Storage/Services/FilePermissionsService.cs(213,17): warning CA1416: This call site is reachable on all platforms. 'InheritanceFlags.ContainerInherit' is only supported on: 'windows'. (https://learn.microsoft.com/dotnet/fundamentals/code-analysis/quality-rules/ca1416) [/home/runner/work/Market-Data-Collector/Market-Data-Collector/src/MarketDataCollector/MarketDataCollector.csproj]
/home/runner/work/Market-Data-Collector/Market-Data-Collector/src/MarketDataCollector/Storage/Services/FilePermissionsService.cs(200,28): warning CA1416: This call site is reachable on all platforms. 'FileSystemAclExtensions.GetAccessControl(DirectoryInfo)' is only supported on: 'windows'. (https://learn.microsoft.com/dotnet/fundamentals/code-analysis/quality-rules/ca1416) [/home/runner/work/Market-Data-Collector/Market-Data-Collector/src/MarketDataCollector/MarketDataCollector.csproj]
/home/runner/work/Market-Data-Collector/Market-Data-Collector/src/MarketDataCollector/Storage/Services/FilePermissionsService.cs(215,17): warning CA1416: This call site is reachable on all platforms. 'AccessControlType.Allow' is only supported on: 'windows'. (https://learn.microsoft.com/dotnet/fundamentals/code-analysis/quality-rules/ca1416) [/home/runner/work/Market-Data-Collector/Market-Data-Collector/src/MarketDataCollector/MarketDataCollector.csproj]
/home/runner/work/Market-Data-Collector/Market-Data-Collector/src/MarketDataCollector/Storage/Services/FilePermissionsService.cs(213,53): warning CA1416: This call site is reachable on all platforms. 'InheritanceFlags.ObjectInherit' is only supported on: 'windows'. (https://learn.microsoft.com/dotnet/fundamentals/code-analysis/quality-rules/ca1416) [/home/runner/work/Market-Data-Collector/Market-Data-Collector/src/MarketDataCollector/MarketDataCollector.csproj]
/home/runner/work/Market-Data-Collector/Market-Data-Collector/src/MarketDataCollector/Storage/Services/FilePermissionsService.cs(218,36): warning CA1416: This call site is reachable on all platforms. 'FileSystemAccessRule' is only supported on: 'windows'. (https://learn.microsoft.com/dotnet/fundamentals/code-analysis/quality-rules/ca1416) [/home/runner/work/Market-Data-Collector/Market-Data-Collector/src/MarketDataCollector/MarketDataCollector.csproj]
/home/runner/work/Market-Data-Collector/Market-Data-Collector/src/MarketDataCollector/Storage/Services/FilePermissionsService.cs(229,53): warning CA1416: This call site is reachable on all platforms. 'InheritanceFlags.ObjectInherit' is only supported on: 'windows'. (https://learn.microsoft.com/dotnet/fundamentals/code-analysis/quality-rules/ca1416) [/home/runner/work/Market-Data-Collector/Market-Data-Collector/src/MarketDataCollector/MarketDataCollector.csproj]
/home/runner/work/Market-Data-Collector/Market-Data-Collector/src/MarketDataCollector/Storage/Services/FilePermissionsService.cs(223,17): warning CA1416: This call site is reachable on all platforms. 'AccessControlType.Allow' is only supported on: 'windows'. (https://learn.microsoft.com/dotnet/fundamentals/code-analysis/quality-rules/ca1416) [/home/runner/work/Market-Data-Collector/Market-Data-Collector/src/MarketDataCollector/MarketDataCollector.csproj]
/home/runner/work/Market-Data-Collector/Market-Data-Collector/src/MarketDataCollector/Storage/Archival/WriteAheadLog.cs(455,16): warning IL2026: Using member 'System.Text.Json.JsonSerializer.Deserialize<TValue>(String, JsonSerializerOptions)' which has 'RequiresUnreferencedCodeAttribute' can break functionality when trimming application code. JSON serialization and deserialization might require types that cannot be statically analyzed. Use the overload that takes a JsonTypeInfo or JsonSerializerContext, or make sure all of the required types are preserved. [/home/runner/work/Market-Data-Collector/Market-Data-Collector/src/MarketDataCollector/MarketDataCollector.csproj]
/home/runner/work/Market-Data-Collector/Market-Data-Collector/src/MarketDataCollector/Storage/Services/StorageSearchService.cs(572,23): warning IL2026: Using member 'System.Text.Json.JsonSerializer.Deserialize<TValue>(String, JsonSerializerOptions)' which has 'RequiresUnreferencedCodeAttribute' can break functionality when trimming application code. JSON serialization and deserialization might require types that cannot be statically analyzed. Use the overload that takes a JsonTypeInfo or JsonSerializerContext, or make sure all of the required types are preserved. [/home/runner/work/Market-Data-Collector/Market-Data-Collector/src/MarketDataCollector/MarketDataCollector.csproj]
/home/runner/work/Market-Data-Collector/Market-Data-Collector/src/MarketDataCollector/Storage/Archival/WriteAheadLog.cs(91,27): warning IL2026: Using member 'System.Text.Json.JsonSerializer.Serialize<TValue>(TValue, JsonSerializerOptions)' which has 'RequiresUnreferencedCodeAttribute' can break functionality when trimming application code. JSON serialization and deserialization might require types that cannot be statically analyzed. Use the overload that takes a JsonTypeInfo or JsonSerializerContext, or make sure all of the required types are preserved. [/home/runner/work/Market-Data-Collector/Market-Data-Collector/src/MarketDataCollector/MarketDataCollector.csproj]
/home/runner/work/Market-Data-Collector/Market-Data-Collector/src/MarketDataCollector/Storage/Replay/MemoryMappedJsonlReader.cs(398,27): warning IL2026: Using member 'System.Text.Json.JsonSerializer.Deserialize<TValue>(String, JsonSerializerOptions)' which has 'RequiresUnreferencedCodeAttribute' can break functionality when trimming application code. JSON serialization and deserialization might require types that cannot be statically analyzed. Use the overload that takes a JsonTypeInfo or JsonSerializerContext, or make sure all of the required types are preserved. [/home/runner/work/Market-Data-Collector/Market-Data-Collector/src/MarketDataCollector/MarketDataCollector.csproj]
/home/runner/work/Market-Data-Collector/Market-Data-Collector/src/MarketDataCollector/Storage/Replay/MemoryMappedJsonlReader.cs(373,34): warning IL2026: Using member 'System.Text.Json.JsonSerializer.Deserialize<TValue>(String, JsonSerializerOptions)' which has 'RequiresUnreferencedCodeAttribute' can break functionality when trimming application code. JSON serialization and deserialization might require types that cannot be statically analyzed. Use the overload that takes a JsonTypeInfo or JsonSerializerContext, or make sure all of the required types are preserved. [/home/runner/work/Market-Data-Collector/Market-Data-Collector/src/MarketDataCollector/MarketDataCollector.csproj]
/home/runner/work/Market-Data-Collector/Market-Data-Collector/src/MarketDataCollector/Storage/Export/AnalysisQualityReport.cs(79,24): warning IL2026: Using member 'System.Text.Json.JsonSerializer.Serialize<TValue>(TValue, JsonSerializerOptions)' which has 'RequiresUnreferencedCodeAttribute' can break functionality when trimming application code. JSON serialization and deserialization might require types that cannot be statically analyzed. Use the overload that takes a JsonTypeInfo or JsonSerializerContext, or make sure all of the required types are preserved. [/home/runner/work/Market-Data-Collector/Market-Data-Collector/src/MarketDataCollector/MarketDataCollector.csproj]
/home/runner/work/Market-Data-Collector/Market-Data-Collector/src/MarketDataCollector/Storage/Replay/JsonlReplayer.cs(54,25): warning IL2026: Using member 'System.Text.Json.JsonSerializer.Deserialize<TValue>(String, JsonSerializerOptions)' which has 'RequiresUnreferencedCodeAttribute' can break functionality when trimming application code. JSON serialization and deserialization might require types that cannot be statically analyzed. Use the overload that takes a JsonTypeInfo or JsonSerializerContext, or make sure all of the required types are preserved. [/home/runner/work/Market-Data-Collector/Market-Data-Collector/src/MarketDataCollector/MarketDataCollector.csproj]
/home/runner/work/Market-Data-Collector/Market-Data-Collector/src/MarketDataCollector/Integrations/Lean/MarketDataCollectorTradeData.cs(77,31): warning IL2026: Using member 'System.Text.Json.JsonSerializer.Deserialize<TValue>(String, JsonSerializerOptions)' which has 'RequiresUnreferencedCodeAttribute' can break functionality when trimming application code. JSON serialization and deserialization might require types that cannot be statically analyzed. Use the overload that takes a JsonTypeInfo or JsonSerializerContext, or make sure all of the required types are preserved. [/home/runner/work/Market-Data-Collector/Market-Data-Collector/src/MarketDataCollector/MarketDataCollector.csproj]
/home/runner/work/Market-Data-Collector/Market-Data-Collector/src/MarketDataCollector/Storage/Packaging/PortableDataPackager.cs(713,17): warning IL2026: Using member 'System.Text.Json.JsonSerializer.Serialize<TValue>(TValue, JsonSerializerOptions)' which has 'RequiresUnreferencedCodeAttribute' can break functionality when trimming application code. JSON serialization and deserialization might require types that cannot be statically analyzed. Use the overload that takes a JsonTypeInfo or JsonSerializerContext, or make sure all of the required types are preserved. [/home/runner/work/Market-Data-Collector/Market-Data-Collector/src/MarketDataCollector/MarketDataCollector.csproj]
/home/runner/work/Market-Data-Collector/Market-Data-Collector/src/MarketDataCollector/Storage/Packaging/PortableDataPackager.cs(859,37): warning IL2026: Using member 'System.Text.Json.JsonSerializer.Serialize<TValue>(TValue, JsonSerializerOptions)' which has 'RequiresUnreferencedCodeAttribute' can break functionality when trimming application code. JSON serialization and deserialization might require types that cannot be statically analyzed. Use the overload that takes a JsonTypeInfo or JsonSerializerContext, or make sure all of the required types are preserved. [/home/runner/work/Market-Data-Collector/Market-Data-Collector/src/MarketDataCollector/MarketDataCollector.csproj]
/home/runner/work/Market-Data-Collector/Market-Data-Collector/src/MarketDataCollector/Storage/Packaging/PortableDataPackager.cs(899,15): warning IL2026: Using member 'System.Text.Json.JsonSerializer.SerializeAsync<TValue>(Stream, TValue, JsonSerializerOptions, CancellationToken)' which has 'RequiresUnreferencedCodeAttribute' can break functionality when trimming application code. JSON serialization and deserialization might require types that cannot be statically analyzed. Use the overload that takes a JsonTypeInfo or JsonSerializerContext, or make sure all of the required types are preserved. [/home/runner/work/Market-Data-Collector/Market-Data-Collector/src/MarketDataCollector/MarketDataCollector.csproj]
/home/runner/work/Market-Data-Collector/Market-Data-Collector/src/MarketDataCollector/Storage/Packaging/PortableDataPackager.cs(917,26): warning IL2026: Using member 'System.Text.Json.JsonSerializer.DeserializeAsync<TValue>(Stream, JsonSerializerOptions, CancellationToken)' which has 'RequiresUnreferencedCodeAttribute' can break functionality when trimming application code. JSON serialization and deserialization might require types that cannot be statically analyzed. Use the overload that takes a JsonTypeInfo or JsonSerializerContext, or make sure all of the required types are preserved. [/home/runner/work/Market-Data-Collector/Market-Data-Collector/src/MarketDataCollector/MarketDataCollector.csproj]
/home/runner/work/Market-Data-Collector/Market-Data-Collector/src/MarketDataCollector/Storage/Packaging/PortableDataPackager.cs(935,16): warning IL2026: Using member 'System.Text.Json.JsonSerializer.Deserialize<TValue>(String, JsonSerializerOptions)' which has 'RequiresUnreferencedCodeAttribute' can break functionality when trimming application code. JSON serialization and deserialization might require types that cannot be statically analyzed. Use the overload that takes a JsonTypeInfo or JsonSerializerContext, or make sure all of the required types are preserved. [/home/runner/work/Market-Data-Collector/Market-Data-Collector/src/MarketDataCollector/MarketDataCollector.csproj]
/home/runner/work/Market-Data-Collector/Market-Data-Collector/src/MarketDataCollector/Application/Http/Endpoints/ScheduledBackfillEndpoints.cs(27,9): warning IL2026: Using member 'Microsoft.AspNetCore.Builder.EndpointRouteBuilderExtensions.MapGet(IEndpointRouteBuilder, String, Delegate)' which has 'RequiresUnreferencedCodeAttribute' can break functionality when trimming application code. This API may perform reflection on the supplied delegate and its parameters. These types may be trimmed if not directly referenced. [/home/runner/work/Market-Data-Collector/Market-Data-Collector/src/MarketDataCollector/MarketDataCollector.csproj]
/home/runner/work/Market-Data-Collector/Market-Data-Collector/src/MarketDataCollector/Application/Http/Endpoints/ScheduledBackfillEndpoints.cs(40,9): warning IL2026: Using member 'Microsoft.AspNetCore.Builder.EndpointRouteBuilderExtensions.MapGet(IEndpointRouteBuilder, String, Delegate)' which has 'RequiresUnreferencedCodeAttribute' can break functionality when trimming application code. This API may perform reflection on the supplied delegate and its parameters. These types may be trimmed if not directly referenced. [/home/runner/work/Market-Data-Collector/Market-Data-Collector/src/MarketDataCollector/MarketDataCollector.csproj]
/home/runner/work/Market-Data-Collector/Market-Data-Collector/src/MarketDataCollector/Application/Http/Endpoints/ScheduledBackfillEndpoints.cs(55,9): warning IL2026: Using member 'Microsoft.AspNetCore.Builder.EndpointRouteBuilderExtensions.MapPost(IEndpointRouteBuilder, String, Delegate)' which has 'RequiresUnreferencedCodeAttribute' can break functionality when trimming application code. This API may perform reflection on the supplied delegate and its parameters. These types may be trimmed if not directly referenced. [/home/runner/work/Market-Data-Collector/Market-Data-Collector/src/MarketDataCollector/MarketDataCollector.csproj]
/home/runner/work/Market-Data-Collector/Market-Data-Collector/src/MarketDataCollector/Application/Http/Endpoints/ScheduledBackfillEndpoints.cs(111,9): warning IL2026: Using member 'Microsoft.AspNetCore.Builder.EndpointRouteBuilderExtensions.MapPut(IEndpointRouteBuilder, String, Delegate)' which has 'RequiresUnreferencedCodeAttribute' can break functionality when trimming application code. This API may perform reflection on the supplied delegate and its parameters. These types may be trimmed if not directly referenced. [/home/runner/work/Market-Data-Collector/Market-Data-Collector/src/MarketDataCollector/MarketDataCollector.csproj]
/home/runner/work/Market-Data-Collector/Market-Data-Collector/src/MarketDataCollector/Application/Http/Endpoints/ScheduledBackfillEndpoints.cs(164,9): warning IL2026: Using member 'Microsoft.AspNetCore.Builder.EndpointRouteBuilderExtensions.MapDelete(IEndpointRouteBuilder, String, Delegate)' which has 'RequiresUnreferencedCodeAttribute' can break functionality when trimming application code. This API may perform reflection on the supplied delegate and its parameters. These types may be trimmed if not directly referenced. [/home/runner/work/Market-Data-Collector/Market-Data-Collector/src/MarketDataCollector/MarketDataCollector.csproj]
/home/runner/work/Market-Data-Collector/Market-Data-Collector/src/MarketDataCollector/Application/Http/Endpoints/ScheduledBackfillEndpoints.cs(183,9): warning IL2026: Using member 'Microsoft.AspNetCore.Builder.EndpointRouteBuilderExtensions.MapPost(IEndpointRouteBuilder, String, Delegate)' which has 'RequiresUnreferencedCodeAttribute' can break functionality when trimming application code. This API may perform reflection on the supplied delegate and its parameters. These types may be trimmed if not directly referenced. [/home/runner/work/Market-Data-Collector/Market-Data-Collector/src/MarketDataCollector/MarketDataCollector.csproj]
/home/runner/work/Market-Data-Collector/Market-Data-Collector/src/MarketDataCollector/Application/Http/Endpoints/ScheduledBackfillEndpoints.cs(200,9): warning IL2026: Using member 'Microsoft.AspNetCore.Builder.EndpointRouteBuilderExtensions.MapPost(IEndpointRouteBuilder, String, Delegate)' which has 'RequiresUnreferencedCodeAttribute' can break functionality when trimming application code. This API may perform reflection on the supplied delegate and its parameters. These types may be trimmed if not directly referenced. [/home/runner/work/Market-Data-Collector/Market-Data-Collector/src/MarketDataCollector/MarketDataCollector.csproj]
/home/runner/work/Market-Data-Collector/Market-Data-Collector/src/MarketDataCollector/Application/Http/Endpoints/ScheduledBackfillEndpoints.cs(217,9): warning IL2026: Using member 'Microsoft.AspNetCore.Builder.EndpointRouteBuilderExtensions.MapPost(IEndpointRouteBuilder, String, Delegate)' which has 'RequiresUnreferencedCodeAttribute' can break functionality when trimming application code. This API may perform reflection on the supplied delegate and its parameters. These types may be trimmed if not directly referenced. [/home/runner/work/Market-Data-Collector/Market-Data-Collector/src/MarketDataCollector/MarketDataCollector.csproj]
/home/runner/work/Market-Data-Collector/Market-Data-Collector/src/MarketDataCollector/Application/Http/Endpoints/ScheduledBackfillEndpoints.cs(238,9): warning IL2026: Using member 'Microsoft.AspNetCore.Builder.EndpointRouteBuilderExtensions.MapGet(IEndpointRouteBuilder, String, Delegate)' which has 'RequiresUnreferencedCodeAttribute' can break functionality when trimming application code. This API may perform reflection on the supplied delegate and its parameters. These types may be trimmed if not directly referenced. [/home/runner/work/Market-Data-Collector/Market-Data-Collector/src/MarketDataCollector/MarketDataCollector.csproj]
/home/runner/work/Market-Data-Collector/Market-Data-Collector/src/MarketDataCollector/Application/Http/Endpoints/ScheduledBackfillEndpoints.cs(251,9): warning IL2026: Using member 'Microsoft.AspNetCore.Builder.EndpointRouteBuilderExtensions.MapGet(IEndpointRouteBuilder, String, Delegate)' which has 'RequiresUnreferencedCodeAttribute' can break functionality when trimming application code. This API may perform reflection on the supplied delegate and its parameters. These types may be trimmed if not directly referenced. [/home/runner/work/Market-Data-Collector/Market-Data-Collector/src/MarketDataCollector/MarketDataCollector.csproj]
/home/runner/work/Market-Data-Collector/Market-Data-Collector/src/MarketDataCollector/Application/Http/Endpoints/ScheduledBackfillEndpoints.cs(268,9): warning IL2026: Using member 'Microsoft.AspNetCore.Builder.EndpointRouteBuilderExtensions.MapGet(IEndpointRouteBuilder, String, Delegate)' which has 'RequiresUnreferencedCodeAttribute' can break functionality when trimming application code. This API may perform reflection on the supplied delegate and its parameters. These types may be trimmed if not directly referenced. [/home/runner/work/Market-Data-Collector/Market-Data-Collector/src/MarketDataCollector/MarketDataCollector.csproj]
/home/runner/work/Market-Data-Collector/Market-Data-Collector/src/MarketDataCollector/Application/Http/Endpoints/ScheduledBackfillEndpoints.cs(284,9): warning IL2026: Using member 'Microsoft.AspNetCore.Builder.EndpointRouteBuilderExtensions.MapGet(IEndpointRouteBuilder, String, Delegate)' which has 'RequiresUnreferencedCodeAttribute' can break functionality when trimming application code. This API may perform reflection on the supplied delegate and its parameters. These types may be trimmed if not directly referenced. [/home/runner/work/Market-Data-Collector/Market-Data-Collector/src/MarketDataCollector/MarketDataCollector.csproj]
/home/runner/work/Market-Data-Collector/Market-Data-Collector/src/MarketDataCollector/Application/Http/Endpoints/ScheduledBackfillEndpoints.cs(299,9): warning IL2026: Using member 'Microsoft.AspNetCore.Builder.EndpointRouteBuilderExtensions.MapGet(IEndpointRouteBuilder, String, Delegate)' which has 'RequiresUnreferencedCodeAttribute' can break functionality when trimming application code. This API may perform reflection on the supplied delegate and its parameters. These types may be trimmed if not directly referenced. [/home/runner/work/Market-Data-Collector/Market-Data-Collector/src/MarketDataCollector/MarketDataCollector.csproj]
/home/runner/work/Market-Data-Collector/Market-Data-Collector/src/MarketDataCollector/Application/Http/Endpoints/ScheduledBackfillEndpoints.cs(312,9): warning IL2026: Using member 'Microsoft.AspNetCore.Builder.EndpointRouteBuilderExtensions.MapGet(IEndpointRouteBuilder, String, Delegate)' which has 'RequiresUnreferencedCodeAttribute' can break functionality when trimming application code. This API may perform reflection on the supplied delegate and its parameters. These types may be trimmed if not directly referenced. [/home/runner/work/Market-Data-Collector/Market-Data-Collector/src/MarketDataCollector/MarketDataCollector.csproj]
/home/runner/work/Market-Data-Collector/Market-Data-Collector/src/MarketDataCollector/Application/Http/Endpoints/ScheduledBackfillEndpoints.cs(328,9): warning IL2026: Using member 'Microsoft.AspNetCore.Builder.EndpointRouteBuilderExtensions.MapGet(IEndpointRouteBuilder, String, Delegate)' which has 'RequiresUnreferencedCodeAttribute' can break functionality when trimming application code. This API may perform reflection on the supplied delegate and its parameters. These types may be trimmed if not directly referenced. [/home/runner/work/Market-Data-Collector/Market-Data-Collector/src/MarketDataCollector/MarketDataCollector.csproj]
/home/runner/work/Market-Data-Collector/Market-Data-Collector/src/MarketDataCollector/Application/Http/Endpoints/ScheduledBackfillEndpoints.cs(344,9): warning IL2026: Using member 'Microsoft.AspNetCore.Builder.EndpointRouteBuilderExtensions.MapGet(IEndpointRouteBuilder, String, Delegate)' which has 'RequiresUnreferencedCodeAttribute' can break functionality when trimming application code. This API may perform reflection on the supplied delegate and its parameters. These types may be trimmed if not directly referenced. [/home/runner/work/Market-Data-Collector/Market-Data-Collector/src/MarketDataCollector/MarketDataCollector.csproj]
/home/runner/work/Market-Data-Collector/Market-Data-Collector/src/MarketDataCollector/Application/Http/Endpoints/ScheduledBackfillEndpoints.cs(362,9): warning IL2026: Using member 'Microsoft.AspNetCore.Builder.EndpointRouteBuilderExtensions.MapPost(IEndpointRouteBuilder, String, Delegate)' which has 'RequiresUnreferencedCodeAttribute' can break functionality when trimming application code. This API may perform reflection on the supplied delegate and its parameters. These types may be trimmed if not directly referenced. [/home/runner/work/Market-Data-Collector/Market-Data-Collector/src/MarketDataCollector/MarketDataCollector.csproj]
/home/runner/work/Market-Data-Collector/Market-Data-Collector/src/MarketDataCollector/Application/Http/Endpoints/ScheduledBackfillEndpoints.cs(389,9): warning IL2026: Using member 'Microsoft.AspNetCore.Builder.EndpointRouteBuilderExtensions.MapPost(IEndpointRouteBuilder, String, Delegate)' which has 'RequiresUnreferencedCodeAttribute' can break functionality when trimming application code. This API may perform reflection on the supplied delegate and its parameters. These types may be trimmed if not directly referenced. [/home/runner/work/Market-Data-Collector/Market-Data-Collector/src/MarketDataCollector/MarketDataCollector.csproj]
/home/runner/work/Market-Data-Collector/Market-Data-Collector/src/MarketDataCollector/Application/Http/Endpoints/ScheduledBackfillEndpoints.cs(430,9): warning IL2026: Using member 'Microsoft.AspNetCore.Builder.EndpointRouteBuilderExtensions.MapGet(IEndpointRouteBuilder, String, Delegate)' which has 'RequiresUnreferencedCodeAttribute' can break functionality when trimming application code. This API may perform reflection on the supplied delegate and its parameters. These types may be trimmed if not directly referenced. [/home/runner/work/Market-Data-Collector/Market-Data-Collector/src/MarketDataCollector/MarketDataCollector.csproj]
/home/runner/work/Market-Data-Collector/Market-Data-Collector/src/MarketDataCollector/Application/Http/Endpoints/ScheduledBackfillEndpoints.cs(32,24): warning IL2026: Using member 'Microsoft.AspNetCore.Http.Results.Json<TValue>(TValue, JsonSerializerOptions, String, Int32?)' which has 'RequiresUnreferencedCodeAttribute' can break functionality when trimming application code. JSON serialization and deserialization might require types that cannot be statically analyzed. Use the overload that takes a JsonTypeInfo or JsonSerializerContext. [/home/runner/work/Market-Data-Collector/Market-Data-Collector/src/MarketDataCollector/MarketDataCollector.csproj]
/home/runner/work/Market-Data-Collector/Market-Data-Collector/src/MarketDataCollector/Application/Http/Endpoints/ScheduledBackfillEndpoints.cs(47,23): warning IL2026: Using member 'Microsoft.AspNetCore.Http.Results.Json<TValue>(TValue, JsonSerializerOptions, String, Int32?)' which has 'RequiresUnreferencedCodeAttribute' can break functionality when trimming application code. JSON serialization and deserialization might require types that cannot be statically analyzed. Use the overload that takes a JsonTypeInfo or JsonSerializerContext. [/home/runner/work/Market-Data-Collector/Market-Data-Collector/src/MarketDataCollector/MarketDataCollector.csproj]
/home/runner/work/Market-Data-Collector/Market-Data-Collector/src/MarketDataCollector/Application/Http/Endpoints/ScheduledBackfillEndpoints.cs(99,24): warning IL2026: Using member 'Microsoft.AspNetCore.Http.Results.Json<TValue>(TValue, JsonSerializerOptions, String, Int32?)' which has 'RequiresUnreferencedCodeAttribute' can break functionality when trimming application code. JSON serialization and deserialization might require types that cannot be statically analyzed. Use the overload that takes a JsonTypeInfo or JsonSerializerContext. [/home/runner/work/Market-Data-Collector/Market-Data-Collector/src/MarketDataCollector/MarketDataCollector.csproj]
/home/runner/work/Market-Data-Collector/Market-Data-Collector/src/MarketDataCollector/Application/Http/Endpoints/ScheduledBackfillEndpoints.cs(152,24): warning IL2026: Using member 'Microsoft.AspNetCore.Http.Results.Json<TValue>(TValue, JsonSerializerOptions, String, Int32?)' which has 'RequiresUnreferencedCodeAttribute' can break functionality when trimming application code. JSON serialization and deserialization might require types that cannot be statically analyzed. Use the overload that takes a JsonTypeInfo or JsonSerializerContext. [/home/runner/work/Market-Data-Collector/Market-Data-Collector/src/MarketDataCollector/MarketDataCollector.csproj]
/home/runner/work/Market-Data-Collector/Market-Data-Collector/src/MarketDataCollector/Application/Http/Endpoints/ScheduledBackfillEndpoints.cs(224,24): warning IL2026: Using member 'Microsoft.AspNetCore.Http.Results.Json<TValue>(TValue, JsonSerializerOptions, String, Int32?)' which has 'RequiresUnreferencedCodeAttribute' can break functionality when trimming application code. JSON serialization and deserialization might require types that cannot be statically analyzed. Use the overload that takes a JsonTypeInfo or JsonSerializerContext. [/home/runner/work/Market-Data-Collector/Market-Data-Collector/src/MarketDataCollector/MarketDataCollector.csproj]
/home/runner/work/Market-Data-Collector/Market-Data-Collector/src/MarketDataCollector/Application/Http/Endpoints/ScheduledBackfillEndpoints.cs(243,24): warning IL2026: Using member 'Microsoft.AspNetCore.Http.Results.Json<TValue>(TValue, JsonSerializerOptions, String, Int32?)' which has 'RequiresUnreferencedCodeAttribute' can break functionality when trimming application code. JSON serialization and deserialization might require types that cannot be statically analyzed. Use the overload that takes a JsonTypeInfo or JsonSerializerContext. [/home/runner/work/Market-Data-Collector/Market-Data-Collector/src/MarketDataCollector/MarketDataCollector.csproj]
/home/runner/work/Market-Data-Collector/Market-Data-Collector/src/MarketDataCollector/Application/Http/Endpoints/ScheduledBackfillEndpoints.cs(260,23): warning IL2026: Using member 'Microsoft.AspNetCore.Http.Results.Json<TValue>(TValue, JsonSerializerOptions, String, Int32?)' which has 'RequiresUnreferencedCodeAttribute' can break functionality when trimming application code. JSON serialization and deserialization might require types that cannot be statically analyzed. Use the overload that takes a JsonTypeInfo or JsonSerializerContext. [/home/runner/work/Market-Data-Collector/Market-Data-Collector/src/MarketDataCollector/MarketDataCollector.csproj]
/home/runner/work/Market-Data-Collector/Market-Data-Collector/src/MarketDataCollector/Application/Http/Endpoints/ScheduledBackfillEndpoints.cs(276,24): warning IL2026: Using member 'Microsoft.AspNetCore.Http.Results.Json<TValue>(TValue, JsonSerializerOptions, String, Int32?)' which has 'RequiresUnreferencedCodeAttribute' can break functionality when trimming application code. JSON serialization and deserialization might require types that cannot be statically analyzed. Use the overload that takes a JsonTypeInfo or JsonSerializerContext. [/home/runner/work/Market-Data-Collector/Market-Data-Collector/src/MarketDataCollector/MarketDataCollector.csproj]
/home/runner/work/Market-Data-Collector/Market-Data-Collector/src/MarketDataCollector/Application/Http/Endpoints/ScheduledBackfillEndpoints.cs(289,24): warning IL2026: Using member 'Microsoft.AspNetCore.Http.Results.Json<TValue>(TValue, JsonSerializerOptions, String, Int32?)' which has 'RequiresUnreferencedCodeAttribute' can break functionality when trimming application code. JSON serialization and deserialization might require types that cannot be statically analyzed. Use the overload that takes a JsonTypeInfo or JsonSerializerContext. [/home/runner/work/Market-Data-Collector/Market-Data-Collector/src/MarketDataCollector/MarketDataCollector.csproj]
/home/runner/work/Market-Data-Collector/Market-Data-Collector/src/MarketDataCollector/Application/Http/Endpoints/ScheduledBackfillEndpoints.cs(304,24): warning IL2026: Using member 'Microsoft.AspNetCore.Http.Results.Json<TValue>(TValue, JsonSerializerOptions, String, Int32?)' which has 'RequiresUnreferencedCodeAttribute' can break functionality when trimming application code. JSON serialization and deserialization might require types that cannot be statically analyzed. Use the overload that takes a JsonTypeInfo or JsonSerializerContext. [/home/runner/work/Market-Data-Collector/Market-Data-Collector/src/MarketDataCollector/MarketDataCollector.csproj]
/home/runner/work/Market-Data-Collector/Market-Data-Collector/src/MarketDataCollector/Application/Http/Endpoints/ScheduledBackfillEndpoints.cs(320,24): warning IL2026: Using member 'Microsoft.AspNetCore.Http.Results.Json<TValue>(TValue, JsonSerializerOptions, String, Int32?)' which has 'RequiresUnreferencedCodeAttribute' can break functionality when trimming application code. JSON serialization and deserialization might require types that cannot be statically analyzed. Use the overload that takes a JsonTypeInfo or JsonSerializerContext. [/home/runner/work/Market-Data-Collector/Market-Data-Collector/src/MarketDataCollector/MarketDataCollector.csproj]
/home/runner/work/Market-Data-Collector/Market-Data-Collector/src/MarketDataCollector/Application/Http/Endpoints/ScheduledBackfillEndpoints.cs(334,24): warning IL2026: Using member 'Microsoft.AspNetCore.Http.Results.Json<TValue>(TValue, JsonSerializerOptions, String, Int32?)' which has 'RequiresUnreferencedCodeAttribute' can break functionality when trimming application code. JSON serialization and deserialization might require types that cannot be statically analyzed. Use the overload that takes a JsonTypeInfo or JsonSerializerContext. [/home/runner/work/Market-Data-Collector/Market-Data-Collector/src/MarketDataCollector/MarketDataCollector.csproj]
/home/runner/work/Market-Data-Collector/Market-Data-Collector/src/MarketDataCollector/Application/Http/Endpoints/ScheduledBackfillEndpoints.cs(348,24): warning IL2026: Using member 'Microsoft.AspNetCore.Http.Results.Json<TValue>(TValue, JsonSerializerOptions, String, Int32?)' which has 'RequiresUnreferencedCodeAttribute' can break functionality when trimming application code. JSON serialization and deserialization might require types that cannot be statically analyzed. Use the overload that takes a JsonTypeInfo or JsonSerializerContext. [/home/runner/work/Market-Data-Collector/Market-Data-Collector/src/MarketDataCollector/MarketDataCollector.csproj]
/home/runner/work/Market-Data-Collector/Market-Data-Collector/src/MarketDataCollector/Application/Http/Endpoints/ScheduledBackfillEndpoints.cs(379,24): warning IL2026: Using member 'Microsoft.AspNetCore.Http.Results.Json<TValue>(TValue, JsonSerializerOptions, String, Int32?)' which has 'RequiresUnreferencedCodeAttribute' can break functionality when trimming application code. JSON serialization and deserialization might require types that cannot be statically analyzed. Use the overload that takes a JsonTypeInfo or JsonSerializerContext. [/home/runner/work/Market-Data-Collector/Market-Data-Collector/src/MarketDataCollector/MarketDataCollector.csproj]
/home/runner/work/Market-Data-Collector/Market-Data-Collector/src/MarketDataCollector/Application/Http/Endpoints/ScheduledBackfillEndpoints.cs(411,24): warning IL2026: Using member 'Microsoft.AspNetCore.Http.Results.Json<TValue>(TValue, JsonSerializerOptions, String, Int32?)' which has 'RequiresUnreferencedCodeAttribute' can break functionality when trimming application code. JSON serialization and deserialization might require types that cannot be statically analyzed. Use the overload that takes a JsonTypeInfo or JsonSerializerContext. [/home/runner/work/Market-Data-Collector/Market-Data-Collector/src/MarketDataCollector/MarketDataCollector.csproj]
/home/runner/work/Market-Data-Collector/Market-Data-Collector/src/MarketDataCollector/Application/Http/Endpoints/ScheduledBackfillEndpoints.cs(470,24): warning IL2026: Using member 'Microsoft.AspNetCore.Http.Results.Json<TValue>(TValue, JsonSerializerOptions, String, Int32?)' which has 'RequiresUnreferencedCodeAttribute' can break functionality when trimming application code. JSON serialization and deserialization might require types that cannot be statically analyzed. Use the overload that takes a JsonTypeInfo or JsonSerializerContext. [/home/runner/work/Market-Data-Collector/Market-Data-Collector/src/MarketDataCollector/MarketDataCollector.csproj]
/home/runner/work/Market-Data-Collector/Market-Data-Collector/src/MarketDataCollector/Program.cs(1047,23): warning IL2026: Using member 'System.Text.Json.JsonSerializer.Deserialize<TValue>(String, JsonSerializerOptions)' which has 'RequiresUnreferencedCodeAttribute' can break functionality when trimming application code. JSON serialization and deserialization might require types that cannot be statically analyzed. Use the overload that takes a JsonTypeInfo or JsonSerializerContext, or make sure all of the required types are preserved. [/home/runner/work/Market-Data-Collector/Market-Data-Collector/src/MarketDataCollector/MarketDataCollector.csproj]
/home/runner/work/Market-Data-Collector/Market-Data-Collector/src/MarketDataCollector/Storage/Maintenance/ArchiveMaintenanceScheduleManager.cs(493,30): warning IL2026: Using member 'System.Text.Json.JsonSerializer.Deserialize<TValue>(String, JsonSerializerOptions)' which has 'RequiresUnreferencedCodeAttribute' can break functionality when trimming application code. JSON serialization and deserialization might require types that cannot be statically analyzed. Use the overload that takes a JsonTypeInfo or JsonSerializerContext, or make sure all of the required types are preserved. [/home/runner/work/Market-Data-Collector/Market-Data-Collector/src/MarketDataCollector/MarketDataCollector.csproj]
/home/runner/work/Market-Data-Collector/Market-Data-Collector/src/MarketDataCollector/Storage/Maintenance/ArchiveMaintenanceScheduleManager.cs(520,24): warning IL2026: Using member 'System.Text.Json.JsonSerializer.Serialize<TValue>(TValue, JsonSerializerOptions)' which has 'RequiresUnreferencedCodeAttribute' can break functionality when trimming application code. JSON serialization and deserialization might require types that cannot be statically analyzed. Use the overload that takes a JsonTypeInfo or JsonSerializerContext, or make sure all of the required types are preserved. [/home/runner/work/Market-Data-Collector/Market-Data-Collector/src/MarketDataCollector/MarketDataCollector.csproj]
/home/runner/work/Market-Data-Collector/Market-Data-Collector/src/MarketDataCollector/Storage/Maintenance/ArchiveMaintenanceScheduleManager.cs(239,29): warning IL2026: Using member 'System.Text.Json.JsonSerializer.Deserialize<TValue>(String, JsonSerializerOptions)' which has 'RequiresUnreferencedCodeAttribute' can break functionality when trimming application code. JSON serialization and deserialization might require types that cannot be statically analyzed. Use the overload that takes a JsonTypeInfo or JsonSerializerContext, or make sure all of the required types are preserved. [/home/runner/work/Market-Data-Collector/Market-Data-Collector/src/MarketDataCollector/MarketDataCollector.csproj]
/home/runner/work/Market-Data-Collector/Market-Data-Collector/src/MarketDataCollector/Storage/Maintenance/ArchiveMaintenanceScheduleManager.cs(270,24): warning IL2026: Using member 'System.Text.Json.JsonSerializer.Serialize<TValue>(TValue, JsonSerializerOptions)' which has 'RequiresUnreferencedCodeAttribute' can break functionality when trimming application code. JSON serialization and deserialization might require types that cannot be statically analyzed. Use the overload that takes a JsonTypeInfo or JsonSerializerContext, or make sure all of the required types are preserved. [/home/runner/work/Market-Data-Collector/Market-Data-Collector/src/MarketDataCollector/MarketDataCollector.csproj]
/home/runner/work/Market-Data-Collector/Market-Data-Collector/src/MarketDataCollector/Infrastructure/Providers/Historical/Queue/BackfillJobManager.cs(67,27): warning IL2026: Using member 'System.Text.Json.JsonSerializer.Deserialize<TValue>(String, JsonSerializerOptions)' which has 'RequiresUnreferencedCodeAttribute' can break functionality when trimming application code. JSON serialization and deserialization might require types that cannot be statically analyzed. Use the overload that takes a JsonTypeInfo or JsonSerializerContext, or make sure all of the required types are preserved. [/home/runner/work/Market-Data-Collector/Market-Data-Collector/src/MarketDataCollector/MarketDataCollector.csproj]
/home/runner/work/Market-Data-Collector/Market-Data-Collector/src/MarketDataCollector/Infrastructure/Providers/Historical/Queue/BackfillJobManager.cs(441,24): warning IL2026: Using member 'System.Text.Json.JsonSerializer.Serialize<TValue>(TValue, JsonSerializerOptions)' which has 'RequiresUnreferencedCodeAttribute' can break functionality when trimming application code. JSON serialization and deserialization might require types that cannot be statically analyzed. Use the overload that takes a JsonTypeInfo or JsonSerializerContext, or make sure all of the required types are preserved. [/home/runner/work/Market-Data-Collector/Market-Data-Collector/src/MarketDataCollector/MarketDataCollector.csproj]
/home/runner/work/Market-Data-Collector/Market-Data-Collector/src/MarketDataCollector/Infrastructure/Providers/Historical/GapAnalysis/DataQualityMonitor.cs(582,35): warning IL2026: Using member 'System.Text.Json.JsonSerializer.Deserialize<TValue>(String, JsonSerializerOptions)' which has 'RequiresUnreferencedCodeAttribute' can break functionality when trimming application code. JSON serialization and deserialization might require types that cannot be statically analyzed. Use the overload that takes a JsonTypeInfo or JsonSerializerContext, or make sure all of the required types are preserved. [/home/runner/work/Market-Data-Collector/Market-Data-Collector/src/MarketDataCollector/MarketDataCollector.csproj]
/home/runner/work/Market-Data-Collector/Market-Data-Collector/src/MarketDataCollector/Infrastructure/Providers/Historical/GapAnalysis/DataGapRepair.cs(434,24): warning IL2026: Using member 'System.Text.Json.JsonSerializer.Serialize<TValue>(TValue, JsonSerializerOptions)' which has 'RequiresUnreferencedCodeAttribute' can break functionality when trimming application code. JSON serialization and deserialization might require types that cannot be statically analyzed. Use the overload that takes a JsonTypeInfo or JsonSerializerContext, or make sure all of the required types are preserved. [/home/runner/work/Market-Data-Collector/Market-Data-Collector/src/MarketDataCollector/MarketDataCollector.csproj]
/home/runner/work/Market-Data-Collector/Market-Data-Collector/src/MarketDataCollector/Infrastructure/Providers/Historical/BaseHistoricalDataProvider.cs(374,20): warning IL2026: Using member 'System.Text.Json.JsonSerializer.Deserialize<TValue>(String, JsonSerializerOptions)' which has 'RequiresUnreferencedCodeAttribute' can break functionality when trimming application code. JSON serialization and deserialization might require types that cannot be statically analyzed. Use the overload that takes a JsonTypeInfo or JsonSerializerContext, or make sure all of the required types are preserved. [/home/runner/work/Market-Data-Collector/Market-Data-Collector/src/MarketDataCollector/MarketDataCollector.csproj]
/home/runner/work/Market-Data-Collector/Market-Data-Collector/src/MarketDataCollector/Storage/Archival/SchemaVersionManager.cs(251,20): warning IL2026: Using member 'System.Text.Json.JsonSerializer.Serialize<TValue>(TValue, JsonSerializerOptions)' which has 'RequiresUnreferencedCodeAttribute' can break functionality when trimming application code. JSON serialization and deserialization might require types that cannot be statically analyzed. Use the overload that takes a JsonTypeInfo or JsonSerializerContext, or make sure all of the required types are preserved. [/home/runner/work/Market-Data-Collector/Market-Data-Collector/src/MarketDataCollector/MarketDataCollector.csproj]
/home/runner/work/Market-Data-Collector/Market-Data-Collector/src/MarketDataCollector/Integrations/Lean/MarketDataCollectorQuoteData.cs(85,31): warning IL2026: Using member 'System.Text.Json.JsonSerializer.Deserialize<TValue>(String, JsonSerializerOptions)' which has 'RequiresUnreferencedCodeAttribute' can break functionality when trimming application code. JSON serialization and deserialization might require types that cannot be statically analyzed. Use the overload that takes a JsonTypeInfo or JsonSerializerContext, or make sure all of the required types are preserved. [/home/runner/work/Market-Data-Collector/Market-Data-Collector/src/MarketDataCollector/MarketDataCollector.csproj]
/home/runner/work/Market-Data-Collector/Market-Data-Collector/src/MarketDataCollector/Storage/Archival/SchemaVersionManager.cs(286,28): warning IL2026: Using member 'System.Text.Json.JsonSerializer.Serialize<TValue>(TValue, JsonSerializerOptions)' which has 'RequiresUnreferencedCodeAttribute' can break functionality when trimming application code. JSON serialization and deserialization might require types that cannot be statically analyzed. Use the overload that takes a JsonTypeInfo or JsonSerializerContext, or make sure all of the required types are preserved. [/home/runner/work/Market-Data-Collector/Market-Data-Collector/src/MarketDataCollector/MarketDataCollector.csproj]
/home/runner/work/Market-Data-Collector/Market-Data-Collector/src/MarketDataCollector/Application/Services/SampleDataGenerator.cs(142,28): warning IL2026: Using member 'System.Text.Json.JsonSerializer.Serialize<TValue>(TValue, JsonSerializerOptions)' which has 'RequiresUnreferencedCodeAttribute' can break functionality when trimming application code. JSON serialization and deserialization might require types that cannot be statically analyzed. Use the overload that takes a JsonTypeInfo or JsonSerializerContext, or make sure all of the required types are preserved. [/home/runner/work/Market-Data-Collector/Market-Data-Collector/src/MarketDataCollector/MarketDataCollector.csproj]
/home/runner/work/Market-Data-Collector/Market-Data-Collector/src/MarketDataCollector/Storage/Archival/SchemaVersionManager.cs(376,20): warning IL2026: Using member 'System.Text.Json.JsonSerializer.Serialize<TValue>(TValue, JsonSerializerOptions)' which has 'RequiresUnreferencedCodeAttribute' can break functionality when trimming application code. JSON serialization and deserialization might require types that cannot be statically analyzed. Use the overload that takes a JsonTypeInfo or JsonSerializerContext, or make sure all of the required types are preserved. [/home/runner/work/Market-Data-Collector/Market-Data-Collector/src/MarketDataCollector/MarketDataCollector.csproj]
/home/runner/work/Market-Data-Collector/Market-Data-Collector/src/MarketDataCollector/Application/Config/Credentials/CredentialTestingService.cs(468,28): warning IL2026: Using member 'System.Text.Json.JsonSerializer.Deserialize<TValue>(String, JsonSerializerOptions)' which has 'RequiresUnreferencedCodeAttribute' can break functionality when trimming application code. JSON serialization and deserialization might require types that cannot be statically analyzed. Use the overload that takes a JsonTypeInfo or JsonSerializerContext, or make sure all of the required types are preserved. [/home/runner/work/Market-Data-Collector/Market-Data-Collector/src/MarketDataCollector/MarketDataCollector.csproj]
/home/runner/work/Market-Data-Collector/Market-Data-Collector/src/MarketDataCollector/Application/Config/Credentials/CredentialTestingService.cs(495,24): warning IL2026: Using member 'System.Text.Json.JsonSerializer.Serialize<TValue>(TValue, JsonSerializerOptions)' which has 'RequiresUnreferencedCodeAttribute' can break functionality when trimming application code. JSON serialization and deserialization might require types that cannot be statically analyzed. Use the overload that takes a JsonTypeInfo or JsonSerializerContext, or make sure all of the required types are preserved. [/home/runner/work/Market-Data-Collector/Market-Data-Collector/src/MarketDataCollector/MarketDataCollector.csproj]
/home/runner/work/Market-Data-Collector/Market-Data-Collector/src/MarketDataCollector/Application/Services/DiagnosticBundleService.cs(95,32): warning IL2026: Using member 'System.Text.Json.JsonSerializer.Serialize<TValue>(TValue, JsonSerializerOptions)' which has 'RequiresUnreferencedCodeAttribute' can break functionality when trimming application code. JSON serialization and deserialization might require types that cannot be statically analyzed. Use the overload that takes a JsonTypeInfo or JsonSerializerContext, or make sure all of the required types are preserved. [/home/runner/work/Market-Data-Collector/Market-Data-Collector/src/MarketDataCollector/MarketDataCollector.csproj]
/home/runner/work/Market-Data-Collector/Market-Data-Collector/src/MarketDataCollector/Application/Scheduling/BackfillScheduleManager.cs(87,36): warning IL2026: Using member 'System.Text.Json.JsonSerializer.Deserialize<TValue>(String, JsonSerializerOptions)' which has 'RequiresUnreferencedCodeAttribute' can break functionality when trimming application code. JSON serialization and deserialization might require types that cannot be statically analyzed. Use the overload that takes a JsonTypeInfo or JsonSerializerContext, or make sure all of the required types are preserved. [/home/runner/work/Market-Data-Collector/Market-Data-Collector/src/MarketDataCollector/MarketDataCollector.csproj]
/home/runner/work/Market-Data-Collector/Market-Data-Collector/src/MarketDataCollector/Application/Services/ConfigTemplateGenerator.cs(45,20): warning IL2026: Using member 'System.Text.Json.JsonSerializer.Serialize<TValue>(TValue, JsonSerializerOptions)' which has 'RequiresUnreferencedCodeAttribute' can break functionality when trimming application code. JSON serialization and deserialization might require types that cannot be statically analyzed. Use the overload that takes a JsonTypeInfo or JsonSerializerContext, or make sure all of the required types are preserved. [/home/runner/work/Market-Data-Collector/Market-Data-Collector/src/MarketDataCollector/MarketDataCollector.csproj]
/home/runner/work/Market-Data-Collector/Market-Data-Collector/src/MarketDataCollector/Application/Services/ConfigTemplateGenerator.cs(91,20): warning IL2026: Using member 'System.Text.Json.JsonSerializer.Serialize<TValue>(TValue, JsonSerializerOptions)' which has 'RequiresUnreferencedCodeAttribute' can break functionality when trimming application code. JSON serialization and deserialization might require types that cannot be statically analyzed. Use the overload that takes a JsonTypeInfo or JsonSerializerContext, or make sure all of the required types are preserved. [/home/runner/work/Market-Data-Collector/Market-Data-Collector/src/MarketDataCollector/MarketDataCollector.csproj]
/home/runner/work/Market-Data-Collector/Market-Data-Collector/src/MarketDataCollector/Application/Services/DiagnosticBundleService.cs(198,28): warning IL2026: Using member 'System.Text.Json.JsonSerializer.Serialize<TValue>(TValue, JsonSerializerOptions)' which has 'RequiresUnreferencedCodeAttribute' can break functionality when trimming application code. JSON serialization and deserialization might require types that cannot be statically analyzed. Use the overload that takes a JsonTypeInfo or JsonSerializerContext, or make sure all of the required types are preserved. [/home/runner/work/Market-Data-Collector/Market-Data-Collector/src/MarketDataCollector/MarketDataCollector.csproj]
/home/runner/work/Market-Data-Collector/Market-Data-Collector/src/MarketDataCollector/Application/Services/DiagnosticBundleService.cs(236,20): warning IL2026: Using member 'System.Text.Json.JsonSerializer.Serialize<TValue>(TValue, JsonSerializerOptions)' which has 'RequiresUnreferencedCodeAttribute' can break functionality when trimming application code. JSON serialization and deserialization might require types that cannot be statically analyzed. Use the overload that takes a JsonTypeInfo or JsonSerializerContext, or make sure all of the required types are preserved. [/home/runner/work/Market-Data-Collector/Market-Data-Collector/src/MarketDataCollector/MarketDataCollector.csproj]
/home/runner/work/Market-Data-Collector/Market-Data-Collector/src/MarketDataCollector/Application/Services/DailySummaryWebhook.cs(364,16): warning IL2026: Using member 'System.Text.Json.JsonSerializer.Serialize<TValue>(TValue, JsonSerializerOptions)' which has 'RequiresUnreferencedCodeAttribute' can break functionality when trimming application code. JSON serialization and deserialization might require types that cannot be statically analyzed. Use the overload that takes a JsonTypeInfo or JsonSerializerContext, or make sure all of the required types are preserved. [/home/runner/work/Market-Data-Collector/Market-Data-Collector/src/MarketDataCollector/MarketDataCollector.csproj]
/home/runner/work/Market-Data-Collector/Market-Data-Collector/src/MarketDataCollector/Application/Services/ConfigTemplateGenerator.cs(131,20): warning IL2026: Using member 'System.Text.Json.JsonSerializer.Serialize<TValue>(TValue, JsonSerializerOptions)' which has 'RequiresUnreferencedCodeAttribute' can break functionality when trimming application code. JSON serialization and deserialization might require types that cannot be statically analyzed. Use the overload that takes a JsonTypeInfo or JsonSerializerContext, or make sure all of the required types are preserved. [/home/runner/work/Market-Data-Collector/Market-Data-Collector/src/MarketDataCollector/MarketDataCollector.csproj]
/home/runner/work/Market-Data-Collector/Market-Data-Collector/src/MarketDataCollector/Application/Services/ConfigTemplateGenerator.cs(185,20): warning IL2026: Using member 'System.Text.Json.JsonSerializer.Serialize<TValue>(TValue, JsonSerializerOptions)' which has 'RequiresUnreferencedCodeAttribute' can break functionality when trimming application code. JSON serialization and deserialization might require types that cannot be statically analyzed. Use the overload that takes a JsonTypeInfo or JsonSerializerContext, or make sure all of the required types are preserved. [/home/runner/work/Market-Data-Collector/Market-Data-Collector/src/MarketDataCollector/MarketDataCollector.csproj]
/home/runner/work/Market-Data-Collector/Market-Data-Collector/src/MarketDataCollector/Application/Services/DailySummaryWebhook.cs(403,16): warning IL2026: Using member 'System.Text.Json.JsonSerializer.Serialize<TValue>(TValue, JsonSerializerOptions)' which has 'RequiresUnreferencedCodeAttribute' can break functionality when trimming application code. JSON serialization and deserialization might require types that cannot be statically analyzed. Use the overload that takes a JsonTypeInfo or JsonSerializerContext, or make sure all of the required types are preserved. [/home/runner/work/Market-Data-Collector/Market-Data-Collector/src/MarketDataCollector/MarketDataCollector.csproj]
/home/runner/work/Market-Data-Collector/Market-Data-Collector/src/MarketDataCollector/Application/Services/ConfigTemplateGenerator.cs(241,20): warning IL2026: Using member 'System.Text.Json.JsonSerializer.Serialize<TValue>(TValue, JsonSerializerOptions)' which has 'RequiresUnreferencedCodeAttribute' can break functionality when trimming application code. JSON serialization and deserialization might require types that cannot be statically analyzed. Use the overload that takes a JsonTypeInfo or JsonSerializerContext, or make sure all of the required types are preserved. [/home/runner/work/Market-Data-Collector/Market-Data-Collector/src/MarketDataCollector/MarketDataCollector.csproj]
/home/runner/work/Market-Data-Collector/Market-Data-Collector/src/MarketDataCollector/Application/Services/ConfigTemplateGenerator.cs(290,20): warning IL2026: Using member 'System.Text.Json.JsonSerializer.Serialize<TValue>(TValue, JsonSerializerOptions)' which has 'RequiresUnreferencedCodeAttribute' can break functionality when trimming application code. JSON serialization and deserialization might require types that cannot be statically analyzed. Use the overload that takes a JsonTypeInfo or JsonSerializerContext, or make sure all of the required types are preserved. [/home/runner/work/Market-Data-Collector/Market-Data-Collector/src/MarketDataCollector/MarketDataCollector.csproj]
/home/runner/work/Market-Data-Collector/Market-Data-Collector/src/MarketDataCollector/Application/Services/ConfigTemplateGenerator.cs(331,20): warning IL2026: Using member 'System.Text.Json.JsonSerializer.Serialize<TValue>(TValue, JsonSerializerOptions)' which has 'RequiresUnreferencedCodeAttribute' can break functionality when trimming application code. JSON serialization and deserialization might require types that cannot be statically analyzed. Use the overload that takes a JsonTypeInfo or JsonSerializerContext, or make sure all of the required types are preserved. [/home/runner/work/Market-Data-Collector/Market-Data-Collector/src/MarketDataCollector/MarketDataCollector.csproj]
/home/runner/work/Market-Data-Collector/Market-Data-Collector/src/MarketDataCollector/Application/Services/DailySummaryWebhook.cs(442,16): warning IL2026: Using member 'System.Text.Json.JsonSerializer.Serialize<TValue>(TValue, JsonSerializerOptions)' which has 'RequiresUnreferencedCodeAttribute' can break functionality when trimming application code. JSON serialization and deserialization might require types that cannot be statically analyzed. Use the overload that takes a JsonTypeInfo or JsonSerializerContext, or make sure all of the required types are preserved. [/home/runner/work/Market-Data-Collector/Market-Data-Collector/src/MarketDataCollector/MarketDataCollector.csproj]
/home/runner/work/Market-Data-Collector/Market-Data-Collector/src/MarketDataCollector/Application/Services/ConfigTemplateGenerator.cs(388,20): warning IL2026: Using member 'System.Text.Json.JsonSerializer.Serialize<TValue>(TValue, JsonSerializerOptions)' which has 'RequiresUnreferencedCodeAttribute' can break functionality when trimming application code. JSON serialization and deserialization might require types that cannot be statically analyzed. Use the overload that takes a JsonTypeInfo or JsonSerializerContext, or make sure all of the required types are preserved. [/home/runner/work/Market-Data-Collector/Market-Data-Collector/src/MarketDataCollector/MarketDataCollector.csproj]
/home/runner/work/Market-Data-Collector/Market-Data-Collector/src/MarketDataCollector/Application/Services/DailySummaryWebhook.cs(447,16): warning IL2026: Using member 'System.Text.Json.JsonSerializer.Serialize<TValue>(TValue, JsonSerializerOptions)' which has 'RequiresUnreferencedCodeAttribute' can break functionality when trimming application code. JSON serialization and deserialization might require types that cannot be statically analyzed. Use the overload that takes a JsonTypeInfo or JsonSerializerContext, or make sure all of the required types are preserved. [/home/runner/work/Market-Data-Collector/Market-Data-Collector/src/MarketDataCollector/MarketDataCollector.csproj]
/home/runner/work/Market-Data-Collector/Market-Data-Collector/src/MarketDataCollector/Application/Services/DailySummaryWebhook.cs(454,34): warning IL2026: Using member 'System.Text.Json.JsonSerializer.Serialize<TValue>(TValue, JsonSerializerOptions)' which has 'RequiresUnreferencedCodeAttribute' can break functionality when trimming application code. JSON serialization and deserialization might require types that cannot be statically analyzed. Use the overload that takes a JsonTypeInfo or JsonSerializerContext, or make sure all of the required types are preserved. [/home/runner/work/Market-Data-Collector/Market-Data-Collector/src/MarketDataCollector/MarketDataCollector.csproj]
/home/runner/work/Market-Data-Collector/Market-Data-Collector/src/MarketDataCollector/Application/Services/DailySummaryWebhook.cs(455,36): warning IL2026: Using member 'System.Text.Json.JsonSerializer.Serialize<TValue>(TValue, JsonSerializerOptions)' which has 'RequiresUnreferencedCodeAttribute' can break functionality when trimming application code. JSON serialization and deserialization might require types that cannot be statically analyzed. Use the overload that takes a JsonTypeInfo or JsonSerializerContext, or make sure all of the required types are preserved. [/home/runner/work/Market-Data-Collector/Market-Data-Collector/src/MarketDataCollector/MarketDataCollector.csproj]
/home/runner/work/Market-Data-Collector/Market-Data-Collector/src/MarketDataCollector/Application/Services/DailySummaryWebhook.cs(456,34): warning IL2026: Using member 'System.Text.Json.JsonSerializer.Serialize<TValue>(TValue, JsonSerializerOptions)' which has 'RequiresUnreferencedCodeAttribute' can break functionality when trimming application code. JSON serialization and deserialization might require types that cannot be statically analyzed. Use the overload that takes a JsonTypeInfo or JsonSerializerContext, or make sure all of the required types are preserved. [/home/runner/work/Market-Data-Collector/Market-Data-Collector/src/MarketDataCollector/MarketDataCollector.csproj]
/home/runner/work/Market-Data-Collector/Market-Data-Collector/src/MarketDataCollector/Application/Services/DailySummaryWebhook.cs(457,18): warning IL2026: Using member 'System.Text.Json.JsonSerializer.Serialize<TValue>(TValue, JsonSerializerOptions)' which has 'RequiresUnreferencedCodeAttribute' can break functionality when trimming application code. JSON serialization and deserialization might require types that cannot be statically analyzed. Use the overload that takes a JsonTypeInfo or JsonSerializerContext, or make sure all of the required types are preserved. [/home/runner/work/Market-Data-Collector/Market-Data-Collector/src/MarketDataCollector/MarketDataCollector.csproj]
/home/runner/work/Market-Data-Collector/Market-Data-Collector/src/MarketDataCollector/Application/Services/ConfigTemplateGenerator.cs(402,26): warning IL2026: Using member 'System.Text.Json.JsonSerializer.Deserialize<TValue>(String, JsonSerializerOptions)' which has 'RequiresUnreferencedCodeAttribute' can break functionality when trimming application code. JSON serialization and deserialization might require types that cannot be statically analyzed. Use the overload that takes a JsonTypeInfo or JsonSerializerContext, or make sure all of the required types are preserved. [/home/runner/work/Market-Data-Collector/Market-Data-Collector/src/MarketDataCollector/MarketDataCollector.csproj]
/home/runner/work/Market-Data-Collector/Market-Data-Collector/src/MarketDataCollector/Application/Scheduling/BackfillScheduleManager.cs(391,24): warning IL2026: Using member 'System.Text.Json.JsonSerializer.Serialize<TValue>(TValue, JsonSerializerOptions)' which has 'RequiresUnreferencedCodeAttribute' can break functionality when trimming application code. JSON serialization and deserialization might require types that cannot be statically analyzed. Use the overload that takes a JsonTypeInfo or JsonSerializerContext, or make sure all of the required types are preserved. [/home/runner/work/Market-Data-Collector/Market-Data-Collector/src/MarketDataCollector/MarketDataCollector.csproj]
/home/runner/work/Market-Data-Collector/Market-Data-Collector/src/MarketDataCollector/Application/Services/ConfigurationWizard.cs(668,20): warning IL2026: Using member 'System.Text.Json.JsonSerializer.Serialize<TValue>(TValue, JsonSerializerOptions)' which has 'RequiresUnreferencedCodeAttribute' can break functionality when trimming application code. JSON serialization and deserialization might require types that cannot be statically analyzed. Use the overload that takes a JsonTypeInfo or JsonSerializerContext, or make sure all of the required types are preserved. [/home/runner/work/Market-Data-Collector/Market-Data-Collector/src/MarketDataCollector/MarketDataCollector.csproj]
/home/runner/work/Market-Data-Collector/Market-Data-Collector/src/MarketDataCollector/Application/Services/ConfigurationWizard.cs(708,20): warning IL2026: Using member 'System.Text.Json.JsonSerializer.Serialize<TValue>(TValue, JsonSerializerOptions)' which has 'RequiresUnreferencedCodeAttribute' can break functionality when trimming application code. JSON serialization and deserialization might require types that cannot be statically analyzed. Use the overload that takes a JsonTypeInfo or JsonSerializerContext, or make sure all of the required types are preserved. [/home/runner/work/Market-Data-Collector/Market-Data-Collector/src/MarketDataCollector/MarketDataCollector.csproj]
/home/runner/work/Market-Data-Collector/Market-Data-Collector/src/MarketDataCollector/Application/Http/ConfigStore.cs(93,24): warning IL2026: Using member 'System.Text.Json.JsonSerializer.Serialize<TValue>(TValue, JsonSerializerOptions)' which has 'RequiresUnreferencedCodeAttribute' can break functionality when trimming application code. JSON serialization and deserialization might require types that cannot be statically analyzed. Use the overload that takes a JsonTypeInfo or JsonSerializerContext, or make sure all of the required types are preserved. [/home/runner/work/Market-Data-Collector/Market-Data-Collector/src/MarketDataCollector/MarketDataCollector.csproj]
/home/runner/work/Market-Data-Collector/Market-Data-Collector/src/MarketDataCollector/Application/Http/ConfigStore.cs(74,20): warning IL2026: Using member 'System.Text.Json.JsonSerializer.Deserialize<TValue>(String, JsonSerializerOptions)' which has 'RequiresUnreferencedCodeAttribute' can break functionality when trimming application code. JSON serialization and deserialization might require types that cannot be statically analyzed. Use the overload that takes a JsonTypeInfo or JsonSerializerContext, or make sure all of the required types are preserved. [/home/runner/work/Market-Data-Collector/Market-Data-Collector/src/MarketDataCollector/MarketDataCollector.csproj]
/home/runner/work/Market-Data-Collector/Market-Data-Collector/src/MarketDataCollector/Application/Http/ConfigStore.cs(165,20): warning IL2026: Using member 'System.Text.Json.JsonSerializer.Deserialize<TValue>(String, JsonSerializerOptions)' which has 'RequiresUnreferencedCodeAttribute' can break functionality when trimming application code. JSON serialization and deserialization might require types that cannot be statically analyzed. Use the overload that takes a JsonTypeInfo or JsonSerializerContext, or make sure all of the required types are preserved. [/home/runner/work/Market-Data-Collector/Market-Data-Collector/src/MarketDataCollector/MarketDataCollector.csproj]
/home/runner/work/Market-Data-Collector/Market-Data-Collector/src/MarketDataCollector/Application/Http/Endpoints/PackagingEndpoints.cs(33,9): warning IL2026: Using member 'Microsoft.AspNetCore.Builder.EndpointRouteBuilderExtensions.MapPost(IEndpointRouteBuilder, String, Delegate)' which has 'RequiresUnreferencedCodeAttribute' can break functionality when trimming application code. This API may perform reflection on the supplied delegate and its parameters. These types may be trimmed if not directly referenced. [/home/runner/work/Market-Data-Collector/Market-Data-Collector/src/MarketDataCollector/MarketDataCollector.csproj]
/home/runner/work/Market-Data-Collector/Market-Data-Collector/src/MarketDataCollector/Application/Http/Endpoints/PackagingEndpoints.cs(78,9): warning IL2026: Using member 'Microsoft.AspNetCore.Builder.EndpointRouteBuilderExtensions.MapPost(IEndpointRouteBuilder, String, Delegate)' which has 'RequiresUnreferencedCodeAttribute' can break functionality when trimming application code. This API may perform reflection on the supplied delegate and its parameters. These types may be trimmed if not directly referenced. [/home/runner/work/Market-Data-Collector/Market-Data-Collector/src/MarketDataCollector/MarketDataCollector.csproj]
/home/runner/work/Market-Data-Collector/Market-Data-Collector/src/MarketDataCollector/Application/Http/Endpoints/PackagingEndpoints.cs(114,9): warning IL2026: Using member 'Microsoft.AspNetCore.Builder.EndpointRouteBuilderExtensions.MapPost(IEndpointRouteBuilder, String, Delegate)' which has 'RequiresUnreferencedCodeAttribute' can break functionality when trimming application code. This API may perform reflection on the supplied delegate and its parameters. These types may be trimmed if not directly referenced. [/home/runner/work/Market-Data-Collector/Market-Data-Collector/src/MarketDataCollector/MarketDataCollector.csproj]
/home/runner/work/Market-Data-Collector/Market-Data-Collector/src/MarketDataCollector/Application/Http/Endpoints/PackagingEndpoints.cs(147,9): warning IL2026: Using member 'Microsoft.AspNetCore.Builder.EndpointRouteBuilderExtensions.MapGet(IEndpointRouteBuilder, String, Delegate)' which has 'RequiresUnreferencedCodeAttribute' can break functionality when trimming application code. This API may perform reflection on the supplied delegate and its parameters. These types may be trimmed if not directly referenced. [/home/runner/work/Market-Data-Collector/Market-Data-Collector/src/MarketDataCollector/MarketDataCollector.csproj]
/home/runner/work/Market-Data-Collector/Market-Data-Collector/src/MarketDataCollector/Application/Http/Endpoints/PackagingEndpoints.cs(180,9): warning IL2026: Using member 'Microsoft.AspNetCore.Builder.EndpointRouteBuilderExtensions.MapGet(IEndpointRouteBuilder, String, Delegate)' which has 'RequiresUnreferencedCodeAttribute' can break functionality when trimming application code. This API may perform reflection on the supplied delegate and its parameters. These types may be trimmed if not directly referenced. [/home/runner/work/Market-Data-Collector/Market-Data-Collector/src/MarketDataCollector/MarketDataCollector.csproj]
/home/runner/work/Market-Data-Collector/Market-Data-Collector/src/MarketDataCollector/Application/Http/Endpoints/PackagingEndpoints.cs(218,9): warning IL2026: Using member 'Microsoft.AspNetCore.Builder.EndpointRouteBuilderExtensions.MapDelete(IEndpointRouteBuilder, String, Delegate)' which has 'RequiresUnreferencedCodeAttribute' can break functionality when trimming application code. This API may perform reflection on the supplied delegate and its parameters. These types may be trimmed if not directly referenced. [/home/runner/work/Market-Data-Collector/Market-Data-Collector/src/MarketDataCollector/MarketDataCollector.csproj]
/home/runner/work/Market-Data-Collector/Market-Data-Collector/src/MarketDataCollector/Application/Http/Endpoints/PackagingEndpoints.cs(255,9): warning IL2026: Using member 'Microsoft.AspNetCore.Builder.EndpointRouteBuilderExtensions.MapGet(IEndpointRouteBuilder, String, Delegate)' which has 'RequiresUnreferencedCodeAttribute' can break functionality when trimming application code. This API may perform reflection on the supplied delegate and its parameters. These types may be trimmed if not directly referenced. [/home/runner/work/Market-Data-Collector/Market-Data-Collector/src/MarketDataCollector/MarketDataCollector.csproj]
/home/runner/work/Market-Data-Collector/Market-Data-Collector/src/MarketDataCollector/Application/Http/Endpoints/PackagingEndpoints.cs(59,23): warning IL2026: Using member 'Microsoft.AspNetCore.Http.Results.Json<TValue>(TValue, JsonSerializerOptions, String, Int32?)' which has 'RequiresUnreferencedCodeAttribute' can break functionality when trimming application code. JSON serialization and deserialization might require types that cannot be statically analyzed. Use the overload that takes a JsonTypeInfo or JsonSerializerContext. [/home/runner/work/Market-Data-Collector/Market-Data-Collector/src/MarketDataCollector/MarketDataCollector.csproj]
/home/runner/work/Market-Data-Collector/Market-Data-Collector/src/MarketDataCollector/Application/Http/Endpoints/PackagingEndpoints.cs(95,23): warning IL2026: Using member 'Microsoft.AspNetCore.Http.Results.Json<TValue>(TValue, JsonSerializerOptions, String, Int32?)' which has 'RequiresUnreferencedCodeAttribute' can break functionality when trimming application code. JSON serialization and deserialization might require types that cannot be statically analyzed. Use the overload that takes a JsonTypeInfo or JsonSerializerContext. [/home/runner/work/Market-Data-Collector/Market-Data-Collector/src/MarketDataCollector/MarketDataCollector.csproj]
/home/runner/work/Market-Data-Collector/Market-Data-Collector/src/MarketDataCollector/Application/Http/Endpoints/PackagingEndpoints.cs(125,24): warning IL2026: Using member 'Microsoft.AspNetCore.Http.Results.Json<TValue>(TValue, JsonSerializerOptions, String, Int32?)' which has 'RequiresUnreferencedCodeAttribute' can break functionality when trimming application code. JSON serialization and deserialization might require types that cannot be statically analyzed. Use the overload that takes a JsonTypeInfo or JsonSerializerContext. [/home/runner/work/Market-Data-Collector/Market-Data-Collector/src/MarketDataCollector/MarketDataCollector.csproj]
/home/runner/work/Market-Data-Collector/Market-Data-Collector/src/MarketDataCollector/Application/Http/Endpoints/PackagingEndpoints.cs(158,24): warning IL2026: Using member 'Microsoft.AspNetCore.Http.Results.Json<TValue>(TValue, JsonSerializerOptions, String, Int32?)' which has 'RequiresUnreferencedCodeAttribute' can break functionality when trimming application code. JSON serialization and deserialization might require types that cannot be statically analyzed. Use the overload that takes a JsonTypeInfo or JsonSerializerContext. [/home/runner/work/Market-Data-Collector/Market-Data-Collector/src/MarketDataCollector/MarketDataCollector.csproj]
/home/runner/work/Market-Data-Collector/Market-Data-Collector/src/MarketDataCollector/Application/Http/Endpoints/PackagingEndpoints.cs(187,28): warning IL2026: Using member 'Microsoft.AspNetCore.Http.Results.Json<TValue>(TValue, JsonSerializerOptions, String, Int32?)' which has 'RequiresUnreferencedCodeAttribute' can break functionality when trimming application code. JSON serialization and deserialization might require types that cannot be statically analyzed. Use the overload that takes a JsonTypeInfo or JsonSerializerContext. [/home/runner/work/Market-Data-Collector/Market-Data-Collector/src/MarketDataCollector/MarketDataCollector.csproj]
/home/runner/work/Market-Data-Collector/Market-Data-Collector/src/MarketDataCollector/Application/Http/Endpoints/PackagingEndpoints.cs(204,24): warning IL2026: Using member 'Microsoft.AspNetCore.Http.Results.Json<TValue>(TValue, JsonSerializerOptions, String, Int32?)' which has 'RequiresUnreferencedCodeAttribute' can break functionality when trimming application code. JSON serialization and deserialization might require types that cannot be statically analyzed. Use the overload that takes a JsonTypeInfo or JsonSerializerContext. [/home/runner/work/Market-Data-Collector/Market-Data-Collector/src/MarketDataCollector/MarketDataCollector.csproj]
/home/runner/work/Market-Data-Collector/Market-Data-Collector/src/MarketDataCollector/Application/Monitoring/StatusWriter.cs(56,20): warning IL2026: Using member 'System.Text.Json.JsonSerializer.Serialize<TValue>(TValue, JsonSerializerOptions)' which has 'RequiresUnreferencedCodeAttribute' can break functionality when trimming application code. JSON serialization and deserialization might require types that cannot be statically analyzed. Use the overload that takes a JsonTypeInfo or JsonSerializerContext, or make sure all of the required types are preserved. [/home/runner/work/Market-Data-Collector/Market-Data-Collector/src/MarketDataCollector/MarketDataCollector.csproj]
/home/runner/work/Market-Data-Collector/Market-Data-Collector/src/MarketDataCollector/Application/Monitoring/StatusHttpServer.cs(215,20): warning IL2026: Using member 'System.Text.Json.JsonSerializer.Serialize<TValue>(TValue, JsonSerializerOptions)' which has 'RequiresUnreferencedCodeAttribute' can break functionality when trimming application code. JSON serialization and deserialization might require types that cannot be statically analyzed. Use the overload that takes a JsonTypeInfo or JsonSerializerContext, or make sure all of the required types are preserved. [/home/runner/work/Market-Data-Collector/Market-Data-Collector/src/MarketDataCollector/MarketDataCollector.csproj]
/home/runner/work/Market-Data-Collector/Market-Data-Collector/src/MarketDataCollector/Application/Http/Endpoints/ArchiveMaintenanceEndpoints.cs(28,9): warning IL2026: Using member 'Microsoft.AspNetCore.Builder.EndpointRouteBuilderExtensions.MapGet(IEndpointRouteBuilder, String, Delegate)' which has 'RequiresUnreferencedCodeAttribute' can break functionality when trimming application code. This API may perform reflection on the supplied delegate and its parameters. These types may be trimmed if not directly referenced. [/home/runner/work/Market-Data-Collector/Market-Data-Collector/src/MarketDataCollector/MarketDataCollector.csproj]
/home/runner/work/Market-Data-Collector/Market-Data-Collector/src/MarketDataCollector/Application/Http/Endpoints/ArchiveMaintenanceEndpoints.cs(41,9): warning IL2026: Using member 'Microsoft.AspNetCore.Builder.EndpointRouteBuilderExtensions.MapGet(IEndpointRouteBuilder, String, Delegate)' which has 'RequiresUnreferencedCodeAttribute' can break functionality when trimming application code. This API may perform reflection on the supplied delegate and its parameters. These types may be trimmed if not directly referenced. [/home/runner/work/Market-Data-Collector/Market-Data-Collector/src/MarketDataCollector/MarketDataCollector.csproj]
/home/runner/work/Market-Data-Collector/Market-Data-Collector/src/MarketDataCollector/Application/Http/Endpoints/ArchiveMaintenanceEndpoints.cs(58,9): warning IL2026: Using member 'Microsoft.AspNetCore.Builder.EndpointRouteBuilderExtensions.MapPost(IEndpointRouteBuilder, String, Delegate)' which has 'RequiresUnreferencedCodeAttribute' can break functionality when trimming application code. This API may perform reflection on the supplied delegate and its parameters. These types may be trimmed if not directly referenced. [/home/runner/work/Market-Data-Collector/Market-Data-Collector/src/MarketDataCollector/MarketDataCollector.csproj]
/home/runner/work/Market-Data-Collector/Market-Data-Collector/src/MarketDataCollector/Application/Http/Endpoints/ArchiveMaintenanceEndpoints.cs(113,9): warning IL2026: Using member 'Microsoft.AspNetCore.Builder.EndpointRouteBuilderExtensions.MapPut(IEndpointRouteBuilder, String, Delegate)' which has 'RequiresUnreferencedCodeAttribute' can break functionality when trimming application code. This API may perform reflection on the supplied delegate and its parameters. These types may be trimmed if not directly referenced. [/home/runner/work/Market-Data-Collector/Market-Data-Collector/src/MarketDataCollector/MarketDataCollector.csproj]
/home/runner/work/Market-Data-Collector/Market-Data-Collector/src/MarketDataCollector/Application/Http/Endpoints/ArchiveMaintenanceEndpoints.cs(168,9): warning IL2026: Using member 'Microsoft.AspNetCore.Builder.EndpointRouteBuilderExtensions.MapDelete(IEndpointRouteBuilder, String, Delegate)' which has 'RequiresUnreferencedCodeAttribute' can break functionality when trimming application code. This API may perform reflection on the supplied delegate and its parameters. These types may be trimmed if not directly referenced. [/home/runner/work/Market-Data-Collector/Market-Data-Collector/src/MarketDataCollector/MarketDataCollector.csproj]
/home/runner/work/Market-Data-Collector/Market-Data-Collector/src/MarketDataCollector/Application/Http/Endpoints/ArchiveMaintenanceEndpoints.cs(187,9): warning IL2026: Using member 'Microsoft.AspNetCore.Builder.EndpointRouteBuilderExtensions.MapPost(IEndpointRouteBuilder, String, Delegate)' which has 'RequiresUnreferencedCodeAttribute' can break functionality when trimming application code. This API may perform reflection on the supplied delegate and its parameters. These types may be trimmed if not directly referenced. [/home/runner/work/Market-Data-Collector/Market-Data-Collector/src/MarketDataCollector/MarketDataCollector.csproj]
/home/runner/work/Market-Data-Collector/Market-Data-Collector/src/MarketDataCollector/Application/Http/Endpoints/ArchiveMaintenanceEndpoints.cs(204,9): warning IL2026: Using member 'Microsoft.AspNetCore.Builder.EndpointRouteBuilderExtensions.MapPost(IEndpointRouteBuilder, String, Delegate)' which has 'RequiresUnreferencedCodeAttribute' can break functionality when trimming application code. This API may perform reflection on the supplied delegate and its parameters. These types may be trimmed if not directly referenced. [/home/runner/work/Market-Data-Collector/Market-Data-Collector/src/MarketDataCollector/MarketDataCollector.csproj]
/home/runner/work/Market-Data-Collector/Market-Data-Collector/src/MarketDataCollector/Application/Http/Endpoints/ArchiveMaintenanceEndpoints.cs(221,9): warning IL2026: Using member 'Microsoft.AspNetCore.Builder.EndpointRouteBuilderExtensions.MapPost(IEndpointRouteBuilder, String, Delegate)' which has 'RequiresUnreferencedCodeAttribute' can break functionality when trimming application code. This API may perform reflection on the supplied delegate and its parameters. These types may be trimmed if not directly referenced. [/home/runner/work/Market-Data-Collector/Market-Data-Collector/src/MarketDataCollector/MarketDataCollector.csproj]
/home/runner/work/Market-Data-Collector/Market-Data-Collector/src/MarketDataCollector/Application/Http/Endpoints/ArchiveMaintenanceEndpoints.cs(242,9): warning IL2026: Using member 'Microsoft.AspNetCore.Builder.EndpointRouteBuilderExtensions.MapPost(IEndpointRouteBuilder, String, Delegate)' which has 'RequiresUnreferencedCodeAttribute' can break functionality when trimming application code. This API may perform reflection on the supplied delegate and its parameters. These types may be trimmed if not directly referenced. [/home/runner/work/Market-Data-Collector/Market-Data-Collector/src/MarketDataCollector/MarketDataCollector.csproj]
/home/runner/work/Market-Data-Collector/Market-Data-Collector/src/MarketDataCollector/Application/Http/Endpoints/ArchiveMaintenanceEndpoints.cs(266,9): warning IL2026: Using member 'Microsoft.AspNetCore.Builder.EndpointRouteBuilderExtensions.MapPost(IEndpointRouteBuilder, String, Delegate)' which has 'RequiresUnreferencedCodeAttribute' can break functionality when trimming application code. This API may perform reflection on the supplied delegate and its parameters. These types may be trimmed if not directly referenced. [/home/runner/work/Market-Data-Collector/Market-Data-Collector/src/MarketDataCollector/MarketDataCollector.csproj]
/home/runner/work/Market-Data-Collector/Market-Data-Collector/src/MarketDataCollector/Application/Http/Endpoints/ArchiveMaintenanceEndpoints.cs(285,9): warning IL2026: Using member 'Microsoft.AspNetCore.Builder.EndpointRouteBuilderExtensions.MapGet(IEndpointRouteBuilder, String, Delegate)' which has 'RequiresUnreferencedCodeAttribute' can break functionality when trimming application code. This API may perform reflection on the supplied delegate and its parameters. These types may be trimmed if not directly referenced. [/home/runner/work/Market-Data-Collector/Market-Data-Collector/src/MarketDataCollector/MarketDataCollector.csproj]
/home/runner/work/Market-Data-Collector/Market-Data-Collector/src/MarketDataCollector/Application/Http/Endpoints/ArchiveMaintenanceEndpoints.cs(300,9): warning IL2026: Using member 'Microsoft.AspNetCore.Builder.EndpointRouteBuilderExtensions.MapGet(IEndpointRouteBuilder, String, Delegate)' which has 'RequiresUnreferencedCodeAttribute' can break functionality when trimming application code. This API may perform reflection on the supplied delegate and its parameters. These types may be trimmed if not directly referenced. [/home/runner/work/Market-Data-Collector/Market-Data-Collector/src/MarketDataCollector/MarketDataCollector.csproj]
/home/runner/work/Market-Data-Collector/Market-Data-Collector/src/MarketDataCollector/Application/Http/Endpoints/ArchiveMaintenanceEndpoints.cs(317,9): warning IL2026: Using member 'Microsoft.AspNetCore.Builder.EndpointRouteBuilderExtensions.MapGet(IEndpointRouteBuilder, String, Delegate)' which has 'RequiresUnreferencedCodeAttribute' can break functionality when trimming application code. This API may perform reflection on the supplied delegate and its parameters. These types may be trimmed if not directly referenced. [/home/runner/work/Market-Data-Collector/Market-Data-Collector/src/MarketDataCollector/MarketDataCollector.csproj]
/home/runner/work/Market-Data-Collector/Market-Data-Collector/src/MarketDataCollector/Application/Http/Endpoints/ArchiveMaintenanceEndpoints.cs(333,9): warning IL2026: Using member 'Microsoft.AspNetCore.Builder.EndpointRouteBuilderExtensions.MapGet(IEndpointRouteBuilder, String, Delegate)' which has 'RequiresUnreferencedCodeAttribute' can break functionality when trimming application code. This API may perform reflection on the supplied delegate and its parameters. These types may be trimmed if not directly referenced. [/home/runner/work/Market-Data-Collector/Market-Data-Collector/src/MarketDataCollector/MarketDataCollector.csproj]
/home/runner/work/Market-Data-Collector/Market-Data-Collector/src/MarketDataCollector/Application/Http/Endpoints/ArchiveMaintenanceEndpoints.cs(350,9): warning IL2026: Using member 'Microsoft.AspNetCore.Builder.EndpointRouteBuilderExtensions.MapGet(IEndpointRouteBuilder, String, Delegate)' which has 'RequiresUnreferencedCodeAttribute' can break functionality when trimming application code. This API may perform reflection on the supplied delegate and its parameters. These types may be trimmed if not directly referenced. [/home/runner/work/Market-Data-Collector/Market-Data-Collector/src/MarketDataCollector/MarketDataCollector.csproj]
/home/runner/work/Market-Data-Collector/Market-Data-Collector/src/MarketDataCollector/Application/Http/Endpoints/ArchiveMaintenanceEndpoints.cs(363,9): warning IL2026: Using member 'Microsoft.AspNetCore.Builder.EndpointRouteBuilderExtensions.MapGet(IEndpointRouteBuilder, String, Delegate)' which has 'RequiresUnreferencedCodeAttribute' can break functionality when trimming application code. This API may perform reflection on the supplied delegate and its parameters. These types may be trimmed if not directly referenced. [/home/runner/work/Market-Data-Collector/Market-Data-Collector/src/MarketDataCollector/MarketDataCollector.csproj]
/home/runner/work/Market-Data-Collector/Market-Data-Collector/src/MarketDataCollector/Application/Http/Endpoints/ArchiveMaintenanceEndpoints.cs(379,9): warning IL2026: Using member 'Microsoft.AspNetCore.Builder.EndpointRouteBuilderExtensions.MapGet(IEndpointRouteBuilder, String, Delegate)' which has 'RequiresUnreferencedCodeAttribute' can break functionality when trimming application code. This API may perform reflection on the supplied delegate and its parameters. These types may be trimmed if not directly referenced. [/home/runner/work/Market-Data-Collector/Market-Data-Collector/src/MarketDataCollector/MarketDataCollector.csproj]
/home/runner/work/Market-Data-Collector/Market-Data-Collector/src/MarketDataCollector/Application/Http/Endpoints/ArchiveMaintenanceEndpoints.cs(408,9): warning IL2026: Using member 'Microsoft.AspNetCore.Builder.EndpointRouteBuilderExtensions.MapGet(IEndpointRouteBuilder, String, Delegate)' which has 'RequiresUnreferencedCodeAttribute' can break functionality when trimming application code. This API may perform reflection on the supplied delegate and its parameters. These types may be trimmed if not directly referenced. [/home/runner/work/Market-Data-Collector/Market-Data-Collector/src/MarketDataCollector/MarketDataCollector.csproj]
/home/runner/work/Market-Data-Collector/Market-Data-Collector/src/MarketDataCollector/Application/Http/Endpoints/ArchiveMaintenanceEndpoints.cs(423,9): warning IL2026: Using member 'Microsoft.AspNetCore.Builder.EndpointRouteBuilderExtensions.MapPost(IEndpointRouteBuilder, String, Delegate)' which has 'RequiresUnreferencedCodeAttribute' can break functionality when trimming application code. This API may perform reflection on the supplied delegate and its parameters. These types may be trimmed if not directly referenced. [/home/runner/work/Market-Data-Collector/Market-Data-Collector/src/MarketDataCollector/MarketDataCollector.csproj]
/home/runner/work/Market-Data-Collector/Market-Data-Collector/src/MarketDataCollector/Application/Http/Endpoints/ArchiveMaintenanceEndpoints.cs(464,9): warning IL2026: Using member 'Microsoft.AspNetCore.Builder.EndpointRouteBuilderExtensions.MapGet(IEndpointRouteBuilder, String, Delegate)' which has 'RequiresUnreferencedCodeAttribute' can break functionality when trimming application code. This API may perform reflection on the supplied delegate and its parameters. These types may be trimmed if not directly referenced. [/home/runner/work/Market-Data-Collector/Market-Data-Collector/src/MarketDataCollector/MarketDataCollector.csproj]
/home/runner/work/Market-Data-Collector/Market-Data-Collector/src/MarketDataCollector/Application/Http/Endpoints/ArchiveMaintenanceEndpoints.cs(522,9): warning IL2026: Using member 'Microsoft.AspNetCore.Builder.EndpointRouteBuilderExtensions.MapGet(IEndpointRouteBuilder, String, Delegate)' which has 'RequiresUnreferencedCodeAttribute' can break functionality when trimming application code. This API may perform reflection on the supplied delegate and its parameters. These types may be trimmed if not directly referenced. [/home/runner/work/Market-Data-Collector/Market-Data-Collector/src/MarketDataCollector/MarketDataCollector.csproj]
/home/runner/work/Market-Data-Collector/Market-Data-Collector/src/MarketDataCollector/Application/Http/Endpoints/ArchiveMaintenanceEndpoints.cs(545,9): warning IL2026: Using member 'Microsoft.AspNetCore.Builder.EndpointRouteBuilderExtensions.MapPost(IEndpointRouteBuilder, String, Delegate)' which has 'RequiresUnreferencedCodeAttribute' can break functionality when trimming application code. This API may perform reflection on the supplied delegate and its parameters. These types may be trimmed if not directly referenced. [/home/runner/work/Market-Data-Collector/Market-Data-Collector/src/MarketDataCollector/MarketDataCollector.csproj]
/home/runner/work/Market-Data-Collector/Market-Data-Collector/src/MarketDataCollector/Application/Http/Endpoints/ArchiveMaintenanceEndpoints.cs(33,24): warning IL2026: Using member 'Microsoft.AspNetCore.Http.Results.Json<TValue>(TValue, JsonSerializerOptions, String, Int32?)' which has 'RequiresUnreferencedCodeAttribute' can break functionality when trimming application code. JSON serialization and deserialization might require types that cannot be statically analyzed. Use the overload that takes a JsonTypeInfo or JsonSerializerContext. [/home/runner/work/Market-Data-Collector/Market-Data-Collector/src/MarketDataCollector/MarketDataCollector.csproj]
/home/runner/work/Market-Data-Collector/Market-Data-Collector/src/MarketDataCollector/Application/Http/Endpoints/ArchiveMaintenanceEndpoints.cs(50,23): warning IL2026: Using member 'Microsoft.AspNetCore.Http.Results.Json<TValue>(TValue, JsonSerializerOptions, String, Int32?)' which has 'RequiresUnreferencedCodeAttribute' can break functionality when trimming application code. JSON serialization and deserialization might require types that cannot be statically analyzed. Use the overload that takes a JsonTypeInfo or JsonSerializerContext. [/home/runner/work/Market-Data-Collector/Market-Data-Collector/src/MarketDataCollector/MarketDataCollector.csproj]
/home/runner/work/Market-Data-Collector/Market-Data-Collector/src/MarketDataCollector/Application/Http/Endpoints/ArchiveMaintenanceEndpoints.cs(101,24): warning IL2026: Using member 'Microsoft.AspNetCore.Http.Results.Json<TValue>(TValue, JsonSerializerOptions, String, Int32?)' which has 'RequiresUnreferencedCodeAttribute' can break functionality when trimming application code. JSON serialization and deserialization might require types that cannot be statically analyzed. Use the overload that takes a JsonTypeInfo or JsonSerializerContext. [/home/runner/work/Market-Data-Collector/Market-Data-Collector/src/MarketDataCollector/MarketDataCollector.csproj]
/home/runner/work/Market-Data-Collector/Market-Data-Collector/src/MarketDataCollector/Application/Http/Endpoints/ArchiveMaintenanceEndpoints.cs(156,24): warning IL2026: Using member 'Microsoft.AspNetCore.Http.Results.Json<TValue>(TValue, JsonSerializerOptions, String, Int32?)' which has 'RequiresUnreferencedCodeAttribute' can break functionality when trimming application code. JSON serialization and deserialization might require types that cannot be statically analyzed. Use the overload that takes a JsonTypeInfo or JsonSerializerContext. [/home/runner/work/Market-Data-Collector/Market-Data-Collector/src/MarketDataCollector/MarketDataCollector.csproj]
/home/runner/work/Market-Data-Collector/Market-Data-Collector/src/MarketDataCollector/Application/Monitoring/StatusHttpServer.cs(274,20): warning IL2026: Using member 'System.Text.Json.JsonSerializer.Serialize<TValue>(TValue, JsonSerializerOptions)' which has 'RequiresUnreferencedCodeAttribute' can break functionality when trimming application code. JSON serialization and deserialization might require types that cannot be statically analyzed. Use the overload that takes a JsonTypeInfo or JsonSerializerContext, or make sure all of the required types are preserved. [/home/runner/work/Market-Data-Collector/Market-Data-Collector/src/MarketDataCollector/MarketDataCollector.csproj]
/home/runner/work/Market-Data-Collector/Market-Data-Collector/src/MarketDataCollector/Application/Http/Endpoints/ArchiveMaintenanceEndpoints.cs(228,24): warning IL2026: Using member 'Microsoft.AspNetCore.Http.Results.Json<TValue>(TValue, JsonSerializerOptions, String, Int32?)' which has 'RequiresUnreferencedCodeAttribute' can break functionality when trimming application code. JSON serialization and deserialization might require types that cannot be statically analyzed. Use the overload that takes a JsonTypeInfo or JsonSerializerContext. [/home/runner/work/Market-Data-Collector/Market-Data-Collector/src/MarketDataCollector/MarketDataCollector.csproj]
/home/runner/work/Market-Data-Collector/Market-Data-Collector/src/MarketDataCollector/Application/Http/Endpoints/ArchiveMaintenanceEndpoints.cs(258,24): warning IL2026: Using member 'Microsoft.AspNetCore.Http.Results.Json<TValue>(TValue, JsonSerializerOptions, String, Int32?)' which has 'RequiresUnreferencedCodeAttribute' can break functionality when trimming application code. JSON serialization and deserialization might require types that cannot be statically analyzed. Use the overload that takes a JsonTypeInfo or JsonSerializerContext. [/home/runner/work/Market-Data-Collector/Market-Data-Collector/src/MarketDataCollector/MarketDataCollector.csproj]
/home/runner/work/Market-Data-Collector/Market-Data-Collector/src/MarketDataCollector/Application/Http/Endpoints/ArchiveMaintenanceEndpoints.cs(292,24): warning IL2026: Using member 'Microsoft.AspNetCore.Http.Results.Json<TValue>(TValue, JsonSerializerOptions, String, Int32?)' which has 'RequiresUnreferencedCodeAttribute' can break functionality when trimming application code. JSON serialization and deserialization might require types that cannot be statically analyzed. Use the overload that takes a JsonTypeInfo or JsonSerializerContext. [/home/runner/work/Market-Data-Collector/Market-Data-Collector/src/MarketDataCollector/MarketDataCollector.csproj]
/home/runner/work/Market-Data-Collector/Market-Data-Collector/src/MarketDataCollector/Application/Http/Endpoints/ArchiveMaintenanceEndpoints.cs(309,23): warning IL2026: Using member 'Microsoft.AspNetCore.Http.Results.Json<TValue>(TValue, JsonSerializerOptions, String, Int32?)' which has 'RequiresUnreferencedCodeAttribute' can break functionality when trimming application code. JSON serialization and deserialization might require types that cannot be statically analyzed. Use the overload that takes a JsonTypeInfo or JsonSerializerContext. [/home/runner/work/Market-Data-Collector/Market-Data-Collector/src/MarketDataCollector/MarketDataCollector.csproj]
/home/runner/work/Market-Data-Collector/Market-Data-Collector/src/MarketDataCollector/Application/Http/Endpoints/ArchiveMaintenanceEndpoints.cs(325,24): warning IL2026: Using member 'Microsoft.AspNetCore.Http.Results.Json<TValue>(TValue, JsonSerializerOptions, String, Int32?)' which has 'RequiresUnreferencedCodeAttribute' can break functionality when trimming application code. JSON serialization and deserialization might require types that cannot be statically analyzed. Use the overload that takes a JsonTypeInfo or JsonSerializerContext. [/home/runner/work/Market-Data-Collector/Market-Data-Collector/src/MarketDataCollector/MarketDataCollector.csproj]
/home/runner/work/Market-Data-Collector/Market-Data-Collector/src/MarketDataCollector/Application/Http/Endpoints/ArchiveMaintenanceEndpoints.cs(340,24): warning IL2026: Using member 'Microsoft.AspNetCore.Http.Results.Json<TValue>(TValue, JsonSerializerOptions, String, Int32?)' which has 'RequiresUnreferencedCodeAttribute' can break functionality when trimming application code. JSON serialization and deserialization might require types that cannot be statically analyzed. Use the overload that takes a JsonTypeInfo or JsonSerializerContext. [/home/runner/work/Market-Data-Collector/Market-Data-Collector/src/MarketDataCollector/MarketDataCollector.csproj]
/home/runner/work/Market-Data-Collector/Market-Data-Collector/src/MarketDataCollector/Application/Http/Endpoints/ArchiveMaintenanceEndpoints.cs(355,24): warning IL2026: Using member 'Microsoft.AspNetCore.Http.Results.Json<TValue>(TValue, JsonSerializerOptions, String, Int32?)' which has 'RequiresUnreferencedCodeAttribute' can break functionality when trimming application code. JSON serialization and deserialization might require types that cannot be statically analyzed. Use the overload that takes a JsonTypeInfo or JsonSerializerContext. [/home/runner/work/Market-Data-Collector/Market-Data-Collector/src/MarketDataCollector/MarketDataCollector.csproj]
/home/runner/work/Market-Data-Collector/Market-Data-Collector/src/MarketDataCollector/Application/Http/Endpoints/ArchiveMaintenanceEndpoints.cs(371,24): warning IL2026: Using member 'Microsoft.AspNetCore.Http.Results.Json<TValue>(TValue, JsonSerializerOptions, String, Int32?)' which has 'RequiresUnreferencedCodeAttribute' can break functionality when trimming application code. JSON serialization and deserialization might require types that cannot be statically analyzed. Use the overload that takes a JsonTypeInfo or JsonSerializerContext. [/home/runner/work/Market-Data-Collector/Market-Data-Collector/src/MarketDataCollector/MarketDataCollector.csproj]
/home/runner/work/Market-Data-Collector/Market-Data-Collector/src/MarketDataCollector/Application/Http/Endpoints/ArchiveMaintenanceEndpoints.cs(398,24): warning IL2026: Using member 'Microsoft.AspNetCore.Http.Results.Json<TValue>(TValue, JsonSerializerOptions, String, Int32?)' which has 'RequiresUnreferencedCodeAttribute' can break functionality when trimming application code. JSON serialization and deserialization might require types that cannot be statically analyzed. Use the overload that takes a JsonTypeInfo or JsonSerializerContext. [/home/runner/work/Market-Data-Collector/Market-Data-Collector/src/MarketDataCollector/MarketDataCollector.csproj]
/home/runner/work/Market-Data-Collector/Market-Data-Collector/src/MarketDataCollector/Application/Http/Endpoints/ArchiveMaintenanceEndpoints.cs(413,24): warning IL2026: Using member 'Microsoft.AspNetCore.Http.Results.Json<TValue>(TValue, JsonSerializerOptions, String, Int32?)' which has 'RequiresUnreferencedCodeAttribute' can break functionality when trimming application code. JSON serialization and deserialization might require types that cannot be statically analyzed. Use the overload that takes a JsonTypeInfo or JsonSerializerContext. [/home/runner/work/Market-Data-Collector/Market-Data-Collector/src/MarketDataCollector/MarketDataCollector.csproj]
/home/runner/work/Market-Data-Collector/Market-Data-Collector/src/MarketDataCollector/Application/Http/Endpoints/ArchiveMaintenanceEndpoints.cs(445,24): warning IL2026: Using member 'Microsoft.AspNetCore.Http.Results.Json<TValue>(TValue, JsonSerializerOptions, String, Int32?)' which has 'RequiresUnreferencedCodeAttribute' can break functionality when trimming application code. JSON serialization and deserialization might require types that cannot be statically analyzed. Use the overload that takes a JsonTypeInfo or JsonSerializerContext. [/home/runner/work/Market-Data-Collector/Market-Data-Collector/src/MarketDataCollector/MarketDataCollector.csproj]
/home/runner/work/Market-Data-Collector/Market-Data-Collector/src/MarketDataCollector/Application/Http/Endpoints/ArchiveMaintenanceEndpoints.cs(512,24): warning IL2026: Using member 'Microsoft.AspNetCore.Http.Results.Json<TValue>(TValue, JsonSerializerOptions, String, Int32?)' which has 'RequiresUnreferencedCodeAttribute' can break functionality when trimming application code. JSON serialization and deserialization might require types that cannot be statically analyzed. Use the overload that takes a JsonTypeInfo or JsonSerializerContext. [/home/runner/work/Market-Data-Collector/Market-Data-Collector/src/MarketDataCollector/MarketDataCollector.csproj]
/home/runner/work/Market-Data-Collector/Market-Data-Collector/src/MarketDataCollector/Application/Http/Endpoints/ArchiveMaintenanceEndpoints.cs(535,24): warning IL2026: Using member 'Microsoft.AspNetCore.Http.Results.Json<TValue>(TValue, JsonSerializerOptions, String, Int32?)' which has 'RequiresUnreferencedCodeAttribute' can break functionality when trimming application code. JSON serialization and deserialization might require types that cannot be statically analyzed. Use the overload that takes a JsonTypeInfo or JsonSerializerContext. [/home/runner/work/Market-Data-Collector/Market-Data-Collector/src/MarketDataCollector/MarketDataCollector.csproj]
/home/runner/work/Market-Data-Collector/Market-Data-Collector/src/MarketDataCollector/Application/Monitoring/StatusHttpServer.cs(286,20): warning IL2026: Using member 'System.Text.Json.JsonSerializer.Serialize<TValue>(TValue, JsonSerializerOptions)' which has 'RequiresUnreferencedCodeAttribute' can break functionality when trimming application code. JSON serialization and deserialization might require types that cannot be statically analyzed. Use the overload that takes a JsonTypeInfo or JsonSerializerContext, or make sure all of the required types are preserved. [/home/runner/work/Market-Data-Collector/Market-Data-Collector/src/MarketDataCollector/MarketDataCollector.csproj]
/home/runner/work/Market-Data-Collector/Market-Data-Collector/src/MarketDataCollector/Application/Monitoring/StatusHttpServer.cs(305,20): warning IL2026: Using member 'System.Text.Json.JsonSerializer.Serialize<TValue>(TValue, JsonSerializerOptions)' which has 'RequiresUnreferencedCodeAttribute' can break functionality when trimming application code. JSON serialization and deserialization might require types that cannot be statically analyzed. Use the overload that takes a JsonTypeInfo or JsonSerializerContext, or make sure all of the required types are preserved. [/home/runner/work/Market-Data-Collector/Market-Data-Collector/src/MarketDataCollector/MarketDataCollector.csproj]
/home/runner/work/Market-Data-Collector/Market-Data-Collector/src/MarketDataCollector/Application/Monitoring/StatusHttpServer.cs(360,20): warning IL2026: Using member 'System.Text.Json.JsonSerializer.Serialize<TValue>(TValue, JsonSerializerOptions)' which has 'RequiresUnreferencedCodeAttribute' can break functionality when trimming application code. JSON serialization and deserialization might require types that cannot be statically analyzed. Use the overload that takes a JsonTypeInfo or JsonSerializerContext, or make sure all of the required types are preserved. [/home/runner/work/Market-Data-Collector/Market-Data-Collector/src/MarketDataCollector/MarketDataCollector.csproj]
/home/runner/work/Market-Data-Collector/Market-Data-Collector/src/MarketDataCollector/Application/Monitoring/ProviderLatencyService.cs(163,16): warning IL2026: Using member 'System.Text.Json.JsonSerializer.Serialize<TValue>(TValue, JsonSerializerOptions)' which has 'RequiresUnreferencedCodeAttribute' can break functionality when trimming application code. JSON serialization and deserialization might require types that cannot be statically analyzed. Use the overload that takes a JsonTypeInfo or JsonSerializerContext, or make sure all of the required types are preserved. [/home/runner/work/Market-Data-Collector/Market-Data-Collector/src/MarketDataCollector/MarketDataCollector.csproj]
/home/runner/work/Market-Data-Collector/Market-Data-Collector/src/MarketDataCollector/Application/Monitoring/StatusHttpServer.cs(377,24): warning IL2026: Using member 'System.Text.Json.JsonSerializer.Serialize<TValue>(TValue, JsonSerializerOptions)' which has 'RequiresUnreferencedCodeAttribute' can break functionality when trimming application code. JSON serialization and deserialization might require types that cannot be statically analyzed. Use the overload that takes a JsonTypeInfo or JsonSerializerContext, or make sure all of the required types are preserved. [/home/runner/work/Market-Data-Collector/Market-Data-Collector/src/MarketDataCollector/MarketDataCollector.csproj]
/home/runner/work/Market-Data-Collector/Market-Data-Collector/src/MarketDataCollector/Application/Monitoring/StatusHttpServer.cs(392,26): warning IL2026: Using member 'System.Text.Json.JsonSerializer.Serialize<TValue>(TValue, JsonSerializerOptions)' which has 'RequiresUnreferencedCodeAttribute' can break functionality when trimming application code. JSON serialization and deserialization might require types that cannot be statically analyzed. Use the overload that takes a JsonTypeInfo or JsonSerializerContext, or make sure all of the required types are preserved. [/home/runner/work/Market-Data-Collector/Market-Data-Collector/src/MarketDataCollector/MarketDataCollector.csproj]
/home/runner/work/Market-Data-Collector/Market-Data-Collector/src/MarketDataCollector/Application/Monitoring/StatusHttpServer.cs(453,23): warning IL2026: Using member 'System.Text.Json.JsonSerializer.Serialize<TValue>(TValue, JsonSerializerOptions)' which has 'RequiresUnreferencedCodeAttribute' can break functionality when trimming application code. JSON serialization and deserialization might require types that cannot be statically analyzed. Use the overload that takes a JsonTypeInfo or JsonSerializerContext, or make sure all of the required types are preserved. [/home/runner/work/Market-Data-Collector/Market-Data-Collector/src/MarketDataCollector/MarketDataCollector.csproj]
/home/runner/work/Market-Data-Collector/Market-Data-Collector/src/MarketDataCollector/Application/Monitoring/StatusHttpServer.cs(466,20): warning IL2026: Using member 'System.Text.Json.JsonSerializer.Serialize<TValue>(TValue, JsonSerializerOptions)' which has 'RequiresUnreferencedCodeAttribute' can break functionality when trimming application code. JSON serialization and deserialization might require types that cannot be statically analyzed. Use the overload that takes a JsonTypeInfo or JsonSerializerContext, or make sure all of the required types are preserved. [/home/runner/work/Market-Data-Collector/Market-Data-Collector/src/MarketDataCollector/MarketDataCollector.csproj]
/home/runner/work/Market-Data-Collector/Market-Data-Collector/src/MarketDataCollector/Application/Monitoring/StatusHttpServer.cs(482,24): warning IL2026: Using member 'System.Text.Json.JsonSerializer.Serialize<TValue>(TValue, JsonSerializerOptions)' which has 'RequiresUnreferencedCodeAttribute' can break functionality when trimming application code. JSON serialization and deserialization might require types that cannot be statically analyzed. Use the overload that takes a JsonTypeInfo or JsonSerializerContext, or make sure all of the required types are preserved. [/home/runner/work/Market-Data-Collector/Market-Data-Collector/src/MarketDataCollector/MarketDataCollector.csproj]
/home/runner/work/Market-Data-Collector/Market-Data-Collector/src/MarketDataCollector/Application/Monitoring/StatusHttpServer.cs(487,28): warning IL2026: Using member 'System.Text.Json.JsonSerializer.Serialize<TValue>(TValue, JsonSerializerOptions)' which has 'RequiresUnreferencedCodeAttribute' can break functionality when trimming application code. JSON serialization and deserialization might require types that cannot be statically analyzed. Use the overload that takes a JsonTypeInfo or JsonSerializerContext, or make sure all of the required types are preserved. [/home/runner/work/Market-Data-Collector/Market-Data-Collector/src/MarketDataCollector/MarketDataCollector.csproj]
/home/runner/work/Market-Data-Collector/Market-Data-Collector/src/MarketDataCollector/Application/Monitoring/StatusHttpServer.cs(503,24): warning IL2026: Using member 'System.Text.Json.JsonSerializer.Serialize<TValue>(TValue, JsonSerializerOptions)' which has 'RequiresUnreferencedCodeAttribute' can break functionality when trimming application code. JSON serialization and deserialization might require types that cannot be statically analyzed. Use the overload that takes a JsonTypeInfo or JsonSerializerContext, or make sure all of the required types are preserved. [/home/runner/work/Market-Data-Collector/Market-Data-Collector/src/MarketDataCollector/MarketDataCollector.csproj]
/home/runner/work/Market-Data-Collector/Market-Data-Collector/src/MarketDataCollector/Application/Monitoring/StatusHttpServer.cs(508,28): warning IL2026: Using member 'System.Text.Json.JsonSerializer.Serialize<TValue>(TValue, JsonSerializerOptions)' which has 'RequiresUnreferencedCodeAttribute' can break functionality when trimming application code. JSON serialization and deserialization might require types that cannot be statically analyzed. Use the overload that takes a JsonTypeInfo or JsonSerializerContext, or make sure all of the required types are preserved. [/home/runner/work/Market-Data-Collector/Market-Data-Collector/src/MarketDataCollector/MarketDataCollector.csproj]
/home/runner/work/Market-Data-Collector/Market-Data-Collector/src/MarketDataCollector/Application/Http/Endpoints/DataQualityEndpoints.cs(25,9): warning IL2026: Using member 'Microsoft.AspNetCore.Builder.EndpointRouteBuilderExtensions.MapGet(IEndpointRouteBuilder, String, Delegate)' which has 'RequiresUnreferencedCodeAttribute' can break functionality when trimming application code. This API may perform reflection on the supplied delegate and its parameters. These types may be trimmed if not directly referenced. [/home/runner/work/Market-Data-Collector/Market-Data-Collector/src/MarketDataCollector/MarketDataCollector.csproj]
/home/runner/work/Market-Data-Collector/Market-Data-Collector/src/MarketDataCollector/Application/Http/Endpoints/DataQualityEndpoints.cs(38,9): warning IL2026: Using member 'Microsoft.AspNetCore.Builder.EndpointRouteBuilderExtensions.MapGet(IEndpointRouteBuilder, String, Delegate)' which has 'RequiresUnreferencedCodeAttribute' can break functionality when trimming application code. This API may perform reflection on the supplied delegate and its parameters. These types may be trimmed if not directly referenced. [/home/runner/work/Market-Data-Collector/Market-Data-Collector/src/MarketDataCollector/MarketDataCollector.csproj]
/home/runner/work/Market-Data-Collector/Market-Data-Collector/src/MarketDataCollector/Application/Http/Endpoints/DataQualityEndpoints.cs(53,9): warning IL2026: Using member 'Microsoft.AspNetCore.Builder.EndpointRouteBuilderExtensions.MapGet(IEndpointRouteBuilder, String, Delegate)' which has 'RequiresUnreferencedCodeAttribute' can break functionality when trimming application code. This API may perform reflection on the supplied delegate and its parameters. These types may be trimmed if not directly referenced. [/home/runner/work/Market-Data-Collector/Market-Data-Collector/src/MarketDataCollector/MarketDataCollector.csproj]
/home/runner/work/Market-Data-Collector/Market-Data-Collector/src/MarketDataCollector/Application/Http/Endpoints/DataQualityEndpoints.cs(70,9): warning IL2026: Using member 'Microsoft.AspNetCore.Builder.EndpointRouteBuilderExtensions.MapGet(IEndpointRouteBuilder, String, Delegate)' which has 'RequiresUnreferencedCodeAttribute' can break functionality when trimming application code. This API may perform reflection on the supplied delegate and its parameters. These types may be trimmed if not directly referenced. [/home/runner/work/Market-Data-Collector/Market-Data-Collector/src/MarketDataCollector/MarketDataCollector.csproj]
/home/runner/work/Market-Data-Collector/Market-Data-Collector/src/MarketDataCollector/Application/Http/Endpoints/DataQualityEndpoints.cs(92,9): warning IL2026: Using member 'Microsoft.AspNetCore.Builder.EndpointRouteBuilderExtensions.MapGet(IEndpointRouteBuilder, String, Delegate)' which has 'RequiresUnreferencedCodeAttribute' can break functionality when trimming application code. This API may perform reflection on the supplied delegate and its parameters. These types may be trimmed if not directly referenced. [/home/runner/work/Market-Data-Collector/Market-Data-Collector/src/MarketDataCollector/MarketDataCollector.csproj]
/home/runner/work/Market-Data-Collector/Market-Data-Collector/src/MarketDataCollector/Application/Http/Endpoints/DataQualityEndpoints.cs(105,9): warning IL2026: Using member 'Microsoft.AspNetCore.Builder.EndpointRouteBuilderExtensions.MapGet(IEndpointRouteBuilder, String, Delegate)' which has 'RequiresUnreferencedCodeAttribute' can break functionality when trimming application code. This API may perform reflection on the supplied delegate and its parameters. These types may be trimmed if not directly referenced. [/home/runner/work/Market-Data-Collector/Market-Data-Collector/src/MarketDataCollector/MarketDataCollector.csproj]
/home/runner/work/Market-Data-Collector/Market-Data-Collector/src/MarketDataCollector/Application/Http/Endpoints/DataQualityEndpoints.cs(124,9): warning IL2026: Using member 'Microsoft.AspNetCore.Builder.EndpointRouteBuilderExtensions.MapGet(IEndpointRouteBuilder, String, Delegate)' which has 'RequiresUnreferencedCodeAttribute' can break functionality when trimming application code. This API may perform reflection on the supplied delegate and its parameters. These types may be trimmed if not directly referenced. [/home/runner/work/Market-Data-Collector/Market-Data-Collector/src/MarketDataCollector/MarketDataCollector.csproj]
/home/runner/work/Market-Data-Collector/Market-Data-Collector/src/MarketDataCollector/Application/Http/Endpoints/DataQualityEndpoints.cs(144,9): warning IL2026: Using member 'Microsoft.AspNetCore.Builder.EndpointRouteBuilderExtensions.MapGet(IEndpointRouteBuilder, String, Delegate)' which has 'RequiresUnreferencedCodeAttribute' can break functionality when trimming application code. This API may perform reflection on the supplied delegate and its parameters. These types may be trimmed if not directly referenced. [/home/runner/work/Market-Data-Collector/Market-Data-Collector/src/MarketDataCollector/MarketDataCollector.csproj]
/home/runner/work/Market-Data-Collector/Market-Data-Collector/src/MarketDataCollector/Application/Http/Endpoints/DataQualityEndpoints.cs(161,9): warning IL2026: Using member 'Microsoft.AspNetCore.Builder.EndpointRouteBuilderExtensions.MapGet(IEndpointRouteBuilder, String, Delegate)' which has 'RequiresUnreferencedCodeAttribute' can break functionality when trimming application code. This API may perform reflection on the supplied delegate and its parameters. These types may be trimmed if not directly referenced. [/home/runner/work/Market-Data-Collector/Market-Data-Collector/src/MarketDataCollector/MarketDataCollector.csproj]
/home/runner/work/Market-Data-Collector/Market-Data-Collector/src/MarketDataCollector/Application/Http/Endpoints/DataQualityEndpoints.cs(178,9): warning IL2026: Using member 'Microsoft.AspNetCore.Builder.EndpointRouteBuilderExtensions.MapGet(IEndpointRouteBuilder, String, Delegate)' which has 'RequiresUnreferencedCodeAttribute' can break functionality when trimming application code. This API may perform reflection on the supplied delegate and its parameters. These types may be trimmed if not directly referenced. [/home/runner/work/Market-Data-Collector/Market-Data-Collector/src/MarketDataCollector/MarketDataCollector.csproj]
/home/runner/work/Market-Data-Collector/Market-Data-Collector/src/MarketDataCollector/Application/Http/Endpoints/DataQualityEndpoints.cs(197,9): warning IL2026: Using member 'Microsoft.AspNetCore.Builder.EndpointRouteBuilderExtensions.MapGet(IEndpointRouteBuilder, String, Delegate)' which has 'RequiresUnreferencedCodeAttribute' can break functionality when trimming application code. This API may perform reflection on the supplied delegate and its parameters. These types may be trimmed if not directly referenced. [/home/runner/work/Market-Data-Collector/Market-Data-Collector/src/MarketDataCollector/MarketDataCollector.csproj]
/home/runner/work/Market-Data-Collector/Market-Data-Collector/src/MarketDataCollector/Application/Http/Endpoints/DataQualityEndpoints.cs(217,9): warning IL2026: Using member 'Microsoft.AspNetCore.Builder.EndpointRouteBuilderExtensions.MapGet(IEndpointRouteBuilder, String, Delegate)' which has 'RequiresUnreferencedCodeAttribute' can break functionality when trimming application code. This API may perform reflection on the supplied delegate and its parameters. These types may be trimmed if not directly referenced. [/home/runner/work/Market-Data-Collector/Market-Data-Collector/src/MarketDataCollector/MarketDataCollector.csproj]
/home/runner/work/Market-Data-Collector/Market-Data-Collector/src/MarketDataCollector/Application/Http/Endpoints/DataQualityEndpoints.cs(231,9): warning IL2026: Using member 'Microsoft.AspNetCore.Builder.EndpointRouteBuilderExtensions.MapGet(IEndpointRouteBuilder, String, Delegate)' which has 'RequiresUnreferencedCodeAttribute' can break functionality when trimming application code. This API may perform reflection on the supplied delegate and its parameters. These types may be trimmed if not directly referenced. [/home/runner/work/Market-Data-Collector/Market-Data-Collector/src/MarketDataCollector/MarketDataCollector.csproj]
/home/runner/work/Market-Data-Collector/Market-Data-Collector/src/MarketDataCollector/Application/Http/Endpoints/DataQualityEndpoints.cs(244,9): warning IL2026: Using member 'Microsoft.AspNetCore.Builder.EndpointRouteBuilderExtensions.MapGet(IEndpointRouteBuilder, String, Delegate)' which has 'RequiresUnreferencedCodeAttribute' can break functionality when trimming application code. This API may perform reflection on the supplied delegate and its parameters. These types may be trimmed if not directly referenced. [/home/runner/work/Market-Data-Collector/Market-Data-Collector/src/MarketDataCollector/MarketDataCollector.csproj]
/home/runner/work/Market-Data-Collector/Market-Data-Collector/src/MarketDataCollector/Application/Http/Endpoints/DataQualityEndpoints.cs(259,9): warning IL2026: Using member 'Microsoft.AspNetCore.Builder.EndpointRouteBuilderExtensions.MapGet(IEndpointRouteBuilder, String, Delegate)' which has 'RequiresUnreferencedCodeAttribute' can break functionality when trimming application code. This API may perform reflection on the supplied delegate and its parameters. These types may be trimmed if not directly referenced. [/home/runner/work/Market-Data-Collector/Market-Data-Collector/src/MarketDataCollector/MarketDataCollector.csproj]
/home/runner/work/Market-Data-Collector/Market-Data-Collector/src/MarketDataCollector/Application/Http/Endpoints/DataQualityEndpoints.cs(291,9): warning IL2026: Using member 'Microsoft.AspNetCore.Builder.EndpointRouteBuilderExtensions.MapGet(IEndpointRouteBuilder, String, Delegate)' which has 'RequiresUnreferencedCodeAttribute' can break functionality when trimming application code. This API may perform reflection on the supplied delegate and its parameters. These types may be trimmed if not directly referenced. [/home/runner/work/Market-Data-Collector/Market-Data-Collector/src/MarketDataCollector/MarketDataCollector.csproj]
/home/runner/work/Market-Data-Collector/Market-Data-Collector/src/MarketDataCollector/Application/Http/Endpoints/DataQualityEndpoints.cs(304,9): warning IL2026: Using member 'Microsoft.AspNetCore.Builder.EndpointRouteBuilderExtensions.MapGet(IEndpointRouteBuilder, String, Delegate)' which has 'RequiresUnreferencedCodeAttribute' can break functionality when trimming application code. This API may perform reflection on the supplied delegate and its parameters. These types may be trimmed if not directly referenced. [/home/runner/work/Market-Data-Collector/Market-Data-Collector/src/MarketDataCollector/MarketDataCollector.csproj]
/home/runner/work/Market-Data-Collector/Market-Data-Collector/src/MarketDataCollector/Application/Http/Endpoints/DataQualityEndpoints.cs(317,9): warning IL2026: Using member 'Microsoft.AspNetCore.Builder.EndpointRouteBuilderExtensions.MapPost(IEndpointRouteBuilder, String, Delegate)' which has 'RequiresUnreferencedCodeAttribute' can break functionality when trimming application code. This API may perform reflection on the supplied delegate and its parameters. These types may be trimmed if not directly referenced. [/home/runner/work/Market-Data-Collector/Market-Data-Collector/src/MarketDataCollector/MarketDataCollector.csproj]
/home/runner/work/Market-Data-Collector/Market-Data-Collector/src/MarketDataCollector/Application/Http/Endpoints/DataQualityEndpoints.cs(332,9): warning IL2026: Using member 'Microsoft.AspNetCore.Builder.EndpointRouteBuilderExtensions.MapGet(IEndpointRouteBuilder, String, Delegate)' which has 'RequiresUnreferencedCodeAttribute' can break functionality when trimming application code. This API may perform reflection on the supplied delegate and its parameters. These types may be trimmed if not directly referenced. [/home/runner/work/Market-Data-Collector/Market-Data-Collector/src/MarketDataCollector/MarketDataCollector.csproj]
/home/runner/work/Market-Data-Collector/Market-Data-Collector/src/MarketDataCollector/Application/Http/Endpoints/DataQualityEndpoints.cs(345,9): warning IL2026: Using member 'Microsoft.AspNetCore.Builder.EndpointRouteBuilderExtensions.MapGet(IEndpointRouteBuilder, String, Delegate)' which has 'RequiresUnreferencedCodeAttribute' can break functionality when trimming application code. This API may perform reflection on the supplied delegate and its parameters. These types may be trimmed if not directly referenced. [/home/runner/work/Market-Data-Collector/Market-Data-Collector/src/MarketDataCollector/MarketDataCollector.csproj]
/home/runner/work/Market-Data-Collector/Market-Data-Collector/src/MarketDataCollector/Application/Http/Endpoints/DataQualityEndpoints.cs(360,9): warning IL2026: Using member 'Microsoft.AspNetCore.Builder.EndpointRouteBuilderExtensions.MapGet(IEndpointRouteBuilder, String, Delegate)' which has 'RequiresUnreferencedCodeAttribute' can break functionality when trimming application code. This API may perform reflection on the supplied delegate and its parameters. These types may be trimmed if not directly referenced. [/home/runner/work/Market-Data-Collector/Market-Data-Collector/src/MarketDataCollector/MarketDataCollector.csproj]
/home/runner/work/Market-Data-Collector/Market-Data-Collector/src/MarketDataCollector/Application/Http/Endpoints/DataQualityEndpoints.cs(373,9): warning IL2026: Using member 'Microsoft.AspNetCore.Builder.EndpointRouteBuilderExtensions.MapGet(IEndpointRouteBuilder, String, Delegate)' which has 'RequiresUnreferencedCodeAttribute' can break functionality when trimming application code. This API may perform reflection on the supplied delegate and its parameters. These types may be trimmed if not directly referenced. [/home/runner/work/Market-Data-Collector/Market-Data-Collector/src/MarketDataCollector/MarketDataCollector.csproj]
/home/runner/work/Market-Data-Collector/Market-Data-Collector/src/MarketDataCollector/Application/Http/Endpoints/DataQualityEndpoints.cs(388,9): warning IL2026: Using member 'Microsoft.AspNetCore.Builder.EndpointRouteBuilderExtensions.MapGet(IEndpointRouteBuilder, String, Delegate)' which has 'RequiresUnreferencedCodeAttribute' can break functionality when trimming application code. This API may perform reflection on the supplied delegate and its parameters. These types may be trimmed if not directly referenced. [/home/runner/work/Market-Data-Collector/Market-Data-Collector/src/MarketDataCollector/MarketDataCollector.csproj]
/home/runner/work/Market-Data-Collector/Market-Data-Collector/src/MarketDataCollector/Application/Http/Endpoints/DataQualityEndpoints.cs(401,9): warning IL2026: Using member 'Microsoft.AspNetCore.Builder.EndpointRouteBuilderExtensions.MapGet(IEndpointRouteBuilder, String, Delegate)' which has 'RequiresUnreferencedCodeAttribute' can break functionality when trimming application code. This API may perform reflection on the supplied delegate and its parameters. These types may be trimmed if not directly referenced. [/home/runner/work/Market-Data-Collector/Market-Data-Collector/src/MarketDataCollector/MarketDataCollector.csproj]
/home/runner/work/Market-Data-Collector/Market-Data-Collector/src/MarketDataCollector/Application/Http/Endpoints/DataQualityEndpoints.cs(414,9): warning IL2026: Using member 'Microsoft.AspNetCore.Builder.EndpointRouteBuilderExtensions.MapGet(IEndpointRouteBuilder, String, Delegate)' which has 'RequiresUnreferencedCodeAttribute' can break functionality when trimming application code. This API may perform reflection on the supplied delegate and its parameters. These types may be trimmed if not directly referenced. [/home/runner/work/Market-Data-Collector/Market-Data-Collector/src/MarketDataCollector/MarketDataCollector.csproj]
/home/runner/work/Market-Data-Collector/Market-Data-Collector/src/MarketDataCollector/Application/Http/Endpoints/DataQualityEndpoints.cs(429,9): warning IL2026: Using member 'Microsoft.AspNetCore.Builder.EndpointRouteBuilderExtensions.MapGet(IEndpointRouteBuilder, String, Delegate)' which has 'RequiresUnreferencedCodeAttribute' can break functionality when trimming application code. This API may perform reflection on the supplied delegate and its parameters. These types may be trimmed if not directly referenced. [/home/runner/work/Market-Data-Collector/Market-Data-Collector/src/MarketDataCollector/MarketDataCollector.csproj]
/home/runner/work/Market-Data-Collector/Market-Data-Collector/src/MarketDataCollector/Application/Http/Endpoints/DataQualityEndpoints.cs(446,9): warning IL2026: Using member 'Microsoft.AspNetCore.Builder.EndpointRouteBuilderExtensions.MapGet(IEndpointRouteBuilder, String, Delegate)' which has 'RequiresUnreferencedCodeAttribute' can break functionality when trimming application code. This API may perform reflection on the supplied delegate and its parameters. These types may be trimmed if not directly referenced. [/home/runner/work/Market-Data-Collector/Market-Data-Collector/src/MarketDataCollector/MarketDataCollector.csproj]
/home/runner/work/Market-Data-Collector/Market-Data-Collector/src/MarketDataCollector/Application/Http/Endpoints/DataQualityEndpoints.cs(469,9): warning IL2026: Using member 'Microsoft.AspNetCore.Builder.EndpointRouteBuilderExtensions.MapGet(IEndpointRouteBuilder, String, Delegate)' which has 'RequiresUnreferencedCodeAttribute' can break functionality when trimming application code. This API may perform reflection on the supplied delegate and its parameters. These types may be trimmed if not directly referenced. [/home/runner/work/Market-Data-Collector/Market-Data-Collector/src/MarketDataCollector/MarketDataCollector.csproj]
/home/runner/work/Market-Data-Collector/Market-Data-Collector/src/MarketDataCollector/Application/Http/Endpoints/DataQualityEndpoints.cs(484,9): warning IL2026: Using member 'Microsoft.AspNetCore.Builder.EndpointRouteBuilderExtensions.MapGet(IEndpointRouteBuilder, String, Delegate)' which has 'RequiresUnreferencedCodeAttribute' can break functionality when trimming application code. This API may perform reflection on the supplied delegate and its parameters. These types may be trimmed if not directly referenced. [/home/runner/work/Market-Data-Collector/Market-Data-Collector/src/MarketDataCollector/MarketDataCollector.csproj]
/home/runner/work/Market-Data-Collector/Market-Data-Collector/src/MarketDataCollector/Application/Http/Endpoints/DataQualityEndpoints.cs(501,9): warning IL2026: Using member 'Microsoft.AspNetCore.Builder.EndpointRouteBuilderExtensions.MapGet(IEndpointRouteBuilder, String, Delegate)' which has 'RequiresUnreferencedCodeAttribute' can break functionality when trimming application code. This API may perform reflection on the supplied delegate and its parameters. These types may be trimmed if not directly referenced. [/home/runner/work/Market-Data-Collector/Market-Data-Collector/src/MarketDataCollector/MarketDataCollector.csproj]
/home/runner/work/Market-Data-Collector/Market-Data-Collector/src/MarketDataCollector/Application/Http/Endpoints/DataQualityEndpoints.cs(526,9): warning IL2026: Using member 'Microsoft.AspNetCore.Builder.EndpointRouteBuilderExtensions.MapPost(IEndpointRouteBuilder, String, Delegate)' which has 'RequiresUnreferencedCodeAttribute' can break functionality when trimming application code. This API may perform reflection on the supplied delegate and its parameters. These types may be trimmed if not directly referenced. [/home/runner/work/Market-Data-Collector/Market-Data-Collector/src/MarketDataCollector/MarketDataCollector.csproj]
/home/runner/work/Market-Data-Collector/Market-Data-Collector/src/MarketDataCollector/Application/Http/Endpoints/DataQualityEndpoints.cs(550,9): warning IL2026: Using member 'Microsoft.AspNetCore.Builder.EndpointRouteBuilderExtensions.MapGet(IEndpointRouteBuilder, String, Delegate)' which has 'RequiresUnreferencedCodeAttribute' can break functionality when trimming application code. This API may perform reflection on the supplied delegate and its parameters. These types may be trimmed if not directly referenced. [/home/runner/work/Market-Data-Collector/Market-Data-Collector/src/MarketDataCollector/MarketDataCollector.csproj]
/home/runner/work/Market-Data-Collector/Market-Data-Collector/src/MarketDataCollector/Application/Http/Endpoints/DataQualityEndpoints.cs(580,9): warning IL2026: Using member 'Microsoft.AspNetCore.Builder.EndpointRouteBuilderExtensions.MapGet(IEndpointRouteBuilder, String, Delegate)' which has 'RequiresUnreferencedCodeAttribute' can break functionality when trimming application code. This API may perform reflection on the supplied delegate and its parameters. These types may be trimmed if not directly referenced. [/home/runner/work/Market-Data-Collector/Market-Data-Collector/src/MarketDataCollector/MarketDataCollector.csproj]
/home/runner/work/Market-Data-Collector/Market-Data-Collector/src/MarketDataCollector/Application/Http/Endpoints/DataQualityEndpoints.cs(595,9): warning IL2026: Using member 'Microsoft.AspNetCore.Builder.EndpointRouteBuilderExtensions.MapGet(IEndpointRouteBuilder, String, Delegate)' which has 'RequiresUnreferencedCodeAttribute' can break functionality when trimming application code. This API may perform reflection on the supplied delegate and its parameters. These types may be trimmed if not directly referenced. [/home/runner/work/Market-Data-Collector/Market-Data-Collector/src/MarketDataCollector/MarketDataCollector.csproj]
/home/runner/work/Market-Data-Collector/Market-Data-Collector/src/MarketDataCollector/Application/Http/Endpoints/DataQualityEndpoints.cs(30,24): warning IL2026: Using member 'Microsoft.AspNetCore.Http.Results.Json<TValue>(TValue, JsonSerializerOptions, String, Int32?)' which has 'RequiresUnreferencedCodeAttribute' can break functionality when trimming application code. JSON serialization and deserialization might require types that cannot be statically analyzed. Use the overload that takes a JsonTypeInfo or JsonSerializerContext. [/home/runner/work/Market-Data-Collector/Market-Data-Collector/src/MarketDataCollector/MarketDataCollector.csproj]
/home/runner/work/Market-Data-Collector/Market-Data-Collector/src/MarketDataCollector/Application/Http/Endpoints/DataQualityEndpoints.cs(43,24): warning IL2026: Using member 'Microsoft.AspNetCore.Http.Results.Json<TValue>(TValue, JsonSerializerOptions, String, Int32?)' which has 'RequiresUnreferencedCodeAttribute' can break functionality when trimming application code. JSON serialization and deserialization might require types that cannot be statically analyzed. Use the overload that takes a JsonTypeInfo or JsonSerializerContext. [/home/runner/work/Market-Data-Collector/Market-Data-Collector/src/MarketDataCollector/MarketDataCollector.csproj]
/home/runner/work/Market-Data-Collector/Market-Data-Collector/src/MarketDataCollector/Application/Http/Endpoints/DataQualityEndpoints.cs(62,24): warning IL2026: Using member 'Microsoft.AspNetCore.Http.Results.Json<TValue>(TValue, JsonSerializerOptions, String, Int32?)' which has 'RequiresUnreferencedCodeAttribute' can break functionality when trimming application code. JSON serialization and deserialization might require types that cannot be statically analyzed. Use the overload that takes a JsonTypeInfo or JsonSerializerContext. [/home/runner/work/Market-Data-Collector/Market-Data-Collector/src/MarketDataCollector/MarketDataCollector.csproj]
/home/runner/work/Market-Data-Collector/Market-Data-Collector/src/MarketDataCollector/Application/Http/Endpoints/DataQualityEndpoints.cs(79,27): warning IL2026: Using member 'Microsoft.AspNetCore.Http.Results.Json<TValue>(TValue, JsonSerializerOptions, String, Int32?)' which has 'RequiresUnreferencedCodeAttribute' can break functionality when trimming application code. JSON serialization and deserialization might require types that cannot be statically analyzed. Use the overload that takes a JsonTypeInfo or JsonSerializerContext. [/home/runner/work/Market-Data-Collector/Market-Data-Collector/src/MarketDataCollector/MarketDataCollector.csproj]
/home/runner/work/Market-Data-Collector/Market-Data-Collector/src/MarketDataCollector/Application/Http/Endpoints/DataQualityEndpoints.cs(84,24): warning IL2026: Using member 'Microsoft.AspNetCore.Http.Results.Json<TValue>(TValue, JsonSerializerOptions, String, Int32?)' which has 'RequiresUnreferencedCodeAttribute' can break functionality when trimming application code. JSON serialization and deserialization might require types that cannot be statically analyzed. Use the overload that takes a JsonTypeInfo or JsonSerializerContext. [/home/runner/work/Market-Data-Collector/Market-Data-Collector/src/MarketDataCollector/MarketDataCollector.csproj]
/home/runner/work/Market-Data-Collector/Market-Data-Collector/src/MarketDataCollector/Application/Http/Endpoints/DataQualityEndpoints.cs(97,24): warning IL2026: Using member 'Microsoft.AspNetCore.Http.Results.Json<TValue>(TValue, JsonSerializerOptions, String, Int32?)' which has 'RequiresUnreferencedCodeAttribute' can break functionality when trimming application code. JSON serialization and deserialization might require types that cannot be statically analyzed. Use the overload that takes a JsonTypeInfo or JsonSerializerContext. [/home/runner/work/Market-Data-Collector/Market-Data-Collector/src/MarketDataCollector/MarketDataCollector.csproj]
/home/runner/work/Market-Data-Collector/Market-Data-Collector/src/MarketDataCollector/Application/Http/Endpoints/DataQualityEndpoints.cs(114,24): warning IL2026: Using member 'Microsoft.AspNetCore.Http.Results.Json<TValue>(TValue, JsonSerializerOptions, String, Int32?)' which has 'RequiresUnreferencedCodeAttribute' can break functionality when trimming application code. JSON serialization and deserialization might require types that cannot be statically analyzed. Use the overload that takes a JsonTypeInfo or JsonSerializerContext. [/home/runner/work/Market-Data-Collector/Market-Data-Collector/src/MarketDataCollector/MarketDataCollector.csproj]
/home/runner/work/Market-Data-Collector/Market-Data-Collector/src/MarketDataCollector/Application/Http/Endpoints/DataQualityEndpoints.cs(132,28): warning IL2026: Using member 'Microsoft.AspNetCore.Http.Results.Json<TValue>(TValue, JsonSerializerOptions, String, Int32?)' which has 'RequiresUnreferencedCodeAttribute' can break functionality when trimming application code. JSON serialization and deserialization might require types that cannot be statically analyzed. Use the overload that takes a JsonTypeInfo or JsonSerializerContext. [/home/runner/work/Market-Data-Collector/Market-Data-Collector/src/MarketDataCollector/MarketDataCollector.csproj]
/home/runner/work/Market-Data-Collector/Market-Data-Collector/src/MarketDataCollector/Application/Http/Endpoints/DataQualityEndpoints.cs(136,24): warning IL2026: Using member 'Microsoft.AspNetCore.Http.Results.Json<TValue>(TValue, JsonSerializerOptions, String, Int32?)' which has 'RequiresUnreferencedCodeAttribute' can break functionality when trimming application code. JSON serialization and deserialization might require types that cannot be statically analyzed. Use the overload that takes a JsonTypeInfo or JsonSerializerContext. [/home/runner/work/Market-Data-Collector/Market-Data-Collector/src/MarketDataCollector/MarketDataCollector.csproj]
/home/runner/work/Market-Data-Collector/Market-Data-Collector/src/MarketDataCollector/Application/Http/Endpoints/DataQualityEndpoints.cs(153,24): warning IL2026: Using member 'Microsoft.AspNetCore.Http.Results.Json<TValue>(TValue, JsonSerializerOptions, String, Int32?)' which has 'RequiresUnreferencedCodeAttribute' can break functionality when trimming application code. JSON serialization and deserialization might require types that cannot be statically analyzed. Use the overload that takes a JsonTypeInfo or JsonSerializerContext. [/home/runner/work/Market-Data-Collector/Market-Data-Collector/src/MarketDataCollector/MarketDataCollector.csproj]
/home/runner/work/Market-Data-Collector/Market-Data-Collector/src/MarketDataCollector/Application/Http/Endpoints/DataQualityEndpoints.cs(170,24): warning IL2026: Using member 'Microsoft.AspNetCore.Http.Results.Json<TValue>(TValue, JsonSerializerOptions, String, Int32?)' which has 'RequiresUnreferencedCodeAttribute' can break functionality when trimming application code. JSON serialization and deserialization might require types that cannot be statically analyzed. Use the overload that takes a JsonTypeInfo or JsonSerializerContext. [/home/runner/work/Market-Data-Collector/Market-Data-Collector/src/MarketDataCollector/MarketDataCollector.csproj]
/home/runner/work/Market-Data-Collector/Market-Data-Collector/src/MarketDataCollector/Application/Http/Endpoints/DataQualityEndpoints.cs(187,24): warning IL2026: Using member 'Microsoft.AspNetCore.Http.Results.Json<TValue>(TValue, JsonSerializerOptions, String, Int32?)' which has 'RequiresUnreferencedCodeAttribute' can break functionality when trimming application code. JSON serialization and deserialization might require types that cannot be statically analyzed. Use the overload that takes a JsonTypeInfo or JsonSerializerContext. [/home/runner/work/Market-Data-Collector/Market-Data-Collector/src/MarketDataCollector/MarketDataCollector.csproj]
/home/runner/work/Market-Data-Collector/Market-Data-Collector/src/MarketDataCollector/Application/Http/Endpoints/DataQualityEndpoints.cs(205,28): warning IL2026: Using member 'Microsoft.AspNetCore.Http.Results.Json<TValue>(TValue, JsonSerializerOptions, String, Int32?)' which has 'RequiresUnreferencedCodeAttribute' can break functionality when trimming application code. JSON serialization and deserialization might require types that cannot be statically analyzed. Use the overload that takes a JsonTypeInfo or JsonSerializerContext. [/home/runner/work/Market-Data-Collector/Market-Data-Collector/src/MarketDataCollector/MarketDataCollector.csproj]
/home/runner/work/Market-Data-Collector/Market-Data-Collector/src/MarketDataCollector/Application/Http/Endpoints/DataQualityEndpoints.cs(209,24): warning IL2026: Using member 'Microsoft.AspNetCore.Http.Results.Json<TValue>(TValue, JsonSerializerOptions, String, Int32?)' which has 'RequiresUnreferencedCodeAttribute' can break functionality when trimming application code. JSON serialization and deserialization might require types that cannot be statically analyzed. Use the overload that takes a JsonTypeInfo or JsonSerializerContext. [/home/runner/work/Market-Data-Collector/Market-Data-Collector/src/MarketDataCollector/MarketDataCollector.csproj]
/home/runner/work/Market-Data-Collector/Market-Data-Collector/src/MarketDataCollector/Application/Http/Endpoints/DataQualityEndpoints.cs(223,24): warning IL2026: Using member 'Microsoft.AspNetCore.Http.Results.Json<TValue>(TValue, JsonSerializerOptions, String, Int32?)' which has 'RequiresUnreferencedCodeAttribute' can break functionality when trimming application code. JSON serialization and deserialization might require types that cannot be statically analyzed. Use the overload that takes a JsonTypeInfo or JsonSerializerContext. [/home/runner/work/Market-Data-Collector/Market-Data-Collector/src/MarketDataCollector/MarketDataCollector.csproj]
/home/runner/work/Market-Data-Collector/Market-Data-Collector/src/MarketDataCollector/Application/Http/Endpoints/DataQualityEndpoints.cs(236,24): warning IL2026: Using member 'Microsoft.AspNetCore.Http.Results.Json<TValue>(TValue, JsonSerializerOptions, String, Int32?)' which has 'RequiresUnreferencedCodeAttribute' can break functionality when trimming application code. JSON serialization and deserialization might require types that cannot be statically analyzed. Use the overload that takes a JsonTypeInfo or JsonSerializerContext. [/home/runner/work/Market-Data-Collector/Market-Data-Collector/src/MarketDataCollector/MarketDataCollector.csproj]
/home/runner/work/Market-Data-Collector/Market-Data-Collector/src/MarketDataCollector/Application/Http/Endpoints/DataQualityEndpoints.cs(249,24): warning IL2026: Using member 'Microsoft.AspNetCore.Http.Results.Json<TValue>(TValue, JsonSerializerOptions, String, Int32?)' which has 'RequiresUnreferencedCodeAttribute' can break functionality when trimming application code. JSON serialization and deserialization might require types that cannot be statically analyzed. Use the overload that takes a JsonTypeInfo or JsonSerializerContext. [/home/runner/work/Market-Data-Collector/Market-Data-Collector/src/MarketDataCollector/MarketDataCollector.csproj]
/home/runner/work/Market-Data-Collector/Market-Data-Collector/src/MarketDataCollector/Application/Http/Endpoints/DataQualityEndpoints.cs(283,24): warning IL2026: Using member 'Microsoft.AspNetCore.Http.Results.Json<TValue>(TValue, JsonSerializerOptions, String, Int32?)' which has 'RequiresUnreferencedCodeAttribute' can break functionality when trimming application code. JSON serialization and deserialization might require types that cannot be statically analyzed. Use the overload that takes a JsonTypeInfo or JsonSerializerContext. [/home/runner/work/Market-Data-Collector/Market-Data-Collector/src/MarketDataCollector/MarketDataCollector.csproj]
/home/runner/work/Market-Data-Collector/Market-Data-Collector/src/MarketDataCollector/Application/Http/Endpoints/DataQualityEndpoints.cs(296,24): warning IL2026: Using member 'Microsoft.AspNetCore.Http.Results.Json<TValue>(TValue, JsonSerializerOptions, String, Int32?)' which has 'RequiresUnreferencedCodeAttribute' can break functionality when trimming application code. JSON serialization and deserialization might require types that cannot be statically analyzed. Use the overload that takes a JsonTypeInfo or JsonSerializerContext. [/home/runner/work/Market-Data-Collector/Market-Data-Collector/src/MarketDataCollector/MarketDataCollector.csproj]
/home/runner/work/Market-Data-Collector/Market-Data-Collector/src/MarketDataCollector/Application/Http/Endpoints/DataQualityEndpoints.cs(309,24): warning IL2026: Using member 'Microsoft.AspNetCore.Http.Results.Json<TValue>(TValue, JsonSerializerOptions, String, Int32?)' which has 'RequiresUnreferencedCodeAttribute' can break functionality when trimming application code. JSON serialization and deserialization might require types that cannot be statically analyzed. Use the overload that takes a JsonTypeInfo or JsonSerializerContext. [/home/runner/work/Market-Data-Collector/Market-Data-Collector/src/MarketDataCollector/MarketDataCollector.csproj]
/home/runner/work/Market-Data-Collector/Market-Data-Collector/src/MarketDataCollector/Application/Http/Endpoints/DataQualityEndpoints.cs(337,24): warning IL2026: Using member 'Microsoft.AspNetCore.Http.Results.Json<TValue>(TValue, JsonSerializerOptions, String, Int32?)' which has 'RequiresUnreferencedCodeAttribute' can break functionality when trimming application code. JSON serialization and deserialization might require types that cannot be statically analyzed. Use the overload that takes a JsonTypeInfo or JsonSerializerContext. [/home/runner/work/Market-Data-Collector/Market-Data-Collector/src/MarketDataCollector/MarketDataCollector.csproj]
/home/runner/work/Market-Data-Collector/Market-Data-Collector/src/MarketDataCollector/Application/Http/Endpoints/DataQualityEndpoints.cs(350,24): warning IL2026: Using member 'Microsoft.AspNetCore.Http.Results.Json<TValue>(TValue, JsonSerializerOptions, String, Int32?)' which has 'RequiresUnreferencedCodeAttribute' can break functionality when trimming application code. JSON serialization and deserialization might require types that cannot be statically analyzed. Use the overload that takes a JsonTypeInfo or JsonSerializerContext. [/home/runner/work/Market-Data-Collector/Market-Data-Collector/src/MarketDataCollector/MarketDataCollector.csproj]
/home/runner/work/Market-Data-Collector/Market-Data-Collector/src/MarketDataCollector/Application/Http/Endpoints/DataQualityEndpoints.cs(365,24): warning IL2026: Using member 'Microsoft.AspNetCore.Http.Results.Json<TValue>(TValue, JsonSerializerOptions, String, Int32?)' which has 'RequiresUnreferencedCodeAttribute' can break functionality when trimming application code. JSON serialization and deserialization might require types that cannot be statically analyzed. Use the overload that takes a JsonTypeInfo or JsonSerializerContext. [/home/runner/work/Market-Data-Collector/Market-Data-Collector/src/MarketDataCollector/MarketDataCollector.csproj]
/home/runner/work/Market-Data-Collector/Market-Data-Collector/src/MarketDataCollector/Application/Http/Endpoints/DataQualityEndpoints.cs(379,23): warning IL2026: Using member 'Microsoft.AspNetCore.Http.Results.Json<TValue>(TValue, JsonSerializerOptions, String, Int32?)' which has 'RequiresUnreferencedCodeAttribute' can break functionality when trimming application code. JSON serialization and deserialization might require types that cannot be statically analyzed. Use the overload that takes a JsonTypeInfo or JsonSerializerContext. [/home/runner/work/Market-Data-Collector/Market-Data-Collector/src/MarketDataCollector/MarketDataCollector.csproj]
/home/runner/work/Market-Data-Collector/Market-Data-Collector/src/MarketDataCollector/Application/Http/Endpoints/DataQualityEndpoints.cs(393,24): warning IL2026: Using member 'Microsoft.AspNetCore.Http.Results.Json<TValue>(TValue, JsonSerializerOptions, String, Int32?)' which has 'RequiresUnreferencedCodeAttribute' can break functionality when trimming application code. JSON serialization and deserialization might require types that cannot be statically analyzed. Use the overload that takes a JsonTypeInfo or JsonSerializerContext. [/home/runner/work/Market-Data-Collector/Market-Data-Collector/src/MarketDataCollector/MarketDataCollector.csproj]
/home/runner/work/Market-Data-Collector/Market-Data-Collector/src/MarketDataCollector/Application/Http/Endpoints/DataQualityEndpoints.cs(406,24): warning IL2026: Using member 'Microsoft.AspNetCore.Http.Results.Json<TValue>(TValue, JsonSerializerOptions, String, Int32?)' which has 'RequiresUnreferencedCodeAttribute' can break functionality when trimming application code. JSON serialization and deserialization might require types that cannot be statically analyzed. Use the overload that takes a JsonTypeInfo or JsonSerializerContext. [/home/runner/work/Market-Data-Collector/Market-Data-Collector/src/MarketDataCollector/MarketDataCollector.csproj]
/home/runner/work/Market-Data-Collector/Market-Data-Collector/src/MarketDataCollector/Application/Http/Endpoints/DataQualityEndpoints.cs(419,24): warning IL2026: Using member 'Microsoft.AspNetCore.Http.Results.Json<TValue>(TValue, JsonSerializerOptions, String, Int32?)' which has 'RequiresUnreferencedCodeAttribute' can break functionality when trimming application code. JSON serialization and deserialization might require types that cannot be statically analyzed. Use the overload that takes a JsonTypeInfo or JsonSerializerContext. [/home/runner/work/Market-Data-Collector/Market-Data-Collector/src/MarketDataCollector/MarketDataCollector.csproj]
/home/runner/work/Market-Data-Collector/Market-Data-Collector/src/MarketDataCollector/Application/Http/Endpoints/DataQualityEndpoints.cs(438,24): warning IL2026: Using member 'Microsoft.AspNetCore.Http.Results.Json<TValue>(TValue, JsonSerializerOptions, String, Int32?)' which has 'RequiresUnreferencedCodeAttribute' can break functionality when trimming application code. JSON serialization and deserialization might require types that cannot be statically analyzed. Use the overload that takes a JsonTypeInfo or JsonSerializerContext. [/home/runner/work/Market-Data-Collector/Market-Data-Collector/src/MarketDataCollector/MarketDataCollector.csproj]
/home/runner/work/Market-Data-Collector/Market-Data-Collector/src/MarketDataCollector/Application/Http/Endpoints/DataQualityEndpoints.cs(461,24): warning IL2026: Using member 'Microsoft.AspNetCore.Http.Results.Json<TValue>(TValue, JsonSerializerOptions, String, Int32?)' which has 'RequiresUnreferencedCodeAttribute' can break functionality when trimming application code. JSON serialization and deserialization might require types that cannot be statically analyzed. Use the overload that takes a JsonTypeInfo or JsonSerializerContext. [/home/runner/work/Market-Data-Collector/Market-Data-Collector/src/MarketDataCollector/MarketDataCollector.csproj]
/home/runner/work/Market-Data-Collector/Market-Data-Collector/src/MarketDataCollector/Application/Http/Endpoints/DataQualityEndpoints.cs(474,24): warning IL2026: Using member 'Microsoft.AspNetCore.Http.Results.Json<TValue>(TValue, JsonSerializerOptions, String, Int32?)' which has 'RequiresUnreferencedCodeAttribute' can break functionality when trimming application code. JSON serialization and deserialization might require types that cannot be statically analyzed. Use the overload that takes a JsonTypeInfo or JsonSerializerContext. [/home/runner/work/Market-Data-Collector/Market-Data-Collector/src/MarketDataCollector/MarketDataCollector.csproj]
/home/runner/work/Market-Data-Collector/Market-Data-Collector/src/MarketDataCollector/Application/Http/Endpoints/DataQualityEndpoints.cs(493,24): warning IL2026: Using member 'Microsoft.AspNetCore.Http.Results.Json<TValue>(TValue, JsonSerializerOptions, String, Int32?)' which has 'RequiresUnreferencedCodeAttribute' can break functionality when trimming application code. JSON serialization and deserialization might require types that cannot be statically analyzed. Use the overload that takes a JsonTypeInfo or JsonSerializerContext. [/home/runner/work/Market-Data-Collector/Market-Data-Collector/src/MarketDataCollector/MarketDataCollector.csproj]
/home/runner/work/Market-Data-Collector/Market-Data-Collector/src/MarketDataCollector/Application/Http/Endpoints/DataQualityEndpoints.cs(518,24): warning IL2026: Using member 'Microsoft.AspNetCore.Http.Results.Json<TValue>(TValue, JsonSerializerOptions, String, Int32?)' which has 'RequiresUnreferencedCodeAttribute' can break functionality when trimming application code. JSON serialization and deserialization might require types that cannot be statically analyzed. Use the overload that takes a JsonTypeInfo or JsonSerializerContext. [/home/runner/work/Market-Data-Collector/Market-Data-Collector/src/MarketDataCollector/MarketDataCollector.csproj]
/home/runner/work/Market-Data-Collector/Market-Data-Collector/src/MarketDataCollector/Application/Http/Endpoints/DataQualityEndpoints.cs(562,24): warning IL2026: Using member 'Microsoft.AspNetCore.Http.Results.Json<TValue>(TValue, JsonSerializerOptions, String, Int32?)' which has 'RequiresUnreferencedCodeAttribute' can break functionality when trimming application code. JSON serialization and deserialization might require types that cannot be statically analyzed. Use the overload that takes a JsonTypeInfo or JsonSerializerContext. [/home/runner/work/Market-Data-Collector/Market-Data-Collector/src/MarketDataCollector/MarketDataCollector.csproj]
/home/runner/work/Market-Data-Collector/Market-Data-Collector/src/MarketDataCollector/Application/Http/Endpoints/DataQualityEndpoints.cs(586,23): warning IL2026: Using member 'Microsoft.AspNetCore.Http.Results.Json<TValue>(TValue, JsonSerializerOptions, String, Int32?)' which has 'RequiresUnreferencedCodeAttribute' can break functionality when trimming application code. JSON serialization and deserialization might require types that cannot be statically analyzed. Use the overload that takes a JsonTypeInfo or JsonSerializerContext. [/home/runner/work/Market-Data-Collector/Market-Data-Collector/src/MarketDataCollector/MarketDataCollector.csproj]
/home/runner/work/Market-Data-Collector/Market-Data-Collector/src/MarketDataCollector/Application/Http/Endpoints/DataQualityEndpoints.cs(600,24): warning IL2026: Using member 'Microsoft.AspNetCore.Http.Results.Json<TValue>(TValue, JsonSerializerOptions, String, Int32?)' which has 'RequiresUnreferencedCodeAttribute' can break functionality when trimming application code. JSON serialization and deserialization might require types that cannot be statically analyzed. Use the overload that takes a JsonTypeInfo or JsonSerializerContext. [/home/runner/work/Market-Data-Collector/Market-Data-Collector/src/MarketDataCollector/MarketDataCollector.csproj]
/home/runner/work/Market-Data-Collector/Market-Data-Collector/src/MarketDataCollector/Application/Http/Endpoints/DataQualityEndpoints.cs(616,9): warning IL2026: Using member 'Microsoft.AspNetCore.Builder.EndpointRouteBuilderExtensions.MapGet(IEndpointRouteBuilder, String, Delegate)' which has 'RequiresUnreferencedCodeAttribute' can break functionality when trimming application code. This API may perform reflection on the supplied delegate and its parameters. These types may be trimmed if not directly referenced. [/home/runner/work/Market-Data-Collector/Market-Data-Collector/src/MarketDataCollector/MarketDataCollector.csproj]
/home/runner/work/Market-Data-Collector/Market-Data-Collector/src/MarketDataCollector/Application/Http/Endpoints/DataQualityEndpoints.cs(629,9): warning IL2026: Using member 'Microsoft.AspNetCore.Builder.EndpointRouteBuilderExtensions.MapGet(IEndpointRouteBuilder, String, Delegate)' which has 'RequiresUnreferencedCodeAttribute' can break functionality when trimming application code. This API may perform reflection on the supplied delegate and its parameters. These types may be trimmed if not directly referenced. [/home/runner/work/Market-Data-Collector/Market-Data-Collector/src/MarketDataCollector/MarketDataCollector.csproj]
/home/runner/work/Market-Data-Collector/Market-Data-Collector/src/MarketDataCollector/Application/Http/Endpoints/DataQualityEndpoints.cs(644,9): warning IL2026: Using member 'Microsoft.AspNetCore.Builder.EndpointRouteBuilderExtensions.MapGet(IEndpointRouteBuilder, String, Delegate)' which has 'RequiresUnreferencedCodeAttribute' can break functionality when trimming application code. This API may perform reflection on the supplied delegate and its parameters. These types may be trimmed if not directly referenced. [/home/runner/work/Market-Data-Collector/Market-Data-Collector/src/MarketDataCollector/MarketDataCollector.csproj]
/home/runner/work/Market-Data-Collector/Market-Data-Collector/src/MarketDataCollector/Application/Http/Endpoints/DataQualityEndpoints.cs(666,9): warning IL2026: Using member 'Microsoft.AspNetCore.Builder.EndpointRouteBuilderExtensions.MapGet(IEndpointRouteBuilder, String, Delegate)' which has 'RequiresUnreferencedCodeAttribute' can break functionality when trimming application code. This API may perform reflection on the supplied delegate and its parameters. These types may be trimmed if not directly referenced. [/home/runner/work/Market-Data-Collector/Market-Data-Collector/src/MarketDataCollector/MarketDataCollector.csproj]
/home/runner/work/Market-Data-Collector/Market-Data-Collector/src/MarketDataCollector/Application/Http/Endpoints/DataQualityEndpoints.cs(698,9): warning IL2026: Using member 'Microsoft.AspNetCore.Builder.EndpointRouteBuilderExtensions.MapGet(IEndpointRouteBuilder, String, Delegate)' which has 'RequiresUnreferencedCodeAttribute' can break functionality when trimming application code. This API may perform reflection on the supplied delegate and its parameters. These types may be trimmed if not directly referenced. [/home/runner/work/Market-Data-Collector/Market-Data-Collector/src/MarketDataCollector/MarketDataCollector.csproj]
/home/runner/work/Market-Data-Collector/Market-Data-Collector/src/MarketDataCollector/Application/Http/Endpoints/DataQualityEndpoints.cs(621,24): warning IL2026: Using member 'Microsoft.AspNetCore.Http.Results.Json<TValue>(TValue, JsonSerializerOptions, String, Int32?)' which has 'RequiresUnreferencedCodeAttribute' can break functionality when trimming application code. JSON serialization and deserialization might require types that cannot be statically analyzed. Use the overload that takes a JsonTypeInfo or JsonSerializerContext. [/home/runner/work/Market-Data-Collector/Market-Data-Collector/src/MarketDataCollector/MarketDataCollector.csproj]
/home/runner/work/Market-Data-Collector/Market-Data-Collector/src/MarketDataCollector/Application/Http/Endpoints/DataQualityEndpoints.cs(635,23): warning IL2026: Using member 'Microsoft.AspNetCore.Http.Results.Json<TValue>(TValue, JsonSerializerOptions, String, Int32?)' which has 'RequiresUnreferencedCodeAttribute' can break functionality when trimming application code. JSON serialization and deserialization might require types that cannot be statically analyzed. Use the overload that takes a JsonTypeInfo or JsonSerializerContext. [/home/runner/work/Market-Data-Collector/Market-Data-Collector/src/MarketDataCollector/MarketDataCollector.csproj]
/home/runner/work/Market-Data-Collector/Market-Data-Collector/src/MarketDataCollector/Application/Http/Endpoints/DataQualityEndpoints.cs(653,24): warning IL2026: Using member 'Microsoft.AspNetCore.Http.Results.Json<TValue>(TValue, JsonSerializerOptions, String, Int32?)' which has 'RequiresUnreferencedCodeAttribute' can break functionality when trimming application code. JSON serialization and deserialization might require types that cannot be statically analyzed. Use the overload that takes a JsonTypeInfo or JsonSerializerContext. [/home/runner/work/Market-Data-Collector/Market-Data-Collector/src/MarketDataCollector/MarketDataCollector.csproj]
/home/runner/work/Market-Data-Collector/Market-Data-Collector/src/MarketDataCollector/Application/Http/Endpoints/DataQualityEndpoints.cs(678,24): warning IL2026: Using member 'Microsoft.AspNetCore.Http.Results.Json<TValue>(TValue, JsonSerializerOptions, String, Int32?)' which has 'RequiresUnreferencedCodeAttribute' can break functionality when trimming application code. JSON serialization and deserialization might require types that cannot be statically analyzed. Use the overload that takes a JsonTypeInfo or JsonSerializerContext. [/home/runner/work/Market-Data-Collector/Market-Data-Collector/src/MarketDataCollector/MarketDataCollector.csproj]
/home/runner/work/Market-Data-Collector/Market-Data-Collector/src/MarketDataCollector/Application/Http/Endpoints/DataQualityEndpoints.cs(702,24): warning IL2026: Using member 'Microsoft.AspNetCore.Http.Results.Json<TValue>(TValue, JsonSerializerOptions, String, Int32?)' which has 'RequiresUnreferencedCodeAttribute' can break functionality when trimming application code. JSON serialization and deserialization might require types that cannot be statically analyzed. Use the overload that takes a JsonTypeInfo or JsonSerializerContext. [/home/runner/work/Market-Data-Collector/Market-Data-Collector/src/MarketDataCollector/MarketDataCollector.csproj]
/home/runner/work/Market-Data-Collector/Market-Data-Collector/src/MarketDataCollector/Application/Monitoring/DataQuality/DataQualityReportGenerator.cs(479,16): warning IL2026: Using member 'System.Text.Json.JsonSerializer.Serialize<TValue>(TValue, JsonSerializerOptions)' which has 'RequiresUnreferencedCodeAttribute' can break functionality when trimming application code. JSON serialization and deserialization might require types that cannot be statically analyzed. Use the overload that takes a JsonTypeInfo or JsonSerializerContext, or make sure all of the required types are preserved. [/home/runner/work/Market-Data-Collector/Market-Data-Collector/src/MarketDataCollector/MarketDataCollector.csproj]
/home/runner/work/Market-Data-Collector/Market-Data-Collector/src/MarketDataCollector/Application/Monitoring/DataQuality/DataQualityReportGenerator.cs(591,16): warning IL2026: Using member 'System.Text.Json.JsonSerializer.Serialize<TValue>(TValue, JsonSerializerOptions)' which has 'RequiresUnreferencedCodeAttribute' can break functionality when trimming application code. JSON serialization and deserialization might require types that cannot be statically analyzed. Use the overload that takes a JsonTypeInfo or JsonSerializerContext, or make sure all of the required types are preserved. [/home/runner/work/Market-Data-Collector/Market-Data-Collector/src/MarketDataCollector/MarketDataCollector.csproj]

Build FAILED.

/home/runner/work/Market-Data-Collector/Market-Data-Collector/src/MarketDataCollector.Ui.Shared/MarketDataCollector.Ui.Shared.csproj : warning NU1608: Detected package version outside of dependency constraint: Microsoft.CodeAnalysis.CSharp.Workspaces 4.8.0 requires Microsoft.CodeAnalysis.Common (= 4.8.0) but version Microsoft.CodeAnalysis.Common 5.0.0 was resolved. [/home/runner/work/Market-Data-Collector/Market-Data-Collector/MarketDataCollector.sln]
/home/runner/work/Market-Data-Collector/Market-Data-Collector/src/MarketDataCollector.Ui.Shared/MarketDataCollector.Ui.Shared.csproj : warning NU1608: Detected package version outside of dependency constraint: Microsoft.CodeAnalysis.CSharp.Workspaces 4.8.0 requires Microsoft.CodeAnalysis.CSharp (= 4.8.0) but version Microsoft.CodeAnalysis.CSharp 5.0.0 was resolved. [/home/runner/work/Market-Data-Collector/Market-Data-Collector/MarketDataCollector.sln]
/home/runner/work/Market-Data-Collector/Market-Data-Collector/src/MarketDataCollector.Ui.Shared/MarketDataCollector.Ui.Shared.csproj : warning NU1608: Detected package version outside of dependency constraint: Microsoft.CodeAnalysis.VisualBasic.Workspaces 4.8.0 requires Microsoft.CodeAnalysis.Common (= 4.8.0) but version Microsoft.CodeAnalysis.Common 5.0.0 was resolved. [/home/runner/work/Market-Data-Collector/Market-Data-Collector/MarketDataCollector.sln]
/home/runner/work/Market-Data-Collector/Market-Data-Collector/src/MarketDataCollector.Ui.Shared/MarketDataCollector.Ui.Shared.csproj : warning NU1608: Detected package version outside of dependency constraint: Microsoft.CodeAnalysis.Workspaces.Common 4.8.0 requires Microsoft.CodeAnalysis.Common (= 4.8.0) but version Microsoft.CodeAnalysis.Common 5.0.0 was resolved. [/home/runner/work/Market-Data-Collector/Market-Data-Collector/MarketDataCollector.sln]
/home/runner/work/Market-Data-Collector/Market-Data-Collector/src/MarketDataCollector.Ui.Shared/MarketDataCollector.Ui.Shared.csproj : warning NU1608: Detected package version outside of dependency constraint: Microsoft.CodeAnalysis.VisualBasic 4.8.0 requires Microsoft.CodeAnalysis.Common (= 4.8.0) but version Microsoft.CodeAnalysis.Common 5.0.0 was resolved. [/home/runner/work/Market-Data-Collector/Market-Data-Collector/MarketDataCollector.sln]
/home/runner/work/Market-Data-Collector/Market-Data-Collector/src/MarketDataCollector.Ui/MarketDataCollector.Ui.csproj : warning NU1608: Detected package version outside of dependency constraint: Microsoft.CodeAnalysis.CSharp.Workspaces 4.8.0 requires Microsoft.CodeAnalysis.Common (= 4.8.0) but version Microsoft.CodeAnalysis.Common 5.0.0 was resolved. [/home/runner/work/Market-Data-Collector/Market-Data-Collector/MarketDataCollector.sln]
/home/runner/work/Market-Data-Collector/Market-Data-Collector/src/MarketDataCollector.Ui/MarketDataCollector.Ui.csproj : warning NU1608: Detected package version outside of dependency constraint: Microsoft.CodeAnalysis.CSharp.Workspaces 4.8.0 requires Microsoft.CodeAnalysis.CSharp (= 4.8.0) but version Microsoft.CodeAnalysis.CSharp 5.0.0 was resolved. [/home/runner/work/Market-Data-Collector/Market-Data-Collector/MarketDataCollector.sln]
/home/runner/work/Market-Data-Collector/Market-Data-Collector/src/MarketDataCollector.Ui/MarketDataCollector.Ui.csproj : warning NU1608: Detected package version outside of dependency constraint: Microsoft.CodeAnalysis.VisualBasic.Workspaces 4.8.0 requires Microsoft.CodeAnalysis.Common (= 4.8.0) but version Microsoft.CodeAnalysis.Common 5.0.0 was resolved. [/home/runner/work/Market-Data-Collector/Market-Data-Collector/MarketDataCollector.sln]
/home/runner/work/Market-Data-Collector/Market-Data-Collector/src/MarketDataCollector.Ui/MarketDataCollector.Ui.csproj : warning NU1608: Detected package version outside of dependency constraint: Microsoft.CodeAnalysis.Workspaces.Common 4.8.0 requires Microsoft.CodeAnalysis.Common (= 4.8.0) but version Microsoft.CodeAnalysis.Common 5.0.0 was resolved. [/home/runner/work/Market-Data-Collector/Market-Data-Collector/MarketDataCollector.sln]
/home/runner/work/Market-Data-Collector/Market-Data-Collector/src/MarketDataCollector.Ui/MarketDataCollector.Ui.csproj : warning NU1608: Detected package version outside of dependency constraint: Microsoft.CodeAnalysis.VisualBasic 4.8.0 requires Microsoft.CodeAnalysis.Common (= 4.8.0) but version Microsoft.CodeAnalysis.Common 5.0.0 was resolved. [/home/runner/work/Market-Data-Collector/Market-Data-Collector/MarketDataCollector.sln]
/home/runner/work/Market-Data-Collector/Market-Data-Collector/benchmarks/MarketDataCollector.Benchmarks/MarketDataCollector.Benchmarks.csproj : warning NU1608: Detected package version outside of dependency constraint: Microsoft.CodeAnalysis.CSharp.Workspaces 4.8.0 requires Microsoft.CodeAnalysis.Common (= 4.8.0) but version Microsoft.CodeAnalysis.Common 5.0.0 was resolved. [/home/runner/work/Market-Data-Collector/Market-Data-Collector/MarketDataCollector.sln]
/home/runner/work/Market-Data-Collector/Market-Data-Collector/benchmarks/MarketDataCollector.Benchmarks/MarketDataCollector.Benchmarks.csproj : warning NU1608: Detected package version outside of dependency constraint: Microsoft.CodeAnalysis.CSharp.Workspaces 4.8.0 requires Microsoft.CodeAnalysis.CSharp (= 4.8.0) but version Microsoft.CodeAnalysis.CSharp 5.0.0 was resolved. [/home/runner/work/Market-Data-Collector/Market-Data-Collector/MarketDataCollector.sln]
/home/runner/work/Market-Data-Collector/Market-Data-Collector/benchmarks/MarketDataCollector.Benchmarks/MarketDataCollector.Benchmarks.csproj : warning NU1608: Detected package version outside of dependency constraint: Microsoft.CodeAnalysis.VisualBasic.Workspaces 4.8.0 requires Microsoft.CodeAnalysis.Common (= 4.8.0) but version Microsoft.CodeAnalysis.Common 5.0.0 was resolved. [/home/runner/work/Market-Data-Collector/Market-Data-Collector/MarketDataCollector.sln]
/home/runner/work/Market-Data-Collector/Market-Data-Collector/benchmarks/MarketDataCollector.Benchmarks/MarketDataCollector.Benchmarks.csproj : warning NU1608: Detected package version outside of dependency constraint: Microsoft.CodeAnalysis.Workspaces.Common 4.8.0 requires Microsoft.CodeAnalysis.Common (= 4.8.0) but version Microsoft.CodeAnalysis.Common 5.0.0 was resolved. [/home/runner/work/Market-Data-Collector/Market-Data-Collector/MarketDataCollector.sln]
/home/runner/work/Market-Data-Collector/Market-Data-Collector/benchmarks/MarketDataCollector.Benchmarks/MarketDataCollector.Benchmarks.csproj : warning NU1608: Detected package version outside of dependency constraint: Microsoft.CodeAnalysis.VisualBasic 4.8.0 requires Microsoft.CodeAnalysis.Common (= 4.8.0) but version Microsoft.CodeAnalysis.Common 5.0.0 was resolved. [/home/runner/work/Market-Data-Collector/Market-Data-Collector/MarketDataCollector.sln]
/home/runner/work/Market-Data-Collector/Market-Data-Collector/tests/MarketDataCollector.Tests/MarketDataCollector.Tests.csproj : warning NU1608: Detected package version outside of dependency constraint: Microsoft.CodeAnalysis.CSharp.Workspaces 4.8.0 requires Microsoft.CodeAnalysis.Common (= 4.8.0) but version Microsoft.CodeAnalysis.Common 5.0.0 was resolved. [/home/runner/work/Market-Data-Collector/Market-Data-Collector/MarketDataCollector.sln]
/home/runner/work/Market-Data-Collector/Market-Data-Collector/tests/MarketDataCollector.Tests/MarketDataCollector.Tests.csproj : warning NU1608: Detected package version outside of dependency constraint: Microsoft.CodeAnalysis.CSharp.Workspaces 4.8.0 requires Microsoft.CodeAnalysis.CSharp (= 4.8.0) but version Microsoft.CodeAnalysis.CSharp 5.0.0 was resolved. [/home/runner/work/Market-Data-Collector/Market-Data-Collector/MarketDataCollector.sln]
/home/runner/work/Market-Data-Collector/Market-Data-Collector/tests/MarketDataCollector.Tests/MarketDataCollector.Tests.csproj : warning NU1608: Detected package version outside of dependency constraint: Microsoft.CodeAnalysis.VisualBasic.Workspaces 4.8.0 requires Microsoft.CodeAnalysis.Common (= 4.8.0) but version Microsoft.CodeAnalysis.Common 5.0.0 was resolved. [/home/runner/work/Market-Data-Collector/Market-Data-Collector/MarketDataCollector.sln]
/home/runner/work/Market-Data-Collector/Market-Data-Collector/tests/MarketDataCollector.Tests/MarketDataCollector.Tests.csproj : warning NU1608: Detected package version outside of dependency constraint: Microsoft.CodeAnalysis.Workspaces.Common 4.8.0 requires Microsoft.CodeAnalysis.Common (= 4.8.0) but version Microsoft.CodeAnalysis.Common 5.0.0 was resolved. [/home/runner/work/Market-Data-Collector/Market-Data-Collector/MarketDataCollector.sln]
/home/runner/work/Market-Data-Collector/Market-Data-Collector/tests/MarketDataCollector.Tests/MarketDataCollector.Tests.csproj : warning NU1608: Detected package version outside of dependency constraint: Microsoft.CodeAnalysis.VisualBasic 4.8.0 requires Microsoft.CodeAnalysis.Common (= 4.8.0) but version Microsoft.CodeAnalysis.Common 5.0.0 was resolved. [/home/runner/work/Market-Data-Collector/Market-Data-Collector/MarketDataCollector.sln]
/home/runner/work/Market-Data-Collector/Market-Data-Collector/src/MarketDataCollector/MarketDataCollector.csproj : warning NU1608: Detected package version outside of dependency constraint: Microsoft.CodeAnalysis.CSharp.Workspaces 4.8.0 requires Microsoft.CodeAnalysis.Common (= 4.8.0) but version Microsoft.CodeAnalysis.Common 5.0.0 was resolved. [/home/runner/work/Market-Data-Collector/Market-Data-Collector/MarketDataCollector.sln]
/home/runner/work/Market-Data-Collector/Market-Data-Collector/src/MarketDataCollector/MarketDataCollector.csproj : warning NU1608: Detected package version outside of dependency constraint: Microsoft.CodeAnalysis.CSharp.Workspaces 4.8.0 requires Microsoft.CodeAnalysis.CSharp (= 4.8.0) but version Microsoft.CodeAnalysis.CSharp 5.0.0 was resolved. [/home/runner/work/Market-Data-Collector/Market-Data-Collector/MarketDataCollector.sln]
/home/runner/work/Market-Data-Collector/Market-Data-Collector/src/MarketDataCollector/MarketDataCollector.csproj : warning NU1608: Detected package version outside of dependency constraint: Microsoft.CodeAnalysis.VisualBasic.Workspaces 4.8.0 requires Microsoft.CodeAnalysis.Common (= 4.8.0) but version Microsoft.CodeAnalysis.Common 5.0.0 was resolved. [/home/runner/work/Market-Data-Collector/Market-Data-Collector/MarketDataCollector.sln]
/home/runner/work/Market-Data-Collector/Market-Data-Collector/src/MarketDataCollector/MarketDataCollector.csproj : warning NU1608: Detected package version outside of dependency constraint: Microsoft.CodeAnalysis.Workspaces.Common 4.8.0 requires Microsoft.CodeAnalysis.Common (= 4.8.0) but version Microsoft.CodeAnalysis.Common 5.0.0 was resolved. [/home/runner/work/Market-Data-Collector/Market-Data-Collector/MarketDataCollector.sln]
/home/runner/work/Market-Data-Collector/Market-Data-Collector/src/MarketDataCollector/MarketDataCollector.csproj : warning NU1608: Detected package version outside of dependency constraint: Microsoft.CodeAnalysis.VisualBasic 4.8.0 requires Microsoft.CodeAnalysis.Common (= 4.8.0) but version Microsoft.CodeAnalysis.Common 5.0.0 was resolved. [/home/runner/work/Market-Data-Collector/Market-Data-Collector/MarketDataCollector.sln]
/home/runner/work/Market-Data-Collector/Market-Data-Collector/src/MarketDataCollector/MarketDataCollector.csproj : warning NU1608: Detected package version outside of dependency constraint: Microsoft.CodeAnalysis.CSharp.Workspaces 4.8.0 requires Microsoft.CodeAnalysis.Common (= 4.8.0) but version Microsoft.CodeAnalysis.Common 5.0.0 was resolved.
/home/runner/work/Market-Data-Collector/Market-Data-Collector/src/MarketDataCollector/MarketDataCollector.csproj : warning NU1608: Detected package version outside of dependency constraint: Microsoft.CodeAnalysis.CSharp.Workspaces 4.8.0 requires Microsoft.CodeAnalysis.CSharp (= 4.8.0) but version Microsoft.CodeAnalysis.CSharp 5.0.0 was resolved.
/home/runner/work/Market-Data-Collector/Market-Data-Collector/src/MarketDataCollector/MarketDataCollector.csproj : warning NU1608: Detected package version outside of dependency constraint: Microsoft.CodeAnalysis.VisualBasic.Workspaces 4.8.0 requires Microsoft.CodeAnalysis.Common (= 4.8.0) but version Microsoft.CodeAnalysis.Common 5.0.0 was resolved.
/home/runner/work/Market-Data-Collector/Market-Data-Collector/src/MarketDataCollector/MarketDataCollector.csproj : warning NU1608: Detected package version outside of dependency constraint: Microsoft.CodeAnalysis.Workspaces.Common 4.8.0 requires Microsoft.CodeAnalysis.Common (= 4.8.0) but version Microsoft.CodeAnalysis.Common 5.0.0 was resolved.
/home/runner/work/Market-Data-Collector/Market-Data-Collector/src/MarketDataCollector/MarketDataCollector.csproj : warning NU1608: Detected package version outside of dependency constraint: Microsoft.CodeAnalysis.VisualBasic 4.8.0 requires Microsoft.CodeAnalysis.Common (= 4.8.0) but version Microsoft.CodeAnalysis.Common 5.0.0 was resolved.
/home/runner/work/Market-Data-Collector/Market-Data-Collector/src/MarketDataCollector.Ui/MarketDataCollector.Ui.csproj : warning NU1608: Detected package version outside of dependency constraint: Microsoft.CodeAnalysis.CSharp.Workspaces 4.8.0 requires Microsoft.CodeAnalysis.Common (= 4.8.0) but version Microsoft.CodeAnalysis.Common 5.0.0 was resolved.
/home/runner/work/Market-Data-Collector/Market-Data-Collector/src/MarketDataCollector.Ui/MarketDataCollector.Ui.csproj : warning NU1608: Detected package version outside of dependency constraint: Microsoft.CodeAnalysis.CSharp.Workspaces 4.8.0 requires Microsoft.CodeAnalysis.CSharp (= 4.8.0) but version Microsoft.CodeAnalysis.CSharp 5.0.0 was resolved.
/home/runner/work/Market-Data-Collector/Market-Data-Collector/src/MarketDataCollector.Ui/MarketDataCollector.Ui.csproj : warning NU1608: Detected package version outside of dependency constraint: Microsoft.CodeAnalysis.VisualBasic.Workspaces 4.8.0 requires Microsoft.CodeAnalysis.Common (= 4.8.0) but version Microsoft.CodeAnalysis.Common 5.0.0 was resolved.
/home/runner/work/Market-Data-Collector/Market-Data-Collector/src/MarketDataCollector.Ui/MarketDataCollector.Ui.csproj : warning NU1608: Detected package version outside of dependency constraint: Microsoft.CodeAnalysis.Workspaces.Common 4.8.0 requires Microsoft.CodeAnalysis.Common (= 4.8.0) but version Microsoft.CodeAnalysis.Common 5.0.0 was resolved.
/home/runner/work/Market-Data-Collector/Market-Data-Collector/src/MarketDataCollector.Ui/MarketDataCollector.Ui.csproj : warning NU1608: Detected package version outside of dependency constraint: Microsoft.CodeAnalysis.VisualBasic 4.8.0 requires Microsoft.CodeAnalysis.Common (= 4.8.0) but version Microsoft.CodeAnalysis.Common 5.0.0 was resolved.
/home/runner/work/Market-Data-Collector/Market-Data-Collector/src/MarketDataCollector.Ui.Shared/MarketDataCollector.Ui.Shared.csproj : warning NU1608: Detected package version outside of dependency constraint: Microsoft.CodeAnalysis.CSharp.Workspaces 4.8.0 requires Microsoft.CodeAnalysis.Common (= 4.8.0) but version Microsoft.CodeAnalysis.Common 5.0.0 was resolved.
/home/runner/work/Market-Data-Collector/Market-Data-Collector/src/MarketDataCollector.Ui.Shared/MarketDataCollector.Ui.Shared.csproj : warning NU1608: Detected package version outside of dependency constraint: Microsoft.CodeAnalysis.CSharp.Workspaces 4.8.0 requires Microsoft.CodeAnalysis.CSharp (= 4.8.0) but version Microsoft.CodeAnalysis.CSharp 5.0.0 was resolved.
/home/runner/work/Market-Data-Collector/Market-Data-Collector/src/MarketDataCollector.Ui.Shared/MarketDataCollector.Ui.Shared.csproj : warning NU1608: Detected package version outside of dependency constraint: Microsoft.CodeAnalysis.VisualBasic.Workspaces 4.8.0 requires Microsoft.CodeAnalysis.Common (= 4.8.0) but version Microsoft.CodeAnalysis.Common 5.0.0 was resolved.
/home/runner/work/Market-Data-Collector/Market-Data-Collector/src/MarketDataCollector.Ui.Shared/MarketDataCollector.Ui.Shared.csproj : warning NU1608: Detected package version outside of dependency constraint: Microsoft.CodeAnalysis.Workspaces.Common 4.8.0 requires Microsoft.CodeAnalysis.Common (= 4.8.0) but version Microsoft.CodeAnalysis.Common 5.0.0 was resolved.
/home/runner/work/Market-Data-Collector/Market-Data-Collector/src/MarketDataCollector.Ui.Shared/MarketDataCollector.Ui.Shared.csproj : warning NU1608: Detected package version outside of dependency constraint: Microsoft.CodeAnalysis.VisualBasic 4.8.0 requires Microsoft.CodeAnalysis.Common (= 4.8.0) but version Microsoft.CodeAnalysis.Common 5.0.0 was resolved.
/home/runner/work/Market-Data-Collector/Market-Data-Collector/benchmarks/MarketDataCollector.Benchmarks/MarketDataCollector.Benchmarks.csproj : warning NU1608: Detected package version outside of dependency constraint: Microsoft.CodeAnalysis.CSharp.Workspaces 4.8.0 requires Microsoft.CodeAnalysis.Common (= 4.8.0) but version Microsoft.CodeAnalysis.Common 5.0.0 was resolved.
/home/runner/work/Market-Data-Collector/Market-Data-Collector/benchmarks/MarketDataCollector.Benchmarks/MarketDataCollector.Benchmarks.csproj : warning NU1608: Detected package version outside of dependency constraint: Microsoft.CodeAnalysis.CSharp.Workspaces 4.8.0 requires Microsoft.CodeAnalysis.CSharp (= 4.8.0) but version Microsoft.CodeAnalysis.CSharp 5.0.0 was resolved.
/home/runner/work/Market-Data-Collector/Market-Data-Collector/benchmarks/MarketDataCollector.Benchmarks/MarketDataCollector.Benchmarks.csproj : warning NU1608: Detected package version outside of dependency constraint: Microsoft.CodeAnalysis.VisualBasic.Workspaces 4.8.0 requires Microsoft.CodeAnalysis.Common (= 4.8.0) but version Microsoft.CodeAnalysis.Common 5.0.0 was resolved.
/home/runner/work/Market-Data-Collector/Market-Data-Collector/benchmarks/MarketDataCollector.Benchmarks/MarketDataCollector.Benchmarks.csproj : warning NU1608: Detected package version outside of dependency constraint: Microsoft.CodeAnalysis.Workspaces.Common 4.8.0 requires Microsoft.CodeAnalysis.Common (= 4.8.0) but version Microsoft.CodeAnalysis.Common 5.0.0 was resolved.
/home/runner/work/Market-Data-Collector/Market-Data-Collector/benchmarks/MarketDataCollector.Benchmarks/MarketDataCollector.Benchmarks.csproj : warning NU1608: Detected package version outside of dependency constraint: Microsoft.CodeAnalysis.VisualBasic 4.8.0 requires Microsoft.CodeAnalysis.Common (= 4.8.0) but version Microsoft.CodeAnalysis.Common 5.0.0 was resolved.
/home/runner/work/Market-Data-Collector/Market-Data-Collector/tests/MarketDataCollector.Tests/MarketDataCollector.Tests.csproj : warning NU1608: Detected package version outside of dependency constraint: Microsoft.CodeAnalysis.CSharp.Workspaces 4.8.0 requires Microsoft.CodeAnalysis.Common (= 4.8.0) but version Microsoft.CodeAnalysis.Common 5.0.0 was resolved.
/home/runner/work/Market-Data-Collector/Market-Data-Collector/tests/MarketDataCollector.Tests/MarketDataCollector.Tests.csproj : warning NU1608: Detected package version outside of dependency constraint: Microsoft.CodeAnalysis.CSharp.Workspaces 4.8.0 requires Microsoft.CodeAnalysis.CSharp (= 4.8.0) but version Microsoft.CodeAnalysis.CSharp 5.0.0 was resolved.
/home/runner/work/Market-Data-Collector/Market-Data-Collector/tests/MarketDataCollector.Tests/MarketDataCollector.Tests.csproj : warning NU1608: Detected package version outside of dependency constraint: Microsoft.CodeAnalysis.VisualBasic.Workspaces 4.8.0 requires Microsoft.CodeAnalysis.Common (= 4.8.0) but version Microsoft.CodeAnalysis.Common 5.0.0 was resolved.
/home/runner/work/Market-Data-Collector/Market-Data-Collector/tests/MarketDataCollector.Tests/MarketDataCollector.Tests.csproj : warning NU1608: Detected package version outside of dependency constraint: Microsoft.CodeAnalysis.Workspaces.Common 4.8.0 requires Microsoft.CodeAnalysis.Common (= 4.8.0) but version Microsoft.CodeAnalysis.Common 5.0.0 was resolved.
/home/runner/work/Market-Data-Collector/Market-Data-Collector/tests/MarketDataCollector.Tests/MarketDataCollector.Tests.csproj : warning NU1608: Detected package version outside of dependency constraint: Microsoft.CodeAnalysis.VisualBasic 4.8.0 requires Microsoft.CodeAnalysis.Common (= 4.8.0) but version Microsoft.CodeAnalysis.Common 5.0.0 was resolved.
/home/runner/work/Market-Data-Collector/Market-Data-Collector/src/MarketDataCollector.Contracts/Api/BackfillApiModels.cs(15,17): warning CS1591: Missing XML comment for publicly visible type or member 'BackfillHealthResponse.IsHealthy' [/home/runner/work/Market-Data-Collector/Market-Data-Collector/src/MarketDataCollector.Contracts/MarketDataCollector.Contracts.csproj]
/home/runner/work/Market-Data-Collector/Market-Data-Collector/src/MarketDataCollector.Contracts/Api/BackfillApiModels.cs(18,56): warning CS1591: Missing XML comment for publicly visible type or member 'BackfillHealthResponse.Providers' [/home/runner/work/Market-Data-Collector/Market-Data-Collector/src/MarketDataCollector.Contracts/MarketDataCollector.Contracts.csproj]
/home/runner/work/Market-Data-Collector/Market-Data-Collector/src/MarketDataCollector.Contracts/Api/BackfillApiModels.cs(27,17): warning CS1591: Missing XML comment for publicly visible type or member 'BackfillProviderHealth.IsAvailable' [/home/runner/work/Market-Data-Collector/Market-Data-Collector/src/MarketDataCollector.Contracts/MarketDataCollector.Contracts.csproj]
/home/runner/work/Market-Data-Collector/Market-Data-Collector/src/MarketDataCollector.Contracts/Api/BackfillApiModels.cs(30,20): warning CS1591: Missing XML comment for publicly visible type or member 'BackfillProviderHealth.LatencyMs' [/home/runner/work/Market-Data-Collector/Market-Data-Collector/src/MarketDataCollector.Contracts/MarketDataCollector.Contracts.csproj]
/home/runner/work/Market-Data-Collector/Market-Data-Collector/src/MarketDataCollector.Contracts/Api/BackfillApiModels.cs(33,20): warning CS1591: Missing XML comment for publicly visible type or member 'BackfillProviderHealth.ErrorMessage' [/home/runner/work/Market-Data-Collector/Market-Data-Collector/src/MarketDataCollector.Contracts/MarketDataCollector.Contracts.csproj]
/home/runner/work/Market-Data-Collector/Market-Data-Collector/src/MarketDataCollector.Contracts/Api/BackfillApiModels.cs(36,22): warning CS1591: Missing XML comment for publicly visible type or member 'BackfillProviderHealth.LastChecked' [/home/runner/work/Market-Data-Collector/Market-Data-Collector/src/MarketDataCollector.Contracts/MarketDataCollector.Contracts.csproj]
/home/runner/work/Market-Data-Collector/Market-Data-Collector/src/MarketDataCollector.Contracts/Api/BackfillApiModels.cs(49,19): warning CS1591: Missing XML comment for publicly visible type or member 'SymbolResolutionResponse.Symbol' [/home/runner/work/Market-Data-Collector/Market-Data-Collector/src/MarketDataCollector.Contracts/MarketDataCollector.Contracts.csproj]
/home/runner/work/Market-Data-Collector/Market-Data-Collector/src/MarketDataCollector.Contracts/Api/BackfillApiModels.cs(52,20): warning CS1591: Missing XML comment for publicly visible type or member 'SymbolResolutionResponse.ResolvedSymbol' [/home/runner/work/Market-Data-Collector/Market-Data-Collector/src/MarketDataCollector.Contracts/MarketDataCollector.Contracts.csproj]
/home/runner/work/Market-Data-Collector/Market-Data-Collector/src/MarketDataCollector.Contracts/Api/BackfillApiModels.cs(55,20): warning CS1591: Missing XML comment for publicly visible type or member 'SymbolResolutionResponse.Exchange' [/home/runner/work/Market-Data-Collector/Market-Data-Collector/src/MarketDataCollector.Contracts/MarketDataCollector.Contracts.csproj]
/home/runner/work/Market-Data-Collector/Market-Data-Collector/src/MarketDataCollector.Contracts/Api/BackfillApiModels.cs(58,20): warning CS1591: Missing XML comment for publicly visible type or member 'SymbolResolutionResponse.Currency' [/home/runner/work/Market-Data-Collector/Market-Data-Collector/src/MarketDataCollector.Contracts/MarketDataCollector.Contracts.csproj]
/home/runner/work/Market-Data-Collector/Market-Data-Collector/src/MarketDataCollector.Contracts/Api/BackfillApiModels.cs(61,20): warning CS1591: Missing XML comment for publicly visible type or member 'SymbolResolutionResponse.SecurityType' [/home/runner/work/Market-Data-Collector/Market-Data-Collector/src/MarketDataCollector.Contracts/MarketDataCollector.Contracts.csproj]
/home/runner/work/Market-Data-Collector/Market-Data-Collector/src/MarketDataCollector.Contracts/Api/BackfillApiModels.cs(64,40): warning CS1591: Missing XML comment for publicly visible type or member 'SymbolResolutionResponse.ProviderMappings' [/home/runner/work/Market-Data-Collector/Market-Data-Collector/src/MarketDataCollector.Contracts/MarketDataCollector.Contracts.csproj]
/home/runner/work/Market-Data-Collector/Market-Data-Collector/src/MarketDataCollector.Contracts/Api/BackfillApiModels.cs(77,19): warning CS1591: Missing XML comment for publicly visible type or member 'BackfillExecutionResponse.ExecutionId' [/home/runner/work/Market-Data-Collector/Market-Data-Collector/src/MarketDataCollector.Contracts/MarketDataCollector.Contracts.csproj]
/home/runner/work/Market-Data-Collector/Market-Data-Collector/src/MarketDataCollector.Contracts/Api/BackfillApiModels.cs(80,19): warning CS1591: Missing XML comment for publicly visible type or member 'BackfillExecutionResponse.Status' [/home/runner/work/Market-Data-Collector/Market-Data-Collector/src/MarketDataCollector.Contracts/MarketDataCollector.Contracts.csproj]
/home/runner/work/Market-Data-Collector/Market-Data-Collector/src/MarketDataCollector.Contracts/Api/BackfillApiModels.cs(83,21): warning CS1591: Missing XML comment for publicly visible type or member 'BackfillExecutionResponse.StartedAt' [/home/runner/work/Market-Data-Collector/Market-Data-Collector/src/MarketDataCollector.Contracts/MarketDataCollector.Contracts.csproj]
/home/runner/work/Market-Data-Collector/Market-Data-Collector/src/MarketDataCollector.Contracts/Api/BackfillApiModels.cs(86,21): warning CS1591: Missing XML comment for publicly visible type or member 'BackfillExecutionResponse.Symbols' [/home/runner/work/Market-Data-Collector/Market-Data-Collector/src/MarketDataCollector.Contracts/MarketDataCollector.Contracts.csproj]
/home/runner/work/Market-Data-Collector/Market-Data-Collector/src/MarketDataCollector.Contracts/Api/BackfillApiModels.cs(95,19): warning CS1591: Missing XML comment for publicly visible type or member 'BackfillExecution.Id' [/home/runner/work/Market-Data-Collector/Market-Data-Collector/src/MarketDataCollector.Contracts/MarketDataCollector.Contracts.csproj]
/home/runner/work/Market-Data-Collector/Market-Data-Collector/src/MarketDataCollector.Contracts/Api/BackfillApiModels.cs(98,19): warning CS1591: Missing XML comment for publicly visible type or member 'BackfillExecution.ScheduleId' [/home/runner/work/Market-Data-Collector/Market-Data-Collector/src/MarketDataCollector.Contracts/MarketDataCollector.Contracts.csproj]
/home/runner/work/Market-Data-Collector/Market-Data-Collector/src/MarketDataCollector.Contracts/Api/BackfillApiModels.cs(101,19): warning CS1591: Missing XML comment for publicly visible type or member 'BackfillExecution.Status' [/home/runner/work/Market-Data-Collector/Market-Data-Collector/src/MarketDataCollector.Contracts/MarketDataCollector.Contracts.csproj]
/home/runner/work/Market-Data-Collector/Market-Data-Collector/src/MarketDataCollector.Contracts/Api/BackfillApiModels.cs(104,21): warning CS1591: Missing XML comment for publicly visible type or member 'BackfillExecution.StartedAt' [/home/runner/work/Market-Data-Collector/Market-Data-Collector/src/MarketDataCollector.Contracts/MarketDataCollector.Contracts.csproj]
/home/runner/work/Market-Data-Collector/Market-Data-Collector/src/MarketDataCollector.Contracts/Api/BackfillApiModels.cs(107,22): warning CS1591: Missing XML comment for publicly visible type or member 'BackfillExecution.CompletedAt' [/home/runner/work/Market-Data-Collector/Market-Data-Collector/src/MarketDataCollector.Contracts/MarketDataCollector.Contracts.csproj]
/home/runner/work/Market-Data-Collector/Market-Data-Collector/src/MarketDataCollector.Contracts/Api/BackfillApiModels.cs(110,16): warning CS1591: Missing XML comment for publicly visible type or member 'BackfillExecution.SymbolsProcessed' [/home/runner/work/Market-Data-Collector/Market-Data-Collector/src/MarketDataCollector.Contracts/MarketDataCollector.Contracts.csproj]
/home/runner/work/Market-Data-Collector/Market-Data-Collector/src/MarketDataCollector.Contracts/Api/BackfillApiModels.cs(113,16): warning CS1591: Missing XML comment for publicly visible type or member 'BackfillExecution.BarsDownloaded' [/home/runner/work/Market-Data-Collector/Market-Data-Collector/src/MarketDataCollector.Contracts/MarketDataCollector.Contracts.csproj]
/home/runner/work/Market-Data-Collector/Market-Data-Collector/src/MarketDataCollector.Contracts/Api/BackfillApiModels.cs(116,20): warning CS1591: Missing XML comment for publicly visible type or member 'BackfillExecution.ErrorMessage' [/home/runner/work/Market-Data-Collector/Market-Data-Collector/src/MarketDataCollector.Contracts/MarketDataCollector.Contracts.csproj]
/home/runner/work/Market-Data-Collector/Market-Data-Collector/src/MarketDataCollector.Contracts/Api/BackfillApiModels.cs(129,19): warning CS1591: Missing XML comment for publicly visible type or member 'BackfillPreset.Name' [/home/runner/work/Market-Data-Collector/Market-Data-Collector/src/MarketDataCollector.Contracts/MarketDataCollector.Contracts.csproj]
/home/runner/work/Market-Data-Collector/Market-Data-Collector/src/MarketDataCollector.Contracts/Api/BackfillApiModels.cs(132,19): warning CS1591: Missing XML comment for publicly visible type or member 'BackfillPreset.DisplayName' [/home/runner/work/Market-Data-Collector/Market-Data-Collector/src/MarketDataCollector.Contracts/MarketDataCollector.Contracts.csproj]
/home/runner/work/Market-Data-Collector/Market-Data-Collector/src/MarketDataCollector.Contracts/Api/BackfillApiModels.cs(135,19): warning CS1591: Missing XML comment for publicly visible type or member 'BackfillPreset.Description' [/home/runner/work/Market-Data-Collector/Market-Data-Collector/src/MarketDataCollector.Contracts/MarketDataCollector.Contracts.csproj]
/home/runner/work/Market-Data-Collector/Market-Data-Collector/src/MarketDataCollector.Contracts/Api/BackfillApiModels.cs(138,19): warning CS1591: Missing XML comment for publicly visible type or member 'BackfillPreset.CronExpression' [/home/runner/work/Market-Data-Collector/Market-Data-Collector/src/MarketDataCollector.Contracts/MarketDataCollector.Contracts.csproj]
/home/runner/work/Market-Data-Collector/Market-Data-Collector/src/MarketDataCollector.Contracts/Api/BackfillApiModels.cs(141,16): warning CS1591: Missing XML comment for publicly visible type or member 'BackfillPreset.LookbackDays' [/home/runner/work/Market-Data-Collector/Market-Data-Collector/src/MarketDataCollector.Contracts/MarketDataCollector.Contracts.csproj]
/home/runner/work/Market-Data-Collector/Market-Data-Collector/src/MarketDataCollector.Contracts/Api/BackfillApiModels.cs(154,16): warning CS1591: Missing XML comment for publicly visible type or member 'BackfillStatistics.TotalExecutions' [/home/runner/work/Market-Data-Collector/Market-Data-Collector/src/MarketDataCollector.Contracts/MarketDataCollector.Contracts.csproj]
/home/runner/work/Market-Data-Collector/Market-Data-Collector/src/MarketDataCollector.Contracts/Api/BackfillApiModels.cs(157,16): warning CS1591: Missing XML comment for publicly visible type or member 'BackfillStatistics.SuccessfulExecutions' [/home/runner/work/Market-Data-Collector/Market-Data-Collector/src/MarketDataCollector.Contracts/MarketDataCollector.Contracts.csproj]
/home/runner/work/Market-Data-Collector/Market-Data-Collector/src/MarketDataCollector.Contracts/Api/BackfillApiModels.cs(160,16): warning CS1591: Missing XML comment for publicly visible type or member 'BackfillStatistics.FailedExecutions' [/home/runner/work/Market-Data-Collector/Market-Data-Collector/src/MarketDataCollector.Contracts/MarketDataCollector.Contracts.csproj]
/home/runner/work/Market-Data-Collector/Market-Data-Collector/src/MarketDataCollector.Contracts/Api/BackfillApiModels.cs(163,17): warning CS1591: Missing XML comment for publicly visible type or member 'BackfillStatistics.TotalBarsDownloaded' [/home/runner/work/Market-Data-Collector/Market-Data-Collector/src/MarketDataCollector.Contracts/MarketDataCollector.Contracts.csproj]
/home/runner/work/Market-Data-Collector/Market-Data-Collector/src/MarketDataCollector.Contracts/Api/BackfillApiModels.cs(166,19): warning CS1591: Missing XML comment for publicly visible type or member 'BackfillStatistics.AverageExecutionTimeSeconds' [/home/runner/work/Market-Data-Collector/Market-Data-Collector/src/MarketDataCollector.Contracts/MarketDataCollector.Contracts.csproj]
/home/runner/work/Market-Data-Collector/Market-Data-Collector/src/MarketDataCollector.Contracts/Api/BackfillApiModels.cs(169,22): warning CS1591: Missing XML comment for publicly visible type or member 'BackfillStatistics.LastSuccessfulExecution' [/home/runner/work/Market-Data-Collector/Market-Data-Collector/src/MarketDataCollector.Contracts/MarketDataCollector.Contracts.csproj]
/home/runner/work/Market-Data-Collector/Market-Data-Collector/src/MarketDataCollector.Contracts/Api/BackfillApiModels.cs(182,21): warning CS1591: Missing XML comment for publicly visible type or member 'GapFillRequest.Symbols' [/home/runner/work/Market-Data-Collector/Market-Data-Collector/src/MarketDataCollector.Contracts/MarketDataCollector.Contracts.csproj]
/home/runner/work/Market-Data-Collector/Market-Data-Collector/src/MarketDataCollector.Contracts/Api/BackfillApiModels.cs(185,16): warning CS1591: Missing XML comment for publicly visible type or member 'GapFillRequest.LookbackDays' [/home/runner/work/Market-Data-Collector/Market-Data-Collector/src/MarketDataCollector.Contracts/MarketDataCollector.Contracts.csproj]
/home/runner/work/Market-Data-Collector/Market-Data-Collector/src/MarketDataCollector.Contracts/Api/BackfillApiModels.cs(188,19): warning CS1591: Missing XML comment for publicly visible type or member 'GapFillRequest.Priority' [/home/runner/work/Market-Data-Collector/Market-Data-Collector/src/MarketDataCollector.Contracts/MarketDataCollector.Contracts.csproj]
/home/runner/work/Market-Data-Collector/Market-Data-Collector/src/MarketDataCollector.Contracts/Api/ProviderCatalog.cs(603,19): warning CS1591: Missing XML comment for publicly visible type or member 'ProviderCatalogEntry.ProviderId' [/home/runner/work/Market-Data-Collector/Market-Data-Collector/src/MarketDataCollector.Contracts/MarketDataCollector.Contracts.csproj]
/home/runner/work/Market-Data-Collector/Market-Data-Collector/src/MarketDataCollector.Contracts/Api/ProviderCatalog.cs(606,19): warning CS1591: Missing XML comment for publicly visible type or member 'ProviderCatalogEntry.DisplayName' [/home/runner/work/Market-Data-Collector/Market-Data-Collector/src/MarketDataCollector.Contracts/MarketDataCollector.Contracts.csproj]
/home/runner/work/Market-Data-Collector/Market-Data-Collector/src/MarketDataCollector.Contracts/Api/ProviderCatalog.cs(609,19): warning CS1591: Missing XML comment for publicly visible type or member 'ProviderCatalogEntry.Description' [/home/runner/work/Market-Data-Collector/Market-Data-Collector/src/MarketDataCollector.Contracts/MarketDataCollector.Contracts.csproj]
/home/runner/work/Market-Data-Collector/Market-Data-Collector/src/MarketDataCollector.Contracts/Api/ProviderCatalog.cs(612,29): warning CS1591: Missing XML comment for publicly visible type or member 'ProviderCatalogEntry.ProviderType' [/home/runner/work/Market-Data-Collector/Market-Data-Collector/src/MarketDataCollector.Contracts/MarketDataCollector.Contracts.csproj]
/home/runner/work/Market-Data-Collector/Market-Data-Collector/src/MarketDataCollector.Contracts/Api/ProviderCatalog.cs(615,17): warning CS1591: Missing XML comment for publicly visible type or member 'ProviderCatalogEntry.RequiresCredentials' [/home/runner/work/Market-Data-Collector/Market-Data-Collector/src/MarketDataCollector.Contracts/MarketDataCollector.Contracts.csproj]
/home/runner/work/Market-Data-Collector/Market-Data-Collector/src/MarketDataCollector.Contracts/Api/ProviderCatalog.cs(618,34): warning CS1591: Missing XML comment for publicly visible type or member 'ProviderCatalogEntry.CredentialFields' [/home/runner/work/Market-Data-Collector/Market-Data-Collector/src/MarketDataCollector.Contracts/MarketDataCollector.Contracts.csproj]
/home/runner/work/Market-Data-Collector/Market-Data-Collector/src/MarketDataCollector.Contracts/Api/ProviderCatalog.cs(621,27): warning CS1591: Missing XML comment for publicly visible type or member 'ProviderCatalogEntry.RateLimit' [/home/runner/work/Market-Data-Collector/Market-Data-Collector/src/MarketDataCollector.Contracts/MarketDataCollector.Contracts.csproj]
/home/runner/work/Market-Data-Collector/Market-Data-Collector/src/MarketDataCollector.Contracts/Api/ProviderCatalog.cs(624,21): warning CS1591: Missing XML comment for publicly visible type or member 'ProviderCatalogEntry.Notes' [/home/runner/work/Market-Data-Collector/Market-Data-Collector/src/MarketDataCollector.Contracts/MarketDataCollector.Contracts.csproj]
/home/runner/work/Market-Data-Collector/Market-Data-Collector/src/MarketDataCollector.Contracts/Api/ProviderCatalog.cs(627,21): warning CS1591: Missing XML comment for publicly visible type or member 'ProviderCatalogEntry.Warnings' [/home/runner/work/Market-Data-Collector/Market-Data-Collector/src/MarketDataCollector.Contracts/MarketDataCollector.Contracts.csproj]
/home/runner/work/Market-Data-Collector/Market-Data-Collector/src/MarketDataCollector.Contracts/Api/ProviderCatalog.cs(630,21): warning CS1591: Missing XML comment for publicly visible type or member 'ProviderCatalogEntry.SupportedMarkets' [/home/runner/work/Market-Data-Collector/Market-Data-Collector/src/MarketDataCollector.Contracts/MarketDataCollector.Contracts.csproj]
/home/runner/work/Market-Data-Collector/Market-Data-Collector/src/MarketDataCollector.Contracts/Api/ProviderCatalog.cs(633,21): warning CS1591: Missing XML comment for publicly visible type or member 'ProviderCatalogEntry.DataTypes' [/home/runner/work/Market-Data-Collector/Market-Data-Collector/src/MarketDataCollector.Contracts/MarketDataCollector.Contracts.csproj]
/home/runner/work/Market-Data-Collector/Market-Data-Collector/src/MarketDataCollector.Contracts/Api/ProviderCatalog.cs(636,27): warning CS1591: Missing XML comment for publicly visible type or member 'ProviderCatalogEntry.Capabilities' [/home/runner/work/Market-Data-Collector/Market-Data-Collector/src/MarketDataCollector.Contracts/MarketDataCollector.Contracts.csproj]
/home/runner/work/Market-Data-Collector/Market-Data-Collector/src/MarketDataCollector.Contracts/Api/ProviderCatalog.cs(656,16): warning CS1591: Missing XML comment for publicly visible type or member 'RateLimitInfo.MaxRequestsPerWindow' [/home/runner/work/Market-Data-Collector/Market-Data-Collector/src/MarketDataCollector.Contracts/MarketDataCollector.Contracts.csproj]
/home/runner/work/Market-Data-Collector/Market-Data-Collector/src/MarketDataCollector.Contracts/Api/ProviderCatalog.cs(659,16): warning CS1591: Missing XML comment for publicly visible type or member 'RateLimitInfo.WindowSeconds' [/home/runner/work/Market-Data-Collector/Market-Data-Collector/src/MarketDataCollector.Contracts/MarketDataCollector.Contracts.csproj]
/home/runner/work/Market-Data-Collector/Market-Data-Collector/src/MarketDataCollector.Contracts/Api/ProviderCatalog.cs(662,16): warning CS1591: Missing XML comment for publicly visible type or member 'RateLimitInfo.MinDelayMs' [/home/runner/work/Market-Data-Collector/Market-Data-Collector/src/MarketDataCollector.Contracts/MarketDataCollector.Contracts.csproj]
/home/runner/work/Market-Data-Collector/Market-Data-Collector/src/MarketDataCollector.Contracts/Api/ProviderCatalog.cs(665,19): warning CS1591: Missing XML comment for publicly visible type or member 'RateLimitInfo.Description' [/home/runner/work/Market-Data-Collector/Market-Data-Collector/src/MarketDataCollector.Contracts/MarketDataCollector.Contracts.csproj]
/home/runner/work/Market-Data-Collector/Market-Data-Collector/src/MarketDataCollector.Contracts/Api/ProviderCatalog.cs(675,17): warning CS1591: Missing XML comment for publicly visible type or member 'CapabilityInfo.SupportsStreaming' [/home/runner/work/Market-Data-Collector/Market-Data-Collector/src/MarketDataCollector.Contracts/MarketDataCollector.Contracts.csproj]
/home/runner/work/Market-Data-Collector/Market-Data-Collector/src/MarketDataCollector.Contracts/Api/ProviderCatalog.cs(678,17): warning CS1591: Missing XML comment for publicly visible type or member 'CapabilityInfo.SupportsMarketDepth' [/home/runner/work/Market-Data-Collector/Market-Data-Collector/src/MarketDataCollector.Contracts/MarketDataCollector.Contracts.csproj]
/home/runner/work/Market-Data-Collector/Market-Data-Collector/src/MarketDataCollector.Contracts/Api/ProviderCatalog.cs(681,17): warning CS1591: Missing XML comment for publicly visible type or member 'CapabilityInfo.MaxDepthLevels' [/home/runner/work/Market-Data-Collector/Market-Data-Collector/src/MarketDataCollector.Contracts/MarketDataCollector.Contracts.csproj]
/home/runner/work/Market-Data-Collector/Market-Data-Collector/src/MarketDataCollector.Contracts/Api/ProviderCatalog.cs(684,17): warning CS1591: Missing XML comment for publicly visible type or member 'CapabilityInfo.SupportsAdjustedPrices' [/home/runner/work/Market-Data-Collector/Market-Data-Collector/src/MarketDataCollector.Contracts/MarketDataCollector.Contracts.csproj]
/home/runner/work/Market-Data-Collector/Market-Data-Collector/src/MarketDataCollector.Contracts/Api/ProviderCatalog.cs(687,17): warning CS1591: Missing XML comment for publicly visible type or member 'CapabilityInfo.SupportsDividends' [/home/runner/work/Market-Data-Collector/Market-Data-Collector/src/MarketDataCollector.Contracts/MarketDataCollector.Contracts.csproj]
/home/runner/work/Market-Data-Collector/Market-Data-Collector/src/MarketDataCollector.Contracts/Api/ProviderCatalog.cs(690,17): warning CS1591: Missing XML comment for publicly visible type or member 'CapabilityInfo.SupportsSplits' [/home/runner/work/Market-Data-Collector/Market-Data-Collector/src/MarketDataCollector.Contracts/MarketDataCollector.Contracts.csproj]
/home/runner/work/Market-Data-Collector/Market-Data-Collector/src/MarketDataCollector.Contracts/Api/ProviderCatalog.cs(693,17): warning CS1591: Missing XML comment for publicly visible type or member 'CapabilityInfo.SupportsIntraday' [/home/runner/work/Market-Data-Collector/Market-Data-Collector/src/MarketDataCollector.Contracts/MarketDataCollector.Contracts.csproj]
/home/runner/work/Market-Data-Collector/Market-Data-Collector/src/MarketDataCollector.Contracts/Api/ProviderCatalog.cs(696,17): warning CS1591: Missing XML comment for publicly visible type or member 'CapabilityInfo.SupportsTrades' [/home/runner/work/Market-Data-Collector/Market-Data-Collector/src/MarketDataCollector.Contracts/MarketDataCollector.Contracts.csproj]
/home/runner/work/Market-Data-Collector/Market-Data-Collector/src/MarketDataCollector.Contracts/Api/ProviderCatalog.cs(699,17): warning CS1591: Missing XML comment for publicly visible type or member 'CapabilityInfo.SupportsQuotes' [/home/runner/work/Market-Data-Collector/Market-Data-Collector/src/MarketDataCollector.Contracts/MarketDataCollector.Contracts.csproj]
/home/runner/work/Market-Data-Collector/Market-Data-Collector/src/MarketDataCollector.Contracts/Api/ProviderCatalog.cs(702,17): warning CS1591: Missing XML comment for publicly visible type or member 'CapabilityInfo.SupportsAuctions' [/home/runner/work/Market-Data-Collector/Market-Data-Collector/src/MarketDataCollector.Contracts/MarketDataCollector.Contracts.csproj]
/home/runner/work/Market-Data-Collector/Market-Data-Collector/src/MarketDataCollector.Contracts/Api/StatusEndpointModels.cs(11,17): warning CS1591: Missing XML comment for publicly visible type or member 'BackpressureStatusDto.IsActive' [/home/runner/work/Market-Data-Collector/Market-Data-Collector/src/MarketDataCollector.Contracts/MarketDataCollector.Contracts.csproj]
/home/runner/work/Market-Data-Collector/Market-Data-Collector/src/MarketDataCollector.Contracts/Api/StatusEndpointModels.cs(14,19): warning CS1591: Missing XML comment for publicly visible type or member 'BackpressureStatusDto.Level' [/home/runner/work/Market-Data-Collector/Market-Data-Collector/src/MarketDataCollector.Contracts/MarketDataCollector.Contracts.csproj]
/home/runner/work/Market-Data-Collector/Market-Data-Collector/src/MarketDataCollector.Contracts/Api/StatusEndpointModels.cs(17,19): warning CS1591: Missing XML comment for publicly visible type or member 'BackpressureStatusDto.QueueUtilization' [/home/runner/work/Market-Data-Collector/Market-Data-Collector/src/MarketDataCollector.Contracts/MarketDataCollector.Contracts.csproj]
/home/runner/work/Market-Data-Collector/Market-Data-Collector/src/MarketDataCollector.Contracts/Api/StatusEndpointModels.cs(20,17): warning CS1591: Missing XML comment for publicly visible type or member 'BackpressureStatusDto.DroppedEvents' [/home/runner/work/Market-Data-Collector/Market-Data-Collector/src/MarketDataCollector.Contracts/MarketDataCollector.Contracts.csproj]
/home/runner/work/Market-Data-Collector/Market-Data-Collector/src/MarketDataCollector.Contracts/Api/StatusEndpointModels.cs(23,19): warning CS1591: Missing XML comment for publicly visible type or member 'BackpressureStatusDto.DropRate' [/home/runner/work/Market-Data-Collector/Market-Data-Collector/src/MarketDataCollector.Contracts/MarketDataCollector.Contracts.csproj]
/home/runner/work/Market-Data-Collector/Market-Data-Collector/src/MarketDataCollector.Contracts/Api/StatusEndpointModels.cs(26,19): warning CS1591: Missing XML comment for publicly visible type or member 'BackpressureStatusDto.DurationSeconds' [/home/runner/work/Market-Data-Collector/Market-Data-Collector/src/MarketDataCollector.Contracts/MarketDataCollector.Contracts.csproj]
/home/runner/work/Market-Data-Collector/Market-Data-Collector/src/MarketDataCollector.Contracts/Api/StatusEndpointModels.cs(29,20): warning CS1591: Missing XML comment for publicly visible type or member 'BackpressureStatusDto.Message' [/home/runner/work/Market-Data-Collector/Market-Data-Collector/src/MarketDataCollector.Contracts/MarketDataCollector.Contracts.csproj]
/home/runner/work/Market-Data-Collector/Market-Data-Collector/src/MarketDataCollector.Contracts/Api/StatusEndpointModels.cs(38,19): warning CS1591: Missing XML comment for publicly visible type or member 'ProviderLatencyStatsDto.Provider' [/home/runner/work/Market-Data-Collector/Market-Data-Collector/src/MarketDataCollector.Contracts/MarketDataCollector.Contracts.csproj]
/home/runner/work/Market-Data-Collector/Market-Data-Collector/src/MarketDataCollector.Contracts/Api/StatusEndpointModels.cs(41,19): warning CS1591: Missing XML comment for publicly visible type or member 'ProviderLatencyStatsDto.AverageMs' [/home/runner/work/Market-Data-Collector/Market-Data-Collector/src/MarketDataCollector.Contracts/MarketDataCollector.Contracts.csproj]
/home/runner/work/Market-Data-Collector/Market-Data-Collector/src/MarketDataCollector.Contracts/Api/StatusEndpointModels.cs(44,19): warning CS1591: Missing XML comment for publicly visible type or member 'ProviderLatencyStatsDto.MinMs' [/home/runner/work/Market-Data-Collector/Market-Data-Collector/src/MarketDataCollector.Contracts/MarketDataCollector.Contracts.csproj]
/home/runner/work/Market-Data-Collector/Market-Data-Collector/src/MarketDataCollector.Contracts/Api/StatusEndpointModels.cs(47,19): warning CS1591: Missing XML comment for publicly visible type or member 'ProviderLatencyStatsDto.MaxMs' [/home/runner/work/Market-Data-Collector/Market-Data-Collector/src/MarketDataCollector.Contracts/MarketDataCollector.Contracts.csproj]
/home/runner/work/Market-Data-Collector/Market-Data-Collector/src/MarketDataCollector.Contracts/Api/StatusEndpointModels.cs(50,19): warning CS1591: Missing XML comment for publicly visible type or member 'ProviderLatencyStatsDto.P50Ms' [/home/runner/work/Market-Data-Collector/Market-Data-Collector/src/MarketDataCollector.Contracts/MarketDataCollector.Contracts.csproj]
/home/runner/work/Market-Data-Collector/Market-Data-Collector/src/MarketDataCollector.Contracts/Api/StatusEndpointModels.cs(53,19): warning CS1591: Missing XML comment for publicly visible type or member 'ProviderLatencyStatsDto.P95Ms' [/home/runner/work/Market-Data-Collector/Market-Data-Collector/src/MarketDataCollector.Contracts/MarketDataCollector.Contracts.csproj]
/home/runner/work/Market-Data-Collector/Market-Data-Collector/src/MarketDataCollector.Contracts/Api/StatusEndpointModels.cs(56,19): warning CS1591: Missing XML comment for publicly visible type or member 'ProviderLatencyStatsDto.P99Ms' [/home/runner/work/Market-Data-Collector/Market-Data-Collector/src/MarketDataCollector.Contracts/MarketDataCollector.Contracts.csproj]
/home/runner/work/Market-Data-Collector/Market-Data-Collector/src/MarketDataCollector.Contracts/Api/StatusEndpointModels.cs(59,17): warning CS1591: Missing XML comment for publicly visible type or member 'ProviderLatencyStatsDto.SampleCount' [/home/runner/work/Market-Data-Collector/Market-Data-Collector/src/MarketDataCollector.Contracts/MarketDataCollector.Contracts.csproj]
/home/runner/work/Market-Data-Collector/Market-Data-Collector/src/MarketDataCollector.Contracts/Api/StatusEndpointModels.cs(62,17): warning CS1591: Missing XML comment for publicly visible type or member 'ProviderLatencyStatsDto.IsHealthy' [/home/runner/work/Market-Data-Collector/Market-Data-Collector/src/MarketDataCollector.Contracts/MarketDataCollector.Contracts.csproj]
/home/runner/work/Market-Data-Collector/Market-Data-Collector/src/MarketDataCollector.Contracts/Api/StatusEndpointModels.cs(71,27): warning CS1591: Missing XML comment for publicly visible type or member 'ProviderLatencySummaryDto.Timestamp' [/home/runner/work/Market-Data-Collector/Market-Data-Collector/src/MarketDataCollector.Contracts/MarketDataCollector.Contracts.csproj]
/home/runner/work/Market-Data-Collector/Market-Data-Collector/src/MarketDataCollector.Contracts/Api/StatusEndpointModels.cs(74,51): warning CS1591: Missing XML comment for publicly visible type or member 'ProviderLatencySummaryDto.Providers' [/home/runner/work/Market-Data-Collector/Market-Data-Collector/src/MarketDataCollector.Contracts/MarketDataCollector.Contracts.csproj]
/home/runner/work/Market-Data-Collector/Market-Data-Collector/src/MarketDataCollector.Contracts/Api/StatusEndpointModels.cs(77,19): warning CS1591: Missing XML comment for publicly visible type or member 'ProviderLatencySummaryDto.GlobalAverageMs' [/home/runner/work/Market-Data-Collector/Market-Data-Collector/src/MarketDataCollector.Contracts/MarketDataCollector.Contracts.csproj]
/home/runner/work/Market-Data-Collector/Market-Data-Collector/src/MarketDataCollector.Contracts/Api/StatusEndpointModels.cs(80,19): warning CS1591: Missing XML comment for publicly visible type or member 'ProviderLatencySummaryDto.GlobalP99Ms' [/home/runner/work/Market-Data-Collector/Market-Data-Collector/src/MarketDataCollector.Contracts/MarketDataCollector.Contracts.csproj]
/home/runner/work/Market-Data-Collector/Market-Data-Collector/src/MarketDataCollector.Contracts/Api/StatusEndpointModels.cs(89,19): warning CS1591: Missing XML comment for publicly visible type or member 'ConnectionHealthDto.ConnectionId' [/home/runner/work/Market-Data-Collector/Market-Data-Collector/src/MarketDataCollector.Contracts/MarketDataCollector.Contracts.csproj]
/home/runner/work/Market-Data-Collector/Market-Data-Collector/src/MarketDataCollector.Contracts/Api/StatusEndpointModels.cs(92,19): warning CS1591: Missing XML comment for publicly visible type or member 'ConnectionHealthDto.ProviderName' [/home/runner/work/Market-Data-Collector/Market-Data-Collector/src/MarketDataCollector.Contracts/MarketDataCollector.Contracts.csproj]
/home/runner/work/Market-Data-Collector/Market-Data-Collector/src/MarketDataCollector.Contracts/Api/StatusEndpointModels.cs(95,17): warning CS1591: Missing XML comment for publicly visible type or member 'ConnectionHealthDto.IsConnected' [/home/runner/work/Market-Data-Collector/Market-Data-Collector/src/MarketDataCollector.Contracts/MarketDataCollector.Contracts.csproj]
/home/runner/work/Market-Data-Collector/Market-Data-Collector/src/MarketDataCollector.Contracts/Api/StatusEndpointModels.cs(98,17): warning CS1591: Missing XML comment for publicly visible type or member 'ConnectionHealthDto.IsHealthy' [/home/runner/work/Market-Data-Collector/Market-Data-Collector/src/MarketDataCollector.Contracts/MarketDataCollector.Contracts.csproj]
/home/runner/work/Market-Data-Collector/Market-Data-Collector/src/MarketDataCollector.Contracts/Api/StatusEndpointModels.cs(101,28): warning CS1591: Missing XML comment for publicly visible type or member 'ConnectionHealthDto.LastHeartbeatTime' [/home/runner/work/Market-Data-Collector/Market-Data-Collector/src/MarketDataCollector.Contracts/MarketDataCollector.Contracts.csproj]
/home/runner/work/Market-Data-Collector/Market-Data-Collector/src/MarketDataCollector.Contracts/Api/StatusEndpointModels.cs(104,16): warning CS1591: Missing XML comment for publicly visible type or member 'ConnectionHealthDto.MissedHeartbeats' [/home/runner/work/Market-Data-Collector/Market-Data-Collector/src/MarketDataCollector.Contracts/MarketDataCollector.Contracts.csproj]
/home/runner/work/Market-Data-Collector/Market-Data-Collector/src/MarketDataCollector.Contracts/Api/StatusEndpointModels.cs(107,19): warning CS1591: Missing XML comment for publicly visible type or member 'ConnectionHealthDto.UptimeSeconds' [/home/runner/work/Market-Data-Collector/Market-Data-Collector/src/MarketDataCollector.Contracts/MarketDataCollector.Contracts.csproj]
/home/runner/work/Market-Data-Collector/Market-Data-Collector/src/MarketDataCollector.Contracts/Api/StatusEndpointModels.cs(110,19): warning CS1591: Missing XML comment for publicly visible type or member 'ConnectionHealthDto.AverageLatencyMs' [/home/runner/work/Market-Data-Collector/Market-Data-Collector/src/MarketDataCollector.Contracts/MarketDataCollector.Contracts.csproj]
/home/runner/work/Market-Data-Collector/Market-Data-Collector/src/MarketDataCollector.Contracts/Api/StatusEndpointModels.cs(119,27): warning CS1591: Missing XML comment for publicly visible type or member 'ConnectionHealthSnapshotDto.Timestamp' [/home/runner/work/Market-Data-Collector/Market-Data-Collector/src/MarketDataCollector.Contracts/MarketDataCollector.Contracts.csproj]
/home/runner/work/Market-Data-Collector/Market-Data-Collector/src/MarketDataCollector.Contracts/Api/StatusEndpointModels.cs(122,16): warning CS1591: Missing XML comment for publicly visible type or member 'ConnectionHealthSnapshotDto.TotalConnections' [/home/runner/work/Market-Data-Collector/Market-Data-Collector/src/MarketDataCollector.Contracts/MarketDataCollector.Contracts.csproj]
/home/runner/work/Market-Data-Collector/Market-Data-Collector/src/MarketDataCollector.Contracts/Api/StatusEndpointModels.cs(125,16): warning CS1591: Missing XML comment for publicly visible type or member 'ConnectionHealthSnapshotDto.HealthyConnections' [/home/runner/work/Market-Data-Collector/Market-Data-Collector/src/MarketDataCollector.Contracts/MarketDataCollector.Contracts.csproj]
/home/runner/work/Market-Data-Collector/Market-Data-Collector/src/MarketDataCollector.Contracts/Api/StatusEndpointModels.cs(128,16): warning CS1591: Missing XML comment for publicly visible type or member 'ConnectionHealthSnapshotDto.UnhealthyConnections' [/home/runner/work/Market-Data-Collector/Market-Data-Collector/src/MarketDataCollector.Contracts/MarketDataCollector.Contracts.csproj]
/home/runner/work/Market-Data-Collector/Market-Data-Collector/src/MarketDataCollector.Contracts/Api/StatusEndpointModels.cs(131,19): warning CS1591: Missing XML comment for publicly visible type or member 'ConnectionHealthSnapshotDto.GlobalAverageLatencyMs' [/home/runner/work/Market-Data-Collector/Market-Data-Collector/src/MarketDataCollector.Contracts/MarketDataCollector.Contracts.csproj]
/home/runner/work/Market-Data-Collector/Market-Data-Collector/src/MarketDataCollector.Contracts/Api/StatusEndpointModels.cs(134,19): warning CS1591: Missing XML comment for publicly visible type or member 'ConnectionHealthSnapshotDto.GlobalMinLatencyMs' [/home/runner/work/Market-Data-Collector/Market-Data-Collector/src/MarketDataCollector.Contracts/MarketDataCollector.Contracts.csproj]
/home/runner/work/Market-Data-Collector/Market-Data-Collector/src/MarketDataCollector.Contracts/Api/StatusEndpointModels.cs(137,19): warning CS1591: Missing XML comment for publicly visible type or member 'ConnectionHealthSnapshotDto.GlobalMaxLatencyMs' [/home/runner/work/Market-Data-Collector/Market-Data-Collector/src/MarketDataCollector.Contracts/MarketDataCollector.Contracts.csproj]
/home/runner/work/Market-Data-Collector/Market-Data-Collector/src/MarketDataCollector.Contracts/Api/StatusEndpointModels.cs(140,47): warning CS1591: Missing XML comment for publicly visible type or member 'ConnectionHealthSnapshotDto.Connections' [/home/runner/work/Market-Data-Collector/Market-Data-Collector/src/MarketDataCollector.Contracts/MarketDataCollector.Contracts.csproj]
/home/runner/work/Market-Data-Collector/Market-Data-Collector/src/MarketDataCollector.Contracts/Api/StatusEndpointModels.cs(149,19): warning CS1591: Missing XML comment for publicly visible type or member 'ErrorEntryDto.Id' [/home/runner/work/Market-Data-Collector/Market-Data-Collector/src/MarketDataCollector.Contracts/MarketDataCollector.Contracts.csproj]
/home/runner/work/Market-Data-Collector/Market-Data-Collector/src/MarketDataCollector.Contracts/Api/StatusEndpointModels.cs(152,27): warning CS1591: Missing XML comment for publicly visible type or member 'ErrorEntryDto.Timestamp' [/home/runner/work/Market-Data-Collector/Market-Data-Collector/src/MarketDataCollector.Contracts/MarketDataCollector.Contracts.csproj]
/home/runner/work/Market-Data-Collector/Market-Data-Collector/src/MarketDataCollector.Contracts/Api/StatusEndpointModels.cs(155,19): warning CS1591: Missing XML comment for publicly visible type or member 'ErrorEntryDto.Level' [/home/runner/work/Market-Data-Collector/Market-Data-Collector/src/MarketDataCollector.Contracts/MarketDataCollector.Contracts.csproj]
/home/runner/work/Market-Data-Collector/Market-Data-Collector/src/MarketDataCollector.Contracts/Api/StatusEndpointModels.cs(158,20): warning CS1591: Missing XML comment for publicly visible type or member 'ErrorEntryDto.Source' [/home/runner/work/Market-Data-Collector/Market-Data-Collector/src/MarketDataCollector.Contracts/MarketDataCollector.Contracts.csproj]
/home/runner/work/Market-Data-Collector/Market-Data-Collector/src/MarketDataCollector.Contracts/Api/StatusEndpointModels.cs(161,20): warning CS1591: Missing XML comment for publicly visible type or member 'ErrorEntryDto.Message' [/home/runner/work/Market-Data-Collector/Market-Data-Collector/src/MarketDataCollector.Contracts/MarketDataCollector.Contracts.csproj]
/home/runner/work/Market-Data-Collector/Market-Data-Collector/src/MarketDataCollector.Contracts/Api/StatusEndpointModels.cs(164,20): warning CS1591: Missing XML comment for publicly visible type or member 'ErrorEntryDto.ExceptionType' [/home/runner/work/Market-Data-Collector/Market-Data-Collector/src/MarketDataCollector.Contracts/MarketDataCollector.Contracts.csproj]
/home/runner/work/Market-Data-Collector/Market-Data-Collector/src/MarketDataCollector.Contracts/Api/StatusEndpointModels.cs(167,20): warning CS1591: Missing XML comment for publicly visible type or member 'ErrorEntryDto.Context' [/home/runner/work/Market-Data-Collector/Market-Data-Collector/src/MarketDataCollector.Contracts/MarketDataCollector.Contracts.csproj]
/home/runner/work/Market-Data-Collector/Market-Data-Collector/src/MarketDataCollector.Contracts/Api/StatusEndpointModels.cs(170,20): warning CS1591: Missing XML comment for publicly visible type or member 'ErrorEntryDto.Symbol' [/home/runner/work/Market-Data-Collector/Market-Data-Collector/src/MarketDataCollector.Contracts/MarketDataCollector.Contracts.csproj]
/home/runner/work/Market-Data-Collector/Market-Data-Collector/src/MarketDataCollector.Contracts/Api/StatusEndpointModels.cs(173,20): warning CS1591: Missing XML comment for publicly visible type or member 'ErrorEntryDto.Provider' [/home/runner/work/Market-Data-Collector/Market-Data-Collector/src/MarketDataCollector.Contracts/MarketDataCollector.Contracts.csproj]
/home/runner/work/Market-Data-Collector/Market-Data-Collector/src/MarketDataCollector.Contracts/Api/StatusEndpointModels.cs(182,16): warning CS1591: Missing XML comment for publicly visible type or member 'ErrorStatsDto.TotalErrors' [/home/runner/work/Market-Data-Collector/Market-Data-Collector/src/MarketDataCollector.Contracts/MarketDataCollector.Contracts.csproj]
/home/runner/work/Market-Data-Collector/Market-Data-Collector/src/MarketDataCollector.Contracts/Api/StatusEndpointModels.cs(185,16): warning CS1591: Missing XML comment for publicly visible type or member 'ErrorStatsDto.ErrorsInLastMinute' [/home/runner/work/Market-Data-Collector/Market-Data-Collector/src/MarketDataCollector.Contracts/MarketDataCollector.Contracts.csproj]
/home/runner/work/Market-Data-Collector/Market-Data-Collector/src/MarketDataCollector.Contracts/Api/StatusEndpointModels.cs(188,16): warning CS1591: Missing XML comment for publicly visible type or member 'ErrorStatsDto.ErrorsInLastHour' [/home/runner/work/Market-Data-Collector/Market-Data-Collector/src/MarketDataCollector.Contracts/MarketDataCollector.Contracts.csproj]
/home/runner/work/Market-Data-Collector/Market-Data-Collector/src/MarketDataCollector.Contracts/Api/StatusEndpointModels.cs(191,16): warning CS1591: Missing XML comment for publicly visible type or member 'ErrorStatsDto.WarningCount' [/home/runner/work/Market-Data-Collector/Market-Data-Collector/src/MarketDataCollector.Contracts/MarketDataCollector.Contracts.csproj]
/home/runner/work/Market-Data-Collector/Market-Data-Collector/src/MarketDataCollector.Contracts/Api/StatusEndpointModels.cs(194,16): warning CS1591: Missing XML comment for publicly visible type or member 'ErrorStatsDto.ErrorCount' [/home/runner/work/Market-Data-Collector/Market-Data-Collector/src/MarketDataCollector.Contracts/MarketDataCollector.Contracts.csproj]
/home/runner/work/Market-Data-Collector/Market-Data-Collector/src/MarketDataCollector.Contracts/Api/StatusEndpointModels.cs(197,16): warning CS1591: Missing XML comment for publicly visible type or member 'ErrorStatsDto.CriticalCount' [/home/runner/work/Market-Data-Collector/Market-Data-Collector/src/MarketDataCollector.Contracts/MarketDataCollector.Contracts.csproj]
/home/runner/work/Market-Data-Collector/Market-Data-Collector/src/MarketDataCollector.Contracts/Api/StatusEndpointModels.cs(200,28): warning CS1591: Missing XML comment for publicly visible type or member 'ErrorStatsDto.LastErrorTime' [/home/runner/work/Market-Data-Collector/Market-Data-Collector/src/MarketDataCollector.Contracts/MarketDataCollector.Contracts.csproj]
/home/runner/work/Market-Data-Collector/Market-Data-Collector/src/MarketDataCollector.Contracts/Api/StatusEndpointModels.cs(209,41): warning CS1591: Missing XML comment for publicly visible type or member 'ErrorsResponseDto.Errors' [/home/runner/work/Market-Data-Collector/Market-Data-Collector/src/MarketDataCollector.Contracts/MarketDataCollector.Contracts.csproj]
/home/runner/work/Market-Data-Collector/Market-Data-Collector/src/MarketDataCollector.Contracts/Api/StatusEndpointModels.cs(212,27): warning CS1591: Missing XML comment for publicly visible type or member 'ErrorsResponseDto.Stats' [/home/runner/work/Market-Data-Collector/Market-Data-Collector/src/MarketDataCollector.Contracts/MarketDataCollector.Contracts.csproj]
/home/runner/work/Market-Data-Collector/Market-Data-Collector/src/MarketDataCollector.Contracts/Api/StatusEndpointModels.cs(215,20): warning CS1591: Missing XML comment for publicly visible type or member 'ErrorsResponseDto.Message' [/home/runner/work/Market-Data-Collector/Market-Data-Collector/src/MarketDataCollector.Contracts/MarketDataCollector.Contracts.csproj]
/home/runner/work/Market-Data-Collector/Market-Data-Collector/src/MarketDataCollector.Contracts/Api/StatusEndpointModels.cs(223,19): warning CS1591: Missing XML comment for publicly visible type or member 'PrometheusMetricsDto.Content' [/home/runner/work/Market-Data-Collector/Market-Data-Collector/src/MarketDataCollector.Contracts/MarketDataCollector.Contracts.csproj]
/home/runner/work/Market-Data-Collector/Market-Data-Collector/src/MarketDataCollector.Contracts/Api/StatusModels.cs(11,17): warning CS1591: Missing XML comment for publicly visible type or member 'StatusResponse.IsConnected' [/home/runner/work/Market-Data-Collector/Market-Data-Collector/src/MarketDataCollector.Contracts/MarketDataCollector.Contracts.csproj]
/home/runner/work/Market-Data-Collector/Market-Data-Collector/src/MarketDataCollector.Contracts/Api/StatusModels.cs(14,27): warning CS1591: Missing XML comment for publicly visible type or member 'StatusResponse.TimestampUtc' [/home/runner/work/Market-Data-Collector/Market-Data-Collector/src/MarketDataCollector.Contracts/MarketDataCollector.Contracts.csproj]
/home/runner/work/Market-Data-Collector/Market-Data-Collector/src/MarketDataCollector.Contracts/Api/StatusModels.cs(17,25): warning CS1591: Missing XML comment for publicly visible type or member 'StatusResponse.Metrics' [/home/runner/work/Market-Data-Collector/Market-Data-Collector/src/MarketDataCollector.Contracts/MarketDataCollector.Contracts.csproj]
/home/runner/work/Market-Data-Collector/Market-Data-Collector/src/MarketDataCollector.Contracts/Api/StatusModels.cs(20,26): warning CS1591: Missing XML comment for publicly visible type or member 'StatusResponse.Pipeline' [/home/runner/work/Market-Data-Collector/Market-Data-Collector/src/MarketDataCollector.Contracts/MarketDataCollector.Contracts.csproj]
/home/runner/work/Market-Data-Collector/Market-Data-Collector/src/MarketDataCollector.Contracts/Api/StatusModels.cs(29,17): warning CS1591: Missing XML comment for publicly visible type or member 'MetricsData.Published' [/home/runner/work/Market-Data-Collector/Market-Data-Collector/src/MarketDataCollector.Contracts/MarketDataCollector.Contracts.csproj]
/home/runner/work/Market-Data-Collector/Market-Data-Collector/src/MarketDataCollector.Contracts/Api/StatusModels.cs(32,17): warning CS1591: Missing XML comment for publicly visible type or member 'MetricsData.Dropped' [/home/runner/work/Market-Data-Collector/Market-Data-Collector/src/MarketDataCollector.Contracts/MarketDataCollector.Contracts.csproj]
/home/runner/work/Market-Data-Collector/Market-Data-Collector/src/MarketDataCollector.Contracts/Api/StatusModels.cs(35,17): warning CS1591: Missing XML comment for publicly visible type or member 'MetricsData.Integrity' [/home/runner/work/Market-Data-Collector/Market-Data-Collector/src/MarketDataCollector.Contracts/MarketDataCollector.Contracts.csproj]
/home/runner/work/Market-Data-Collector/Market-Data-Collector/src/MarketDataCollector.Contracts/Api/StatusModels.cs(38,17): warning CS1591: Missing XML comment for publicly visible type or member 'MetricsData.HistoricalBars' [/home/runner/work/Market-Data-Collector/Market-Data-Collector/src/MarketDataCollector.Contracts/MarketDataCollector.Contracts.csproj]
/home/runner/work/Market-Data-Collector/Market-Data-Collector/src/MarketDataCollector.Contracts/Api/StatusModels.cs(41,19): warning CS1591: Missing XML comment for publicly visible type or member 'MetricsData.EventsPerSecond' [/home/runner/work/Market-Data-Collector/Market-Data-Collector/src/MarketDataCollector.Contracts/MarketDataCollector.Contracts.csproj]
/home/runner/work/Market-Data-Collector/Market-Data-Collector/src/MarketDataCollector.Contracts/Api/StatusModels.cs(44,19): warning CS1591: Missing XML comment for publicly visible type or member 'MetricsData.DropRate' [/home/runner/work/Market-Data-Collector/Market-Data-Collector/src/MarketDataCollector.Contracts/MarketDataCollector.Contracts.csproj]
/home/runner/work/Market-Data-Collector/Market-Data-Collector/src/MarketDataCollector.Contracts/Api/StatusModels.cs(47,17): warning CS1591: Missing XML comment for publicly visible type or member 'MetricsData.Trades' [/home/runner/work/Market-Data-Collector/Market-Data-Collector/src/MarketDataCollector.Contracts/MarketDataCollector.Contracts.csproj]
/home/runner/work/Market-Data-Collector/Market-Data-Collector/src/MarketDataCollector.Contracts/Api/StatusModels.cs(50,17): warning CS1591: Missing XML comment for publicly visible type or member 'MetricsData.DepthUpdates' [/home/runner/work/Market-Data-Collector/Market-Data-Collector/src/MarketDataCollector.Contracts/MarketDataCollector.Contracts.csproj]
/home/runner/work/Market-Data-Collector/Market-Data-Collector/src/MarketDataCollector.Contracts/Api/StatusModels.cs(53,17): warning CS1591: Missing XML comment for publicly visible type or member 'MetricsData.Quotes' [/home/runner/work/Market-Data-Collector/Market-Data-Collector/src/MarketDataCollector.Contracts/MarketDataCollector.Contracts.csproj]
/home/runner/work/Market-Data-Collector/Market-Data-Collector/src/MarketDataCollector.Contracts/Api/StatusModels.cs(62,17): warning CS1591: Missing XML comment for publicly visible type or member 'PipelineData.PublishedCount' [/home/runner/work/Market-Data-Collector/Market-Data-Collector/src/MarketDataCollector.Contracts/MarketDataCollector.Contracts.csproj]
/home/runner/work/Market-Data-Collector/Market-Data-Collector/src/MarketDataCollector.Contracts/Api/StatusModels.cs(65,17): warning CS1591: Missing XML comment for publicly visible type or member 'PipelineData.DroppedCount' [/home/runner/work/Market-Data-Collector/Market-Data-Collector/src/MarketDataCollector.Contracts/MarketDataCollector.Contracts.csproj]
/home/runner/work/Market-Data-Collector/Market-Data-Collector/src/MarketDataCollector.Contracts/Api/StatusModels.cs(68,17): warning CS1591: Missing XML comment for publicly visible type or member 'PipelineData.ConsumedCount' [/home/runner/work/Market-Data-Collector/Market-Data-Collector/src/MarketDataCollector.Contracts/MarketDataCollector.Contracts.csproj]
/home/runner/work/Market-Data-Collector/Market-Data-Collector/src/MarketDataCollector.Contracts/Api/StatusModels.cs(71,16): warning CS1591: Missing XML comment for publicly visible type or member 'PipelineData.CurrentQueueSize' [/home/runner/work/Market-Data-Collector/Market-Data-Collector/src/MarketDataCollector.Contracts/MarketDataCollector.Contracts.csproj]
/home/runner/work/Market-Data-Collector/Market-Data-Collector/src/MarketDataCollector.Contracts/Api/StatusModels.cs(74,17): warning CS1591: Missing XML comment for publicly visible type or member 'PipelineData.PeakQueueSize' [/home/runner/work/Market-Data-Collector/Market-Data-Collector/src/MarketDataCollector.Contracts/MarketDataCollector.Contracts.csproj]
/home/runner/work/Market-Data-Collector/Market-Data-Collector/src/MarketDataCollector.Contracts/Api/StatusModels.cs(77,16): warning CS1591: Missing XML comment for publicly visible type or member 'PipelineData.QueueCapacity' [/home/runner/work/Market-Data-Collector/Market-Data-Collector/src/MarketDataCollector.Contracts/MarketDataCollector.Contracts.csproj]
/home/runner/work/Market-Data-Collector/Market-Data-Collector/src/MarketDataCollector.Contracts/Api/StatusModels.cs(80,19): warning CS1591: Missing XML comment for publicly visible type or member 'PipelineData.QueueUtilization' [/home/runner/work/Market-Data-Collector/Market-Data-Collector/src/MarketDataCollector.Contracts/MarketDataCollector.Contracts.csproj]
/home/runner/work/Market-Data-Collector/Market-Data-Collector/src/MarketDataCollector.Contracts/Api/StatusModels.cs(83,19): warning CS1591: Missing XML comment for publicly visible type or member 'PipelineData.AverageProcessingTimeUs' [/home/runner/work/Market-Data-Collector/Market-Data-Collector/src/MarketDataCollector.Contracts/MarketDataCollector.Contracts.csproj]
/home/runner/work/Market-Data-Collector/Market-Data-Collector/src/MarketDataCollector.Contracts/Api/StatusModels.cs(92,19): warning CS1591: Missing XML comment for publicly visible type or member 'HealthCheckResponse.Status' [/home/runner/work/Market-Data-Collector/Market-Data-Collector/src/MarketDataCollector.Contracts/MarketDataCollector.Contracts.csproj]
/home/runner/work/Market-Data-Collector/Market-Data-Collector/src/MarketDataCollector.Contracts/Api/StatusModels.cs(95,27): warning CS1591: Missing XML comment for publicly visible type or member 'HealthCheckResponse.Timestamp' [/home/runner/work/Market-Data-Collector/Market-Data-Collector/src/MarketDataCollector.Contracts/MarketDataCollector.Contracts.csproj]
/home/runner/work/Market-Data-Collector/Market-Data-Collector/src/MarketDataCollector.Contracts/Api/StatusModels.cs(98,21): warning CS1591: Missing XML comment for publicly visible type or member 'HealthCheckResponse.Uptime' [/home/runner/work/Market-Data-Collector/Market-Data-Collector/src/MarketDataCollector.Contracts/MarketDataCollector.Contracts.csproj]
/home/runner/work/Market-Data-Collector/Market-Data-Collector/src/MarketDataCollector.Contracts/Api/StatusModels.cs(101,31): warning CS1591: Missing XML comment for publicly visible type or member 'HealthCheckResponse.Checks' [/home/runner/work/Market-Data-Collector/Market-Data-Collector/src/MarketDataCollector.Contracts/MarketDataCollector.Contracts.csproj]
/home/runner/work/Market-Data-Collector/Market-Data-Collector/src/MarketDataCollector.Contracts/Api/StatusModels.cs(110,19): warning CS1591: Missing XML comment for publicly visible type or member 'HealthCheckItem.Name' [/home/runner/work/Market-Data-Collector/Market-Data-Collector/src/MarketDataCollector.Contracts/MarketDataCollector.Contracts.csproj]
/home/runner/work/Market-Data-Collector/Market-Data-Collector/src/MarketDataCollector.Contracts/Api/StatusModels.cs(113,19): warning CS1591: Missing XML comment for publicly visible type or member 'HealthCheckItem.Status' [/home/runner/work/Market-Data-Collector/Market-Data-Collector/src/MarketDataCollector.Contracts/MarketDataCollector.Contracts.csproj]
/home/runner/work/Market-Data-Collector/Market-Data-Collector/src/MarketDataCollector.Contracts/Api/StatusModels.cs(116,20): warning CS1591: Missing XML comment for publicly visible type or member 'HealthCheckItem.Message' [/home/runner/work/Market-Data-Collector/Market-Data-Collector/src/MarketDataCollector.Contracts/MarketDataCollector.Contracts.csproj]
/home/runner/work/Market-Data-Collector/Market-Data-Collector/src/MarketDataCollector.Contracts/Api/StatusModels.cs(125,19): warning CS1591: Missing XML comment for publicly visible type or member 'BackfillProviderInfo.Name' [/home/runner/work/Market-Data-Collector/Market-Data-Collector/src/MarketDataCollector.Contracts/MarketDataCollector.Contracts.csproj]
/home/runner/work/Market-Data-Collector/Market-Data-Collector/src/MarketDataCollector.Contracts/Api/StatusModels.cs(128,19): warning CS1591: Missing XML comment for publicly visible type or member 'BackfillProviderInfo.DisplayName' [/home/runner/work/Market-Data-Collector/Market-Data-Collector/src/MarketDataCollector.Contracts/MarketDataCollector.Contracts.csproj]
/home/runner/work/Market-Data-Collector/Market-Data-Collector/src/MarketDataCollector.Contracts/Api/StatusModels.cs(131,20): warning CS1591: Missing XML comment for publicly visible type or member 'BackfillProviderInfo.Description' [/home/runner/work/Market-Data-Collector/Market-Data-Collector/src/MarketDataCollector.Contracts/MarketDataCollector.Contracts.csproj]
/home/runner/work/Market-Data-Collector/Market-Data-Collector/src/MarketDataCollector.Contracts/Api/StatusModels.cs(134,17): warning CS1591: Missing XML comment for publicly visible type or member 'BackfillProviderInfo.IsAvailable' [/home/runner/work/Market-Data-Collector/Market-Data-Collector/src/MarketDataCollector.Contracts/MarketDataCollector.Contracts.csproj]
/home/runner/work/Market-Data-Collector/Market-Data-Collector/src/MarketDataCollector.Contracts/Api/StatusModels.cs(137,17): warning CS1591: Missing XML comment for publicly visible type or member 'BackfillProviderInfo.RequiresApiKey' [/home/runner/work/Market-Data-Collector/Market-Data-Collector/src/MarketDataCollector.Contracts/MarketDataCollector.Contracts.csproj]
/home/runner/work/Market-Data-Collector/Market-Data-Collector/src/MarketDataCollector.Contracts/Api/StatusModels.cs(146,17): warning CS1591: Missing XML comment for publicly visible type or member 'BackfillResult.Success' [/home/runner/work/Market-Data-Collector/Market-Data-Collector/src/MarketDataCollector.Contracts/MarketDataCollector.Contracts.csproj]
/home/runner/work/Market-Data-Collector/Market-Data-Collector/src/MarketDataCollector.Contracts/Api/StatusModels.cs(149,20): warning CS1591: Missing XML comment for publicly visible type or member 'BackfillResult.Provider' [/home/runner/work/Market-Data-Collector/Market-Data-Collector/src/MarketDataCollector.Contracts/MarketDataCollector.Contracts.csproj]
/home/runner/work/Market-Data-Collector/Market-Data-Collector/src/MarketDataCollector.Contracts/Api/StatusModels.cs(152,22): warning CS1591: Missing XML comment for publicly visible type or member 'BackfillResult.Symbols' [/home/runner/work/Market-Data-Collector/Market-Data-Collector/src/MarketDataCollector.Contracts/MarketDataCollector.Contracts.csproj]
/home/runner/work/Market-Data-Collector/Market-Data-Collector/src/MarketDataCollector.Contracts/Api/StatusModels.cs(155,16): warning CS1591: Missing XML comment for publicly visible type or member 'BackfillResult.BarsWritten' [/home/runner/work/Market-Data-Collector/Market-Data-Collector/src/MarketDataCollector.Contracts/MarketDataCollector.Contracts.csproj]
/home/runner/work/Market-Data-Collector/Market-Data-Collector/src/MarketDataCollector.Contracts/Api/StatusModels.cs(158,28): warning CS1591: Missing XML comment for publicly visible type or member 'BackfillResult.StartedUtc' [/home/runner/work/Market-Data-Collector/Market-Data-Collector/src/MarketDataCollector.Contracts/MarketDataCollector.Contracts.csproj]
/home/runner/work/Market-Data-Collector/Market-Data-Collector/src/MarketDataCollector.Contracts/Api/StatusModels.cs(161,28): warning CS1591: Missing XML comment for publicly visible type or member 'BackfillResult.CompletedUtc' [/home/runner/work/Market-Data-Collector/Market-Data-Collector/src/MarketDataCollector.Contracts/MarketDataCollector.Contracts.csproj]
/home/runner/work/Market-Data-Collector/Market-Data-Collector/src/MarketDataCollector.Contracts/Api/StatusModels.cs(164,20): warning CS1591: Missing XML comment for publicly visible type or member 'BackfillResult.Error' [/home/runner/work/Market-Data-Collector/Market-Data-Collector/src/MarketDataCollector.Contracts/MarketDataCollector.Contracts.csproj]
/home/runner/work/Market-Data-Collector/Market-Data-Collector/src/MarketDataCollector.Contracts/Api/StatusModels.cs(167,36): warning CS1591: Missing XML comment for publicly visible type or member 'BackfillResult.SymbolResults' [/home/runner/work/Market-Data-Collector/Market-Data-Collector/src/MarketDataCollector.Contracts/MarketDataCollector.Contracts.csproj]
/home/runner/work/Market-Data-Collector/Market-Data-Collector/src/MarketDataCollector.Contracts/Api/StatusModels.cs(176,19): warning CS1591: Missing XML comment for publicly visible type or member 'SymbolBackfillResult.Symbol' [/home/runner/work/Market-Data-Collector/Market-Data-Collector/src/MarketDataCollector.Contracts/MarketDataCollector.Contracts.csproj]
/home/runner/work/Market-Data-Collector/Market-Data-Collector/src/MarketDataCollector.Contracts/Api/StatusModels.cs(179,17): warning CS1591: Missing XML comment for publicly visible type or member 'SymbolBackfillResult.Success' [/home/runner/work/Market-Data-Collector/Market-Data-Collector/src/MarketDataCollector.Contracts/MarketDataCollector.Contracts.csproj]
/home/runner/work/Market-Data-Collector/Market-Data-Collector/src/MarketDataCollector.Contracts/Api/StatusModels.cs(182,16): warning CS1591: Missing XML comment for publicly visible type or member 'SymbolBackfillResult.BarsDownloaded' [/home/runner/work/Market-Data-Collector/Market-Data-Collector/src/MarketDataCollector.Contracts/MarketDataCollector.Contracts.csproj]
/home/runner/work/Market-Data-Collector/Market-Data-Collector/src/MarketDataCollector.Contracts/Api/StatusModels.cs(185,20): warning CS1591: Missing XML comment for publicly visible type or member 'SymbolBackfillResult.Provider' [/home/runner/work/Market-Data-Collector/Market-Data-Collector/src/MarketDataCollector.Contracts/MarketDataCollector.Contracts.csproj]
/home/runner/work/Market-Data-Collector/Market-Data-Collector/src/MarketDataCollector.Contracts/Api/StatusModels.cs(188,20): warning CS1591: Missing XML comment for publicly visible type or member 'SymbolBackfillResult.Error' [/home/runner/work/Market-Data-Collector/Market-Data-Collector/src/MarketDataCollector.Contracts/MarketDataCollector.Contracts.csproj]
/home/runner/work/Market-Data-Collector/Market-Data-Collector/src/MarketDataCollector.Contracts/Api/StatusModels.cs(197,20): warning CS1591: Missing XML comment for publicly visible type or member 'BackfillRequest.Provider' [/home/runner/work/Market-Data-Collector/Market-Data-Collector/src/MarketDataCollector.Contracts/MarketDataCollector.Contracts.csproj]
/home/runner/work/Market-Data-Collector/Market-Data-Collector/src/MarketDataCollector.Contracts/Api/StatusModels.cs(200,21): warning CS1591: Missing XML comment for publicly visible type or member 'BackfillRequest.Symbols' [/home/runner/work/Market-Data-Collector/Market-Data-Collector/src/MarketDataCollector.Contracts/MarketDataCollector.Contracts.csproj]
/home/runner/work/Market-Data-Collector/Market-Data-Collector/src/MarketDataCollector.Contracts/Api/StatusModels.cs(203,20): warning CS1591: Missing XML comment for publicly visible type or member 'BackfillRequest.From' [/home/runner/work/Market-Data-Collector/Market-Data-Collector/src/MarketDataCollector.Contracts/MarketDataCollector.Contracts.csproj]
/home/runner/work/Market-Data-Collector/Market-Data-Collector/src/MarketDataCollector.Contracts/Api/StatusModels.cs(206,20): warning CS1591: Missing XML comment for publicly visible type or member 'BackfillRequest.To' [/home/runner/work/Market-Data-Collector/Market-Data-Collector/src/MarketDataCollector.Contracts/MarketDataCollector.Contracts.csproj]
/home/runner/work/Market-Data-Collector/Market-Data-Collector/src/MarketDataCollector.Contracts/Api/StatusModels.cs(209,19): warning CS1591: Missing XML comment for publicly visible type or member 'BackfillRequest.Granularity' [/home/runner/work/Market-Data-Collector/Market-Data-Collector/src/MarketDataCollector.Contracts/MarketDataCollector.Contracts.csproj]
/home/runner/work/Market-Data-Collector/Market-Data-Collector/src/MarketDataCollector.Contracts/Api/StatusModels.cs(218,17): warning CS1591: Missing XML comment for publicly visible type or member 'StorageAnalytics.TotalSizeBytes' [/home/runner/work/Market-Data-Collector/Market-Data-Collector/src/MarketDataCollector.Contracts/MarketDataCollector.Contracts.csproj]
/home/runner/work/Market-Data-Collector/Market-Data-Collector/src/MarketDataCollector.Contracts/Api/StatusModels.cs(221,17): warning CS1591: Missing XML comment for publicly visible type or member 'StorageAnalytics.TradeSizeBytes' [/home/runner/work/Market-Data-Collector/Market-Data-Collector/src/MarketDataCollector.Contracts/MarketDataCollector.Contracts.csproj]
/home/runner/work/Market-Data-Collector/Market-Data-Collector/src/MarketDataCollector.Contracts/Api/StatusModels.cs(224,17): warning CS1591: Missing XML comment for publicly visible type or member 'StorageAnalytics.DepthSizeBytes' [/home/runner/work/Market-Data-Collector/Market-Data-Collector/src/MarketDataCollector.Contracts/MarketDataCollector.Contracts.csproj]
/home/runner/work/Market-Data-Collector/Market-Data-Collector/src/MarketDataCollector.Contracts/Api/StatusModels.cs(227,17): warning CS1591: Missing XML comment for publicly visible type or member 'StorageAnalytics.HistoricalSizeBytes' [/home/runner/work/Market-Data-Collector/Market-Data-Collector/src/MarketDataCollector.Contracts/MarketDataCollector.Contracts.csproj]
/home/runner/work/Market-Data-Collector/Market-Data-Collector/src/MarketDataCollector.Contracts/Api/StatusModels.cs(230,16): warning CS1591: Missing XML comment for publicly visible type or member 'StorageAnalytics.TotalFileCount' [/home/runner/work/Market-Data-Collector/Market-Data-Collector/src/MarketDataCollector.Contracts/MarketDataCollector.Contracts.csproj]
/home/runner/work/Market-Data-Collector/Market-Data-Collector/src/MarketDataCollector.Contracts/Api/StatusModels.cs(233,27): warning CS1591: Missing XML comment for publicly visible type or member 'StorageAnalytics.LastUpdated' [/home/runner/work/Market-Data-Collector/Market-Data-Collector/src/MarketDataCollector.Contracts/MarketDataCollector.Contracts.csproj]
/home/runner/work/Market-Data-Collector/Market-Data-Collector/src/MarketDataCollector.Contracts/Api/StatusModels.cs(236,33): warning CS1591: Missing XML comment for publicly visible type or member 'StorageAnalytics.SymbolBreakdown' [/home/runner/work/Market-Data-Collector/Market-Data-Collector/src/MarketDataCollector.Contracts/MarketDataCollector.Contracts.csproj]
/home/runner/work/Market-Data-Collector/Market-Data-Collector/src/MarketDataCollector.Contracts/Api/StatusModels.cs(239,17): warning CS1591: Missing XML comment for publicly visible type or member 'StorageAnalytics.DailyGrowthBytes' [/home/runner/work/Market-Data-Collector/Market-Data-Collector/src/MarketDataCollector.Contracts/MarketDataCollector.Contracts.csproj]
/home/runner/work/Market-Data-Collector/Market-Data-Collector/src/MarketDataCollector.Contracts/Api/StatusModels.cs(242,17): warning CS1591: Missing XML comment for publicly visible type or member 'StorageAnalytics.ProjectedDaysUntilFull' [/home/runner/work/Market-Data-Collector/Market-Data-Collector/src/MarketDataCollector.Contracts/MarketDataCollector.Contracts.csproj]
/home/runner/work/Market-Data-Collector/Market-Data-Collector/src/MarketDataCollector.Contracts/Api/StatusModels.cs(251,19): warning CS1591: Missing XML comment for publicly visible type or member 'SymbolStorageInfo.Symbol' [/home/runner/work/Market-Data-Collector/Market-Data-Collector/src/MarketDataCollector.Contracts/MarketDataCollector.Contracts.csproj]
/home/runner/work/Market-Data-Collector/Market-Data-Collector/src/MarketDataCollector.Contracts/Api/StatusModels.cs(254,17): warning CS1591: Missing XML comment for publicly visible type or member 'SymbolStorageInfo.SizeBytes' [/home/runner/work/Market-Data-Collector/Market-Data-Collector/src/MarketDataCollector.Contracts/MarketDataCollector.Contracts.csproj]
/home/runner/work/Market-Data-Collector/Market-Data-Collector/src/MarketDataCollector.Contracts/Api/StatusModels.cs(257,16): warning CS1591: Missing XML comment for publicly visible type or member 'SymbolStorageInfo.FileCount' [/home/runner/work/Market-Data-Collector/Market-Data-Collector/src/MarketDataCollector.Contracts/MarketDataCollector.Contracts.csproj]
/home/runner/work/Market-Data-Collector/Market-Data-Collector/src/MarketDataCollector.Contracts/Api/StatusModels.cs(260,19): warning CS1591: Missing XML comment for publicly visible type or member 'SymbolStorageInfo.PercentOfTotal' [/home/runner/work/Market-Data-Collector/Market-Data-Collector/src/MarketDataCollector.Contracts/MarketDataCollector.Contracts.csproj]
/home/runner/work/Market-Data-Collector/Market-Data-Collector/src/MarketDataCollector.Contracts/Api/StatusModels.cs(263,28): warning CS1591: Missing XML comment for publicly visible type or member 'SymbolStorageInfo.OldestData' [/home/runner/work/Market-Data-Collector/Market-Data-Collector/src/MarketDataCollector.Contracts/MarketDataCollector.Contracts.csproj]
/home/runner/work/Market-Data-Collector/Market-Data-Collector/src/MarketDataCollector.Contracts/Api/StatusModels.cs(266,28): warning CS1591: Missing XML comment for publicly visible type or member 'SymbolStorageInfo.NewestData' [/home/runner/work/Market-Data-Collector/Market-Data-Collector/src/MarketDataCollector.Contracts/MarketDataCollector.Contracts.csproj]
/home/runner/work/Market-Data-Collector/Market-Data-Collector/src/MarketDataCollector.Contracts/Api/UiApiClient.cs(17,12): warning CS1591: Missing XML comment for publicly visible type or member 'UiApiClient.UiApiClient(HttpClient, string, JsonSerializerOptions?)' [/home/runner/work/Market-Data-Collector/Market-Data-Collector/src/MarketDataCollector.Contracts/MarketDataCollector.Contracts.csproj]
/home/runner/work/Market-Data-Collector/Market-Data-Collector/src/MarketDataCollector.Contracts/Api/UiApiClient.cs(29,19): warning CS1591: Missing XML comment for publicly visible type or member 'UiApiClient.BaseUrl' [/home/runner/work/Market-Data-Collector/Market-Data-Collector/src/MarketDataCollector.Contracts/MarketDataCollector.Contracts.csproj]
/home/runner/work/Market-Data-Collector/Market-Data-Collector/src/MarketDataCollector.Contracts/Api/UiApiClient.cs(31,17): warning CS1591: Missing XML comment for publicly visible type or member 'UiApiClient.UpdateBaseUrl(string)' [/home/runner/work/Market-Data-Collector/Market-Data-Collector/src/MarketDataCollector.Contracts/MarketDataCollector.Contracts.csproj]
/home/runner/work/Market-Data-Collector/Market-Data-Collector/src/MarketDataCollector.Contracts/Api/UiApiClient.cs(40,40): warning CS1591: Missing XML comment for publicly visible type or member 'UiApiClient.GetStatusAsync(CancellationToken)' [/home/runner/work/Market-Data-Collector/Market-Data-Collector/src/MarketDataCollector.Contracts/MarketDataCollector.Contracts.csproj]
/home/runner/work/Market-Data-Collector/Market-Data-Collector/src/MarketDataCollector.Contracts/Api/UiApiClient.cs(43,45): warning CS1591: Missing XML comment for publicly visible type or member 'UiApiClient.GetHealthAsync(CancellationToken)' [/home/runner/work/Market-Data-Collector/Market-Data-Collector/src/MarketDataCollector.Contracts/MarketDataCollector.Contracts.csproj]
/home/runner/work/Market-Data-Collector/Market-Data-Collector/src/MarketDataCollector.Contracts/Api/UiApiClient.cs(46,45): warning CS1591: Missing XML comment for publicly visible type or member 'UiApiClient.GetHealthDetailedAsync(CancellationToken)' [/home/runner/work/Market-Data-Collector/Market-Data-Collector/src/MarketDataCollector.Contracts/MarketDataCollector.Contracts.csproj]
/home/runner/work/Market-Data-Collector/Market-Data-Collector/src/MarketDataCollector.Contracts/Api/UiApiClient.cs(53,52): warning CS1591: Missing XML comment for publicly visible type or member 'UiApiClient.GetBackfillProvidersAsync(CancellationToken)' [/home/runner/work/Market-Data-Collector/Market-Data-Collector/src/MarketDataCollector.Contracts/MarketDataCollector.Contracts.csproj]
/home/runner/work/Market-Data-Collector/Market-Data-Collector/src/MarketDataCollector.Contracts/Api/UiApiClient.cs(56,40): warning CS1591: Missing XML comment for publicly visible type or member 'UiApiClient.GetBackfillStatusAsync(CancellationToken)' [/home/runner/work/Market-Data-Collector/Market-Data-Collector/src/MarketDataCollector.Contracts/MarketDataCollector.Contracts.csproj]
/home/runner/work/Market-Data-Collector/Market-Data-Collector/src/MarketDataCollector.Contracts/Api/UiApiClient.cs(59,40): warning CS1591: Missing XML comment for publicly visible type or member 'UiApiClient.RunBackfillAsync(BackfillRequest, CancellationToken)' [/home/runner/work/Market-Data-Collector/Market-Data-Collector/src/MarketDataCollector.Contracts/MarketDataCollector.Contracts.csproj]
/home/runner/work/Market-Data-Collector/Market-Data-Collector/src/MarketDataCollector.Contracts/Api/UiApiClient.cs(62,48): warning CS1591: Missing XML comment for publicly visible type or member 'UiApiClient.GetBackfillHealthAsync(CancellationToken)' [/home/runner/work/Market-Data-Collector/Market-Data-Collector/src/MarketDataCollector.Contracts/MarketDataCollector.Contracts.csproj]
/home/runner/work/Market-Data-Collector/Market-Data-Collector/src/MarketDataCollector.Contracts/Api/UiApiClient.cs(65,50): warning CS1591: Missing XML comment for publicly visible type or member 'UiApiClient.ResolveSymbolAsync(string, CancellationToken)' [/home/runner/work/Market-Data-Collector/Market-Data-Collector/src/MarketDataCollector.Contracts/MarketDataCollector.Contracts.csproj]
/home/runner/work/Market-Data-Collector/Market-Data-Collector/src/MarketDataCollector.Contracts/Api/UiApiClient.cs(69,40): warning CS1591: Missing XML comment for publicly visible type or member 'UiApiClient.RunGapFillAsync(GapFillRequest, CancellationToken)' [/home/runner/work/Market-Data-Collector/Market-Data-Collector/src/MarketDataCollector.Contracts/MarketDataCollector.Contracts.csproj]
/home/runner/work/Market-Data-Collector/Market-Data-Collector/src/MarketDataCollector.Contracts/Api/UiApiClient.cs(72,46): warning CS1591: Missing XML comment for publicly visible type or member 'UiApiClient.GetBackfillPresetsAsync(CancellationToken)' [/home/runner/work/Market-Data-Collector/Market-Data-Collector/src/MarketDataCollector.Contracts/MarketDataCollector.Contracts.csproj]
/home/runner/work/Market-Data-Collector/Market-Data-Collector/src/MarketDataCollector.Contracts/Api/UiApiClient.cs(75,49): warning CS1591: Missing XML comment for publicly visible type or member 'UiApiClient.GetBackfillExecutionsAsync(int, CancellationToken)' [/home/runner/work/Market-Data-Collector/Market-Data-Collector/src/MarketDataCollector.Contracts/MarketDataCollector.Contracts.csproj]
/home/runner/work/Market-Data-Collector/Market-Data-Collector/src/MarketDataCollector.Contracts/Api/UiApiClient.cs(79,44): warning CS1591: Missing XML comment for publicly visible type or member 'UiApiClient.GetBackfillStatisticsAsync(int?, CancellationToken)' [/home/runner/work/Market-Data-Collector/Market-Data-Collector/src/MarketDataCollector.Contracts/MarketDataCollector.Contracts.csproj]
/home/runner/work/Market-Data-Collector/Market-Data-Collector/src/MarketDataCollector.Contracts/Api/UiApiClient.cs(91,27): warning CS1591: Missing XML comment for publicly visible type or member 'UiApiClient.GetProviderStatusAsync<T>(CancellationToken)' [/home/runner/work/Market-Data-Collector/Market-Data-Collector/src/MarketDataCollector.Contracts/MarketDataCollector.Contracts.csproj]
/home/runner/work/Market-Data-Collector/Market-Data-Collector/src/MarketDataCollector.Contracts/Api/UiApiClient.cs(94,27): warning CS1591: Missing XML comment for publicly visible type or member 'UiApiClient.GetProviderByIdAsync<T>(string, CancellationToken)' [/home/runner/work/Market-Data-Collector/Market-Data-Collector/src/MarketDataCollector.Contracts/MarketDataCollector.Contracts.csproj]
/home/runner/work/Market-Data-Collector/Market-Data-Collector/src/MarketDataCollector.Contracts/Api/UiApiClient.cs(98,27): warning CS1591: Missing XML comment for publicly visible type or member 'UiApiClient.GetProviderRateLimitsAsync<T>(CancellationToken)' [/home/runner/work/Market-Data-Collector/Market-Data-Collector/src/MarketDataCollector.Contracts/MarketDataCollector.Contracts.csproj]
/home/runner/work/Market-Data-Collector/Market-Data-Collector/src/MarketDataCollector.Contracts/Api/UiApiClient.cs(101,27): warning CS1591: Missing XML comment for publicly visible type or member 'UiApiClient.GetProviderCapabilitiesAsync<T>(CancellationToken)' [/home/runner/work/Market-Data-Collector/Market-Data-Collector/src/MarketDataCollector.Contracts/MarketDataCollector.Contracts.csproj]
/home/runner/work/Market-Data-Collector/Market-Data-Collector/src/MarketDataCollector.Contracts/Api/UiApiClient.cs(108,27): warning CS1591: Missing XML comment for publicly visible type or member 'UiApiClient.GetAsync<T>(string, CancellationToken)' [/home/runner/work/Market-Data-Collector/Market-Data-Collector/src/MarketDataCollector.Contracts/MarketDataCollector.Contracts.csproj]
/home/runner/work/Market-Data-Collector/Market-Data-Collector/src/MarketDataCollector.Contracts/Api/UiApiClient.cs(121,39): warning CS1591: Missing XML comment for publicly visible type or member 'UiApiClient.GetWithResponseAsync<T>(string, CancellationToken)' [/home/runner/work/Market-Data-Collector/Market-Data-Collector/src/MarketDataCollector.Contracts/MarketDataCollector.Contracts.csproj]
/home/runner/work/Market-Data-Collector/Market-Data-Collector/src/MarketDataCollector.Contracts/Api/UiApiClient.cs(143,27): warning CS1591: Missing XML comment for publicly visible type or member 'UiApiClient.PostAsync<T>(string, object?, CancellationToken)' [/home/runner/work/Market-Data-Collector/Market-Data-Collector/src/MarketDataCollector.Contracts/MarketDataCollector.Contracts.csproj]
/home/runner/work/Market-Data-Collector/Market-Data-Collector/src/MarketDataCollector.Contracts/Api/UiApiClient.cs(160,39): warning CS1591: Missing XML comment for publicly visible type or member 'UiApiClient.PostWithResponseAsync<T>(string, object?, CancellationToken)' [/home/runner/work/Market-Data-Collector/Market-Data-Collector/src/MarketDataCollector.Contracts/MarketDataCollector.Contracts.csproj]
/home/runner/work/Market-Data-Collector/Market-Data-Collector/src/MarketDataCollector.Contracts/Api/UiApiRoutes.cs(9,25): warning CS1591: Missing XML comment for publicly visible type or member 'UiApiRoutes.Health' [/home/runner/work/Market-Data-Collector/Market-Data-Collector/src/MarketDataCollector.Contracts/MarketDataCollector.Contracts.csproj]
/home/runner/work/Market-Data-Collector/Market-Data-Collector/src/MarketDataCollector.Contracts/Api/UiApiRoutes.cs(10,25): warning CS1591: Missing XML comment for publicly visible type or member 'UiApiRoutes.HealthDetailed' [/home/runner/work/Market-Data-Collector/Market-Data-Collector/src/MarketDataCollector.Contracts/MarketDataCollector.Contracts.csproj]
/home/runner/work/Market-Data-Collector/Market-Data-Collector/src/MarketDataCollector.Contracts/Api/UiApiRoutes.cs(11,25): warning CS1591: Missing XML comment for publicly visible type or member 'UiApiRoutes.Ready' [/home/runner/work/Market-Data-Collector/Market-Data-Collector/src/MarketDataCollector.Contracts/MarketDataCollector.Contracts.csproj]
/home/runner/work/Market-Data-Collector/Market-Data-Collector/src/MarketDataCollector.Contracts/Api/UiApiRoutes.cs(12,25): warning CS1591: Missing XML comment for publicly visible type or member 'UiApiRoutes.Live' [/home/runner/work/Market-Data-Collector/Market-Data-Collector/src/MarketDataCollector.Contracts/MarketDataCollector.Contracts.csproj]
/home/runner/work/Market-Data-Collector/Market-Data-Collector/src/MarketDataCollector.Contracts/Api/UiApiRoutes.cs(13,25): warning CS1591: Missing XML comment for publicly visible type or member 'UiApiRoutes.Metrics' [/home/runner/work/Market-Data-Collector/Market-Data-Collector/src/MarketDataCollector.Contracts/MarketDataCollector.Contracts.csproj]
/home/runner/work/Market-Data-Collector/Market-Data-Collector/src/MarketDataCollector.Contracts/Api/UiApiRoutes.cs(14,25): warning CS1591: Missing XML comment for publicly visible type or member 'UiApiRoutes.Status' [/home/runner/work/Market-Data-Collector/Market-Data-Collector/src/MarketDataCollector.Contracts/MarketDataCollector.Contracts.csproj]
/home/runner/work/Market-Data-Collector/Market-Data-Collector/src/MarketDataCollector.Contracts/Api/UiApiRoutes.cs(15,25): warning CS1591: Missing XML comment for publicly visible type or member 'UiApiRoutes.Errors' [/home/runner/work/Market-Data-Collector/Market-Data-Collector/src/MarketDataCollector.Contracts/MarketDataCollector.Contracts.csproj]
/home/runner/work/Market-Data-Collector/Market-Data-Collector/src/MarketDataCollector.Contracts/Api/UiApiRoutes.cs(16,25): warning CS1591: Missing XML comment for publicly visible type or member 'UiApiRoutes.Backpressure' [/home/runner/work/Market-Data-Collector/Market-Data-Collector/src/MarketDataCollector.Contracts/MarketDataCollector.Contracts.csproj]
/home/runner/work/Market-Data-Collector/Market-Data-Collector/src/MarketDataCollector.Contracts/Api/UiApiRoutes.cs(17,25): warning CS1591: Missing XML comment for publicly visible type or member 'UiApiRoutes.ProvidersLatency' [/home/runner/work/Market-Data-Collector/Market-Data-Collector/src/MarketDataCollector.Contracts/MarketDataCollector.Contracts.csproj]
/home/runner/work/Market-Data-Collector/Market-Data-Collector/src/MarketDataCollector.Contracts/Api/UiApiRoutes.cs(18,25): warning CS1591: Missing XML comment for publicly visible type or member 'UiApiRoutes.Connections' [/home/runner/work/Market-Data-Collector/Market-Data-Collector/src/MarketDataCollector.Contracts/MarketDataCollector.Contracts.csproj]
/home/runner/work/Market-Data-Collector/Market-Data-Collector/src/MarketDataCollector.Contracts/Api/UiApiRoutes.cs(21,25): warning CS1591: Missing XML comment for publicly visible type or member 'UiApiRoutes.Config' [/home/runner/work/Market-Data-Collector/Market-Data-Collector/src/MarketDataCollector.Contracts/MarketDataCollector.Contracts.csproj]
/home/runner/work/Market-Data-Collector/Market-Data-Collector/src/MarketDataCollector.Contracts/Api/UiApiRoutes.cs(22,25): warning CS1591: Missing XML comment for publicly visible type or member 'UiApiRoutes.ConfigDataSource' [/home/runner/work/Market-Data-Collector/Market-Data-Collector/src/MarketDataCollector.Contracts/MarketDataCollector.Contracts.csproj]
/home/runner/work/Market-Data-Collector/Market-Data-Collector/src/MarketDataCollector.Contracts/Api/UiApiRoutes.cs(23,25): warning CS1591: Missing XML comment for publicly visible type or member 'UiApiRoutes.ConfigAlpaca' [/home/runner/work/Market-Data-Collector/Market-Data-Collector/src/MarketDataCollector.Contracts/MarketDataCollector.Contracts.csproj]
/home/runner/work/Market-Data-Collector/Market-Data-Collector/src/MarketDataCollector.Contracts/Api/UiApiRoutes.cs(24,25): warning CS1591: Missing XML comment for publicly visible type or member 'UiApiRoutes.ConfigStorage' [/home/runner/work/Market-Data-Collector/Market-Data-Collector/src/MarketDataCollector.Contracts/MarketDataCollector.Contracts.csproj]
/home/runner/work/Market-Data-Collector/Market-Data-Collector/src/MarketDataCollector.Contracts/Api/UiApiRoutes.cs(25,25): warning CS1591: Missing XML comment for publicly visible type or member 'UiApiRoutes.ConfigSymbols' [/home/runner/work/Market-Data-Collector/Market-Data-Collector/src/MarketDataCollector.Contracts/MarketDataCollector.Contracts.csproj]
/home/runner/work/Market-Data-Collector/Market-Data-Collector/src/MarketDataCollector.Contracts/Api/UiApiRoutes.cs(26,25): warning CS1591: Missing XML comment for publicly visible type or member 'UiApiRoutes.ConfigSymbolsById' [/home/runner/work/Market-Data-Collector/Market-Data-Collector/src/MarketDataCollector.Contracts/MarketDataCollector.Contracts.csproj]
/home/runner/work/Market-Data-Collector/Market-Data-Collector/src/MarketDataCollector.Contracts/Api/UiApiRoutes.cs(27,25): warning CS1591: Missing XML comment for publicly visible type or member 'UiApiRoutes.ConfigDataSources' [/home/runner/work/Market-Data-Collector/Market-Data-Collector/src/MarketDataCollector.Contracts/MarketDataCollector.Contracts.csproj]
/home/runner/work/Market-Data-Collector/Market-Data-Collector/src/MarketDataCollector.Contracts/Api/UiApiRoutes.cs(28,25): warning CS1591: Missing XML comment for publicly visible type or member 'UiApiRoutes.ConfigDataSourcesDefaults' [/home/runner/work/Market-Data-Collector/Market-Data-Collector/src/MarketDataCollector.Contracts/MarketDataCollector.Contracts.csproj]
/home/runner/work/Market-Data-Collector/Market-Data-Collector/src/MarketDataCollector.Contracts/Api/UiApiRoutes.cs(29,25): warning CS1591: Missing XML comment for publicly visible type or member 'UiApiRoutes.ConfigDataSourcesById' [/home/runner/work/Market-Data-Collector/Market-Data-Collector/src/MarketDataCollector.Contracts/MarketDataCollector.Contracts.csproj]
/home/runner/work/Market-Data-Collector/Market-Data-Collector/src/MarketDataCollector.Contracts/Api/UiApiRoutes.cs(30,25): warning CS1591: Missing XML comment for publicly visible type or member 'UiApiRoutes.ConfigDataSourcesToggle' [/home/runner/work/Market-Data-Collector/Market-Data-Collector/src/MarketDataCollector.Contracts/MarketDataCollector.Contracts.csproj]
/home/runner/work/Market-Data-Collector/Market-Data-Collector/src/MarketDataCollector.Contracts/Api/UiApiRoutes.cs(31,25): warning CS1591: Missing XML comment for publicly visible type or member 'UiApiRoutes.ConfigDataSourcesFailover' [/home/runner/work/Market-Data-Collector/Market-Data-Collector/src/MarketDataCollector.Contracts/MarketDataCollector.Contracts.csproj]
/home/runner/work/Market-Data-Collector/Market-Data-Collector/src/MarketDataCollector.Contracts/Api/UiApiRoutes.cs(34,25): warning CS1591: Missing XML comment for publicly visible type or member 'UiApiRoutes.BackfillProviders' [/home/runner/work/Market-Data-Collector/Market-Data-Collector/src/MarketDataCollector.Contracts/MarketDataCollector.Contracts.csproj]
/home/runner/work/Market-Data-Collector/Market-Data-Collector/src/MarketDataCollector.Contracts/Api/UiApiRoutes.cs(35,25): warning CS1591: Missing XML comment for publicly visible type or member 'UiApiRoutes.BackfillStatus' [/home/runner/work/Market-Data-Collector/Market-Data-Collector/src/MarketDataCollector.Contracts/MarketDataCollector.Contracts.csproj]
/home/runner/work/Market-Data-Collector/Market-Data-Collector/src/MarketDataCollector.Contracts/Api/UiApiRoutes.cs(36,25): warning CS1591: Missing XML comment for publicly visible type or member 'UiApiRoutes.BackfillRun' [/home/runner/work/Market-Data-Collector/Market-Data-Collector/src/MarketDataCollector.Contracts/MarketDataCollector.Contracts.csproj]
/home/runner/work/Market-Data-Collector/Market-Data-Collector/src/MarketDataCollector.Contracts/Api/UiApiRoutes.cs(37,25): warning CS1591: Missing XML comment for publicly visible type or member 'UiApiRoutes.BackfillHealth' [/home/runner/work/Market-Data-Collector/Market-Data-Collector/src/MarketDataCollector.Contracts/MarketDataCollector.Contracts.csproj]
/home/runner/work/Market-Data-Collector/Market-Data-Collector/src/MarketDataCollector.Contracts/Api/UiApiRoutes.cs(38,25): warning CS1591: Missing XML comment for publicly visible type or member 'UiApiRoutes.BackfillResolve' [/home/runner/work/Market-Data-Collector/Market-Data-Collector/src/MarketDataCollector.Contracts/MarketDataCollector.Contracts.csproj]
/home/runner/work/Market-Data-Collector/Market-Data-Collector/src/MarketDataCollector.Contracts/Api/UiApiRoutes.cs(39,25): warning CS1591: Missing XML comment for publicly visible type or member 'UiApiRoutes.BackfillGapFill' [/home/runner/work/Market-Data-Collector/Market-Data-Collector/src/MarketDataCollector.Contracts/MarketDataCollector.Contracts.csproj]
/home/runner/work/Market-Data-Collector/Market-Data-Collector/src/MarketDataCollector.Contracts/Api/UiApiRoutes.cs(40,25): warning CS1591: Missing XML comment for publicly visible type or member 'UiApiRoutes.BackfillPresets' [/home/runner/work/Market-Data-Collector/Market-Data-Collector/src/MarketDataCollector.Contracts/MarketDataCollector.Contracts.csproj]
/home/runner/work/Market-Data-Collector/Market-Data-Collector/src/MarketDataCollector.Contracts/Api/UiApiRoutes.cs(41,25): warning CS1591: Missing XML comment for publicly visible type or member 'UiApiRoutes.BackfillExecutions' [/home/runner/work/Market-Data-Collector/Market-Data-Collector/src/MarketDataCollector.Contracts/MarketDataCollector.Contracts.csproj]
/home/runner/work/Market-Data-Collector/Market-Data-Collector/src/MarketDataCollector.Contracts/Api/UiApiRoutes.cs(42,25): warning CS1591: Missing XML comment for publicly visible type or member 'UiApiRoutes.BackfillStatistics' [/home/runner/work/Market-Data-Collector/Market-Data-Collector/src/MarketDataCollector.Contracts/MarketDataCollector.Contracts.csproj]
/home/runner/work/Market-Data-Collector/Market-Data-Collector/src/MarketDataCollector.Contracts/Api/UiApiRoutes.cs(43,25): warning CS1591: Missing XML comment for publicly visible type or member 'UiApiRoutes.BackfillSchedules' [/home/runner/work/Market-Data-Collector/Market-Data-Collector/src/MarketDataCollector.Contracts/MarketDataCollector.Contracts.csproj]
/home/runner/work/Market-Data-Collector/Market-Data-Collector/src/MarketDataCollector.Contracts/Api/UiApiRoutes.cs(44,25): warning CS1591: Missing XML comment for publicly visible type or member 'UiApiRoutes.BackfillSchedulesById' [/home/runner/work/Market-Data-Collector/Market-Data-Collector/src/MarketDataCollector.Contracts/MarketDataCollector.Contracts.csproj]
/home/runner/work/Market-Data-Collector/Market-Data-Collector/src/MarketDataCollector.Contracts/Api/UiApiRoutes.cs(45,25): warning CS1591: Missing XML comment for publicly visible type or member 'UiApiRoutes.BackfillSchedulesDelete' [/home/runner/work/Market-Data-Collector/Market-Data-Collector/src/MarketDataCollector.Contracts/MarketDataCollector.Contracts.csproj]
/home/runner/work/Market-Data-Collector/Market-Data-Collector/src/MarketDataCollector.Contracts/Api/UiApiRoutes.cs(46,25): warning CS1591: Missing XML comment for publicly visible type or member 'UiApiRoutes.BackfillSchedulesEnable' [/home/runner/work/Market-Data-Collector/Market-Data-Collector/src/MarketDataCollector.Contracts/MarketDataCollector.Contracts.csproj]
/home/runner/work/Market-Data-Collector/Market-Data-Collector/src/MarketDataCollector.Contracts/Api/UiApiRoutes.cs(47,25): warning CS1591: Missing XML comment for publicly visible type or member 'UiApiRoutes.BackfillSchedulesDisable' [/home/runner/work/Market-Data-Collector/Market-Data-Collector/src/MarketDataCollector.Contracts/MarketDataCollector.Contracts.csproj]
/home/runner/work/Market-Data-Collector/Market-Data-Collector/src/MarketDataCollector.Contracts/Api/UiApiRoutes.cs(48,25): warning CS1591: Missing XML comment for publicly visible type or member 'UiApiRoutes.BackfillSchedulesRun' [/home/runner/work/Market-Data-Collector/Market-Data-Collector/src/MarketDataCollector.Contracts/MarketDataCollector.Contracts.csproj]
/home/runner/work/Market-Data-Collector/Market-Data-Collector/src/MarketDataCollector.Contracts/Api/UiApiRoutes.cs(49,25): warning CS1591: Missing XML comment for publicly visible type or member 'UiApiRoutes.BackfillSchedulesHistory' [/home/runner/work/Market-Data-Collector/Market-Data-Collector/src/MarketDataCollector.Contracts/MarketDataCollector.Contracts.csproj]
/home/runner/work/Market-Data-Collector/Market-Data-Collector/src/MarketDataCollector.Contracts/Api/UiApiRoutes.cs(50,25): warning CS1591: Missing XML comment for publicly visible type or member 'UiApiRoutes.BackfillSchedulesTemplates' [/home/runner/work/Market-Data-Collector/Market-Data-Collector/src/MarketDataCollector.Contracts/MarketDataCollector.Contracts.csproj]
/home/runner/work/Market-Data-Collector/Market-Data-Collector/src/MarketDataCollector.Contracts/Api/UiApiRoutes.cs(53,25): warning CS1591: Missing XML comment for publicly visible type or member 'UiApiRoutes.ProviderComparison' [/home/runner/work/Market-Data-Collector/Market-Data-Collector/src/MarketDataCollector.Contracts/MarketDataCollector.Contracts.csproj]
/home/runner/work/Market-Data-Collector/Market-Data-Collector/src/MarketDataCollector.Contracts/Api/UiApiRoutes.cs(54,25): warning CS1591: Missing XML comment for publicly visible type or member 'UiApiRoutes.ProviderStatus' [/home/runner/work/Market-Data-Collector/Market-Data-Collector/src/MarketDataCollector.Contracts/MarketDataCollector.Contracts.csproj]
/home/runner/work/Market-Data-Collector/Market-Data-Collector/src/MarketDataCollector.Contracts/Api/UiApiRoutes.cs(55,25): warning CS1591: Missing XML comment for publicly visible type or member 'UiApiRoutes.ProviderMetrics' [/home/runner/work/Market-Data-Collector/Market-Data-Collector/src/MarketDataCollector.Contracts/MarketDataCollector.Contracts.csproj]
/home/runner/work/Market-Data-Collector/Market-Data-Collector/src/MarketDataCollector.Contracts/Api/UiApiRoutes.cs(56,25): warning CS1591: Missing XML comment for publicly visible type or member 'UiApiRoutes.ProviderCatalog' [/home/runner/work/Market-Data-Collector/Market-Data-Collector/src/MarketDataCollector.Contracts/MarketDataCollector.Contracts.csproj]
/home/runner/work/Market-Data-Collector/Market-Data-Collector/src/MarketDataCollector.Contracts/Api/UiApiRoutes.cs(57,25): warning CS1591: Missing XML comment for publicly visible type or member 'UiApiRoutes.ProviderCatalogById' [/home/runner/work/Market-Data-Collector/Market-Data-Collector/src/MarketDataCollector.Contracts/MarketDataCollector.Contracts.csproj]
/home/runner/work/Market-Data-Collector/Market-Data-Collector/src/MarketDataCollector.Contracts/Api/UiApiRoutes.cs(58,25): warning CS1591: Missing XML comment for publicly visible type or member 'UiApiRoutes.ProviderById' [/home/runner/work/Market-Data-Collector/Market-Data-Collector/src/MarketDataCollector.Contracts/MarketDataCollector.Contracts.csproj]
/home/runner/work/Market-Data-Collector/Market-Data-Collector/src/MarketDataCollector.Contracts/Api/UiApiRoutes.cs(59,25): warning CS1591: Missing XML comment for publicly visible type or member 'UiApiRoutes.ProviderFailover' [/home/runner/work/Market-Data-Collector/Market-Data-Collector/src/MarketDataCollector.Contracts/MarketDataCollector.Contracts.csproj]
/home/runner/work/Market-Data-Collector/Market-Data-Collector/src/MarketDataCollector.Contracts/Api/UiApiRoutes.cs(60,25): warning CS1591: Missing XML comment for publicly visible type or member 'UiApiRoutes.ProviderFailoverTrigger' [/home/runner/work/Market-Data-Collector/Market-Data-Collector/src/MarketDataCollector.Contracts/MarketDataCollector.Contracts.csproj]
/home/runner/work/Market-Data-Collector/Market-Data-Collector/src/MarketDataCollector.Contracts/Api/UiApiRoutes.cs(61,25): warning CS1591: Missing XML comment for publicly visible type or member 'UiApiRoutes.ProviderFailoverReset' [/home/runner/work/Market-Data-Collector/Market-Data-Collector/src/MarketDataCollector.Contracts/MarketDataCollector.Contracts.csproj]
/home/runner/work/Market-Data-Collector/Market-Data-Collector/src/MarketDataCollector.Contracts/Api/UiApiRoutes.cs(62,25): warning CS1591: Missing XML comment for publicly visible type or member 'UiApiRoutes.ProviderRateLimits' [/home/runner/work/Market-Data-Collector/Market-Data-Collector/src/MarketDataCollector.Contracts/MarketDataCollector.Contracts.csproj]
/home/runner/work/Market-Data-Collector/Market-Data-Collector/src/MarketDataCollector.Contracts/Api/UiApiRoutes.cs(63,25): warning CS1591: Missing XML comment for publicly visible type or member 'UiApiRoutes.ProviderRateLimitHistory' [/home/runner/work/Market-Data-Collector/Market-Data-Collector/src/MarketDataCollector.Contracts/MarketDataCollector.Contracts.csproj]
/home/runner/work/Market-Data-Collector/Market-Data-Collector/src/MarketDataCollector.Contracts/Api/UiApiRoutes.cs(64,25): warning CS1591: Missing XML comment for publicly visible type or member 'UiApiRoutes.ProviderCapabilities' [/home/runner/work/Market-Data-Collector/Market-Data-Collector/src/MarketDataCollector.Contracts/MarketDataCollector.Contracts.csproj]
/home/runner/work/Market-Data-Collector/Market-Data-Collector/src/MarketDataCollector.Contracts/Api/UiApiRoutes.cs(65,25): warning CS1591: Missing XML comment for publicly visible type or member 'UiApiRoutes.ProviderSwitch' [/home/runner/work/Market-Data-Collector/Market-Data-Collector/src/MarketDataCollector.Contracts/MarketDataCollector.Contracts.csproj]
/home/runner/work/Market-Data-Collector/Market-Data-Collector/src/MarketDataCollector.Contracts/Api/UiApiRoutes.cs(66,25): warning CS1591: Missing XML comment for publicly visible type or member 'UiApiRoutes.ProviderTest' [/home/runner/work/Market-Data-Collector/Market-Data-Collector/src/MarketDataCollector.Contracts/MarketDataCollector.Contracts.csproj]
/home/runner/work/Market-Data-Collector/Market-Data-Collector/src/MarketDataCollector.Contracts/Api/UiApiRoutes.cs(67,25): warning CS1591: Missing XML comment for publicly visible type or member 'UiApiRoutes.ProviderFailoverThresholds' [/home/runner/work/Market-Data-Collector/Market-Data-Collector/src/MarketDataCollector.Contracts/MarketDataCollector.Contracts.csproj]
/home/runner/work/Market-Data-Collector/Market-Data-Collector/src/MarketDataCollector.Contracts/Api/UiApiRoutes.cs(68,25): warning CS1591: Missing XML comment for publicly visible type or member 'UiApiRoutes.ProviderHealth' [/home/runner/work/Market-Data-Collector/Market-Data-Collector/src/MarketDataCollector.Contracts/MarketDataCollector.Contracts.csproj]
/home/runner/work/Market-Data-Collector/Market-Data-Collector/src/MarketDataCollector.Contracts/Api/UiApiRoutes.cs(71,25): warning CS1591: Missing XML comment for publicly visible type or member 'UiApiRoutes.FailoverConfig' [/home/runner/work/Market-Data-Collector/Market-Data-Collector/src/MarketDataCollector.Contracts/MarketDataCollector.Contracts.csproj]
/home/runner/work/Market-Data-Collector/Market-Data-Collector/src/MarketDataCollector.Contracts/Api/UiApiRoutes.cs(72,25): warning CS1591: Missing XML comment for publicly visible type or member 'UiApiRoutes.FailoverRules' [/home/runner/work/Market-Data-Collector/Market-Data-Collector/src/MarketDataCollector.Contracts/MarketDataCollector.Contracts.csproj]
/home/runner/work/Market-Data-Collector/Market-Data-Collector/src/MarketDataCollector.Contracts/Api/UiApiRoutes.cs(73,25): warning CS1591: Missing XML comment for publicly visible type or member 'UiApiRoutes.FailoverForce' [/home/runner/work/Market-Data-Collector/Market-Data-Collector/src/MarketDataCollector.Contracts/MarketDataCollector.Contracts.csproj]
/home/runner/work/Market-Data-Collector/Market-Data-Collector/src/MarketDataCollector.Contracts/Api/UiApiRoutes.cs(74,25): warning CS1591: Missing XML comment for publicly visible type or member 'UiApiRoutes.FailoverHealth' [/home/runner/work/Market-Data-Collector/Market-Data-Collector/src/MarketDataCollector.Contracts/MarketDataCollector.Contracts.csproj]
/home/runner/work/Market-Data-Collector/Market-Data-Collector/src/MarketDataCollector.Contracts/Api/UiApiRoutes.cs(77,25): warning CS1591: Missing XML comment for publicly visible type or member 'UiApiRoutes.Symbols' [/home/runner/work/Market-Data-Collector/Market-Data-Collector/src/MarketDataCollector.Contracts/MarketDataCollector.Contracts.csproj]
/home/runner/work/Market-Data-Collector/Market-Data-Collector/src/MarketDataCollector.Contracts/Api/UiApiRoutes.cs(78,25): warning CS1591: Missing XML comment for publicly visible type or member 'UiApiRoutes.SymbolsMonitored' [/home/runner/work/Market-Data-Collector/Market-Data-Collector/src/MarketDataCollector.Contracts/MarketDataCollector.Contracts.csproj]
/home/runner/work/Market-Data-Collector/Market-Data-Collector/src/MarketDataCollector.Contracts/Api/UiApiRoutes.cs(79,25): warning CS1591: Missing XML comment for publicly visible type or member 'UiApiRoutes.SymbolsArchived' [/home/runner/work/Market-Data-Collector/Market-Data-Collector/src/MarketDataCollector.Contracts/MarketDataCollector.Contracts.csproj]
/home/runner/work/Market-Data-Collector/Market-Data-Collector/src/MarketDataCollector.Contracts/Api/UiApiRoutes.cs(80,25): warning CS1591: Missing XML comment for publicly visible type or member 'UiApiRoutes.SymbolStatus' [/home/runner/work/Market-Data-Collector/Market-Data-Collector/src/MarketDataCollector.Contracts/MarketDataCollector.Contracts.csproj]
/home/runner/work/Market-Data-Collector/Market-Data-Collector/src/MarketDataCollector.Contracts/Api/UiApiRoutes.cs(81,25): warning CS1591: Missing XML comment for publicly visible type or member 'UiApiRoutes.SymbolsAdd' [/home/runner/work/Market-Data-Collector/Market-Data-Collector/src/MarketDataCollector.Contracts/MarketDataCollector.Contracts.csproj]
/home/runner/work/Market-Data-Collector/Market-Data-Collector/src/MarketDataCollector.Contracts/Api/UiApiRoutes.cs(82,25): warning CS1591: Missing XML comment for publicly visible type or member 'UiApiRoutes.SymbolRemove' [/home/runner/work/Market-Data-Collector/Market-Data-Collector/src/MarketDataCollector.Contracts/MarketDataCollector.Contracts.csproj]
/home/runner/work/Market-Data-Collector/Market-Data-Collector/src/MarketDataCollector.Contracts/Api/UiApiRoutes.cs(83,25): warning CS1591: Missing XML comment for publicly visible type or member 'UiApiRoutes.SymbolTrades' [/home/runner/work/Market-Data-Collector/Market-Data-Collector/src/MarketDataCollector.Contracts/MarketDataCollector.Contracts.csproj]
/home/runner/work/Market-Data-Collector/Market-Data-Collector/src/MarketDataCollector.Contracts/Api/UiApiRoutes.cs(84,25): warning CS1591: Missing XML comment for publicly visible type or member 'UiApiRoutes.SymbolDepth' [/home/runner/work/Market-Data-Collector/Market-Data-Collector/src/MarketDataCollector.Contracts/MarketDataCollector.Contracts.csproj]
/home/runner/work/Market-Data-Collector/Market-Data-Collector/src/MarketDataCollector.Contracts/Api/UiApiRoutes.cs(85,25): warning CS1591: Missing XML comment for publicly visible type or member 'UiApiRoutes.SymbolsStatistics' [/home/runner/work/Market-Data-Collector/Market-Data-Collector/src/MarketDataCollector.Contracts/MarketDataCollector.Contracts.csproj]
/home/runner/work/Market-Data-Collector/Market-Data-Collector/src/MarketDataCollector.Contracts/Api/UiApiRoutes.cs(86,25): warning CS1591: Missing XML comment for publicly visible type or member 'UiApiRoutes.SymbolsValidate' [/home/runner/work/Market-Data-Collector/Market-Data-Collector/src/MarketDataCollector.Contracts/MarketDataCollector.Contracts.csproj]
/home/runner/work/Market-Data-Collector/Market-Data-Collector/src/MarketDataCollector.Contracts/Api/UiApiRoutes.cs(87,25): warning CS1591: Missing XML comment for publicly visible type or member 'UiApiRoutes.SymbolArchive' [/home/runner/work/Market-Data-Collector/Market-Data-Collector/src/MarketDataCollector.Contracts/MarketDataCollector.Contracts.csproj]
/home/runner/work/Market-Data-Collector/Market-Data-Collector/src/MarketDataCollector.Contracts/Api/UiApiRoutes.cs(88,25): warning CS1591: Missing XML comment for publicly visible type or member 'UiApiRoutes.SymbolsBulkAdd' [/home/runner/work/Market-Data-Collector/Market-Data-Collector/src/MarketDataCollector.Contracts/MarketDataCollector.Contracts.csproj]
/home/runner/work/Market-Data-Collector/Market-Data-Collector/src/MarketDataCollector.Contracts/Api/UiApiRoutes.cs(89,25): warning CS1591: Missing XML comment for publicly visible type or member 'UiApiRoutes.SymbolsBulkRemove' [/home/runner/work/Market-Data-Collector/Market-Data-Collector/src/MarketDataCollector.Contracts/MarketDataCollector.Contracts.csproj]
/home/runner/work/Market-Data-Collector/Market-Data-Collector/src/MarketDataCollector.Contracts/Api/UiApiRoutes.cs(90,25): warning CS1591: Missing XML comment for publicly visible type or member 'UiApiRoutes.SymbolsSearch' [/home/runner/work/Market-Data-Collector/Market-Data-Collector/src/MarketDataCollector.Contracts/MarketDataCollector.Contracts.csproj]
/home/runner/work/Market-Data-Collector/Market-Data-Collector/src/MarketDataCollector.Contracts/Api/UiApiRoutes.cs(91,25): warning CS1591: Missing XML comment for publicly visible type or member 'UiApiRoutes.SymbolsBatch' [/home/runner/work/Market-Data-Collector/Market-Data-Collector/src/MarketDataCollector.Contracts/MarketDataCollector.Contracts.csproj]
/home/runner/work/Market-Data-Collector/Market-Data-Collector/src/MarketDataCollector.Contracts/Api/UiApiRoutes.cs(92,25): warning CS1591: Missing XML comment for publicly visible type or member 'UiApiRoutes.SymbolMappings' [/home/runner/work/Market-Data-Collector/Market-Data-Collector/src/MarketDataCollector.Contracts/MarketDataCollector.Contracts.csproj]
/home/runner/work/Market-Data-Collector/Market-Data-Collector/src/MarketDataCollector.Contracts/Api/UiApiRoutes.cs(95,25): warning CS1591: Missing XML comment for publicly visible type or member 'UiApiRoutes.StorageProfiles' [/home/runner/work/Market-Data-Collector/Market-Data-Collector/src/MarketDataCollector.Contracts/MarketDataCollector.Contracts.csproj]
/home/runner/work/Market-Data-Collector/Market-Data-Collector/src/MarketDataCollector.Contracts/Api/UiApiRoutes.cs(96,25): warning CS1591: Missing XML comment for publicly visible type or member 'UiApiRoutes.StorageStats' [/home/runner/work/Market-Data-Collector/Market-Data-Collector/src/MarketDataCollector.Contracts/MarketDataCollector.Contracts.csproj]
/home/runner/work/Market-Data-Collector/Market-Data-Collector/src/MarketDataCollector.Contracts/Api/UiApiRoutes.cs(97,25): warning CS1591: Missing XML comment for publicly visible type or member 'UiApiRoutes.StorageBreakdown' [/home/runner/work/Market-Data-Collector/Market-Data-Collector/src/MarketDataCollector.Contracts/MarketDataCollector.Contracts.csproj]
/home/runner/work/Market-Data-Collector/Market-Data-Collector/src/MarketDataCollector.Contracts/Api/UiApiRoutes.cs(98,25): warning CS1591: Missing XML comment for publicly visible type or member 'UiApiRoutes.StorageSymbolInfo' [/home/runner/work/Market-Data-Collector/Market-Data-Collector/src/MarketDataCollector.Contracts/MarketDataCollector.Contracts.csproj]
/home/runner/work/Market-Data-Collector/Market-Data-Collector/src/MarketDataCollector.Contracts/Api/UiApiRoutes.cs(99,25): warning CS1591: Missing XML comment for publicly visible type or member 'UiApiRoutes.StorageSymbolStats' [/home/runner/work/Market-Data-Collector/Market-Data-Collector/src/MarketDataCollector.Contracts/MarketDataCollector.Contracts.csproj]
/home/runner/work/Market-Data-Collector/Market-Data-Collector/src/MarketDataCollector.Contracts/Api/UiApiRoutes.cs(100,25): warning CS1591: Missing XML comment for publicly visible type or member 'UiApiRoutes.StorageSymbolFiles' [/home/runner/work/Market-Data-Collector/Market-Data-Collector/src/MarketDataCollector.Contracts/MarketDataCollector.Contracts.csproj]
/home/runner/work/Market-Data-Collector/Market-Data-Collector/src/MarketDataCollector.Contracts/Api/UiApiRoutes.cs(101,25): warning CS1591: Missing XML comment for publicly visible type or member 'UiApiRoutes.StorageSymbolPath' [/home/runner/work/Market-Data-Collector/Market-Data-Collector/src/MarketDataCollector.Contracts/MarketDataCollector.Contracts.csproj]
/home/runner/work/Market-Data-Collector/Market-Data-Collector/src/MarketDataCollector.Contracts/Api/UiApiRoutes.cs(102,25): warning CS1591: Missing XML comment for publicly visible type or member 'UiApiRoutes.StorageHealth' [/home/runner/work/Market-Data-Collector/Market-Data-Collector/src/MarketDataCollector.Contracts/MarketDataCollector.Contracts.csproj]
/home/runner/work/Market-Data-Collector/Market-Data-Collector/src/MarketDataCollector.Contracts/Api/UiApiRoutes.cs(103,25): warning CS1591: Missing XML comment for publicly visible type or member 'UiApiRoutes.StorageCleanupCandidates' [/home/runner/work/Market-Data-Collector/Market-Data-Collector/src/MarketDataCollector.Contracts/MarketDataCollector.Contracts.csproj]
/home/runner/work/Market-Data-Collector/Market-Data-Collector/src/MarketDataCollector.Contracts/Api/UiApiRoutes.cs(104,25): warning CS1591: Missing XML comment for publicly visible type or member 'UiApiRoutes.StorageCleanup' [/home/runner/work/Market-Data-Collector/Market-Data-Collector/src/MarketDataCollector.Contracts/MarketDataCollector.Contracts.csproj]
/home/runner/work/Market-Data-Collector/Market-Data-Collector/src/MarketDataCollector.Contracts/Api/UiApiRoutes.cs(105,25): warning CS1591: Missing XML comment for publicly visible type or member 'UiApiRoutes.StorageArchiveStats' [/home/runner/work/Market-Data-Collector/Market-Data-Collector/src/MarketDataCollector.Contracts/MarketDataCollector.Contracts.csproj]
/home/runner/work/Market-Data-Collector/Market-Data-Collector/src/MarketDataCollector.Contracts/Api/UiApiRoutes.cs(106,25): warning CS1591: Missing XML comment for publicly visible type or member 'UiApiRoutes.StorageCatalog' [/home/runner/work/Market-Data-Collector/Market-Data-Collector/src/MarketDataCollector.Contracts/MarketDataCollector.Contracts.csproj]
/home/runner/work/Market-Data-Collector/Market-Data-Collector/src/MarketDataCollector.Contracts/Api/UiApiRoutes.cs(107,25): warning CS1591: Missing XML comment for publicly visible type or member 'UiApiRoutes.StorageSearchFiles' [/home/runner/work/Market-Data-Collector/Market-Data-Collector/src/MarketDataCollector.Contracts/MarketDataCollector.Contracts.csproj]
/home/runner/work/Market-Data-Collector/Market-Data-Collector/src/MarketDataCollector.Contracts/Api/UiApiRoutes.cs(108,25): warning CS1591: Missing XML comment for publicly visible type or member 'UiApiRoutes.StorageHealthCheck' [/home/runner/work/Market-Data-Collector/Market-Data-Collector/src/MarketDataCollector.Contracts/MarketDataCollector.Contracts.csproj]
/home/runner/work/Market-Data-Collector/Market-Data-Collector/src/MarketDataCollector.Contracts/Api/UiApiRoutes.cs(109,25): warning CS1591: Missing XML comment for publicly visible type or member 'UiApiRoutes.StorageHealthOrphans' [/home/runner/work/Market-Data-Collector/Market-Data-Collector/src/MarketDataCollector.Contracts/MarketDataCollector.Contracts.csproj]
/home/runner/work/Market-Data-Collector/Market-Data-Collector/src/MarketDataCollector.Contracts/Api/UiApiRoutes.cs(110,25): warning CS1591: Missing XML comment for publicly visible type or member 'UiApiRoutes.StorageTiersMigrate' [/home/runner/work/Market-Data-Collector/Market-Data-Collector/src/MarketDataCollector.Contracts/MarketDataCollector.Contracts.csproj]
/home/runner/work/Market-Data-Collector/Market-Data-Collector/src/MarketDataCollector.Contracts/Api/UiApiRoutes.cs(111,25): warning CS1591: Missing XML comment for publicly visible type or member 'UiApiRoutes.StorageTiersStatistics' [/home/runner/work/Market-Data-Collector/Market-Data-Collector/src/MarketDataCollector.Contracts/MarketDataCollector.Contracts.csproj]
/home/runner/work/Market-Data-Collector/Market-Data-Collector/src/MarketDataCollector.Contracts/Api/UiApiRoutes.cs(112,25): warning CS1591: Missing XML comment for publicly visible type or member 'UiApiRoutes.StorageTiersPlan' [/home/runner/work/Market-Data-Collector/Market-Data-Collector/src/MarketDataCollector.Contracts/MarketDataCollector.Contracts.csproj]
/home/runner/work/Market-Data-Collector/Market-Data-Collector/src/MarketDataCollector.Contracts/Api/UiApiRoutes.cs(113,25): warning CS1591: Missing XML comment for publicly visible type or member 'UiApiRoutes.StorageMaintenanceDefrag' [/home/runner/work/Market-Data-Collector/Market-Data-Collector/src/MarketDataCollector.Contracts/MarketDataCollector.Contracts.csproj]
/home/runner/work/Market-Data-Collector/Market-Data-Collector/src/MarketDataCollector.Contracts/Api/UiApiRoutes.cs(116,25): warning CS1591: Missing XML comment for publicly visible type or member 'UiApiRoutes.StorageQualitySummary' [/home/runner/work/Market-Data-Collector/Market-Data-Collector/src/MarketDataCollector.Contracts/MarketDataCollector.Contracts.csproj]
/home/runner/work/Market-Data-Collector/Market-Data-Collector/src/MarketDataCollector.Contracts/Api/UiApiRoutes.cs(117,25): warning CS1591: Missing XML comment for publicly visible type or member 'UiApiRoutes.StorageQualityScores' [/home/runner/work/Market-Data-Collector/Market-Data-Collector/src/MarketDataCollector.Contracts/MarketDataCollector.Contracts.csproj]
/home/runner/work/Market-Data-Collector/Market-Data-Collector/src/MarketDataCollector.Contracts/Api/UiApiRoutes.cs(118,25): warning CS1591: Missing XML comment for publicly visible type or member 'UiApiRoutes.StorageQualitySymbol' [/home/runner/work/Market-Data-Collector/Market-Data-Collector/src/MarketDataCollector.Contracts/MarketDataCollector.Contracts.csproj]
/home/runner/work/Market-Data-Collector/Market-Data-Collector/src/MarketDataCollector.Contracts/Api/UiApiRoutes.cs(119,25): warning CS1591: Missing XML comment for publicly visible type or member 'UiApiRoutes.StorageQualityAlerts' [/home/runner/work/Market-Data-Collector/Market-Data-Collector/src/MarketDataCollector.Contracts/MarketDataCollector.Contracts.csproj]
/home/runner/work/Market-Data-Collector/Market-Data-Collector/src/MarketDataCollector.Contracts/Api/UiApiRoutes.cs(120,25): warning CS1591: Missing XML comment for publicly visible type or member 'UiApiRoutes.StorageQualityAlertAcknowledge' [/home/runner/work/Market-Data-Collector/Market-Data-Collector/src/MarketDataCollector.Contracts/MarketDataCollector.Contracts.csproj]
/home/runner/work/Market-Data-Collector/Market-Data-Collector/src/MarketDataCollector.Contracts/Api/UiApiRoutes.cs(121,25): warning CS1591: Missing XML comment for publicly visible type or member 'UiApiRoutes.StorageQualityRankings' [/home/runner/work/Market-Data-Collector/Market-Data-Collector/src/MarketDataCollector.Contracts/MarketDataCollector.Contracts.csproj]
/home/runner/work/Market-Data-Collector/Market-Data-Collector/src/MarketDataCollector.Contracts/Api/UiApiRoutes.cs(122,25): warning CS1591: Missing XML comment for publicly visible type or member 'UiApiRoutes.StorageQualityTrends' [/home/runner/work/Market-Data-Collector/Market-Data-Collector/src/MarketDataCollector.Contracts/MarketDataCollector.Contracts.csproj]
/home/runner/work/Market-Data-Collector/Market-Data-Collector/src/MarketDataCollector.Contracts/Api/UiApiRoutes.cs(123,25): warning CS1591: Missing XML comment for publicly visible type or member 'UiApiRoutes.StorageQualityAnomalies' [/home/runner/work/Market-Data-Collector/Market-Data-Collector/src/MarketDataCollector.Contracts/MarketDataCollector.Contracts.csproj]
/home/runner/work/Market-Data-Collector/Market-Data-Collector/src/MarketDataCollector.Contracts/Api/UiApiRoutes.cs(124,25): warning CS1591: Missing XML comment for publicly visible type or member 'UiApiRoutes.StorageQualityCheck' [/home/runner/work/Market-Data-Collector/Market-Data-Collector/src/MarketDataCollector.Contracts/MarketDataCollector.Contracts.csproj]
/home/runner/work/Market-Data-Collector/Market-Data-Collector/src/MarketDataCollector.Contracts/Api/UiApiRoutes.cs(127,25): warning CS1591: Missing XML comment for publicly visible type or member 'UiApiRoutes.DiagnosticsDryRun' [/home/runner/work/Market-Data-Collector/Market-Data-Collector/src/MarketDataCollector.Contracts/MarketDataCollector.Contracts.csproj]
/home/runner/work/Market-Data-Collector/Market-Data-Collector/src/MarketDataCollector.Contracts/Api/UiApiRoutes.cs(128,25): warning CS1591: Missing XML comment for publicly visible type or member 'UiApiRoutes.DiagnosticsProviders' [/home/runner/work/Market-Data-Collector/Market-Data-Collector/src/MarketDataCollector.Contracts/MarketDataCollector.Contracts.csproj]
/home/runner/work/Market-Data-Collector/Market-Data-Collector/src/MarketDataCollector.Contracts/Api/UiApiRoutes.cs(129,25): warning CS1591: Missing XML comment for publicly visible type or member 'UiApiRoutes.DiagnosticsStorage' [/home/runner/work/Market-Data-Collector/Market-Data-Collector/src/MarketDataCollector.Contracts/MarketDataCollector.Contracts.csproj]
/home/runner/work/Market-Data-Collector/Market-Data-Collector/src/MarketDataCollector.Contracts/Api/UiApiRoutes.cs(130,25): warning CS1591: Missing XML comment for publicly visible type or member 'UiApiRoutes.DiagnosticsConfig' [/home/runner/work/Market-Data-Collector/Market-Data-Collector/src/MarketDataCollector.Contracts/MarketDataCollector.Contracts.csproj]
/home/runner/work/Market-Data-Collector/Market-Data-Collector/src/MarketDataCollector.Contracts/Api/UiApiRoutes.cs(131,25): warning CS1591: Missing XML comment for publicly visible type or member 'UiApiRoutes.DiagnosticsBundle' [/home/runner/work/Market-Data-Collector/Market-Data-Collector/src/MarketDataCollector.Contracts/MarketDataCollector.Contracts.csproj]
/home/runner/work/Market-Data-Collector/Market-Data-Collector/src/MarketDataCollector.Contracts/Api/UiApiRoutes.cs(132,25): warning CS1591: Missing XML comment for publicly visible type or member 'UiApiRoutes.DiagnosticsMetrics' [/home/runner/work/Market-Data-Collector/Market-Data-Collector/src/MarketDataCollector.Contracts/MarketDataCollector.Contracts.csproj]
/home/runner/work/Market-Data-Collector/Market-Data-Collector/src/MarketDataCollector.Contracts/Api/UiApiRoutes.cs(133,25): warning CS1591: Missing XML comment for publicly visible type or member 'UiApiRoutes.DiagnosticsValidate' [/home/runner/work/Market-Data-Collector/Market-Data-Collector/src/MarketDataCollector.Contracts/MarketDataCollector.Contracts.csproj]
/home/runner/work/Market-Data-Collector/Market-Data-Collector/src/MarketDataCollector.Contracts/Api/UiApiRoutes.cs(134,25): warning CS1591: Missing XML comment for publicly visible type or member 'UiApiRoutes.DiagnosticsProviderTest' [/home/runner/work/Market-Data-Collector/Market-Data-Collector/src/MarketDataCollector.Contracts/MarketDataCollector.Contracts.csproj]
/home/runner/work/Market-Data-Collector/Market-Data-Collector/src/MarketDataCollector.Contracts/Api/UiApiRoutes.cs(135,25): warning CS1591: Missing XML comment for publicly visible type or member 'UiApiRoutes.DiagnosticsQuickCheck' [/home/runner/work/Market-Data-Collector/Market-Data-Collector/src/MarketDataCollector.Contracts/MarketDataCollector.Contracts.csproj]
/home/runner/work/Market-Data-Collector/Market-Data-Collector/src/MarketDataCollector.Contracts/Api/UiApiRoutes.cs(136,25): warning CS1591: Missing XML comment for publicly visible type or member 'UiApiRoutes.DiagnosticsShowConfig' [/home/runner/work/Market-Data-Collector/Market-Data-Collector/src/MarketDataCollector.Contracts/MarketDataCollector.Contracts.csproj]
/home/runner/work/Market-Data-Collector/Market-Data-Collector/src/MarketDataCollector.Contracts/Api/UiApiRoutes.cs(137,25): warning CS1591: Missing XML comment for publicly visible type or member 'UiApiRoutes.DiagnosticsErrorCodes' [/home/runner/work/Market-Data-Collector/Market-Data-Collector/src/MarketDataCollector.Contracts/MarketDataCollector.Contracts.csproj]
/home/runner/work/Market-Data-Collector/Market-Data-Collector/src/MarketDataCollector.Contracts/Api/UiApiRoutes.cs(138,25): warning CS1591: Missing XML comment for publicly visible type or member 'UiApiRoutes.DiagnosticsSelftest' [/home/runner/work/Market-Data-Collector/Market-Data-Collector/src/MarketDataCollector.Contracts/MarketDataCollector.Contracts.csproj]
/home/runner/work/Market-Data-Collector/Market-Data-Collector/src/MarketDataCollector.Contracts/Api/UiApiRoutes.cs(139,25): warning CS1591: Missing XML comment for publicly visible type or member 'UiApiRoutes.DiagnosticsValidateCredentials' [/home/runner/work/Market-Data-Collector/Market-Data-Collector/src/MarketDataCollector.Contracts/MarketDataCollector.Contracts.csproj]
/home/runner/work/Market-Data-Collector/Market-Data-Collector/src/MarketDataCollector.Contracts/Api/UiApiRoutes.cs(140,25): warning CS1591: Missing XML comment for publicly visible type or member 'UiApiRoutes.DiagnosticsTestConnectivity' [/home/runner/work/Market-Data-Collector/Market-Data-Collector/src/MarketDataCollector.Contracts/MarketDataCollector.Contracts.csproj]
/home/runner/work/Market-Data-Collector/Market-Data-Collector/src/MarketDataCollector.Contracts/Api/UiApiRoutes.cs(141,25): warning CS1591: Missing XML comment for publicly visible type or member 'UiApiRoutes.DiagnosticsValidateConfig' [/home/runner/work/Market-Data-Collector/Market-Data-Collector/src/MarketDataCollector.Contracts/MarketDataCollector.Contracts.csproj]
/home/runner/work/Market-Data-Collector/Market-Data-Collector/src/MarketDataCollector.Contracts/Api/UiApiRoutes.cs(144,25): warning CS1591: Missing XML comment for publicly visible type or member 'UiApiRoutes.AdminMaintenanceSchedule' [/home/runner/work/Market-Data-Collector/Market-Data-Collector/src/MarketDataCollector.Contracts/MarketDataCollector.Contracts.csproj]
/home/runner/work/Market-Data-Collector/Market-Data-Collector/src/MarketDataCollector.Contracts/Api/UiApiRoutes.cs(145,25): warning CS1591: Missing XML comment for publicly visible type or member 'UiApiRoutes.AdminMaintenanceRun' [/home/runner/work/Market-Data-Collector/Market-Data-Collector/src/MarketDataCollector.Contracts/MarketDataCollector.Contracts.csproj]
/home/runner/work/Market-Data-Collector/Market-Data-Collector/src/MarketDataCollector.Contracts/Api/UiApiRoutes.cs(146,25): warning CS1591: Missing XML comment for publicly visible type or member 'UiApiRoutes.AdminMaintenanceRunById' [/home/runner/work/Market-Data-Collector/Market-Data-Collector/src/MarketDataCollector.Contracts/MarketDataCollector.Contracts.csproj]
/home/runner/work/Market-Data-Collector/Market-Data-Collector/src/MarketDataCollector.Contracts/Api/UiApiRoutes.cs(147,25): warning CS1591: Missing XML comment for publicly visible type or member 'UiApiRoutes.AdminMaintenanceHistory' [/home/runner/work/Market-Data-Collector/Market-Data-Collector/src/MarketDataCollector.Contracts/MarketDataCollector.Contracts.csproj]
/home/runner/work/Market-Data-Collector/Market-Data-Collector/src/MarketDataCollector.Contracts/Api/UiApiRoutes.cs(148,25): warning CS1591: Missing XML comment for publicly visible type or member 'UiApiRoutes.AdminStorageTiers' [/home/runner/work/Market-Data-Collector/Market-Data-Collector/src/MarketDataCollector.Contracts/MarketDataCollector.Contracts.csproj]
/home/runner/work/Market-Data-Collector/Market-Data-Collector/src/MarketDataCollector.Contracts/Api/UiApiRoutes.cs(149,25): warning CS1591: Missing XML comment for publicly visible type or member 'UiApiRoutes.AdminStorageMigrate' [/home/runner/work/Market-Data-Collector/Market-Data-Collector/src/MarketDataCollector.Contracts/MarketDataCollector.Contracts.csproj]
/home/runner/work/Market-Data-Collector/Market-Data-Collector/src/MarketDataCollector.Contracts/Api/UiApiRoutes.cs(150,25): warning CS1591: Missing XML comment for publicly visible type or member 'UiApiRoutes.AdminStorageUsage' [/home/runner/work/Market-Data-Collector/Market-Data-Collector/src/MarketDataCollector.Contracts/MarketDataCollector.Contracts.csproj]
/home/runner/work/Market-Data-Collector/Market-Data-Collector/src/MarketDataCollector.Contracts/Api/UiApiRoutes.cs(151,25): warning CS1591: Missing XML comment for publicly visible type or member 'UiApiRoutes.AdminRetention' [/home/runner/work/Market-Data-Collector/Market-Data-Collector/src/MarketDataCollector.Contracts/MarketDataCollector.Contracts.csproj]
/home/runner/work/Market-Data-Collector/Market-Data-Collector/src/MarketDataCollector.Contracts/Api/UiApiRoutes.cs(152,25): warning CS1591: Missing XML comment for publicly visible type or member 'UiApiRoutes.AdminRetentionDelete' [/home/runner/work/Market-Data-Collector/Market-Data-Collector/src/MarketDataCollector.Contracts/MarketDataCollector.Contracts.csproj]
/home/runner/work/Market-Data-Collector/Market-Data-Collector/src/MarketDataCollector.Contracts/Api/UiApiRoutes.cs(153,25): warning CS1591: Missing XML comment for publicly visible type or member 'UiApiRoutes.AdminRetentionApply' [/home/runner/work/Market-Data-Collector/Market-Data-Collector/src/MarketDataCollector.Contracts/MarketDataCollector.Contracts.csproj]
/home/runner/work/Market-Data-Collector/Market-Data-Collector/src/MarketDataCollector.Contracts/Api/UiApiRoutes.cs(154,25): warning CS1591: Missing XML comment for publicly visible type or member 'UiApiRoutes.AdminCleanupPreview' [/home/runner/work/Market-Data-Collector/Market-Data-Collector/src/MarketDataCollector.Contracts/MarketDataCollector.Contracts.csproj]
/home/runner/work/Market-Data-Collector/Market-Data-Collector/src/MarketDataCollector.Contracts/Api/UiApiRoutes.cs(155,25): warning CS1591: Missing XML comment for publicly visible type or member 'UiApiRoutes.AdminCleanupExecute' [/home/runner/work/Market-Data-Collector/Market-Data-Collector/src/MarketDataCollector.Contracts/MarketDataCollector.Contracts.csproj]
/home/runner/work/Market-Data-Collector/Market-Data-Collector/src/MarketDataCollector.Contracts/Api/UiApiRoutes.cs(156,25): warning CS1591: Missing XML comment for publicly visible type or member 'UiApiRoutes.AdminStoragePermissions' [/home/runner/work/Market-Data-Collector/Market-Data-Collector/src/MarketDataCollector.Contracts/MarketDataCollector.Contracts.csproj]
/home/runner/work/Market-Data-Collector/Market-Data-Collector/src/MarketDataCollector.Contracts/Api/UiApiRoutes.cs(157,25): warning CS1591: Missing XML comment for publicly visible type or member 'UiApiRoutes.AdminSelftest' [/home/runner/work/Market-Data-Collector/Market-Data-Collector/src/MarketDataCollector.Contracts/MarketDataCollector.Contracts.csproj]
/home/runner/work/Market-Data-Collector/Market-Data-Collector/src/MarketDataCollector.Contracts/Api/UiApiRoutes.cs(158,25): warning CS1591: Missing XML comment for publicly visible type or member 'UiApiRoutes.AdminErrorCodes' [/home/runner/work/Market-Data-Collector/Market-Data-Collector/src/MarketDataCollector.Contracts/MarketDataCollector.Contracts.csproj]
/home/runner/work/Market-Data-Collector/Market-Data-Collector/src/MarketDataCollector.Contracts/Api/UiApiRoutes.cs(159,25): warning CS1591: Missing XML comment for publicly visible type or member 'UiApiRoutes.AdminShowConfig' [/home/runner/work/Market-Data-Collector/Market-Data-Collector/src/MarketDataCollector.Contracts/MarketDataCollector.Contracts.csproj]
/home/runner/work/Market-Data-Collector/Market-Data-Collector/src/MarketDataCollector.Contracts/Api/UiApiRoutes.cs(160,25): warning CS1591: Missing XML comment for publicly visible type or member 'UiApiRoutes.AdminQuickCheck' [/home/runner/work/Market-Data-Collector/Market-Data-Collector/src/MarketDataCollector.Contracts/MarketDataCollector.Contracts.csproj]
/home/runner/work/Market-Data-Collector/Market-Data-Collector/src/MarketDataCollector.Contracts/Api/UiApiRoutes.cs(163,25): warning CS1591: Missing XML comment for publicly visible type or member 'UiApiRoutes.MaintenanceSchedules' [/home/runner/work/Market-Data-Collector/Market-Data-Collector/src/MarketDataCollector.Contracts/MarketDataCollector.Contracts.csproj]
/home/runner/work/Market-Data-Collector/Market-Data-Collector/src/MarketDataCollector.Contracts/Api/UiApiRoutes.cs(164,25): warning CS1591: Missing XML comment for publicly visible type or member 'UiApiRoutes.MaintenanceSchedulesById' [/home/runner/work/Market-Data-Collector/Market-Data-Collector/src/MarketDataCollector.Contracts/MarketDataCollector.Contracts.csproj]
/home/runner/work/Market-Data-Collector/Market-Data-Collector/src/MarketDataCollector.Contracts/Api/UiApiRoutes.cs(165,25): warning CS1591: Missing XML comment for publicly visible type or member 'UiApiRoutes.MaintenanceSchedulesDelete' [/home/runner/work/Market-Data-Collector/Market-Data-Collector/src/MarketDataCollector.Contracts/MarketDataCollector.Contracts.csproj]
/home/runner/work/Market-Data-Collector/Market-Data-Collector/src/MarketDataCollector.Contracts/Api/UiApiRoutes.cs(166,25): warning CS1591: Missing XML comment for publicly visible type or member 'UiApiRoutes.MaintenanceSchedulesEnable' [/home/runner/work/Market-Data-Collector/Market-Data-Collector/src/MarketDataCollector.Contracts/MarketDataCollector.Contracts.csproj]
/home/runner/work/Market-Data-Collector/Market-Data-Collector/src/MarketDataCollector.Contracts/Api/UiApiRoutes.cs(167,25): warning CS1591: Missing XML comment for publicly visible type or member 'UiApiRoutes.MaintenanceSchedulesDisable' [/home/runner/work/Market-Data-Collector/Market-Data-Collector/src/MarketDataCollector.Contracts/MarketDataCollector.Contracts.csproj]
/home/runner/work/Market-Data-Collector/Market-Data-Collector/src/MarketDataCollector.Contracts/Api/UiApiRoutes.cs(168,25): warning CS1591: Missing XML comment for publicly visible type or member 'UiApiRoutes.MaintenanceSchedulesRun' [/home/runner/work/Market-Data-Collector/Market-Data-Collector/src/MarketDataCollector.Contracts/MarketDataCollector.Contracts.csproj]
/home/runner/work/Market-Data-Collector/Market-Data-Collector/src/MarketDataCollector.Contracts/Api/UiApiRoutes.cs(169,25): warning CS1591: Missing XML comment for publicly visible type or member 'UiApiRoutes.MaintenanceSchedulesHistory' [/home/runner/work/Market-Data-Collector/Market-Data-Collector/src/MarketDataCollector.Contracts/MarketDataCollector.Contracts.csproj]
/home/runner/work/Market-Data-Collector/Market-Data-Collector/src/MarketDataCollector.Contracts/Api/UiApiRoutes.cs(172,25): warning CS1591: Missing XML comment for publicly visible type or member 'UiApiRoutes.SchedulesCronValidate' [/home/runner/work/Market-Data-Collector/Market-Data-Collector/src/MarketDataCollector.Contracts/MarketDataCollector.Contracts.csproj]
/home/runner/work/Market-Data-Collector/Market-Data-Collector/src/MarketDataCollector.Contracts/Api/UiApiRoutes.cs(173,25): warning CS1591: Missing XML comment for publicly visible type or member 'UiApiRoutes.SchedulesCronNextRuns' [/home/runner/work/Market-Data-Collector/Market-Data-Collector/src/MarketDataCollector.Contracts/MarketDataCollector.Contracts.csproj]
/home/runner/work/Market-Data-Collector/Market-Data-Collector/src/MarketDataCollector.Contracts/Api/UiApiRoutes.cs(176,25): warning CS1591: Missing XML comment for publicly visible type or member 'UiApiRoutes.AnalyticsGaps' [/home/runner/work/Market-Data-Collector/Market-Data-Collector/src/MarketDataCollector.Contracts/MarketDataCollector.Contracts.csproj]
/home/runner/work/Market-Data-Collector/Market-Data-Collector/src/MarketDataCollector.Contracts/Api/UiApiRoutes.cs(177,25): warning CS1591: Missing XML comment for publicly visible type or member 'UiApiRoutes.AnalyticsGapsRepair' [/home/runner/work/Market-Data-Collector/Market-Data-Collector/src/MarketDataCollector.Contracts/MarketDataCollector.Contracts.csproj]
/home/runner/work/Market-Data-Collector/Market-Data-Collector/src/MarketDataCollector.Contracts/Api/UiApiRoutes.cs(178,25): warning CS1591: Missing XML comment for publicly visible type or member 'UiApiRoutes.AnalyticsCompare' [/home/runner/work/Market-Data-Collector/Market-Data-Collector/src/MarketDataCollector.Contracts/MarketDataCollector.Contracts.csproj]
/home/runner/work/Market-Data-Collector/Market-Data-Collector/src/MarketDataCollector.Contracts/Api/UiApiRoutes.cs(179,25): warning CS1591: Missing XML comment for publicly visible type or member 'UiApiRoutes.AnalyticsLatency' [/home/runner/work/Market-Data-Collector/Market-Data-Collector/src/MarketDataCollector.Contracts/MarketDataCollector.Contracts.csproj]
/home/runner/work/Market-Data-Collector/Market-Data-Collector/src/MarketDataCollector.Contracts/Api/UiApiRoutes.cs(180,25): warning CS1591: Missing XML comment for publicly visible type or member 'UiApiRoutes.AnalyticsLatencyStats' [/home/runner/work/Market-Data-Collector/Market-Data-Collector/src/MarketDataCollector.Contracts/MarketDataCollector.Contracts.csproj]
/home/runner/work/Market-Data-Collector/Market-Data-Collector/src/MarketDataCollector.Contracts/Api/UiApiRoutes.cs(181,25): warning CS1591: Missing XML comment for publicly visible type or member 'UiApiRoutes.AnalyticsAnomalies' [/home/runner/work/Market-Data-Collector/Market-Data-Collector/src/MarketDataCollector.Contracts/MarketDataCollector.Contracts.csproj]
/home/runner/work/Market-Data-Collector/Market-Data-Collector/src/MarketDataCollector.Contracts/Api/UiApiRoutes.cs(182,25): warning CS1591: Missing XML comment for publicly visible type or member 'UiApiRoutes.AnalyticsQualityReport' [/home/runner/work/Market-Data-Collector/Market-Data-Collector/src/MarketDataCollector.Contracts/MarketDataCollector.Contracts.csproj]
/home/runner/work/Market-Data-Collector/Market-Data-Collector/src/MarketDataCollector.Contracts/Api/UiApiRoutes.cs(183,25): warning CS1591: Missing XML comment for publicly visible type or member 'UiApiRoutes.AnalyticsCompleteness' [/home/runner/work/Market-Data-Collector/Market-Data-Collector/src/MarketDataCollector.Contracts/MarketDataCollector.Contracts.csproj]
/home/runner/work/Market-Data-Collector/Market-Data-Collector/src/MarketDataCollector.Contracts/Api/UiApiRoutes.cs(184,25): warning CS1591: Missing XML comment for publicly visible type or member 'UiApiRoutes.AnalyticsThroughput' [/home/runner/work/Market-Data-Collector/Market-Data-Collector/src/MarketDataCollector.Contracts/MarketDataCollector.Contracts.csproj]
/home/runner/work/Market-Data-Collector/Market-Data-Collector/src/MarketDataCollector.Contracts/Api/UiApiRoutes.cs(185,25): warning CS1591: Missing XML comment for publicly visible type or member 'UiApiRoutes.AnalyticsRateLimits' [/home/runner/work/Market-Data-Collector/Market-Data-Collector/src/MarketDataCollector.Contracts/MarketDataCollector.Contracts.csproj]
/home/runner/work/Market-Data-Collector/Market-Data-Collector/src/MarketDataCollector.Contracts/Api/UiApiRoutes.cs(188,25): warning CS1591: Missing XML comment for publicly visible type or member 'UiApiRoutes.HealthSummary' [/home/runner/work/Market-Data-Collector/Market-Data-Collector/src/MarketDataCollector.Contracts/MarketDataCollector.Contracts.csproj]
/home/runner/work/Market-Data-Collector/Market-Data-Collector/src/MarketDataCollector.Contracts/Api/UiApiRoutes.cs(189,25): warning CS1591: Missing XML comment for publicly visible type or member 'UiApiRoutes.HealthProviders' [/home/runner/work/Market-Data-Collector/Market-Data-Collector/src/MarketDataCollector.Contracts/MarketDataCollector.Contracts.csproj]
/home/runner/work/Market-Data-Collector/Market-Data-Collector/src/MarketDataCollector.Contracts/Api/UiApiRoutes.cs(190,25): warning CS1591: Missing XML comment for publicly visible type or member 'UiApiRoutes.HealthProviderDiagnostics' [/home/runner/work/Market-Data-Collector/Market-Data-Collector/src/MarketDataCollector.Contracts/MarketDataCollector.Contracts.csproj]
/home/runner/work/Market-Data-Collector/Market-Data-Collector/src/MarketDataCollector.Contracts/Api/UiApiRoutes.cs(191,25): warning CS1591: Missing XML comment for publicly visible type or member 'UiApiRoutes.HealthStorage' [/home/runner/work/Market-Data-Collector/Market-Data-Collector/src/MarketDataCollector.Contracts/MarketDataCollector.Contracts.csproj]
/home/runner/work/Market-Data-Collector/Market-Data-Collector/src/MarketDataCollector.Contracts/Api/UiApiRoutes.cs(192,25): warning CS1591: Missing XML comment for publicly visible type or member 'UiApiRoutes.HealthEvents' [/home/runner/work/Market-Data-Collector/Market-Data-Collector/src/MarketDataCollector.Contracts/MarketDataCollector.Contracts.csproj]
/home/runner/work/Market-Data-Collector/Market-Data-Collector/src/MarketDataCollector.Contracts/Api/UiApiRoutes.cs(193,25): warning CS1591: Missing XML comment for publicly visible type or member 'UiApiRoutes.HealthMetrics' [/home/runner/work/Market-Data-Collector/Market-Data-Collector/src/MarketDataCollector.Contracts/MarketDataCollector.Contracts.csproj]
/home/runner/work/Market-Data-Collector/Market-Data-Collector/src/MarketDataCollector.Contracts/Api/UiApiRoutes.cs(194,25): warning CS1591: Missing XML comment for publicly visible type or member 'UiApiRoutes.HealthProviderTest' [/home/runner/work/Market-Data-Collector/Market-Data-Collector/src/MarketDataCollector.Contracts/MarketDataCollector.Contracts.csproj]
/home/runner/work/Market-Data-Collector/Market-Data-Collector/src/MarketDataCollector.Contracts/Api/UiApiRoutes.cs(195,25): warning CS1591: Missing XML comment for publicly visible type or member 'UiApiRoutes.HealthDiagnosticsBundle' [/home/runner/work/Market-Data-Collector/Market-Data-Collector/src/MarketDataCollector.Contracts/MarketDataCollector.Contracts.csproj]
/home/runner/work/Market-Data-Collector/Market-Data-Collector/src/MarketDataCollector.Contracts/Api/UiApiRoutes.cs(198,25): warning CS1591: Missing XML comment for publicly visible type or member 'UiApiRoutes.MessagingConfig' [/home/runner/work/Market-Data-Collector/Market-Data-Collector/src/MarketDataCollector.Contracts/MarketDataCollector.Contracts.csproj]
/home/runner/work/Market-Data-Collector/Market-Data-Collector/src/MarketDataCollector.Contracts/Api/UiApiRoutes.cs(199,25): warning CS1591: Missing XML comment for publicly visible type or member 'UiApiRoutes.MessagingStatus' [/home/runner/work/Market-Data-Collector/Market-Data-Collector/src/MarketDataCollector.Contracts/MarketDataCollector.Contracts.csproj]
/home/runner/work/Market-Data-Collector/Market-Data-Collector/src/MarketDataCollector.Contracts/Api/UiApiRoutes.cs(200,25): warning CS1591: Missing XML comment for publicly visible type or member 'UiApiRoutes.MessagingStats' [/home/runner/work/Market-Data-Collector/Market-Data-Collector/src/MarketDataCollector.Contracts/MarketDataCollector.Contracts.csproj]
/home/runner/work/Market-Data-Collector/Market-Data-Collector/src/MarketDataCollector.Contracts/Api/UiApiRoutes.cs(201,25): warning CS1591: Missing XML comment for publicly visible type or member 'UiApiRoutes.MessagingActivity' [/home/runner/work/Market-Data-Collector/Market-Data-Collector/src/MarketDataCollector.Contracts/MarketDataCollector.Contracts.csproj]
/home/runner/work/Market-Data-Collector/Market-Data-Collector/src/MarketDataCollector.Contracts/Api/UiApiRoutes.cs(202,25): warning CS1591: Missing XML comment for publicly visible type or member 'UiApiRoutes.MessagingConsumers' [/home/runner/work/Market-Data-Collector/Market-Data-Collector/src/MarketDataCollector.Contracts/MarketDataCollector.Contracts.csproj]
/home/runner/work/Market-Data-Collector/Market-Data-Collector/src/MarketDataCollector.Contracts/Api/UiApiRoutes.cs(203,25): warning CS1591: Missing XML comment for publicly visible type or member 'UiApiRoutes.MessagingEndpoints' [/home/runner/work/Market-Data-Collector/Market-Data-Collector/src/MarketDataCollector.Contracts/MarketDataCollector.Contracts.csproj]
/home/runner/work/Market-Data-Collector/Market-Data-Collector/src/MarketDataCollector.Contracts/Api/UiApiRoutes.cs(204,25): warning CS1591: Missing XML comment for publicly visible type or member 'UiApiRoutes.MessagingTest' [/home/runner/work/Market-Data-Collector/Market-Data-Collector/src/MarketDataCollector.Contracts/MarketDataCollector.Contracts.csproj]
/home/runner/work/Market-Data-Collector/Market-Data-Collector/src/MarketDataCollector.Contracts/Api/UiApiRoutes.cs(205,25): warning CS1591: Missing XML comment for publicly visible type or member 'UiApiRoutes.MessagingPublishing' [/home/runner/work/Market-Data-Collector/Market-Data-Collector/src/MarketDataCollector.Contracts/MarketDataCollector.Contracts.csproj]
/home/runner/work/Market-Data-Collector/Market-Data-Collector/src/MarketDataCollector.Contracts/Api/UiApiRoutes.cs(206,25): warning CS1591: Missing XML comment for publicly visible type or member 'UiApiRoutes.MessagingQueuePurge' [/home/runner/work/Market-Data-Collector/Market-Data-Collector/src/MarketDataCollector.Contracts/MarketDataCollector.Contracts.csproj]
/home/runner/work/Market-Data-Collector/Market-Data-Collector/src/MarketDataCollector.Contracts/Api/UiApiRoutes.cs(207,25): warning CS1591: Missing XML comment for publicly visible type or member 'UiApiRoutes.MessagingErrors' [/home/runner/work/Market-Data-Collector/Market-Data-Collector/src/MarketDataCollector.Contracts/MarketDataCollector.Contracts.csproj]
/home/runner/work/Market-Data-Collector/Market-Data-Collector/src/MarketDataCollector.Contracts/Api/UiApiRoutes.cs(208,25): warning CS1591: Missing XML comment for publicly visible type or member 'UiApiRoutes.MessagingErrorRetry' [/home/runner/work/Market-Data-Collector/Market-Data-Collector/src/MarketDataCollector.Contracts/MarketDataCollector.Contracts.csproj]
/home/runner/work/Market-Data-Collector/Market-Data-Collector/src/MarketDataCollector.Contracts/Api/UiApiRoutes.cs(211,25): warning CS1591: Missing XML comment for publicly visible type or member 'UiApiRoutes.AlignmentCreate' [/home/runner/work/Market-Data-Collector/Market-Data-Collector/src/MarketDataCollector.Contracts/MarketDataCollector.Contracts.csproj]
/home/runner/work/Market-Data-Collector/Market-Data-Collector/src/MarketDataCollector.Contracts/Api/UiApiRoutes.cs(212,25): warning CS1591: Missing XML comment for publicly visible type or member 'UiApiRoutes.AlignmentPreview' [/home/runner/work/Market-Data-Collector/Market-Data-Collector/src/MarketDataCollector.Contracts/MarketDataCollector.Contracts.csproj]
/home/runner/work/Market-Data-Collector/Market-Data-Collector/src/MarketDataCollector.Contracts/Api/UiApiRoutes.cs(215,25): warning CS1591: Missing XML comment for publicly visible type or member 'UiApiRoutes.SamplingCreate' [/home/runner/work/Market-Data-Collector/Market-Data-Collector/src/MarketDataCollector.Contracts/MarketDataCollector.Contracts.csproj]
/home/runner/work/Market-Data-Collector/Market-Data-Collector/src/MarketDataCollector.Contracts/Api/UiApiRoutes.cs(216,25): warning CS1591: Missing XML comment for publicly visible type or member 'UiApiRoutes.SamplingEstimate' [/home/runner/work/Market-Data-Collector/Market-Data-Collector/src/MarketDataCollector.Contracts/MarketDataCollector.Contracts.csproj]
/home/runner/work/Market-Data-Collector/Market-Data-Collector/src/MarketDataCollector.Contracts/Api/UiApiRoutes.cs(217,25): warning CS1591: Missing XML comment for publicly visible type or member 'UiApiRoutes.SamplingSaved' [/home/runner/work/Market-Data-Collector/Market-Data-Collector/src/MarketDataCollector.Contracts/MarketDataCollector.Contracts.csproj]
/home/runner/work/Market-Data-Collector/Market-Data-Collector/src/MarketDataCollector.Contracts/Api/UiApiRoutes.cs(218,25): warning CS1591: Missing XML comment for publicly visible type or member 'UiApiRoutes.SamplingById' [/home/runner/work/Market-Data-Collector/Market-Data-Collector/src/MarketDataCollector.Contracts/MarketDataCollector.Contracts.csproj]
/home/runner/work/Market-Data-Collector/Market-Data-Collector/src/MarketDataCollector.Contracts/Api/UiApiRoutes.cs(221,25): warning CS1591: Missing XML comment for publicly visible type or member 'UiApiRoutes.DataTrades' [/home/runner/work/Market-Data-Collector/Market-Data-Collector/src/MarketDataCollector.Contracts/MarketDataCollector.Contracts.csproj]
/home/runner/work/Market-Data-Collector/Market-Data-Collector/src/MarketDataCollector.Contracts/Api/UiApiRoutes.cs(222,25): warning CS1591: Missing XML comment for publicly visible type or member 'UiApiRoutes.DataQuotes' [/home/runner/work/Market-Data-Collector/Market-Data-Collector/src/MarketDataCollector.Contracts/MarketDataCollector.Contracts.csproj]
/home/runner/work/Market-Data-Collector/Market-Data-Collector/src/MarketDataCollector.Contracts/Api/UiApiRoutes.cs(223,25): warning CS1591: Missing XML comment for publicly visible type or member 'UiApiRoutes.DataOrderbook' [/home/runner/work/Market-Data-Collector/Market-Data-Collector/src/MarketDataCollector.Contracts/MarketDataCollector.Contracts.csproj]
/home/runner/work/Market-Data-Collector/Market-Data-Collector/src/MarketDataCollector.Contracts/Api/UiApiRoutes.cs(224,25): warning CS1591: Missing XML comment for publicly visible type or member 'UiApiRoutes.DataBbo' [/home/runner/work/Market-Data-Collector/Market-Data-Collector/src/MarketDataCollector.Contracts/MarketDataCollector.Contracts.csproj]
/home/runner/work/Market-Data-Collector/Market-Data-Collector/src/MarketDataCollector.Contracts/Api/UiApiRoutes.cs(225,25): warning CS1591: Missing XML comment for publicly visible type or member 'UiApiRoutes.DataOrderflow' [/home/runner/work/Market-Data-Collector/Market-Data-Collector/src/MarketDataCollector.Contracts/MarketDataCollector.Contracts.csproj]
/home/runner/work/Market-Data-Collector/Market-Data-Collector/src/MarketDataCollector.Contracts/Api/UiApiRoutes.cs(226,25): warning CS1591: Missing XML comment for publicly visible type or member 'UiApiRoutes.DataHealth' [/home/runner/work/Market-Data-Collector/Market-Data-Collector/src/MarketDataCollector.Contracts/MarketDataCollector.Contracts.csproj]
/home/runner/work/Market-Data-Collector/Market-Data-Collector/src/MarketDataCollector.Contracts/Api/UiApiRoutes.cs(229,25): warning CS1591: Missing XML comment for publicly visible type or member 'UiApiRoutes.SubscriptionsActive' [/home/runner/work/Market-Data-Collector/Market-Data-Collector/src/MarketDataCollector.Contracts/MarketDataCollector.Contracts.csproj]
/home/runner/work/Market-Data-Collector/Market-Data-Collector/src/MarketDataCollector.Contracts/Api/UiApiRoutes.cs(230,25): warning CS1591: Missing XML comment for publicly visible type or member 'UiApiRoutes.SubscriptionsSubscribe' [/home/runner/work/Market-Data-Collector/Market-Data-Collector/src/MarketDataCollector.Contracts/MarketDataCollector.Contracts.csproj]
/home/runner/work/Market-Data-Collector/Market-Data-Collector/src/MarketDataCollector.Contracts/Api/UiApiRoutes.cs(231,25): warning CS1591: Missing XML comment for publicly visible type or member 'UiApiRoutes.SubscriptionsUnsubscribe' [/home/runner/work/Market-Data-Collector/Market-Data-Collector/src/MarketDataCollector.Contracts/MarketDataCollector.Contracts.csproj]
/home/runner/work/Market-Data-Collector/Market-Data-Collector/src/MarketDataCollector.Contracts/Api/UiApiRoutes.cs(234,25): warning CS1591: Missing XML comment for publicly visible type or member 'UiApiRoutes.ReplayFiles' [/home/runner/work/Market-Data-Collector/Market-Data-Collector/src/MarketDataCollector.Contracts/MarketDataCollector.Contracts.csproj]
/home/runner/work/Market-Data-Collector/Market-Data-Collector/src/MarketDataCollector.Contracts/Api/UiApiRoutes.cs(235,25): warning CS1591: Missing XML comment for publicly visible type or member 'UiApiRoutes.ReplayStart' [/home/runner/work/Market-Data-Collector/Market-Data-Collector/src/MarketDataCollector.Contracts/MarketDataCollector.Contracts.csproj]
/home/runner/work/Market-Data-Collector/Market-Data-Collector/src/MarketDataCollector.Contracts/Api/UiApiRoutes.cs(236,25): warning CS1591: Missing XML comment for publicly visible type or member 'UiApiRoutes.ReplayPause' [/home/runner/work/Market-Data-Collector/Market-Data-Collector/src/MarketDataCollector.Contracts/MarketDataCollector.Contracts.csproj]
/home/runner/work/Market-Data-Collector/Market-Data-Collector/src/MarketDataCollector.Contracts/Api/UiApiRoutes.cs(237,25): warning CS1591: Missing XML comment for publicly visible type or member 'UiApiRoutes.ReplayResume' [/home/runner/work/Market-Data-Collector/Market-Data-Collector/src/MarketDataCollector.Contracts/MarketDataCollector.Contracts.csproj]
/home/runner/work/Market-Data-Collector/Market-Data-Collector/src/MarketDataCollector.Contracts/Api/UiApiRoutes.cs(238,25): warning CS1591: Missing XML comment for publicly visible type or member 'UiApiRoutes.ReplayStop' [/home/runner/work/Market-Data-Collector/Market-Data-Collector/src/MarketDataCollector.Contracts/MarketDataCollector.Contracts.csproj]
/home/runner/work/Market-Data-Collector/Market-Data-Collector/src/MarketDataCollector.Contracts/Api/UiApiRoutes.cs(239,25): warning CS1591: Missing XML comment for publicly visible type or member 'UiApiRoutes.ReplaySeek' [/home/runner/work/Market-Data-Collector/Market-Data-Collector/src/MarketDataCollector.Contracts/MarketDataCollector.Contracts.csproj]
/home/runner/work/Market-Data-Collector/Market-Data-Collector/src/MarketDataCollector.Contracts/Api/UiApiRoutes.cs(240,25): warning CS1591: Missing XML comment for publicly visible type or member 'UiApiRoutes.ReplaySpeed' [/home/runner/work/Market-Data-Collector/Market-Data-Collector/src/MarketDataCollector.Contracts/MarketDataCollector.Contracts.csproj]
/home/runner/work/Market-Data-Collector/Market-Data-Collector/src/MarketDataCollector.Contracts/Api/UiApiRoutes.cs(241,25): warning CS1591: Missing XML comment for publicly visible type or member 'UiApiRoutes.ReplayStatus' [/home/runner/work/Market-Data-Collector/Market-Data-Collector/src/MarketDataCollector.Contracts/MarketDataCollector.Contracts.csproj]
/home/runner/work/Market-Data-Collector/Market-Data-Collector/src/MarketDataCollector.Contracts/Api/UiApiRoutes.cs(242,25): warning CS1591: Missing XML comment for publicly visible type or member 'UiApiRoutes.ReplayPreview' [/home/runner/work/Market-Data-Collector/Market-Data-Collector/src/MarketDataCollector.Contracts/MarketDataCollector.Contracts.csproj]
/home/runner/work/Market-Data-Collector/Market-Data-Collector/src/MarketDataCollector.Contracts/Api/UiApiRoutes.cs(243,25): warning CS1591: Missing XML comment for publicly visible type or member 'UiApiRoutes.ReplayStats' [/home/runner/work/Market-Data-Collector/Market-Data-Collector/src/MarketDataCollector.Contracts/MarketDataCollector.Contracts.csproj]
/home/runner/work/Market-Data-Collector/Market-Data-Collector/src/MarketDataCollector.Contracts/Api/UiApiRoutes.cs(246,25): warning CS1591: Missing XML comment for publicly visible type or member 'UiApiRoutes.ExportAnalysis' [/home/runner/work/Market-Data-Collector/Market-Data-Collector/src/MarketDataCollector.Contracts/MarketDataCollector.Contracts.csproj]
/home/runner/work/Market-Data-Collector/Market-Data-Collector/src/MarketDataCollector.Contracts/Api/UiApiRoutes.cs(247,25): warning CS1591: Missing XML comment for publicly visible type or member 'UiApiRoutes.ExportFormats' [/home/runner/work/Market-Data-Collector/Market-Data-Collector/src/MarketDataCollector.Contracts/MarketDataCollector.Contracts.csproj]
/home/runner/work/Market-Data-Collector/Market-Data-Collector/src/MarketDataCollector.Contracts/Api/UiApiRoutes.cs(248,25): warning CS1591: Missing XML comment for publicly visible type or member 'UiApiRoutes.ExportQualityReport' [/home/runner/work/Market-Data-Collector/Market-Data-Collector/src/MarketDataCollector.Contracts/MarketDataCollector.Contracts.csproj]
/home/runner/work/Market-Data-Collector/Market-Data-Collector/src/MarketDataCollector.Contracts/Api/UiApiRoutes.cs(249,25): warning CS1591: Missing XML comment for publicly visible type or member 'UiApiRoutes.ExportOrderflow' [/home/runner/work/Market-Data-Collector/Market-Data-Collector/src/MarketDataCollector.Contracts/MarketDataCollector.Contracts.csproj]
/home/runner/work/Market-Data-Collector/Market-Data-Collector/src/MarketDataCollector.Contracts/Api/UiApiRoutes.cs(250,25): warning CS1591: Missing XML comment for publicly visible type or member 'UiApiRoutes.ExportIntegrity' [/home/runner/work/Market-Data-Collector/Market-Data-Collector/src/MarketDataCollector.Contracts/MarketDataCollector.Contracts.csproj]
/home/runner/work/Market-Data-Collector/Market-Data-Collector/src/MarketDataCollector.Contracts/Api/UiApiRoutes.cs(251,25): warning CS1591: Missing XML comment for publicly visible type or member 'UiApiRoutes.ExportResearchPackage' [/home/runner/work/Market-Data-Collector/Market-Data-Collector/src/MarketDataCollector.Contracts/MarketDataCollector.Contracts.csproj]
/home/runner/work/Market-Data-Collector/Market-Data-Collector/src/MarketDataCollector.Contracts/Api/UiApiRoutes.cs(254,25): warning CS1591: Missing XML comment for publicly visible type or member 'UiApiRoutes.LeanStatus' [/home/runner/work/Market-Data-Collector/Market-Data-Collector/src/MarketDataCollector.Contracts/MarketDataCollector.Contracts.csproj]
/home/runner/work/Market-Data-Collector/Market-Data-Collector/src/MarketDataCollector.Contracts/Api/UiApiRoutes.cs(255,25): warning CS1591: Missing XML comment for publicly visible type or member 'UiApiRoutes.LeanConfig' [/home/runner/work/Market-Data-Collector/Market-Data-Collector/src/MarketDataCollector.Contracts/MarketDataCollector.Contracts.csproj]
/home/runner/work/Market-Data-Collector/Market-Data-Collector/src/MarketDataCollector.Contracts/Api/UiApiRoutes.cs(256,25): warning CS1591: Missing XML comment for publicly visible type or member 'UiApiRoutes.LeanVerify' [/home/runner/work/Market-Data-Collector/Market-Data-Collector/src/MarketDataCollector.Contracts/MarketDataCollector.Contracts.csproj]
/home/runner/work/Market-Data-Collector/Market-Data-Collector/src/MarketDataCollector.Contracts/Api/UiApiRoutes.cs(257,25): warning CS1591: Missing XML comment for publicly visible type or member 'UiApiRoutes.LeanAlgorithms' [/home/runner/work/Market-Data-Collector/Market-Data-Collector/src/MarketDataCollector.Contracts/MarketDataCollector.Contracts.csproj]
/home/runner/work/Market-Data-Collector/Market-Data-Collector/src/MarketDataCollector.Contracts/Api/UiApiRoutes.cs(258,25): warning CS1591: Missing XML comment for publicly visible type or member 'UiApiRoutes.LeanSync' [/home/runner/work/Market-Data-Collector/Market-Data-Collector/src/MarketDataCollector.Contracts/MarketDataCollector.Contracts.csproj]
/home/runner/work/Market-Data-Collector/Market-Data-Collector/src/MarketDataCollector.Contracts/Api/UiApiRoutes.cs(259,25): warning CS1591: Missing XML comment for publicly visible type or member 'UiApiRoutes.LeanSyncStatus' [/home/runner/work/Market-Data-Collector/Market-Data-Collector/src/MarketDataCollector.Contracts/MarketDataCollector.Contracts.csproj]
/home/runner/work/Market-Data-Collector/Market-Data-Collector/src/MarketDataCollector.Contracts/Api/UiApiRoutes.cs(260,25): warning CS1591: Missing XML comment for publicly visible type or member 'UiApiRoutes.LeanBacktestStart' [/home/runner/work/Market-Data-Collector/Market-Data-Collector/src/MarketDataCollector.Contracts/MarketDataCollector.Contracts.csproj]
/home/runner/work/Market-Data-Collector/Market-Data-Collector/src/MarketDataCollector.Contracts/Api/UiApiRoutes.cs(261,25): warning CS1591: Missing XML comment for publicly visible type or member 'UiApiRoutes.LeanBacktestStatus' [/home/runner/work/Market-Data-Collector/Market-Data-Collector/src/MarketDataCollector.Contracts/MarketDataCollector.Contracts.csproj]
/home/runner/work/Market-Data-Collector/Market-Data-Collector/src/MarketDataCollector.Contracts/Api/UiApiRoutes.cs(262,25): warning CS1591: Missing XML comment for publicly visible type or member 'UiApiRoutes.LeanBacktestResults' [/home/runner/work/Market-Data-Collector/Market-Data-Collector/src/MarketDataCollector.Contracts/MarketDataCollector.Contracts.csproj]
/home/runner/work/Market-Data-Collector/Market-Data-Collector/src/MarketDataCollector.Contracts/Api/UiApiRoutes.cs(263,25): warning CS1591: Missing XML comment for publicly visible type or member 'UiApiRoutes.LeanBacktestStop' [/home/runner/work/Market-Data-Collector/Market-Data-Collector/src/MarketDataCollector.Contracts/MarketDataCollector.Contracts.csproj]
/home/runner/work/Market-Data-Collector/Market-Data-Collector/src/MarketDataCollector.Contracts/Api/UiApiRoutes.cs(264,25): warning CS1591: Missing XML comment for publicly visible type or member 'UiApiRoutes.LeanBacktestHistory' [/home/runner/work/Market-Data-Collector/Market-Data-Collector/src/MarketDataCollector.Contracts/MarketDataCollector.Contracts.csproj]
/home/runner/work/Market-Data-Collector/Market-Data-Collector/src/MarketDataCollector.Contracts/Api/UiApiRoutes.cs(265,25): warning CS1591: Missing XML comment for publicly visible type or member 'UiApiRoutes.LeanBacktestDelete' [/home/runner/work/Market-Data-Collector/Market-Data-Collector/src/MarketDataCollector.Contracts/MarketDataCollector.Contracts.csproj]
/home/runner/work/Market-Data-Collector/Market-Data-Collector/src/MarketDataCollector.Contracts/Api/UiApiRoutes.cs(268,25): warning CS1591: Missing XML comment for publicly visible type or member 'UiApiRoutes.IndicesConstituents' [/home/runner/work/Market-Data-Collector/Market-Data-Collector/src/MarketDataCollector.Contracts/MarketDataCollector.Contracts.csproj]
/home/runner/work/Market-Data-Collector/Market-Data-Collector/src/MarketDataCollector.Contracts/Api/UiDashboardModels.cs(185,19): warning CS1591: Missing XML comment for publicly visible type or member 'ProviderTemplateOutput.ProviderId' [/home/runner/work/Market-Data-Collector/Market-Data-Collector/src/MarketDataCollector.Contracts/MarketDataCollector.Contracts.csproj]
/home/runner/work/Market-Data-Collector/Market-Data-Collector/src/MarketDataCollector.Contracts/Api/UiDashboardModels.cs(188,19): warning CS1591: Missing XML comment for publicly visible type or member 'ProviderTemplateOutput.DisplayName' [/home/runner/work/Market-Data-Collector/Market-Data-Collector/src/MarketDataCollector.Contracts/MarketDataCollector.Contracts.csproj]
/home/runner/work/Market-Data-Collector/Market-Data-Collector/src/MarketDataCollector.Contracts/Api/UiDashboardModels.cs(191,19): warning CS1591: Missing XML comment for publicly visible type or member 'ProviderTemplateOutput.Description' [/home/runner/work/Market-Data-Collector/Market-Data-Collector/src/MarketDataCollector.Contracts/MarketDataCollector.Contracts.csproj]
/home/runner/work/Market-Data-Collector/Market-Data-Collector/src/MarketDataCollector.Contracts/Api/UiDashboardModels.cs(194,19): warning CS1591: Missing XML comment for publicly visible type or member 'ProviderTemplateOutput.ProviderType' [/home/runner/work/Market-Data-Collector/Market-Data-Collector/src/MarketDataCollector.Contracts/MarketDataCollector.Contracts.csproj]
/home/runner/work/Market-Data-Collector/Market-Data-Collector/src/MarketDataCollector.Contracts/Api/UiDashboardModels.cs(198,17): warning CS1591: Missing XML comment for publicly visible type or member 'ProviderTemplateOutput.IsEnabled' [/home/runner/work/Market-Data-Collector/Market-Data-Collector/src/MarketDataCollector.Contracts/MarketDataCollector.Contracts.csproj]
/home/runner/work/Market-Data-Collector/Market-Data-Collector/src/MarketDataCollector.Contracts/Api/UiDashboardModels.cs(201,17): warning CS1591: Missing XML comment for publicly visible type or member 'ProviderTemplateOutput.IsConnected' [/home/runner/work/Market-Data-Collector/Market-Data-Collector/src/MarketDataCollector.Contracts/MarketDataCollector.Contracts.csproj]
/home/runner/work/Market-Data-Collector/Market-Data-Collector/src/MarketDataCollector.Contracts/Api/UiDashboardModels.cs(204,17): warning CS1591: Missing XML comment for publicly visible type or member 'ProviderTemplateOutput.IsHealthy' [/home/runner/work/Market-Data-Collector/Market-Data-Collector/src/MarketDataCollector.Contracts/MarketDataCollector.Contracts.csproj]
/home/runner/work/Market-Data-Collector/Market-Data-Collector/src/MarketDataCollector.Contracts/Api/UiDashboardModels.cs(208,17): warning CS1591: Missing XML comment for publicly visible type or member 'ProviderTemplateOutput.RequiresCredentials' [/home/runner/work/Market-Data-Collector/Market-Data-Collector/src/MarketDataCollector.Contracts/MarketDataCollector.Contracts.csproj]
/home/runner/work/Market-Data-Collector/Market-Data-Collector/src/MarketDataCollector.Contracts/Api/UiDashboardModels.cs(211,17): warning CS1591: Missing XML comment for publicly visible type or member 'ProviderTemplateOutput.HasValidCredentials' [/home/runner/work/Market-Data-Collector/Market-Data-Collector/src/MarketDataCollector.Contracts/MarketDataCollector.Contracts.csproj]
/home/runner/work/Market-Data-Collector/Market-Data-Collector/src/MarketDataCollector.Contracts/Api/UiDashboardModels.cs(214,36): warning CS1591: Missing XML comment for publicly visible type or member 'ProviderTemplateOutput.CredentialFields' [/home/runner/work/Market-Data-Collector/Market-Data-Collector/src/MarketDataCollector.Contracts/MarketDataCollector.Contracts.csproj]
/home/runner/work/Market-Data-Collector/Market-Data-Collector/src/MarketDataCollector.Contracts/Api/UiDashboardModels.cs(218,37): warning CS1591: Missing XML comment for publicly visible type or member 'ProviderTemplateOutput.Capabilities' [/home/runner/work/Market-Data-Collector/Market-Data-Collector/src/MarketDataCollector.Contracts/MarketDataCollector.Contracts.csproj]
/home/runner/work/Market-Data-Collector/Market-Data-Collector/src/MarketDataCollector.Contracts/Api/UiDashboardModels.cs(222,21): warning CS1591: Missing XML comment for publicly visible type or member 'ProviderTemplateOutput.Notes' [/home/runner/work/Market-Data-Collector/Market-Data-Collector/src/MarketDataCollector.Contracts/MarketDataCollector.Contracts.csproj]
/home/runner/work/Market-Data-Collector/Market-Data-Collector/src/MarketDataCollector.Contracts/Api/UiDashboardModels.cs(225,21): warning CS1591: Missing XML comment for publicly visible type or member 'ProviderTemplateOutput.Warnings' [/home/runner/work/Market-Data-Collector/Market-Data-Collector/src/MarketDataCollector.Contracts/MarketDataCollector.Contracts.csproj]
/home/runner/work/Market-Data-Collector/Market-Data-Collector/src/MarketDataCollector.Contracts/Api/UiDashboardModels.cs(229,37): warning CS1591: Missing XML comment for publicly visible type or member 'ProviderTemplateOutput.RateLimit' [/home/runner/work/Market-Data-Collector/Market-Data-Collector/src/MarketDataCollector.Contracts/MarketDataCollector.Contracts.csproj]
/home/runner/work/Market-Data-Collector/Market-Data-Collector/src/MarketDataCollector.Contracts/Api/UiDashboardModels.cs(233,21): warning CS1591: Missing XML comment for publicly visible type or member 'ProviderTemplateOutput.SupportedMarkets' [/home/runner/work/Market-Data-Collector/Market-Data-Collector/src/MarketDataCollector.Contracts/MarketDataCollector.Contracts.csproj]
/home/runner/work/Market-Data-Collector/Market-Data-Collector/src/MarketDataCollector.Contracts/Api/UiDashboardModels.cs(236,21): warning CS1591: Missing XML comment for publicly visible type or member 'ProviderTemplateOutput.DataTypes' [/home/runner/work/Market-Data-Collector/Market-Data-Collector/src/MarketDataCollector.Contracts/MarketDataCollector.Contracts.csproj]
/home/runner/work/Market-Data-Collector/Market-Data-Collector/src/MarketDataCollector.Contracts/Api/UiDashboardModels.cs(295,19): warning CS1591: Missing XML comment for publicly visible type or member 'CredentialFieldOutput.Name' [/home/runner/work/Market-Data-Collector/Market-Data-Collector/src/MarketDataCollector.Contracts/MarketDataCollector.Contracts.csproj]
/home/runner/work/Market-Data-Collector/Market-Data-Collector/src/MarketDataCollector.Contracts/Api/UiDashboardModels.cs(298,19): warning CS1591: Missing XML comment for publicly visible type or member 'CredentialFieldOutput.DisplayName' [/home/runner/work/Market-Data-Collector/Market-Data-Collector/src/MarketDataCollector.Contracts/MarketDataCollector.Contracts.csproj]
/home/runner/work/Market-Data-Collector/Market-Data-Collector/src/MarketDataCollector.Contracts/Api/UiDashboardModels.cs(301,20): warning CS1591: Missing XML comment for publicly visible type or member 'CredentialFieldOutput.EnvironmentVariable' [/home/runner/work/Market-Data-Collector/Market-Data-Collector/src/MarketDataCollector.Contracts/MarketDataCollector.Contracts.csproj]
/home/runner/work/Market-Data-Collector/Market-Data-Collector/src/MarketDataCollector.Contracts/Api/UiDashboardModels.cs(304,17): warning CS1591: Missing XML comment for publicly visible type or member 'CredentialFieldOutput.Required' [/home/runner/work/Market-Data-Collector/Market-Data-Collector/src/MarketDataCollector.Contracts/MarketDataCollector.Contracts.csproj]
/home/runner/work/Market-Data-Collector/Market-Data-Collector/src/MarketDataCollector.Contracts/Api/UiDashboardModels.cs(307,20): warning CS1591: Missing XML comment for publicly visible type or member 'CredentialFieldOutput.DefaultValue' [/home/runner/work/Market-Data-Collector/Market-Data-Collector/src/MarketDataCollector.Contracts/MarketDataCollector.Contracts.csproj]
/home/runner/work/Market-Data-Collector/Market-Data-Collector/src/MarketDataCollector.Contracts/Api/UiDashboardModels.cs(310,17): warning CS1591: Missing XML comment for publicly visible type or member 'CredentialFieldOutput.HasValue' [/home/runner/work/Market-Data-Collector/Market-Data-Collector/src/MarketDataCollector.Contracts/MarketDataCollector.Contracts.csproj]
/home/runner/work/Market-Data-Collector/Market-Data-Collector/src/MarketDataCollector.Contracts/Api/UiDashboardModels.cs(319,17): warning CS1591: Missing XML comment for publicly visible type or member 'ProviderCapabilityOutput.SupportsStreaming' [/home/runner/work/Market-Data-Collector/Market-Data-Collector/src/MarketDataCollector.Contracts/MarketDataCollector.Contracts.csproj]
/home/runner/work/Market-Data-Collector/Market-Data-Collector/src/MarketDataCollector.Contracts/Api/UiDashboardModels.cs(322,17): warning CS1591: Missing XML comment for publicly visible type or member 'ProviderCapabilityOutput.SupportsMarketDepth' [/home/runner/work/Market-Data-Collector/Market-Data-Collector/src/MarketDataCollector.Contracts/MarketDataCollector.Contracts.csproj]
/home/runner/work/Market-Data-Collector/Market-Data-Collector/src/MarketDataCollector.Contracts/Api/UiDashboardModels.cs(325,17): warning CS1591: Missing XML comment for publicly visible type or member 'ProviderCapabilityOutput.MaxDepthLevels' [/home/runner/work/Market-Data-Collector/Market-Data-Collector/src/MarketDataCollector.Contracts/MarketDataCollector.Contracts.csproj]
/home/runner/work/Market-Data-Collector/Market-Data-Collector/src/MarketDataCollector.Contracts/Api/UiDashboardModels.cs(328,17): warning CS1591: Missing XML comment for publicly visible type or member 'ProviderCapabilityOutput.SupportsAdjustedPrices' [/home/runner/work/Market-Data-Collector/Market-Data-Collector/src/MarketDataCollector.Contracts/MarketDataCollector.Contracts.csproj]
/home/runner/work/Market-Data-Collector/Market-Data-Collector/src/MarketDataCollector.Contracts/Api/UiDashboardModels.cs(331,17): warning CS1591: Missing XML comment for publicly visible type or member 'ProviderCapabilityOutput.SupportsDividends' [/home/runner/work/Market-Data-Collector/Market-Data-Collector/src/MarketDataCollector.Contracts/MarketDataCollector.Contracts.csproj]
/home/runner/work/Market-Data-Collector/Market-Data-Collector/src/MarketDataCollector.Contracts/Api/UiDashboardModels.cs(334,17): warning CS1591: Missing XML comment for publicly visible type or member 'ProviderCapabilityOutput.SupportsSplits' [/home/runner/work/Market-Data-Collector/Market-Data-Collector/src/MarketDataCollector.Contracts/MarketDataCollector.Contracts.csproj]
/home/runner/work/Market-Data-Collector/Market-Data-Collector/src/MarketDataCollector.Contracts/Api/UiDashboardModels.cs(337,17): warning CS1591: Missing XML comment for publicly visible type or member 'ProviderCapabilityOutput.SupportsIntraday' [/home/runner/work/Market-Data-Collector/Market-Data-Collector/src/MarketDataCollector.Contracts/MarketDataCollector.Contracts.csproj]
/home/runner/work/Market-Data-Collector/Market-Data-Collector/src/MarketDataCollector.Contracts/Api/UiDashboardModels.cs(340,17): warning CS1591: Missing XML comment for publicly visible type or member 'ProviderCapabilityOutput.SupportsTrades' [/home/runner/work/Market-Data-Collector/Market-Data-Collector/src/MarketDataCollector.Contracts/MarketDataCollector.Contracts.csproj]
/home/runner/work/Market-Data-Collector/Market-Data-Collector/src/MarketDataCollector.Contracts/Api/UiDashboardModels.cs(343,17): warning CS1591: Missing XML comment for publicly visible type or member 'ProviderCapabilityOutput.SupportsQuotes' [/home/runner/work/Market-Data-Collector/Market-Data-Collector/src/MarketDataCollector.Contracts/MarketDataCollector.Contracts.csproj]
/home/runner/work/Market-Data-Collector/Market-Data-Collector/src/MarketDataCollector.Contracts/Api/UiDashboardModels.cs(346,17): warning CS1591: Missing XML comment for publicly visible type or member 'ProviderCapabilityOutput.SupportsAuctions' [/home/runner/work/Market-Data-Collector/Market-Data-Collector/src/MarketDataCollector.Contracts/MarketDataCollector.Contracts.csproj]
/home/runner/work/Market-Data-Collector/Market-Data-Collector/src/MarketDataCollector.Contracts/Api/UiDashboardModels.cs(355,16): warning CS1591: Missing XML comment for publicly visible type or member 'ProviderRateLimitOutput.MaxRequestsPerWindow' [/home/runner/work/Market-Data-Collector/Market-Data-Collector/src/MarketDataCollector.Contracts/MarketDataCollector.Contracts.csproj]
/home/runner/work/Market-Data-Collector/Market-Data-Collector/src/MarketDataCollector.Contracts/Api/UiDashboardModels.cs(358,16): warning CS1591: Missing XML comment for publicly visible type or member 'ProviderRateLimitOutput.WindowSeconds' [/home/runner/work/Market-Data-Collector/Market-Data-Collector/src/MarketDataCollector.Contracts/MarketDataCollector.Contracts.csproj]
/home/runner/work/Market-Data-Collector/Market-Data-Collector/src/MarketDataCollector.Contracts/Api/UiDashboardModels.cs(361,16): warning CS1591: Missing XML comment for publicly visible type or member 'ProviderRateLimitOutput.MinDelayMs' [/home/runner/work/Market-Data-Collector/Market-Data-Collector/src/MarketDataCollector.Contracts/MarketDataCollector.Contracts.csproj]
/home/runner/work/Market-Data-Collector/Market-Data-Collector/src/MarketDataCollector.Contracts/Api/UiDashboardModels.cs(364,19): warning CS1591: Missing XML comment for publicly visible type or member 'ProviderRateLimitOutput.Description' [/home/runner/work/Market-Data-Collector/Market-Data-Collector/src/MarketDataCollector.Contracts/MarketDataCollector.Contracts.csproj]
/home/runner/work/Market-Data-Collector/Market-Data-Collector/src/MarketDataCollector.Contracts/Archive/ArchiveHealthModels.cs(10,25): warning CS1591: Missing XML comment for publicly visible type or member 'ArchiveHealthSeverity.Info' [/home/runner/work/Market-Data-Collector/Market-Data-Collector/src/MarketDataCollector.Contracts/MarketDataCollector.Contracts.csproj]
/home/runner/work/Market-Data-Collector/Market-Data-Collector/src/MarketDataCollector.Contracts/Archive/ArchiveHealthModels.cs(11,25): warning CS1591: Missing XML comment for publicly visible type or member 'ArchiveHealthSeverity.Warning' [/home/runner/work/Market-Data-Collector/Market-Data-Collector/src/MarketDataCollector.Contracts/MarketDataCollector.Contracts.csproj]
/home/runner/work/Market-Data-Collector/Market-Data-Collector/src/MarketDataCollector.Contracts/Archive/ArchiveHealthModels.cs(12,25): warning CS1591: Missing XML comment for publicly visible type or member 'ArchiveHealthSeverity.Critical' [/home/runner/work/Market-Data-Collector/Market-Data-Collector/src/MarketDataCollector.Contracts/MarketDataCollector.Contracts.csproj]
/home/runner/work/Market-Data-Collector/Market-Data-Collector/src/MarketDataCollector.Contracts/Archive/ArchiveHealthModels.cs(20,25): warning CS1591: Missing XML comment for publicly visible type or member 'ArchiveHealthStatusValues.Healthy' [/home/runner/work/Market-Data-Collector/Market-Data-Collector/src/MarketDataCollector.Contracts/MarketDataCollector.Contracts.csproj]
/home/runner/work/Market-Data-Collector/Market-Data-Collector/src/MarketDataCollector.Contracts/Archive/ArchiveHealthModels.cs(21,25): warning CS1591: Missing XML comment for publicly visible type or member 'ArchiveHealthStatusValues.Warning' [/home/runner/work/Market-Data-Collector/Market-Data-Collector/src/MarketDataCollector.Contracts/MarketDataCollector.Contracts.csproj]
/home/runner/work/Market-Data-Collector/Market-Data-Collector/src/MarketDataCollector.Contracts/Archive/ArchiveHealthModels.cs(22,25): warning CS1591: Missing XML comment for publicly visible type or member 'ArchiveHealthStatusValues.Critical' [/home/runner/work/Market-Data-Collector/Market-Data-Collector/src/MarketDataCollector.Contracts/MarketDataCollector.Contracts.csproj]
/home/runner/work/Market-Data-Collector/Market-Data-Collector/src/MarketDataCollector.Contracts/Archive/ArchiveHealthModels.cs(23,25): warning CS1591: Missing XML comment for publicly visible type or member 'ArchiveHealthStatusValues.Unknown' [/home/runner/work/Market-Data-Collector/Market-Data-Collector/src/MarketDataCollector.Contracts/MarketDataCollector.Contracts.csproj]
/home/runner/work/Market-Data-Collector/Market-Data-Collector/src/MarketDataCollector.Contracts/Archive/ArchiveHealthModels.cs(31,25): warning CS1591: Missing XML comment for publicly visible type or member 'ArchiveIssueCategory.Integrity' [/home/runner/work/Market-Data-Collector/Market-Data-Collector/src/MarketDataCollector.Contracts/MarketDataCollector.Contracts.csproj]
/home/runner/work/Market-Data-Collector/Market-Data-Collector/src/MarketDataCollector.Contracts/Archive/ArchiveHealthModels.cs(32,25): warning CS1591: Missing XML comment for publicly visible type or member 'ArchiveIssueCategory.Completeness' [/home/runner/work/Market-Data-Collector/Market-Data-Collector/src/MarketDataCollector.Contracts/MarketDataCollector.Contracts.csproj]
/home/runner/work/Market-Data-Collector/Market-Data-Collector/src/MarketDataCollector.Contracts/Archive/ArchiveHealthModels.cs(33,25): warning CS1591: Missing XML comment for publicly visible type or member 'ArchiveIssueCategory.Storage' [/home/runner/work/Market-Data-Collector/Market-Data-Collector/src/MarketDataCollector.Contracts/MarketDataCollector.Contracts.csproj]
/home/runner/work/Market-Data-Collector/Market-Data-Collector/src/MarketDataCollector.Contracts/Archive/ArchiveHealthModels.cs(34,25): warning CS1591: Missing XML comment for publicly visible type or member 'ArchiveIssueCategory.Performance' [/home/runner/work/Market-Data-Collector/Market-Data-Collector/src/MarketDataCollector.Contracts/MarketDataCollector.Contracts.csproj]
/home/runner/work/Market-Data-Collector/Market-Data-Collector/src/MarketDataCollector.Contracts/Archive/ArchiveHealthModels.cs(42,25): warning CS1591: Missing XML comment for publicly visible type or member 'VerificationJobType.Full' [/home/runner/work/Market-Data-Collector/Market-Data-Collector/src/MarketDataCollector.Contracts/MarketDataCollector.Contracts.csproj]
/home/runner/work/Market-Data-Collector/Market-Data-Collector/src/MarketDataCollector.Contracts/Archive/ArchiveHealthModels.cs(43,25): warning CS1591: Missing XML comment for publicly visible type or member 'VerificationJobType.Incremental' [/home/runner/work/Market-Data-Collector/Market-Data-Collector/src/MarketDataCollector.Contracts/MarketDataCollector.Contracts.csproj]
/home/runner/work/Market-Data-Collector/Market-Data-Collector/src/MarketDataCollector.Contracts/Archive/ArchiveHealthModels.cs(44,25): warning CS1591: Missing XML comment for publicly visible type or member 'VerificationJobType.Selective' [/home/runner/work/Market-Data-Collector/Market-Data-Collector/src/MarketDataCollector.Contracts/MarketDataCollector.Contracts.csproj]
/home/runner/work/Market-Data-Collector/Market-Data-Collector/src/MarketDataCollector.Contracts/Archive/ArchiveHealthModels.cs(52,25): warning CS1591: Missing XML comment for publicly visible type or member 'VerificationJobStatus.Pending' [/home/runner/work/Market-Data-Collector/Market-Data-Collector/src/MarketDataCollector.Contracts/MarketDataCollector.Contracts.csproj]
/home/runner/work/Market-Data-Collector/Market-Data-Collector/src/MarketDataCollector.Contracts/Archive/ArchiveHealthModels.cs(53,25): warning CS1591: Missing XML comment for publicly visible type or member 'VerificationJobStatus.Running' [/home/runner/work/Market-Data-Collector/Market-Data-Collector/src/MarketDataCollector.Contracts/MarketDataCollector.Contracts.csproj]
/home/runner/work/Market-Data-Collector/Market-Data-Collector/src/MarketDataCollector.Contracts/Archive/ArchiveHealthModels.cs(54,25): warning CS1591: Missing XML comment for publicly visible type or member 'VerificationJobStatus.Completed' [/home/runner/work/Market-Data-Collector/Market-Data-Collector/src/MarketDataCollector.Contracts/MarketDataCollector.Contracts.csproj]
/home/runner/work/Market-Data-Collector/Market-Data-Collector/src/MarketDataCollector.Contracts/Archive/ArchiveHealthModels.cs(55,25): warning CS1591: Missing XML comment for publicly visible type or member 'VerificationJobStatus.Failed' [/home/runner/work/Market-Data-Collector/Market-Data-Collector/src/MarketDataCollector.Contracts/MarketDataCollector.Contracts.csproj]
/home/runner/work/Market-Data-Collector/Market-Data-Collector/src/MarketDataCollector.Contracts/Archive/ArchiveHealthModels.cs(56,25): warning CS1591: Missing XML comment for publicly visible type or member 'VerificationJobStatus.Cancelled' [/home/runner/work/Market-Data-Collector/Market-Data-Collector/src/MarketDataCollector.Contracts/MarketDataCollector.Contracts.csproj]
/home/runner/work/Market-Data-Collector/Market-Data-Collector/src/MarketDataCollector.Contracts/Archive/ArchiveHealthModels.cs(65,19): warning CS1591: Missing XML comment for publicly visible type or member 'ArchiveHealthStatus.OverallHealthScore' [/home/runner/work/Market-Data-Collector/Market-Data-Collector/src/MarketDataCollector.Contracts/MarketDataCollector.Contracts.csproj]
/home/runner/work/Market-Data-Collector/Market-Data-Collector/src/MarketDataCollector.Contracts/Archive/ArchiveHealthModels.cs(68,19): warning CS1591: Missing XML comment for publicly visible type or member 'ArchiveHealthStatus.Status' [/home/runner/work/Market-Data-Collector/Market-Data-Collector/src/MarketDataCollector.Contracts/MarketDataCollector.Contracts.csproj]
/home/runner/work/Market-Data-Collector/Market-Data-Collector/src/MarketDataCollector.Contracts/Archive/ArchiveHealthModels.cs(71,22): warning CS1591: Missing XML comment for publicly visible type or member 'ArchiveHealthStatus.LastFullVerificationAt' [/home/runner/work/Market-Data-Collector/Market-Data-Collector/src/MarketDataCollector.Contracts/MarketDataCollector.Contracts.csproj]
/home/runner/work/Market-Data-Collector/Market-Data-Collector/src/MarketDataCollector.Contracts/Archive/ArchiveHealthModels.cs(74,17): warning CS1591: Missing XML comment for publicly visible type or member 'ArchiveHealthStatus.LastVerificationDurationMinutes' [/home/runner/work/Market-Data-Collector/Market-Data-Collector/src/MarketDataCollector.Contracts/MarketDataCollector.Contracts.csproj]
/home/runner/work/Market-Data-Collector/Market-Data-Collector/src/MarketDataCollector.Contracts/Archive/ArchiveHealthModels.cs(77,16): warning CS1591: Missing XML comment for publicly visible type or member 'ArchiveHealthStatus.TotalFiles' [/home/runner/work/Market-Data-Collector/Market-Data-Collector/src/MarketDataCollector.Contracts/MarketDataCollector.Contracts.csproj]
/home/runner/work/Market-Data-Collector/Market-Data-Collector/src/MarketDataCollector.Contracts/Archive/ArchiveHealthModels.cs(80,16): warning CS1591: Missing XML comment for publicly visible type or member 'ArchiveHealthStatus.VerifiedFiles' [/home/runner/work/Market-Data-Collector/Market-Data-Collector/src/MarketDataCollector.Contracts/MarketDataCollector.Contracts.csproj]
/home/runner/work/Market-Data-Collector/Market-Data-Collector/src/MarketDataCollector.Contracts/Archive/ArchiveHealthModels.cs(83,16): warning CS1591: Missing XML comment for publicly visible type or member 'ArchiveHealthStatus.PendingFiles' [/home/runner/work/Market-Data-Collector/Market-Data-Collector/src/MarketDataCollector.Contracts/MarketDataCollector.Contracts.csproj]
/home/runner/work/Market-Data-Collector/Market-Data-Collector/src/MarketDataCollector.Contracts/Archive/ArchiveHealthModels.cs(86,16): warning CS1591: Missing XML comment for publicly visible type or member 'ArchiveHealthStatus.FailedFiles' [/home/runner/work/Market-Data-Collector/Market-Data-Collector/src/MarketDataCollector.Contracts/MarketDataCollector.Contracts.csproj]
/home/runner/work/Market-Data-Collector/Market-Data-Collector/src/MarketDataCollector.Contracts/Archive/ArchiveHealthModels.cs(89,17): warning CS1591: Missing XML comment for publicly visible type or member 'ArchiveHealthStatus.TotalSizeBytes' [/home/runner/work/Market-Data-Collector/Market-Data-Collector/src/MarketDataCollector.Contracts/MarketDataCollector.Contracts.csproj]
/home/runner/work/Market-Data-Collector/Market-Data-Collector/src/MarketDataCollector.Contracts/Archive/ArchiveHealthModels.cs(92,17): warning CS1591: Missing XML comment for publicly visible type or member 'ArchiveHealthStatus.VerifiedSizeBytes' [/home/runner/work/Market-Data-Collector/Market-Data-Collector/src/MarketDataCollector.Contracts/MarketDataCollector.Contracts.csproj]
/home/runner/work/Market-Data-Collector/Market-Data-Collector/src/MarketDataCollector.Contracts/Archive/ArchiveHealthModels.cs(95,28): warning CS1591: Missing XML comment for publicly visible type or member 'ArchiveHealthStatus.Issues' [/home/runner/work/Market-Data-Collector/Market-Data-Collector/src/MarketDataCollector.Contracts/MarketDataCollector.Contracts.csproj]
/home/runner/work/Market-Data-Collector/Market-Data-Collector/src/MarketDataCollector.Contracts/Archive/ArchiveHealthModels.cs(98,22): warning CS1591: Missing XML comment for publicly visible type or member 'ArchiveHealthStatus.Recommendations' [/home/runner/work/Market-Data-Collector/Market-Data-Collector/src/MarketDataCollector.Contracts/MarketDataCollector.Contracts.csproj]
/home/runner/work/Market-Data-Collector/Market-Data-Collector/src/MarketDataCollector.Contracts/Archive/ArchiveHealthModels.cs(101,21): warning CS1591: Missing XML comment for publicly visible type or member 'ArchiveHealthStatus.LastUpdated' [/home/runner/work/Market-Data-Collector/Market-Data-Collector/src/MarketDataCollector.Contracts/MarketDataCollector.Contracts.csproj]
/home/runner/work/Market-Data-Collector/Market-Data-Collector/src/MarketDataCollector.Contracts/Archive/ArchiveHealthModels.cs(104,31): warning CS1591: Missing XML comment for publicly visible type or member 'ArchiveHealthStatus.StorageHealthInfo' [/home/runner/work/Market-Data-Collector/Market-Data-Collector/src/MarketDataCollector.Contracts/MarketDataCollector.Contracts.csproj]
/home/runner/work/Market-Data-Collector/Market-Data-Collector/src/MarketDataCollector.Contracts/Archive/ArchiveHealthModels.cs(113,19): warning CS1591: Missing XML comment for publicly visible type or member 'ArchiveIssue.Id' [/home/runner/work/Market-Data-Collector/Market-Data-Collector/src/MarketDataCollector.Contracts/MarketDataCollector.Contracts.csproj]
/home/runner/work/Market-Data-Collector/Market-Data-Collector/src/MarketDataCollector.Contracts/Archive/ArchiveHealthModels.cs(116,19): warning CS1591: Missing XML comment for publicly visible type or member 'ArchiveIssue.Severity' [/home/runner/work/Market-Data-Collector/Market-Data-Collector/src/MarketDataCollector.Contracts/MarketDataCollector.Contracts.csproj]
/home/runner/work/Market-Data-Collector/Market-Data-Collector/src/MarketDataCollector.Contracts/Archive/ArchiveHealthModels.cs(119,19): warning CS1591: Missing XML comment for publicly visible type or member 'ArchiveIssue.Category' [/home/runner/work/Market-Data-Collector/Market-Data-Collector/src/MarketDataCollector.Contracts/MarketDataCollector.Contracts.csproj]
/home/runner/work/Market-Data-Collector/Market-Data-Collector/src/MarketDataCollector.Contracts/Archive/ArchiveHealthModels.cs(122,19): warning CS1591: Missing XML comment for publicly visible type or member 'ArchiveIssue.Message' [/home/runner/work/Market-Data-Collector/Market-Data-Collector/src/MarketDataCollector.Contracts/MarketDataCollector.Contracts.csproj]
/home/runner/work/Market-Data-Collector/Market-Data-Collector/src/MarketDataCollector.Contracts/Archive/ArchiveHealthModels.cs(125,22): warning CS1591: Missing XML comment for publicly visible type or member 'ArchiveIssue.AffectedFiles' [/home/runner/work/Market-Data-Collector/Market-Data-Collector/src/MarketDataCollector.Contracts/MarketDataCollector.Contracts.csproj]
/home/runner/work/Market-Data-Collector/Market-Data-Collector/src/MarketDataCollector.Contracts/Archive/ArchiveHealthModels.cs(128,22): warning CS1591: Missing XML comment for publicly visible type or member 'ArchiveIssue.AffectedSymbols' [/home/runner/work/Market-Data-Collector/Market-Data-Collector/src/MarketDataCollector.Contracts/MarketDataCollector.Contracts.csproj]
/home/runner/work/Market-Data-Collector/Market-Data-Collector/src/MarketDataCollector.Contracts/Archive/ArchiveHealthModels.cs(131,20): warning CS1591: Missing XML comment for publicly visible type or member 'ArchiveIssue.SuggestedAction' [/home/runner/work/Market-Data-Collector/Market-Data-Collector/src/MarketDataCollector.Contracts/MarketDataCollector.Contracts.csproj]
/home/runner/work/Market-Data-Collector/Market-Data-Collector/src/MarketDataCollector.Contracts/Archive/ArchiveHealthModels.cs(134,21): warning CS1591: Missing XML comment for publicly visible type or member 'ArchiveIssue.DetectedAt' [/home/runner/work/Market-Data-Collector/Market-Data-Collector/src/MarketDataCollector.Contracts/MarketDataCollector.Contracts.csproj]
/home/runner/work/Market-Data-Collector/Market-Data-Collector/src/MarketDataCollector.Contracts/Archive/ArchiveHealthModels.cs(137,22): warning CS1591: Missing XML comment for publicly visible type or member 'ArchiveIssue.ResolvedAt' [/home/runner/work/Market-Data-Collector/Market-Data-Collector/src/MarketDataCollector.Contracts/MarketDataCollector.Contracts.csproj]
/home/runner/work/Market-Data-Collector/Market-Data-Collector/src/MarketDataCollector.Contracts/Archive/ArchiveHealthModels.cs(140,17): warning CS1591: Missing XML comment for publicly visible type or member 'ArchiveIssue.IsAutoFixable' [/home/runner/work/Market-Data-Collector/Market-Data-Collector/src/MarketDataCollector.Contracts/MarketDataCollector.Contracts.csproj]
/home/runner/work/Market-Data-Collector/Market-Data-Collector/src/MarketDataCollector.Contracts/Archive/ArchiveHealthModels.cs(149,19): warning CS1591: Missing XML comment for publicly visible type or member 'StorageHealthInfo.DriveType' [/home/runner/work/Market-Data-Collector/Market-Data-Collector/src/MarketDataCollector.Contracts/MarketDataCollector.Contracts.csproj]
/home/runner/work/Market-Data-Collector/Market-Data-Collector/src/MarketDataCollector.Contracts/Archive/ArchiveHealthModels.cs(152,19): warning CS1591: Missing XML comment for publicly visible type or member 'StorageHealthInfo.HealthStatus' [/home/runner/work/Market-Data-Collector/Market-Data-Collector/src/MarketDataCollector.Contracts/MarketDataCollector.Contracts.csproj]
/home/runner/work/Market-Data-Collector/Market-Data-Collector/src/MarketDataCollector.Contracts/Archive/ArchiveHealthModels.cs(155,17): warning CS1591: Missing XML comment for publicly visible type or member 'StorageHealthInfo.TotalCapacity' [/home/runner/work/Market-Data-Collector/Market-Data-Collector/src/MarketDataCollector.Contracts/MarketDataCollector.Contracts.csproj]
/home/runner/work/Market-Data-Collector/Market-Data-Collector/src/MarketDataCollector.Contracts/Archive/ArchiveHealthModels.cs(158,17): warning CS1591: Missing XML comment for publicly visible type or member 'StorageHealthInfo.FreeSpace' [/home/runner/work/Market-Data-Collector/Market-Data-Collector/src/MarketDataCollector.Contracts/MarketDataCollector.Contracts.csproj]
/home/runner/work/Market-Data-Collector/Market-Data-Collector/src/MarketDataCollector.Contracts/Archive/ArchiveHealthModels.cs(161,19): warning CS1591: Missing XML comment for publicly visible type or member 'StorageHealthInfo.UsedPercent' [/home/runner/work/Market-Data-Collector/Market-Data-Collector/src/MarketDataCollector.Contracts/MarketDataCollector.Contracts.csproj]
/home/runner/work/Market-Data-Collector/Market-Data-Collector/src/MarketDataCollector.Contracts/Archive/ArchiveHealthModels.cs(164,20): warning CS1591: Missing XML comment for publicly visible type or member 'StorageHealthInfo.AverageWriteLatencyMs' [/home/runner/work/Market-Data-Collector/Market-Data-Collector/src/MarketDataCollector.Contracts/MarketDataCollector.Contracts.csproj]
/home/runner/work/Market-Data-Collector/Market-Data-Collector/src/MarketDataCollector.Contracts/Archive/ArchiveHealthModels.cs(167,20): warning CS1591: Missing XML comment for publicly visible type or member 'StorageHealthInfo.ReadSpeedMbps' [/home/runner/work/Market-Data-Collector/Market-Data-Collector/src/MarketDataCollector.Contracts/MarketDataCollector.Contracts.csproj]
/home/runner/work/Market-Data-Collector/Market-Data-Collector/src/MarketDataCollector.Contracts/Archive/ArchiveHealthModels.cs(170,20): warning CS1591: Missing XML comment for publicly visible type or member 'StorageHealthInfo.WriteSpeedMbps' [/home/runner/work/Market-Data-Collector/Market-Data-Collector/src/MarketDataCollector.Contracts/MarketDataCollector.Contracts.csproj]
/home/runner/work/Market-Data-Collector/Market-Data-Collector/src/MarketDataCollector.Contracts/Archive/ArchiveHealthModels.cs(173,17): warning CS1591: Missing XML comment for publicly visible type or member 'StorageHealthInfo.DaysUntilFull' [/home/runner/work/Market-Data-Collector/Market-Data-Collector/src/MarketDataCollector.Contracts/MarketDataCollector.Contracts.csproj]
/home/runner/work/Market-Data-Collector/Market-Data-Collector/src/MarketDataCollector.Contracts/Archive/ArchiveHealthModels.cs(182,19): warning CS1591: Missing XML comment for publicly visible type or member 'VerificationJob.Id' [/home/runner/work/Market-Data-Collector/Market-Data-Collector/src/MarketDataCollector.Contracts/MarketDataCollector.Contracts.csproj]
/home/runner/work/Market-Data-Collector/Market-Data-Collector/src/MarketDataCollector.Contracts/Archive/ArchiveHealthModels.cs(185,19): warning CS1591: Missing XML comment for publicly visible type or member 'VerificationJob.Type' [/home/runner/work/Market-Data-Collector/Market-Data-Collector/src/MarketDataCollector.Contracts/MarketDataCollector.Contracts.csproj]
/home/runner/work/Market-Data-Collector/Market-Data-Collector/src/MarketDataCollector.Contracts/Archive/ArchiveHealthModels.cs(188,19): warning CS1591: Missing XML comment for publicly visible type or member 'VerificationJob.Status' [/home/runner/work/Market-Data-Collector/Market-Data-Collector/src/MarketDataCollector.Contracts/MarketDataCollector.Contracts.csproj]
/home/runner/work/Market-Data-Collector/Market-Data-Collector/src/MarketDataCollector.Contracts/Archive/ArchiveHealthModels.cs(191,22): warning CS1591: Missing XML comment for publicly visible type or member 'VerificationJob.StartedAt' [/home/runner/work/Market-Data-Collector/Market-Data-Collector/src/MarketDataCollector.Contracts/MarketDataCollector.Contracts.csproj]
/home/runner/work/Market-Data-Collector/Market-Data-Collector/src/MarketDataCollector.Contracts/Archive/ArchiveHealthModels.cs(194,22): warning CS1591: Missing XML comment for publicly visible type or member 'VerificationJob.CompletedAt' [/home/runner/work/Market-Data-Collector/Market-Data-Collector/src/MarketDataCollector.Contracts/MarketDataCollector.Contracts.csproj]
/home/runner/work/Market-Data-Collector/Market-Data-Collector/src/MarketDataCollector.Contracts/Archive/ArchiveHealthModels.cs(197,16): warning CS1591: Missing XML comment for publicly visible type or member 'VerificationJob.TotalFiles' [/home/runner/work/Market-Data-Collector/Market-Data-Collector/src/MarketDataCollector.Contracts/MarketDataCollector.Contracts.csproj]
/home/runner/work/Market-Data-Collector/Market-Data-Collector/src/MarketDataCollector.Contracts/Archive/ArchiveHealthModels.cs(200,16): warning CS1591: Missing XML comment for publicly visible type or member 'VerificationJob.ProcessedFiles' [/home/runner/work/Market-Data-Collector/Market-Data-Collector/src/MarketDataCollector.Contracts/MarketDataCollector.Contracts.csproj]
/home/runner/work/Market-Data-Collector/Market-Data-Collector/src/MarketDataCollector.Contracts/Archive/ArchiveHealthModels.cs(203,16): warning CS1591: Missing XML comment for publicly visible type or member 'VerificationJob.FailedFiles' [/home/runner/work/Market-Data-Collector/Market-Data-Collector/src/MarketDataCollector.Contracts/MarketDataCollector.Contracts.csproj]
/home/runner/work/Market-Data-Collector/Market-Data-Collector/src/MarketDataCollector.Contracts/Archive/ArchiveHealthModels.cs(206,19): warning CS1591: Missing XML comment for publicly visible type or member 'VerificationJob.ProgressPercent' [/home/runner/work/Market-Data-Collector/Market-Data-Collector/src/MarketDataCollector.Contracts/MarketDataCollector.Contracts.csproj]
/home/runner/work/Market-Data-Collector/Market-Data-Collector/src/MarketDataCollector.Contracts/Archive/ArchiveHealthModels.cs(209,17): warning CS1591: Missing XML comment for publicly visible type or member 'VerificationJob.EstimatedTimeRemainingSeconds' [/home/runner/work/Market-Data-Collector/Market-Data-Collector/src/MarketDataCollector.Contracts/MarketDataCollector.Contracts.csproj]
/home/runner/work/Market-Data-Collector/Market-Data-Collector/src/MarketDataCollector.Contracts/Archive/ArchiveHealthModels.cs(212,19): warning CS1591: Missing XML comment for publicly visible type or member 'VerificationJob.FilesPerSecond' [/home/runner/work/Market-Data-Collector/Market-Data-Collector/src/MarketDataCollector.Contracts/MarketDataCollector.Contracts.csproj]
/home/runner/work/Market-Data-Collector/Market-Data-Collector/src/MarketDataCollector.Contracts/Archive/ArchiveHealthModels.cs(215,22): warning CS1591: Missing XML comment for publicly visible type or member 'VerificationJob.Errors' [/home/runner/work/Market-Data-Collector/Market-Data-Collector/src/MarketDataCollector.Contracts/MarketDataCollector.Contracts.csproj]
/home/runner/work/Market-Data-Collector/Market-Data-Collector/src/MarketDataCollector.Contracts/Archive/ArchiveHealthModels.cs(224,17): warning CS1591: Missing XML comment for publicly visible type or member 'VerificationScheduleConfig.Enabled' [/home/runner/work/Market-Data-Collector/Market-Data-Collector/src/MarketDataCollector.Contracts/MarketDataCollector.Contracts.csproj]
/home/runner/work/Market-Data-Collector/Market-Data-Collector/src/MarketDataCollector.Contracts/Archive/ArchiveHealthModels.cs(227,19): warning CS1591: Missing XML comment for publicly visible type or member 'VerificationScheduleConfig.DailyVerificationTime' [/home/runner/work/Market-Data-Collector/Market-Data-Collector/src/MarketDataCollector.Contracts/MarketDataCollector.Contracts.csproj]
/home/runner/work/Market-Data-Collector/Market-Data-Collector/src/MarketDataCollector.Contracts/Archive/ArchiveHealthModels.cs(230,19): warning CS1591: Missing XML comment for publicly visible type or member 'VerificationScheduleConfig.DailyVerificationScope' [/home/runner/work/Market-Data-Collector/Market-Data-Collector/src/MarketDataCollector.Contracts/MarketDataCollector.Contracts.csproj]
/home/runner/work/Market-Data-Collector/Market-Data-Collector/src/MarketDataCollector.Contracts/Archive/ArchiveHealthModels.cs(233,16): warning CS1591: Missing XML comment for publicly visible type or member 'VerificationScheduleConfig.WeeklyFullVerificationDay' [/home/runner/work/Market-Data-Collector/Market-Data-Collector/src/MarketDataCollector.Contracts/MarketDataCollector.Contracts.csproj]
/home/runner/work/Market-Data-Collector/Market-Data-Collector/src/MarketDataCollector.Contracts/Archive/ArchiveHealthModels.cs(236,16): warning CS1591: Missing XML comment for publicly visible type or member 'VerificationScheduleConfig.MonthlyFullVerificationDay' [/home/runner/work/Market-Data-Collector/Market-Data-Collector/src/MarketDataCollector.Contracts/MarketDataCollector.Contracts.csproj]
/home/runner/work/Market-Data-Collector/Market-Data-Collector/src/MarketDataCollector.Contracts/Archive/ArchiveHealthModels.cs(239,17): warning CS1591: Missing XML comment for publicly visible type or member 'VerificationScheduleConfig.PauseDuringMarketHours' [/home/runner/work/Market-Data-Collector/Market-Data-Collector/src/MarketDataCollector.Contracts/MarketDataCollector.Contracts.csproj]
/home/runner/work/Market-Data-Collector/Market-Data-Collector/src/MarketDataCollector.Contracts/Archive/ArchiveHealthModels.cs(242,16): warning CS1591: Missing XML comment for publicly visible type or member 'VerificationScheduleConfig.MaxConcurrentVerifications' [/home/runner/work/Market-Data-Collector/Market-Data-Collector/src/MarketDataCollector.Contracts/MarketDataCollector.Contracts.csproj]
/home/runner/work/Market-Data-Collector/Market-Data-Collector/src/MarketDataCollector.Contracts/Configuration/AppConfigDto.cs(11,19): warning CS1591: Missing XML comment for publicly visible type or member 'AppConfigDto.DataRoot' [/home/runner/work/Market-Data-Collector/Market-Data-Collector/src/MarketDataCollector.Contracts/MarketDataCollector.Contracts.csproj]
/home/runner/work/Market-Data-Collector/Market-Data-Collector/src/MarketDataCollector.Contracts/Configuration/AppConfigDto.cs(14,17): warning CS1591: Missing XML comment for publicly visible type or member 'AppConfigDto.Compress' [/home/runner/work/Market-Data-Collector/Market-Data-Collector/src/MarketDataCollector.Contracts/MarketDataCollector.Contracts.csproj]
/home/runner/work/Market-Data-Collector/Market-Data-Collector/src/MarketDataCollector.Contracts/Configuration/AppConfigDto.cs(17,19): warning CS1591: Missing XML comment for publicly visible type or member 'AppConfigDto.DataSource' [/home/runner/work/Market-Data-Collector/Market-Data-Collector/src/MarketDataCollector.Contracts/MarketDataCollector.Contracts.csproj]
/home/runner/work/Market-Data-Collector/Market-Data-Collector/src/MarketDataCollector.Contracts/Configuration/AppConfigDto.cs(20,30): warning CS1591: Missing XML comment for publicly visible type or member 'AppConfigDto.Alpaca' [/home/runner/work/Market-Data-Collector/Market-Data-Collector/src/MarketDataCollector.Contracts/MarketDataCollector.Contracts.csproj]
/home/runner/work/Market-Data-Collector/Market-Data-Collector/src/MarketDataCollector.Contracts/Configuration/AppConfigDto.cs(23,34): warning CS1591: Missing XML comment for publicly visible type or member 'AppConfigDto.StockSharp' [/home/runner/work/Market-Data-Collector/Market-Data-Collector/src/MarketDataCollector.Contracts/MarketDataCollector.Contracts.csproj]
/home/runner/work/Market-Data-Collector/Market-Data-Collector/src/MarketDataCollector.Contracts/Configuration/AppConfigDto.cs(26,30): warning CS1591: Missing XML comment for publicly visible type or member 'AppConfigDto.Storage' [/home/runner/work/Market-Data-Collector/Market-Data-Collector/src/MarketDataCollector.Contracts/MarketDataCollector.Contracts.csproj]
/home/runner/work/Market-Data-Collector/Market-Data-Collector/src/MarketDataCollector.Contracts/Configuration/AppConfigDto.cs(29,31): warning CS1591: Missing XML comment for publicly visible type or member 'AppConfigDto.Symbols' [/home/runner/work/Market-Data-Collector/Market-Data-Collector/src/MarketDataCollector.Contracts/MarketDataCollector.Contracts.csproj]
/home/runner/work/Market-Data-Collector/Market-Data-Collector/src/MarketDataCollector.Contracts/Configuration/AppConfigDto.cs(32,31): warning CS1591: Missing XML comment for publicly visible type or member 'AppConfigDto.Backfill' [/home/runner/work/Market-Data-Collector/Market-Data-Collector/src/MarketDataCollector.Contracts/MarketDataCollector.Contracts.csproj]
/home/runner/work/Market-Data-Collector/Market-Data-Collector/src/MarketDataCollector.Contracts/Configuration/AppConfigDto.cs(35,34): warning CS1591: Missing XML comment for publicly visible type or member 'AppConfigDto.DataSources' [/home/runner/work/Market-Data-Collector/Market-Data-Collector/src/MarketDataCollector.Contracts/MarketDataCollector.Contracts.csproj]
/home/runner/work/Market-Data-Collector/Market-Data-Collector/src/MarketDataCollector.Contracts/Configuration/AppConfigDto.cs(38,35): warning CS1591: Missing XML comment for publicly visible type or member 'AppConfigDto.SymbolGroups' [/home/runner/work/Market-Data-Collector/Market-Data-Collector/src/MarketDataCollector.Contracts/MarketDataCollector.Contracts.csproj]
/home/runner/work/Market-Data-Collector/Market-Data-Collector/src/MarketDataCollector.Contracts/Configuration/AppConfigDto.cs(41,28): warning CS1591: Missing XML comment for publicly visible type or member 'AppConfigDto.Settings' [/home/runner/work/Market-Data-Collector/Market-Data-Collector/src/MarketDataCollector.Contracts/MarketDataCollector.Contracts.csproj]
/home/runner/work/Market-Data-Collector/Market-Data-Collector/src/MarketDataCollector.Contracts/Configuration/AppConfigDto.cs(50,20): warning CS1591: Missing XML comment for publicly visible type or member 'AlpacaOptionsDto.KeyId' [/home/runner/work/Market-Data-Collector/Market-Data-Collector/src/MarketDataCollector.Contracts/MarketDataCollector.Contracts.csproj]
/home/runner/work/Market-Data-Collector/Market-Data-Collector/src/MarketDataCollector.Contracts/Configuration/AppConfigDto.cs(53,20): warning CS1591: Missing XML comment for publicly visible type or member 'AlpacaOptionsDto.SecretKey' [/home/runner/work/Market-Data-Collector/Market-Data-Collector/src/MarketDataCollector.Contracts/MarketDataCollector.Contracts.csproj]
/home/runner/work/Market-Data-Collector/Market-Data-Collector/src/MarketDataCollector.Contracts/Configuration/AppConfigDto.cs(56,19): warning CS1591: Missing XML comment for publicly visible type or member 'AlpacaOptionsDto.Feed' [/home/runner/work/Market-Data-Collector/Market-Data-Collector/src/MarketDataCollector.Contracts/MarketDataCollector.Contracts.csproj]
/home/runner/work/Market-Data-Collector/Market-Data-Collector/src/MarketDataCollector.Contracts/Configuration/AppConfigDto.cs(59,17): warning CS1591: Missing XML comment for publicly visible type or member 'AlpacaOptionsDto.UseSandbox' [/home/runner/work/Market-Data-Collector/Market-Data-Collector/src/MarketDataCollector.Contracts/MarketDataCollector.Contracts.csproj]
/home/runner/work/Market-Data-Collector/Market-Data-Collector/src/MarketDataCollector.Contracts/Configuration/AppConfigDto.cs(62,17): warning CS1591: Missing XML comment for publicly visible type or member 'AlpacaOptionsDto.SubscribeQuotes' [/home/runner/work/Market-Data-Collector/Market-Data-Collector/src/MarketDataCollector.Contracts/MarketDataCollector.Contracts.csproj]
/home/runner/work/Market-Data-Collector/Market-Data-Collector/src/MarketDataCollector.Contracts/Configuration/AppConfigDto.cs(71,17): warning CS1591: Missing XML comment for publicly visible type or member 'StockSharpOptionsDto.Enabled' [/home/runner/work/Market-Data-Collector/Market-Data-Collector/src/MarketDataCollector.Contracts/MarketDataCollector.Contracts.csproj]
/home/runner/work/Market-Data-Collector/Market-Data-Collector/src/MarketDataCollector.Contracts/Configuration/AppConfigDto.cs(74,19): warning CS1591: Missing XML comment for publicly visible type or member 'StockSharpOptionsDto.ConnectorType' [/home/runner/work/Market-Data-Collector/Market-Data-Collector/src/MarketDataCollector.Contracts/MarketDataCollector.Contracts.csproj]
/home/runner/work/Market-Data-Collector/Market-Data-Collector/src/MarketDataCollector.Contracts/Configuration/AppConfigDto.cs(77,20): warning CS1591: Missing XML comment for publicly visible type or member 'StockSharpOptionsDto.AdapterType' [/home/runner/work/Market-Data-Collector/Market-Data-Collector/src/MarketDataCollector.Contracts/MarketDataCollector.Contracts.csproj]
/home/runner/work/Market-Data-Collector/Market-Data-Collector/src/MarketDataCollector.Contracts/Configuration/AppConfigDto.cs(80,20): warning CS1591: Missing XML comment for publicly visible type or member 'StockSharpOptionsDto.AdapterAssembly' [/home/runner/work/Market-Data-Collector/Market-Data-Collector/src/MarketDataCollector.Contracts/MarketDataCollector.Contracts.csproj]
/home/runner/work/Market-Data-Collector/Market-Data-Collector/src/MarketDataCollector.Contracts/Configuration/AppConfigDto.cs(83,40): warning CS1591: Missing XML comment for publicly visible type or member 'StockSharpOptionsDto.ConnectionParams' [/home/runner/work/Market-Data-Collector/Market-Data-Collector/src/MarketDataCollector.Contracts/MarketDataCollector.Contracts.csproj]
/home/runner/work/Market-Data-Collector/Market-Data-Collector/src/MarketDataCollector.Contracts/Configuration/AppConfigDto.cs(86,17): warning CS1591: Missing XML comment for publicly visible type or member 'StockSharpOptionsDto.UseBinaryStorage' [/home/runner/work/Market-Data-Collector/Market-Data-Collector/src/MarketDataCollector.Contracts/MarketDataCollector.Contracts.csproj]
/home/runner/work/Market-Data-Collector/Market-Data-Collector/src/MarketDataCollector.Contracts/Configuration/AppConfigDto.cs(89,19): warning CS1591: Missing XML comment for publicly visible type or member 'StockSharpOptionsDto.StoragePath' [/home/runner/work/Market-Data-Collector/Market-Data-Collector/src/MarketDataCollector.Contracts/MarketDataCollector.Contracts.csproj]
/home/runner/work/Market-Data-Collector/Market-Data-Collector/src/MarketDataCollector.Contracts/Configuration/AppConfigDto.cs(92,17): warning CS1591: Missing XML comment for publicly visible type or member 'StockSharpOptionsDto.EnableRealTime' [/home/runner/work/Market-Data-Collector/Market-Data-Collector/src/MarketDataCollector.Contracts/MarketDataCollector.Contracts.csproj]
/home/runner/work/Market-Data-Collector/Market-Data-Collector/src/MarketDataCollector.Contracts/Configuration/AppConfigDto.cs(95,17): warning CS1591: Missing XML comment for publicly visible type or member 'StockSharpOptionsDto.EnableHistorical' [/home/runner/work/Market-Data-Collector/Market-Data-Collector/src/MarketDataCollector.Contracts/MarketDataCollector.Contracts.csproj]
/home/runner/work/Market-Data-Collector/Market-Data-Collector/src/MarketDataCollector.Contracts/Configuration/AppConfigDto.cs(98,31): warning CS1591: Missing XML comment for publicly visible type or member 'StockSharpOptionsDto.Rithmic' [/home/runner/work/Market-Data-Collector/Market-Data-Collector/src/MarketDataCollector.Contracts/MarketDataCollector.Contracts.csproj]
/home/runner/work/Market-Data-Collector/Market-Data-Collector/src/MarketDataCollector.Contracts/Configuration/AppConfigDto.cs(101,30): warning CS1591: Missing XML comment for publicly visible type or member 'StockSharpOptionsDto.IQFeed' [/home/runner/work/Market-Data-Collector/Market-Data-Collector/src/MarketDataCollector.Contracts/MarketDataCollector.Contracts.csproj]
/home/runner/work/Market-Data-Collector/Market-Data-Collector/src/MarketDataCollector.Contracts/Configuration/AppConfigDto.cs(104,27): warning CS1591: Missing XML comment for publicly visible type or member 'StockSharpOptionsDto.CQG' [/home/runner/work/Market-Data-Collector/Market-Data-Collector/src/MarketDataCollector.Contracts/MarketDataCollector.Contracts.csproj]
/home/runner/work/Market-Data-Collector/Market-Data-Collector/src/MarketDataCollector.Contracts/Configuration/AppConfigDto.cs(107,36): warning CS1591: Missing XML comment for publicly visible type or member 'StockSharpOptionsDto.InteractiveBrokers' [/home/runner/work/Market-Data-Collector/Market-Data-Collector/src/MarketDataCollector.Contracts/MarketDataCollector.Contracts.csproj]
/home/runner/work/Market-Data-Collector/Market-Data-Collector/src/MarketDataCollector.Contracts/Configuration/AppConfigDto.cs(110,14): warning CS1591: Missing XML comment for publicly visible type or member 'RithmicOptionsDto' [/home/runner/work/Market-Data-Collector/Market-Data-Collector/src/MarketDataCollector.Contracts/MarketDataCollector.Contracts.csproj]
/home/runner/work/Market-Data-Collector/Market-Data-Collector/src/MarketDataCollector.Contracts/Configuration/AppConfigDto.cs(113,19): warning CS1591: Missing XML comment for publicly visible type or member 'RithmicOptionsDto.Server' [/home/runner/work/Market-Data-Collector/Market-Data-Collector/src/MarketDataCollector.Contracts/MarketDataCollector.Contracts.csproj]
/home/runner/work/Market-Data-Collector/Market-Data-Collector/src/MarketDataCollector.Contracts/Configuration/AppConfigDto.cs(116,20): warning CS1591: Missing XML comment for publicly visible type or member 'RithmicOptionsDto.UserName' [/home/runner/work/Market-Data-Collector/Market-Data-Collector/src/MarketDataCollector.Contracts/MarketDataCollector.Contracts.csproj]
/home/runner/work/Market-Data-Collector/Market-Data-Collector/src/MarketDataCollector.Contracts/Configuration/AppConfigDto.cs(119,20): warning CS1591: Missing XML comment for publicly visible type or member 'RithmicOptionsDto.Password' [/home/runner/work/Market-Data-Collector/Market-Data-Collector/src/MarketDataCollector.Contracts/MarketDataCollector.Contracts.csproj]
/home/runner/work/Market-Data-Collector/Market-Data-Collector/src/MarketDataCollector.Contracts/Configuration/AppConfigDto.cs(122,20): warning CS1591: Missing XML comment for publicly visible type or member 'RithmicOptionsDto.CertFile' [/home/runner/work/Market-Data-Collector/Market-Data-Collector/src/MarketDataCollector.Contracts/MarketDataCollector.Contracts.csproj]
/home/runner/work/Market-Data-Collector/Market-Data-Collector/src/MarketDataCollector.Contracts/Configuration/AppConfigDto.cs(125,17): warning CS1591: Missing XML comment for publicly visible type or member 'RithmicOptionsDto.UsePaperTrading' [/home/runner/work/Market-Data-Collector/Market-Data-Collector/src/MarketDataCollector.Contracts/MarketDataCollector.Contracts.csproj]
/home/runner/work/Market-Data-Collector/Market-Data-Collector/src/MarketDataCollector.Contracts/Configuration/AppConfigDto.cs(128,14): warning CS1591: Missing XML comment for publicly visible type or member 'IQFeedOptionsDto' [/home/runner/work/Market-Data-Collector/Market-Data-Collector/src/MarketDataCollector.Contracts/MarketDataCollector.Contracts.csproj]
/home/runner/work/Market-Data-Collector/Market-Data-Collector/src/MarketDataCollector.Contracts/Configuration/AppConfigDto.cs(131,19): warning CS1591: Missing XML comment for publicly visible type or member 'IQFeedOptionsDto.Host' [/home/runner/work/Market-Data-Collector/Market-Data-Collector/src/MarketDataCollector.Contracts/MarketDataCollector.Contracts.csproj]
/home/runner/work/Market-Data-Collector/Market-Data-Collector/src/MarketDataCollector.Contracts/Configuration/AppConfigDto.cs(134,16): warning CS1591: Missing XML comment for publicly visible type or member 'IQFeedOptionsDto.Level1Port' [/home/runner/work/Market-Data-Collector/Market-Data-Collector/src/MarketDataCollector.Contracts/MarketDataCollector.Contracts.csproj]
/home/runner/work/Market-Data-Collector/Market-Data-Collector/src/MarketDataCollector.Contracts/Configuration/AppConfigDto.cs(137,16): warning CS1591: Missing XML comment for publicly visible type or member 'IQFeedOptionsDto.Level2Port' [/home/runner/work/Market-Data-Collector/Market-Data-Collector/src/MarketDataCollector.Contracts/MarketDataCollector.Contracts.csproj]
/home/runner/work/Market-Data-Collector/Market-Data-Collector/src/MarketDataCollector.Contracts/Configuration/AppConfigDto.cs(140,16): warning CS1591: Missing XML comment for publicly visible type or member 'IQFeedOptionsDto.LookupPort' [/home/runner/work/Market-Data-Collector/Market-Data-Collector/src/MarketDataCollector.Contracts/MarketDataCollector.Contracts.csproj]
/home/runner/work/Market-Data-Collector/Market-Data-Collector/src/MarketDataCollector.Contracts/Configuration/AppConfigDto.cs(143,20): warning CS1591: Missing XML comment for publicly visible type or member 'IQFeedOptionsDto.ProductId' [/home/runner/work/Market-Data-Collector/Market-Data-Collector/src/MarketDataCollector.Contracts/MarketDataCollector.Contracts.csproj]
/home/runner/work/Market-Data-Collector/Market-Data-Collector/src/MarketDataCollector.Contracts/Configuration/AppConfigDto.cs(146,19): warning CS1591: Missing XML comment for publicly visible type or member 'IQFeedOptionsDto.ProductVersion' [/home/runner/work/Market-Data-Collector/Market-Data-Collector/src/MarketDataCollector.Contracts/MarketDataCollector.Contracts.csproj]
/home/runner/work/Market-Data-Collector/Market-Data-Collector/src/MarketDataCollector.Contracts/Configuration/AppConfigDto.cs(149,14): warning CS1591: Missing XML comment for publicly visible type or member 'CQGOptionsDto' [/home/runner/work/Market-Data-Collector/Market-Data-Collector/src/MarketDataCollector.Contracts/MarketDataCollector.Contracts.csproj]
/home/runner/work/Market-Data-Collector/Market-Data-Collector/src/MarketDataCollector.Contracts/Configuration/AppConfigDto.cs(152,20): warning CS1591: Missing XML comment for publicly visible type or member 'CQGOptionsDto.UserName' [/home/runner/work/Market-Data-Collector/Market-Data-Collector/src/MarketDataCollector.Contracts/MarketDataCollector.Contracts.csproj]
/home/runner/work/Market-Data-Collector/Market-Data-Collector/src/MarketDataCollector.Contracts/Configuration/AppConfigDto.cs(155,20): warning CS1591: Missing XML comment for publicly visible type or member 'CQGOptionsDto.Password' [/home/runner/work/Market-Data-Collector/Market-Data-Collector/src/MarketDataCollector.Contracts/MarketDataCollector.Contracts.csproj]
/home/runner/work/Market-Data-Collector/Market-Data-Collector/src/MarketDataCollector.Contracts/Configuration/AppConfigDto.cs(158,17): warning CS1591: Missing XML comment for publicly visible type or member 'CQGOptionsDto.UseDemoServer' [/home/runner/work/Market-Data-Collector/Market-Data-Collector/src/MarketDataCollector.Contracts/MarketDataCollector.Contracts.csproj]
/home/runner/work/Market-Data-Collector/Market-Data-Collector/src/MarketDataCollector.Contracts/Configuration/AppConfigDto.cs(161,14): warning CS1591: Missing XML comment for publicly visible type or member 'StockSharpIBOptionsDto' [/home/runner/work/Market-Data-Collector/Market-Data-Collector/src/MarketDataCollector.Contracts/MarketDataCollector.Contracts.csproj]
/home/runner/work/Market-Data-Collector/Market-Data-Collector/src/MarketDataCollector.Contracts/Configuration/AppConfigDto.cs(164,19): warning CS1591: Missing XML comment for publicly visible type or member 'StockSharpIBOptionsDto.Host' [/home/runner/work/Market-Data-Collector/Market-Data-Collector/src/MarketDataCollector.Contracts/MarketDataCollector.Contracts.csproj]
/home/runner/work/Market-Data-Collector/Market-Data-Collector/src/MarketDataCollector.Contracts/Configuration/AppConfigDto.cs(167,16): warning CS1591: Missing XML comment for publicly visible type or member 'StockSharpIBOptionsDto.Port' [/home/runner/work/Market-Data-Collector/Market-Data-Collector/src/MarketDataCollector.Contracts/MarketDataCollector.Contracts.csproj]
/home/runner/work/Market-Data-Collector/Market-Data-Collector/src/MarketDataCollector.Contracts/Configuration/AppConfigDto.cs(170,16): warning CS1591: Missing XML comment for publicly visible type or member 'StockSharpIBOptionsDto.ClientId' [/home/runner/work/Market-Data-Collector/Market-Data-Collector/src/MarketDataCollector.Contracts/MarketDataCollector.Contracts.csproj]
/home/runner/work/Market-Data-Collector/Market-Data-Collector/src/MarketDataCollector.Contracts/Configuration/AppConfigDto.cs(179,19): warning CS1591: Missing XML comment for publicly visible type or member 'StorageConfigDto.NamingConvention' [/home/runner/work/Market-Data-Collector/Market-Data-Collector/src/MarketDataCollector.Contracts/MarketDataCollector.Contracts.csproj]
/home/runner/work/Market-Data-Collector/Market-Data-Collector/src/MarketDataCollector.Contracts/Configuration/AppConfigDto.cs(182,19): warning CS1591: Missing XML comment for publicly visible type or member 'StorageConfigDto.DatePartition' [/home/runner/work/Market-Data-Collector/Market-Data-Collector/src/MarketDataCollector.Contracts/MarketDataCollector.Contracts.csproj]
/home/runner/work/Market-Data-Collector/Market-Data-Collector/src/MarketDataCollector.Contracts/Configuration/AppConfigDto.cs(185,17): warning CS1591: Missing XML comment for publicly visible type or member 'StorageConfigDto.IncludeProvider' [/home/runner/work/Market-Data-Collector/Market-Data-Collector/src/MarketDataCollector.Contracts/MarketDataCollector.Contracts.csproj]
/home/runner/work/Market-Data-Collector/Market-Data-Collector/src/MarketDataCollector.Contracts/Configuration/AppConfigDto.cs(188,20): warning CS1591: Missing XML comment for publicly visible type or member 'StorageConfigDto.FilePrefix' [/home/runner/work/Market-Data-Collector/Market-Data-Collector/src/MarketDataCollector.Contracts/MarketDataCollector.Contracts.csproj]
/home/runner/work/Market-Data-Collector/Market-Data-Collector/src/MarketDataCollector.Contracts/Configuration/AppConfigDto.cs(191,20): warning CS1591: Missing XML comment for publicly visible type or member 'StorageConfigDto.Profile' [/home/runner/work/Market-Data-Collector/Market-Data-Collector/src/MarketDataCollector.Contracts/MarketDataCollector.Contracts.csproj]
/home/runner/work/Market-Data-Collector/Market-Data-Collector/src/MarketDataCollector.Contracts/Configuration/AppConfigDto.cs(194,17): warning CS1591: Missing XML comment for publicly visible type or member 'StorageConfigDto.RetentionDays' [/home/runner/work/Market-Data-Collector/Market-Data-Collector/src/MarketDataCollector.Contracts/MarketDataCollector.Contracts.csproj]
/home/runner/work/Market-Data-Collector/Market-Data-Collector/src/MarketDataCollector.Contracts/Configuration/AppConfigDto.cs(197,18): warning CS1591: Missing XML comment for publicly visible type or member 'StorageConfigDto.MaxTotalMegabytes' [/home/runner/work/Market-Data-Collector/Market-Data-Collector/src/MarketDataCollector.Contracts/MarketDataCollector.Contracts.csproj]
/home/runner/work/Market-Data-Collector/Market-Data-Collector/src/MarketDataCollector.Contracts/Configuration/AppConfigDto.cs(206,19): warning CS1591: Missing XML comment for publicly visible type or member 'SymbolConfigDto.Symbol' [/home/runner/work/Market-Data-Collector/Market-Data-Collector/src/MarketDataCollector.Contracts/MarketDataCollector.Contracts.csproj]
/home/runner/work/Market-Data-Collector/Market-Data-Collector/src/MarketDataCollector.Contracts/Configuration/AppConfigDto.cs(209,17): warning CS1591: Missing XML comment for publicly visible type or member 'SymbolConfigDto.SubscribeTrades' [/home/runner/work/Market-Data-Collector/Market-Data-Collector/src/MarketDataCollector.Contracts/MarketDataCollector.Contracts.csproj]
/home/runner/work/Market-Data-Collector/Market-Data-Collector/src/MarketDataCollector.Contracts/Configuration/AppConfigDto.cs(212,17): warning CS1591: Missing XML comment for publicly visible type or member 'SymbolConfigDto.SubscribeDepth' [/home/runner/work/Market-Data-Collector/Market-Data-Collector/src/MarketDataCollector.Contracts/MarketDataCollector.Contracts.csproj]
/home/runner/work/Market-Data-Collector/Market-Data-Collector/src/MarketDataCollector.Contracts/Configuration/AppConfigDto.cs(215,16): warning CS1591: Missing XML comment for publicly visible type or member 'SymbolConfigDto.DepthLevels' [/home/runner/work/Market-Data-Collector/Market-Data-Collector/src/MarketDataCollector.Contracts/MarketDataCollector.Contracts.csproj]
/home/runner/work/Market-Data-Collector/Market-Data-Collector/src/MarketDataCollector.Contracts/Configuration/AppConfigDto.cs(218,19): warning CS1591: Missing XML comment for publicly visible type or member 'SymbolConfigDto.SecurityType' [/home/runner/work/Market-Data-Collector/Market-Data-Collector/src/MarketDataCollector.Contracts/MarketDataCollector.Contracts.csproj]
/home/runner/work/Market-Data-Collector/Market-Data-Collector/src/MarketDataCollector.Contracts/Configuration/AppConfigDto.cs(221,19): warning CS1591: Missing XML comment for publicly visible type or member 'SymbolConfigDto.Exchange' [/home/runner/work/Market-Data-Collector/Market-Data-Collector/src/MarketDataCollector.Contracts/MarketDataCollector.Contracts.csproj]
/home/runner/work/Market-Data-Collector/Market-Data-Collector/src/MarketDataCollector.Contracts/Configuration/AppConfigDto.cs(224,19): warning CS1591: Missing XML comment for publicly visible type or member 'SymbolConfigDto.Currency' [/home/runner/work/Market-Data-Collector/Market-Data-Collector/src/MarketDataCollector.Contracts/MarketDataCollector.Contracts.csproj]
/home/runner/work/Market-Data-Collector/Market-Data-Collector/src/MarketDataCollector.Contracts/Configuration/AppConfigDto.cs(227,20): warning CS1591: Missing XML comment for publicly visible type or member 'SymbolConfigDto.PrimaryExchange' [/home/runner/work/Market-Data-Collector/Market-Data-Collector/src/MarketDataCollector.Contracts/MarketDataCollector.Contracts.csproj]
/home/runner/work/Market-Data-Collector/Market-Data-Collector/src/MarketDataCollector.Contracts/Configuration/AppConfigDto.cs(230,20): warning CS1591: Missing XML comment for publicly visible type or member 'SymbolConfigDto.LocalSymbol' [/home/runner/work/Market-Data-Collector/Market-Data-Collector/src/MarketDataCollector.Contracts/MarketDataCollector.Contracts.csproj]
/home/runner/work/Market-Data-Collector/Market-Data-Collector/src/MarketDataCollector.Contracts/Configuration/AppConfigDto.cs(239,17): warning CS1591: Missing XML comment for publicly visible type or member 'BackfillConfigDto.Enabled' [/home/runner/work/Market-Data-Collector/Market-Data-Collector/src/MarketDataCollector.Contracts/MarketDataCollector.Contracts.csproj]
/home/runner/work/Market-Data-Collector/Market-Data-Collector/src/MarketDataCollector.Contracts/Configuration/AppConfigDto.cs(242,19): warning CS1591: Missing XML comment for publicly visible type or member 'BackfillConfigDto.Provider' [/home/runner/work/Market-Data-Collector/Market-Data-Collector/src/MarketDataCollector.Contracts/MarketDataCollector.Contracts.csproj]
/home/runner/work/Market-Data-Collector/Market-Data-Collector/src/MarketDataCollector.Contracts/Configuration/AppConfigDto.cs(245,22): warning CS1591: Missing XML comment for publicly visible type or member 'BackfillConfigDto.Symbols' [/home/runner/work/Market-Data-Collector/Market-Data-Collector/src/MarketDataCollector.Contracts/MarketDataCollector.Contracts.csproj]
/home/runner/work/Market-Data-Collector/Market-Data-Collector/src/MarketDataCollector.Contracts/Configuration/AppConfigDto.cs(248,20): warning CS1591: Missing XML comment for publicly visible type or member 'BackfillConfigDto.From' [/home/runner/work/Market-Data-Collector/Market-Data-Collector/src/MarketDataCollector.Contracts/MarketDataCollector.Contracts.csproj]
/home/runner/work/Market-Data-Collector/Market-Data-Collector/src/MarketDataCollector.Contracts/Configuration/AppConfigDto.cs(251,20): warning CS1591: Missing XML comment for publicly visible type or member 'BackfillConfigDto.To' [/home/runner/work/Market-Data-Collector/Market-Data-Collector/src/MarketDataCollector.Contracts/MarketDataCollector.Contracts.csproj]
/home/runner/work/Market-Data-Collector/Market-Data-Collector/src/MarketDataCollector.Contracts/Configuration/AppConfigDto.cs(254,17): warning CS1591: Missing XML comment for publicly visible type or member 'BackfillConfigDto.EnableFallback' [/home/runner/work/Market-Data-Collector/Market-Data-Collector/src/MarketDataCollector.Contracts/MarketDataCollector.Contracts.csproj]
/home/runner/work/Market-Data-Collector/Market-Data-Collector/src/MarketDataCollector.Contracts/Configuration/AppConfigDto.cs(257,17): warning CS1591: Missing XML comment for publicly visible type or member 'BackfillConfigDto.EnableSymbolResolution' [/home/runner/work/Market-Data-Collector/Market-Data-Collector/src/MarketDataCollector.Contracts/MarketDataCollector.Contracts.csproj]
/home/runner/work/Market-Data-Collector/Market-Data-Collector/src/MarketDataCollector.Contracts/Configuration/AppConfigDto.cs(266,35): warning CS1591: Missing XML comment for publicly visible type or member 'DataSourcesConfigDto.Sources' [/home/runner/work/Market-Data-Collector/Market-Data-Collector/src/MarketDataCollector.Contracts/MarketDataCollector.Contracts.csproj]
/home/runner/work/Market-Data-Collector/Market-Data-Collector/src/MarketDataCollector.Contracts/Configuration/AppConfigDto.cs(269,20): warning CS1591: Missing XML comment for publicly visible type or member 'DataSourcesConfigDto.DefaultRealTimeSourceId' [/home/runner/work/Market-Data-Collector/Market-Data-Collector/src/MarketDataCollector.Contracts/MarketDataCollector.Contracts.csproj]
/home/runner/work/Market-Data-Collector/Market-Data-Collector/src/MarketDataCollector.Contracts/Configuration/AppConfigDto.cs(272,20): warning CS1591: Missing XML comment for publicly visible type or member 'DataSourcesConfigDto.DefaultHistoricalSourceId' [/home/runner/work/Market-Data-Collector/Market-Data-Collector/src/MarketDataCollector.Contracts/MarketDataCollector.Contracts.csproj]
/home/runner/work/Market-Data-Collector/Market-Data-Collector/src/MarketDataCollector.Contracts/Configuration/AppConfigDto.cs(275,17): warning CS1591: Missing XML comment for publicly visible type or member 'DataSourcesConfigDto.EnableFailover' [/home/runner/work/Market-Data-Collector/Market-Data-Collector/src/MarketDataCollector.Contracts/MarketDataCollector.Contracts.csproj]
/home/runner/work/Market-Data-Collector/Market-Data-Collector/src/MarketDataCollector.Contracts/Configuration/AppConfigDto.cs(278,16): warning CS1591: Missing XML comment for publicly visible type or member 'DataSourcesConfigDto.FailoverTimeoutSeconds' [/home/runner/work/Market-Data-Collector/Market-Data-Collector/src/MarketDataCollector.Contracts/MarketDataCollector.Contracts.csproj]
/home/runner/work/Market-Data-Collector/Market-Data-Collector/src/MarketDataCollector.Contracts/Configuration/AppConfigDto.cs(287,19): warning CS1591: Missing XML comment for publicly visible type or member 'DataSourceConfigDto.Id' [/home/runner/work/Market-Data-Collector/Market-Data-Collector/src/MarketDataCollector.Contracts/MarketDataCollector.Contracts.csproj]
/home/runner/work/Market-Data-Collector/Market-Data-Collector/src/MarketDataCollector.Contracts/Configuration/AppConfigDto.cs(290,19): warning CS1591: Missing XML comment for publicly visible type or member 'DataSourceConfigDto.Name' [/home/runner/work/Market-Data-Collector/Market-Data-Collector/src/MarketDataCollector.Contracts/MarketDataCollector.Contracts.csproj]
/home/runner/work/Market-Data-Collector/Market-Data-Collector/src/MarketDataCollector.Contracts/Configuration/AppConfigDto.cs(293,19): warning CS1591: Missing XML comment for publicly visible type or member 'DataSourceConfigDto.Provider' [/home/runner/work/Market-Data-Collector/Market-Data-Collector/src/MarketDataCollector.Contracts/MarketDataCollector.Contracts.csproj]
/home/runner/work/Market-Data-Collector/Market-Data-Collector/src/MarketDataCollector.Contracts/Configuration/AppConfigDto.cs(296,17): warning CS1591: Missing XML comment for publicly visible type or member 'DataSourceConfigDto.Enabled' [/home/runner/work/Market-Data-Collector/Market-Data-Collector/src/MarketDataCollector.Contracts/MarketDataCollector.Contracts.csproj]
/home/runner/work/Market-Data-Collector/Market-Data-Collector/src/MarketDataCollector.Contracts/Configuration/AppConfigDto.cs(299,19): warning CS1591: Missing XML comment for publicly visible type or member 'DataSourceConfigDto.Type' [/home/runner/work/Market-Data-Collector/Market-Data-Collector/src/MarketDataCollector.Contracts/MarketDataCollector.Contracts.csproj]
/home/runner/work/Market-Data-Collector/Market-Data-Collector/src/MarketDataCollector.Contracts/Configuration/AppConfigDto.cs(302,16): warning CS1591: Missing XML comment for publicly visible type or member 'DataSourceConfigDto.Priority' [/home/runner/work/Market-Data-Collector/Market-Data-Collector/src/MarketDataCollector.Contracts/MarketDataCollector.Contracts.csproj]
/home/runner/work/Market-Data-Collector/Market-Data-Collector/src/MarketDataCollector.Contracts/Configuration/AppConfigDto.cs(305,20): warning CS1591: Missing XML comment for publicly visible type or member 'DataSourceConfigDto.Description' [/home/runner/work/Market-Data-Collector/Market-Data-Collector/src/MarketDataCollector.Contracts/MarketDataCollector.Contracts.csproj]
/home/runner/work/Market-Data-Collector/Market-Data-Collector/src/MarketDataCollector.Contracts/Configuration/AppConfigDto.cs(308,22): warning CS1591: Missing XML comment for publicly visible type or member 'DataSourceConfigDto.Tags' [/home/runner/work/Market-Data-Collector/Market-Data-Collector/src/MarketDataCollector.Contracts/MarketDataCollector.Contracts.csproj]
/home/runner/work/Market-Data-Collector/Market-Data-Collector/src/MarketDataCollector.Contracts/Configuration/AppConfigDto.cs(311,30): warning CS1591: Missing XML comment for publicly visible type or member 'DataSourceConfigDto.Alpaca' [/home/runner/work/Market-Data-Collector/Market-Data-Collector/src/MarketDataCollector.Contracts/MarketDataCollector.Contracts.csproj]
/home/runner/work/Market-Data-Collector/Market-Data-Collector/src/MarketDataCollector.Contracts/Configuration/AppConfigDto.cs(314,31): warning CS1591: Missing XML comment for publicly visible type or member 'DataSourceConfigDto.Polygon' [/home/runner/work/Market-Data-Collector/Market-Data-Collector/src/MarketDataCollector.Contracts/MarketDataCollector.Contracts.csproj]
/home/runner/work/Market-Data-Collector/Market-Data-Collector/src/MarketDataCollector.Contracts/Configuration/AppConfigDto.cs(317,26): warning CS1591: Missing XML comment for publicly visible type or member 'DataSourceConfigDto.IB' [/home/runner/work/Market-Data-Collector/Market-Data-Collector/src/MarketDataCollector.Contracts/MarketDataCollector.Contracts.csproj]
/home/runner/work/Market-Data-Collector/Market-Data-Collector/src/MarketDataCollector.Contracts/Configuration/AppConfigDto.cs(320,22): warning CS1591: Missing XML comment for publicly visible type or member 'DataSourceConfigDto.Symbols' [/home/runner/work/Market-Data-Collector/Market-Data-Collector/src/MarketDataCollector.Contracts/MarketDataCollector.Contracts.csproj]
/home/runner/work/Market-Data-Collector/Market-Data-Collector/src/MarketDataCollector.Contracts/Configuration/AppConfigDto.cs(329,20): warning CS1591: Missing XML comment for publicly visible type or member 'PolygonOptionsDto.ApiKey' [/home/runner/work/Market-Data-Collector/Market-Data-Collector/src/MarketDataCollector.Contracts/MarketDataCollector.Contracts.csproj]
/home/runner/work/Market-Data-Collector/Market-Data-Collector/src/MarketDataCollector.Contracts/Configuration/AppConfigDto.cs(332,17): warning CS1591: Missing XML comment for publicly visible type or member 'PolygonOptionsDto.UseDelayed' [/home/runner/work/Market-Data-Collector/Market-Data-Collector/src/MarketDataCollector.Contracts/MarketDataCollector.Contracts.csproj]
/home/runner/work/Market-Data-Collector/Market-Data-Collector/src/MarketDataCollector.Contracts/Configuration/AppConfigDto.cs(335,19): warning CS1591: Missing XML comment for publicly visible type or member 'PolygonOptionsDto.Feed' [/home/runner/work/Market-Data-Collector/Market-Data-Collector/src/MarketDataCollector.Contracts/MarketDataCollector.Contracts.csproj]
/home/runner/work/Market-Data-Collector/Market-Data-Collector/src/MarketDataCollector.Contracts/Configuration/AppConfigDto.cs(338,17): warning CS1591: Missing XML comment for publicly visible type or member 'PolygonOptionsDto.SubscribeTrades' [/home/runner/work/Market-Data-Collector/Market-Data-Collector/src/MarketDataCollector.Contracts/MarketDataCollector.Contracts.csproj]
/home/runner/work/Market-Data-Collector/Market-Data-Collector/src/MarketDataCollector.Contracts/Configuration/AppConfigDto.cs(341,17): warning CS1591: Missing XML comment for publicly visible type or member 'PolygonOptionsDto.SubscribeQuotes' [/home/runner/work/Market-Data-Collector/Market-Data-Collector/src/MarketDataCollector.Contracts/MarketDataCollector.Contracts.csproj]
/home/runner/work/Market-Data-Collector/Market-Data-Collector/src/MarketDataCollector.Contracts/Configuration/AppConfigDto.cs(344,17): warning CS1591: Missing XML comment for publicly visible type or member 'PolygonOptionsDto.SubscribeAggregates' [/home/runner/work/Market-Data-Collector/Market-Data-Collector/src/MarketDataCollector.Contracts/MarketDataCollector.Contracts.csproj]
/home/runner/work/Market-Data-Collector/Market-Data-Collector/src/MarketDataCollector.Contracts/Configuration/AppConfigDto.cs(353,19): warning CS1591: Missing XML comment for publicly visible type or member 'IBOptionsDto.Host' [/home/runner/work/Market-Data-Collector/Market-Data-Collector/src/MarketDataCollector.Contracts/MarketDataCollector.Contracts.csproj]
/home/runner/work/Market-Data-Collector/Market-Data-Collector/src/MarketDataCollector.Contracts/Configuration/AppConfigDto.cs(356,16): warning CS1591: Missing XML comment for publicly visible type or member 'IBOptionsDto.Port' [/home/runner/work/Market-Data-Collector/Market-Data-Collector/src/MarketDataCollector.Contracts/MarketDataCollector.Contracts.csproj]
/home/runner/work/Market-Data-Collector/Market-Data-Collector/src/MarketDataCollector.Contracts/Configuration/AppConfigDto.cs(359,16): warning CS1591: Missing XML comment for publicly visible type or member 'IBOptionsDto.ClientId' [/home/runner/work/Market-Data-Collector/Market-Data-Collector/src/MarketDataCollector.Contracts/MarketDataCollector.Contracts.csproj]
/home/runner/work/Market-Data-Collector/Market-Data-Collector/src/MarketDataCollector.Contracts/Configuration/AppConfigDto.cs(362,17): warning CS1591: Missing XML comment for publicly visible type or member 'IBOptionsDto.UsePaperTrading' [/home/runner/work/Market-Data-Collector/Market-Data-Collector/src/MarketDataCollector.Contracts/MarketDataCollector.Contracts.csproj]
/home/runner/work/Market-Data-Collector/Market-Data-Collector/src/MarketDataCollector.Contracts/Configuration/AppConfigDto.cs(365,17): warning CS1591: Missing XML comment for publicly visible type or member 'IBOptionsDto.SubscribeDepth' [/home/runner/work/Market-Data-Collector/Market-Data-Collector/src/MarketDataCollector.Contracts/MarketDataCollector.Contracts.csproj]
/home/runner/work/Market-Data-Collector/Market-Data-Collector/src/MarketDataCollector.Contracts/Configuration/AppConfigDto.cs(368,16): warning CS1591: Missing XML comment for publicly visible type or member 'IBOptionsDto.DepthLevels' [/home/runner/work/Market-Data-Collector/Market-Data-Collector/src/MarketDataCollector.Contracts/MarketDataCollector.Contracts.csproj]
/home/runner/work/Market-Data-Collector/Market-Data-Collector/src/MarketDataCollector.Contracts/Configuration/AppConfigDto.cs(371,17): warning CS1591: Missing XML comment for publicly visible type or member 'IBOptionsDto.TickByTick' [/home/runner/work/Market-Data-Collector/Market-Data-Collector/src/MarketDataCollector.Contracts/MarketDataCollector.Contracts.csproj]
/home/runner/work/Market-Data-Collector/Market-Data-Collector/src/MarketDataCollector.Contracts/Configuration/AppConfigDto.cs(380,30): warning CS1591: Missing XML comment for publicly visible type or member 'SymbolGroupsConfigDto.Groups' [/home/runner/work/Market-Data-Collector/Market-Data-Collector/src/MarketDataCollector.Contracts/MarketDataCollector.Contracts.csproj]
/home/runner/work/Market-Data-Collector/Market-Data-Collector/src/MarketDataCollector.Contracts/Configuration/AppConfigDto.cs(383,20): warning CS1591: Missing XML comment for publicly visible type or member 'SymbolGroupsConfigDto.DefaultGroupId' [/home/runner/work/Market-Data-Collector/Market-Data-Collector/src/MarketDataCollector.Contracts/MarketDataCollector.Contracts.csproj]
/home/runner/work/Market-Data-Collector/Market-Data-Collector/src/MarketDataCollector.Contracts/Configuration/AppConfigDto.cs(386,17): warning CS1591: Missing XML comment for publicly visible type or member 'SymbolGroupsConfigDto.ShowUngroupedSymbols' [/home/runner/work/Market-Data-Collector/Market-Data-Collector/src/MarketDataCollector.Contracts/MarketDataCollector.Contracts.csproj]
/home/runner/work/Market-Data-Collector/Market-Data-Collector/src/MarketDataCollector.Contracts/Configuration/AppConfigDto.cs(389,19): warning CS1591: Missing XML comment for publicly visible type or member 'SymbolGroupsConfigDto.SortBy' [/home/runner/work/Market-Data-Collector/Market-Data-Collector/src/MarketDataCollector.Contracts/MarketDataCollector.Contracts.csproj]
/home/runner/work/Market-Data-Collector/Market-Data-Collector/src/MarketDataCollector.Contracts/Configuration/AppConfigDto.cs(392,19): warning CS1591: Missing XML comment for publicly visible type or member 'SymbolGroupsConfigDto.ViewMode' [/home/runner/work/Market-Data-Collector/Market-Data-Collector/src/MarketDataCollector.Contracts/MarketDataCollector.Contracts.csproj]
/home/runner/work/Market-Data-Collector/Market-Data-Collector/src/MarketDataCollector.Contracts/Configuration/AppConfigDto.cs(401,19): warning CS1591: Missing XML comment for publicly visible type or member 'SymbolGroupDto.Id' [/home/runner/work/Market-Data-Collector/Market-Data-Collector/src/MarketDataCollector.Contracts/MarketDataCollector.Contracts.csproj]
/home/runner/work/Market-Data-Collector/Market-Data-Collector/src/MarketDataCollector.Contracts/Configuration/AppConfigDto.cs(404,19): warning CS1591: Missing XML comment for publicly visible type or member 'SymbolGroupDto.Name' [/home/runner/work/Market-Data-Collector/Market-Data-Collector/src/MarketDataCollector.Contracts/MarketDataCollector.Contracts.csproj]
/home/runner/work/Market-Data-Collector/Market-Data-Collector/src/MarketDataCollector.Contracts/Configuration/AppConfigDto.cs(407,20): warning CS1591: Missing XML comment for publicly visible type or member 'SymbolGroupDto.Description' [/home/runner/work/Market-Data-Collector/Market-Data-Collector/src/MarketDataCollector.Contracts/MarketDataCollector.Contracts.csproj]
/home/runner/work/Market-Data-Collector/Market-Data-Collector/src/MarketDataCollector.Contracts/Configuration/AppConfigDto.cs(410,19): warning CS1591: Missing XML comment for publicly visible type or member 'SymbolGroupDto.Color' [/home/runner/work/Market-Data-Collector/Market-Data-Collector/src/MarketDataCollector.Contracts/MarketDataCollector.Contracts.csproj]
/home/runner/work/Market-Data-Collector/Market-Data-Collector/src/MarketDataCollector.Contracts/Configuration/AppConfigDto.cs(413,19): warning CS1591: Missing XML comment for publicly visible type or member 'SymbolGroupDto.Icon' [/home/runner/work/Market-Data-Collector/Market-Data-Collector/src/MarketDataCollector.Contracts/MarketDataCollector.Contracts.csproj]
/home/runner/work/Market-Data-Collector/Market-Data-Collector/src/MarketDataCollector.Contracts/Configuration/AppConfigDto.cs(416,21): warning CS1591: Missing XML comment for publicly visible type or member 'SymbolGroupDto.Symbols' [/home/runner/work/Market-Data-Collector/Market-Data-Collector/src/MarketDataCollector.Contracts/MarketDataCollector.Contracts.csproj]
/home/runner/work/Market-Data-Collector/Market-Data-Collector/src/MarketDataCollector.Contracts/Configuration/AppConfigDto.cs(419,17): warning CS1591: Missing XML comment for publicly visible type or member 'SymbolGroupDto.IsExpanded' [/home/runner/work/Market-Data-Collector/Market-Data-Collector/src/MarketDataCollector.Contracts/MarketDataCollector.Contracts.csproj]
/home/runner/work/Market-Data-Collector/Market-Data-Collector/src/MarketDataCollector.Contracts/Configuration/AppConfigDto.cs(422,16): warning CS1591: Missing XML comment for publicly visible type or member 'SymbolGroupDto.SortOrder' [/home/runner/work/Market-Data-Collector/Market-Data-Collector/src/MarketDataCollector.Contracts/MarketDataCollector.Contracts.csproj]
/home/runner/work/Market-Data-Collector/Market-Data-Collector/src/MarketDataCollector.Contracts/Configuration/AppConfigDto.cs(425,21): warning CS1591: Missing XML comment for publicly visible type or member 'SymbolGroupDto.CreatedAt' [/home/runner/work/Market-Data-Collector/Market-Data-Collector/src/MarketDataCollector.Contracts/MarketDataCollector.Contracts.csproj]
/home/runner/work/Market-Data-Collector/Market-Data-Collector/src/MarketDataCollector.Contracts/Configuration/AppConfigDto.cs(428,21): warning CS1591: Missing XML comment for publicly visible type or member 'SymbolGroupDto.UpdatedAt' [/home/runner/work/Market-Data-Collector/Market-Data-Collector/src/MarketDataCollector.Contracts/MarketDataCollector.Contracts.csproj]
/home/runner/work/Market-Data-Collector/Market-Data-Collector/src/MarketDataCollector.Contracts/Configuration/AppConfigDto.cs(431,22): warning CS1591: Missing XML comment for publicly visible type or member 'SymbolGroupDto.Tags' [/home/runner/work/Market-Data-Collector/Market-Data-Collector/src/MarketDataCollector.Contracts/MarketDataCollector.Contracts.csproj]
/home/runner/work/Market-Data-Collector/Market-Data-Collector/src/MarketDataCollector.Contracts/Configuration/AppConfigDto.cs(434,35): warning CS1591: Missing XML comment for publicly visible type or member 'SymbolGroupDto.SmartCriteria' [/home/runner/work/Market-Data-Collector/Market-Data-Collector/src/MarketDataCollector.Contracts/MarketDataCollector.Contracts.csproj]
/home/runner/work/Market-Data-Collector/Market-Data-Collector/src/MarketDataCollector.Contracts/Configuration/AppConfigDto.cs(443,17): warning CS1591: Missing XML comment for publicly visible type or member 'SmartGroupCriteriaDto.IsSmartGroup' [/home/runner/work/Market-Data-Collector/Market-Data-Collector/src/MarketDataCollector.Contracts/MarketDataCollector.Contracts.csproj]
/home/runner/work/Market-Data-Collector/Market-Data-Collector/src/MarketDataCollector.Contracts/Configuration/AppConfigDto.cs(446,20): warning CS1591: Missing XML comment for publicly visible type or member 'SmartGroupCriteriaDto.SectorFilter' [/home/runner/work/Market-Data-Collector/Market-Data-Collector/src/MarketDataCollector.Contracts/MarketDataCollector.Contracts.csproj]
/home/runner/work/Market-Data-Collector/Market-Data-Collector/src/MarketDataCollector.Contracts/Configuration/AppConfigDto.cs(449,20): warning CS1591: Missing XML comment for publicly visible type or member 'SmartGroupCriteriaDto.IndustryFilter' [/home/runner/work/Market-Data-Collector/Market-Data-Collector/src/MarketDataCollector.Contracts/MarketDataCollector.Contracts.csproj]
/home/runner/work/Market-Data-Collector/Market-Data-Collector/src/MarketDataCollector.Contracts/Configuration/AppConfigDto.cs(452,20): warning CS1591: Missing XML comment for publicly visible type or member 'SmartGroupCriteriaDto.ExchangeFilter' [/home/runner/work/Market-Data-Collector/Market-Data-Collector/src/MarketDataCollector.Contracts/MarketDataCollector.Contracts.csproj]
/home/runner/work/Market-Data-Collector/Market-Data-Collector/src/MarketDataCollector.Contracts/Configuration/AppConfigDto.cs(455,21): warning CS1591: Missing XML comment for publicly visible type or member 'SmartGroupCriteriaDto.MinPrice' [/home/runner/work/Market-Data-Collector/Market-Data-Collector/src/MarketDataCollector.Contracts/MarketDataCollector.Contracts.csproj]
/home/runner/work/Market-Data-Collector/Market-Data-Collector/src/MarketDataCollector.Contracts/Configuration/AppConfigDto.cs(458,21): warning CS1591: Missing XML comment for publicly visible type or member 'SmartGroupCriteriaDto.MaxPrice' [/home/runner/work/Market-Data-Collector/Market-Data-Collector/src/MarketDataCollector.Contracts/MarketDataCollector.Contracts.csproj]
/home/runner/work/Market-Data-Collector/Market-Data-Collector/src/MarketDataCollector.Contracts/Configuration/AppConfigDto.cs(461,22): warning CS1591: Missing XML comment for publicly visible type or member 'SmartGroupCriteriaDto.TagsFilter' [/home/runner/work/Market-Data-Collector/Market-Data-Collector/src/MarketDataCollector.Contracts/MarketDataCollector.Contracts.csproj]
/home/runner/work/Market-Data-Collector/Market-Data-Collector/src/MarketDataCollector.Contracts/Configuration/AppConfigDto.cs(470,22): warning CS1591: Missing XML comment for publicly visible type or member 'ExtendedSymbolConfigDto.GroupIds' [/home/runner/work/Market-Data-Collector/Market-Data-Collector/src/MarketDataCollector.Contracts/MarketDataCollector.Contracts.csproj]
/home/runner/work/Market-Data-Collector/Market-Data-Collector/src/MarketDataCollector.Contracts/Configuration/AppConfigDto.cs(473,22): warning CS1591: Missing XML comment for publicly visible type or member 'ExtendedSymbolConfigDto.Tags' [/home/runner/work/Market-Data-Collector/Market-Data-Collector/src/MarketDataCollector.Contracts/MarketDataCollector.Contracts.csproj]
/home/runner/work/Market-Data-Collector/Market-Data-Collector/src/MarketDataCollector.Contracts/Configuration/AppConfigDto.cs(476,20): warning CS1591: Missing XML comment for publicly visible type or member 'ExtendedSymbolConfigDto.Notes' [/home/runner/work/Market-Data-Collector/Market-Data-Collector/src/MarketDataCollector.Contracts/MarketDataCollector.Contracts.csproj]
/home/runner/work/Market-Data-Collector/Market-Data-Collector/src/MarketDataCollector.Contracts/Configuration/AppConfigDto.cs(479,21): warning CS1591: Missing XML comment for publicly visible type or member 'ExtendedSymbolConfigDto.AddedAt' [/home/runner/work/Market-Data-Collector/Market-Data-Collector/src/MarketDataCollector.Contracts/MarketDataCollector.Contracts.csproj]
/home/runner/work/Market-Data-Collector/Market-Data-Collector/src/MarketDataCollector.Contracts/Configuration/AppConfigDto.cs(482,21): warning CS1591: Missing XML comment for publicly visible type or member 'ExtendedSymbolConfigDto.LastModified' [/home/runner/work/Market-Data-Collector/Market-Data-Collector/src/MarketDataCollector.Contracts/MarketDataCollector.Contracts.csproj]
/home/runner/work/Market-Data-Collector/Market-Data-Collector/src/MarketDataCollector.Contracts/Configuration/AppConfigDto.cs(485,17): warning CS1591: Missing XML comment for publicly visible type or member 'ExtendedSymbolConfigDto.IsFavorite' [/home/runner/work/Market-Data-Collector/Market-Data-Collector/src/MarketDataCollector.Contracts/MarketDataCollector.Contracts.csproj]
/home/runner/work/Market-Data-Collector/Market-Data-Collector/src/MarketDataCollector.Contracts/Configuration/AppConfigDto.cs(488,20): warning CS1591: Missing XML comment for publicly visible type or member 'ExtendedSymbolConfigDto.CustomColor' [/home/runner/work/Market-Data-Collector/Market-Data-Collector/src/MarketDataCollector.Contracts/MarketDataCollector.Contracts.csproj]
/home/runner/work/Market-Data-Collector/Market-Data-Collector/src/MarketDataCollector.Contracts/Configuration/AppConfigDto.cs(497,19): warning CS1591: Missing XML comment for publicly visible type or member 'AppSettingsDto.Theme' [/home/runner/work/Market-Data-Collector/Market-Data-Collector/src/MarketDataCollector.Contracts/MarketDataCollector.Contracts.csproj]
/home/runner/work/Market-Data-Collector/Market-Data-Collector/src/MarketDataCollector.Contracts/Configuration/AppConfigDto.cs(500,19): warning CS1591: Missing XML comment for publicly visible type or member 'AppSettingsDto.AccentColor' [/home/runner/work/Market-Data-Collector/Market-Data-Collector/src/MarketDataCollector.Contracts/MarketDataCollector.Contracts.csproj]
/home/runner/work/Market-Data-Collector/Market-Data-Collector/src/MarketDataCollector.Contracts/Configuration/AppConfigDto.cs(503,17): warning CS1591: Missing XML comment for publicly visible type or member 'AppSettingsDto.CompactMode' [/home/runner/work/Market-Data-Collector/Market-Data-Collector/src/MarketDataCollector.Contracts/MarketDataCollector.Contracts.csproj]
/home/runner/work/Market-Data-Collector/Market-Data-Collector/src/MarketDataCollector.Contracts/Configuration/AppConfigDto.cs(506,17): warning CS1591: Missing XML comment for publicly visible type or member 'AppSettingsDto.NotificationsEnabled' [/home/runner/work/Market-Data-Collector/Market-Data-Collector/src/MarketDataCollector.Contracts/MarketDataCollector.Contracts.csproj]
/home/runner/work/Market-Data-Collector/Market-Data-Collector/src/MarketDataCollector.Contracts/Configuration/AppConfigDto.cs(509,17): warning CS1591: Missing XML comment for publicly visible type or member 'AppSettingsDto.AutoReconnectEnabled' [/home/runner/work/Market-Data-Collector/Market-Data-Collector/src/MarketDataCollector.Contracts/MarketDataCollector.Contracts.csproj]
/home/runner/work/Market-Data-Collector/Market-Data-Collector/src/MarketDataCollector.Contracts/Configuration/AppConfigDto.cs(512,16): warning CS1591: Missing XML comment for publicly visible type or member 'AppSettingsDto.MaxReconnectAttempts' [/home/runner/work/Market-Data-Collector/Market-Data-Collector/src/MarketDataCollector.Contracts/MarketDataCollector.Contracts.csproj]
/home/runner/work/Market-Data-Collector/Market-Data-Collector/src/MarketDataCollector.Contracts/Configuration/AppConfigDto.cs(515,16): warning CS1591: Missing XML comment for publicly visible type or member 'AppSettingsDto.StatusRefreshIntervalSeconds' [/home/runner/work/Market-Data-Collector/Market-Data-Collector/src/MarketDataCollector.Contracts/MarketDataCollector.Contracts.csproj]
/home/runner/work/Market-Data-Collector/Market-Data-Collector/src/MarketDataCollector.Contracts/Credentials/CredentialModels.cs(68,19): warning CS1591: Missing XML comment for publicly visible type or member 'CredentialInfo.Name' [/home/runner/work/Market-Data-Collector/Market-Data-Collector/src/MarketDataCollector.Contracts/MarketDataCollector.Contracts.csproj]
/home/runner/work/Market-Data-Collector/Market-Data-Collector/src/MarketDataCollector.Contracts/Credentials/CredentialModels.cs(71,19): warning CS1591: Missing XML comment for publicly visible type or member 'CredentialInfo.Resource' [/home/runner/work/Market-Data-Collector/Market-Data-Collector/src/MarketDataCollector.Contracts/MarketDataCollector.Contracts.csproj]
/home/runner/work/Market-Data-Collector/Market-Data-Collector/src/MarketDataCollector.Contracts/Credentials/CredentialModels.cs(74,19): warning CS1591: Missing XML comment for publicly visible type or member 'CredentialInfo.Status' [/home/runner/work/Market-Data-Collector/Market-Data-Collector/src/MarketDataCollector.Contracts/MarketDataCollector.Contracts.csproj]
/home/runner/work/Market-Data-Collector/Market-Data-Collector/src/MarketDataCollector.Contracts/Credentials/CredentialModels.cs(77,27): warning CS1591: Missing XML comment for publicly visible type or member 'CredentialInfo.CredentialType' [/home/runner/work/Market-Data-Collector/Market-Data-Collector/src/MarketDataCollector.Contracts/MarketDataCollector.Contracts.csproj]
/home/runner/work/Market-Data-Collector/Market-Data-Collector/src/MarketDataCollector.Contracts/Credentials/CredentialModels.cs(80,22): warning CS1591: Missing XML comment for publicly visible type or member 'CredentialInfo.ExpiresAt' [/home/runner/work/Market-Data-Collector/Market-Data-Collector/src/MarketDataCollector.Contracts/MarketDataCollector.Contracts.csproj]
/home/runner/work/Market-Data-Collector/Market-Data-Collector/src/MarketDataCollector.Contracts/Credentials/CredentialModels.cs(83,22): warning CS1591: Missing XML comment for publicly visible type or member 'CredentialInfo.LastAuthenticatedAt' [/home/runner/work/Market-Data-Collector/Market-Data-Collector/src/MarketDataCollector.Contracts/MarketDataCollector.Contracts.csproj]
/home/runner/work/Market-Data-Collector/Market-Data-Collector/src/MarketDataCollector.Contracts/Credentials/CredentialModels.cs(86,22): warning CS1591: Missing XML comment for publicly visible type or member 'CredentialInfo.LastTestedAt' [/home/runner/work/Market-Data-Collector/Market-Data-Collector/src/MarketDataCollector.Contracts/MarketDataCollector.Contracts.csproj]
/home/runner/work/Market-Data-Collector/Market-Data-Collector/src/MarketDataCollector.Contracts/Credentials/CredentialModels.cs(89,33): warning CS1591: Missing XML comment for publicly visible type or member 'CredentialInfo.TestStatus' [/home/runner/work/Market-Data-Collector/Market-Data-Collector/src/MarketDataCollector.Contracts/MarketDataCollector.Contracts.csproj]
/home/runner/work/Market-Data-Collector/Market-Data-Collector/src/MarketDataCollector.Contracts/Credentials/CredentialModels.cs(92,17): warning CS1591: Missing XML comment for publicly visible type or member 'CredentialInfo.IsExpiringSoon' [/home/runner/work/Market-Data-Collector/Market-Data-Collector/src/MarketDataCollector.Contracts/MarketDataCollector.Contracts.csproj]
/home/runner/work/Market-Data-Collector/Market-Data-Collector/src/MarketDataCollector.Contracts/Credentials/CredentialModels.cs(97,17): warning CS1591: Missing XML comment for publicly visible type or member 'CredentialInfo.IsExpired' [/home/runner/work/Market-Data-Collector/Market-Data-Collector/src/MarketDataCollector.Contracts/MarketDataCollector.Contracts.csproj]
/home/runner/work/Market-Data-Collector/Market-Data-Collector/src/MarketDataCollector.Contracts/Credentials/CredentialModels.cs(100,17): warning CS1591: Missing XML comment for publicly visible type or member 'CredentialInfo.CanAutoRefresh' [/home/runner/work/Market-Data-Collector/Market-Data-Collector/src/MarketDataCollector.Contracts/MarketDataCollector.Contracts.csproj]
/home/runner/work/Market-Data-Collector/Market-Data-Collector/src/MarketDataCollector.Contracts/Credentials/CredentialModels.cs(103,20): warning CS1591: Missing XML comment for publicly visible type or member 'CredentialInfo.RefreshToken' [/home/runner/work/Market-Data-Collector/Market-Data-Collector/src/MarketDataCollector.Contracts/MarketDataCollector.Contracts.csproj]
/home/runner/work/Market-Data-Collector/Market-Data-Collector/src/MarketDataCollector.Contracts/Credentials/CredentialModels.cs(161,17): warning CS1591: Missing XML comment for publicly visible type or member 'CredentialTestResult.Success' [/home/runner/work/Market-Data-Collector/Market-Data-Collector/src/MarketDataCollector.Contracts/MarketDataCollector.Contracts.csproj]
/home/runner/work/Market-Data-Collector/Market-Data-Collector/src/MarketDataCollector.Contracts/Credentials/CredentialModels.cs(164,19): warning CS1591: Missing XML comment for publicly visible type or member 'CredentialTestResult.Message' [/home/runner/work/Market-Data-Collector/Market-Data-Collector/src/MarketDataCollector.Contracts/MarketDataCollector.Contracts.csproj]
/home/runner/work/Market-Data-Collector/Market-Data-Collector/src/MarketDataCollector.Contracts/Credentials/CredentialModels.cs(167,21): warning CS1591: Missing XML comment for publicly visible type or member 'CredentialTestResult.TestedAt' [/home/runner/work/Market-Data-Collector/Market-Data-Collector/src/MarketDataCollector.Contracts/MarketDataCollector.Contracts.csproj]
/home/runner/work/Market-Data-Collector/Market-Data-Collector/src/MarketDataCollector.Contracts/Credentials/CredentialModels.cs(170,17): warning CS1591: Missing XML comment for publicly visible type or member 'CredentialTestResult.ResponseTimeMs' [/home/runner/work/Market-Data-Collector/Market-Data-Collector/src/MarketDataCollector.Contracts/MarketDataCollector.Contracts.csproj]
/home/runner/work/Market-Data-Collector/Market-Data-Collector/src/MarketDataCollector.Contracts/Credentials/CredentialModels.cs(173,20): warning CS1591: Missing XML comment for publicly visible type or member 'CredentialTestResult.ServerInfo' [/home/runner/work/Market-Data-Collector/Market-Data-Collector/src/MarketDataCollector.Contracts/MarketDataCollector.Contracts.csproj]
/home/runner/work/Market-Data-Collector/Market-Data-Collector/src/MarketDataCollector.Contracts/Credentials/CredentialModels.cs(176,22): warning CS1591: Missing XML comment for publicly visible type or member 'CredentialTestResult.ExpiresAt' [/home/runner/work/Market-Data-Collector/Market-Data-Collector/src/MarketDataCollector.Contracts/MarketDataCollector.Contracts.csproj]
/home/runner/work/Market-Data-Collector/Market-Data-Collector/src/MarketDataCollector.Contracts/Credentials/CredentialModels.cs(179,22): warning CS1591: Missing XML comment for publicly visible type or member 'CredentialTestResult.Scopes' [/home/runner/work/Market-Data-Collector/Market-Data-Collector/src/MarketDataCollector.Contracts/MarketDataCollector.Contracts.csproj]
/home/runner/work/Market-Data-Collector/Market-Data-Collector/src/MarketDataCollector.Contracts/Credentials/CredentialModels.cs(213,19): warning CS1591: Missing XML comment for publicly visible type or member 'CredentialMetadata.Resource' [/home/runner/work/Market-Data-Collector/Market-Data-Collector/src/MarketDataCollector.Contracts/MarketDataCollector.Contracts.csproj]
/home/runner/work/Market-Data-Collector/Market-Data-Collector/src/MarketDataCollector.Contracts/Credentials/CredentialModels.cs(216,27): warning CS1591: Missing XML comment for publicly visible type or member 'CredentialMetadata.CredentialType' [/home/runner/work/Market-Data-Collector/Market-Data-Collector/src/MarketDataCollector.Contracts/MarketDataCollector.Contracts.csproj]
/home/runner/work/Market-Data-Collector/Market-Data-Collector/src/MarketDataCollector.Contracts/Credentials/CredentialModels.cs(219,21): warning CS1591: Missing XML comment for publicly visible type or member 'CredentialMetadata.CreatedAt' [/home/runner/work/Market-Data-Collector/Market-Data-Collector/src/MarketDataCollector.Contracts/MarketDataCollector.Contracts.csproj]
/home/runner/work/Market-Data-Collector/Market-Data-Collector/src/MarketDataCollector.Contracts/Credentials/CredentialModels.cs(222,22): warning CS1591: Missing XML comment for publicly visible type or member 'CredentialMetadata.ExpiresAt' [/home/runner/work/Market-Data-Collector/Market-Data-Collector/src/MarketDataCollector.Contracts/MarketDataCollector.Contracts.csproj]
/home/runner/work/Market-Data-Collector/Market-Data-Collector/src/MarketDataCollector.Contracts/Credentials/CredentialModels.cs(225,22): warning CS1591: Missing XML comment for publicly visible type or member 'CredentialMetadata.LastAuthenticatedAt' [/home/runner/work/Market-Data-Collector/Market-Data-Collector/src/MarketDataCollector.Contracts/MarketDataCollector.Contracts.csproj]
/home/runner/work/Market-Data-Collector/Market-Data-Collector/src/MarketDataCollector.Contracts/Credentials/CredentialModels.cs(228,22): warning CS1591: Missing XML comment for publicly visible type or member 'CredentialMetadata.LastTestedAt' [/home/runner/work/Market-Data-Collector/Market-Data-Collector/src/MarketDataCollector.Contracts/MarketDataCollector.Contracts.csproj]
/home/runner/work/Market-Data-Collector/Market-Data-Collector/src/MarketDataCollector.Contracts/Credentials/CredentialModels.cs(231,33): warning CS1591: Missing XML comment for publicly visible type or member 'CredentialMetadata.TestStatus' [/home/runner/work/Market-Data-Collector/Market-Data-Collector/src/MarketDataCollector.Contracts/MarketDataCollector.Contracts.csproj]
/home/runner/work/Market-Data-Collector/Market-Data-Collector/src/MarketDataCollector.Contracts/Credentials/CredentialModels.cs(234,20): warning CS1591: Missing XML comment for publicly visible type or member 'CredentialMetadata.RefreshToken' [/home/runner/work/Market-Data-Collector/Market-Data-Collector/src/MarketDataCollector.Contracts/MarketDataCollector.Contracts.csproj]
/home/runner/work/Market-Data-Collector/Market-Data-Collector/src/MarketDataCollector.Contracts/Credentials/CredentialModels.cs(237,20): warning CS1591: Missing XML comment for publicly visible type or member 'CredentialMetadata.TokenEndpoint' [/home/runner/work/Market-Data-Collector/Market-Data-Collector/src/MarketDataCollector.Contracts/MarketDataCollector.Contracts.csproj]
/home/runner/work/Market-Data-Collector/Market-Data-Collector/src/MarketDataCollector.Contracts/Credentials/CredentialModels.cs(240,20): warning CS1591: Missing XML comment for publicly visible type or member 'CredentialMetadata.ClientId' [/home/runner/work/Market-Data-Collector/Market-Data-Collector/src/MarketDataCollector.Contracts/MarketDataCollector.Contracts.csproj]
/home/runner/work/Market-Data-Collector/Market-Data-Collector/src/MarketDataCollector.Contracts/Credentials/CredentialModels.cs(243,17): warning CS1591: Missing XML comment for publicly visible type or member 'CredentialMetadata.AutoRefreshEnabled' [/home/runner/work/Market-Data-Collector/Market-Data-Collector/src/MarketDataCollector.Contracts/MarketDataCollector.Contracts.csproj]
/home/runner/work/Market-Data-Collector/Market-Data-Collector/src/MarketDataCollector.Contracts/Credentials/CredentialModels.cs(246,22): warning CS1591: Missing XML comment for publicly visible type or member 'CredentialMetadata.LastRefreshAttemptAt' [/home/runner/work/Market-Data-Collector/Market-Data-Collector/src/MarketDataCollector.Contracts/MarketDataCollector.Contracts.csproj]
/home/runner/work/Market-Data-Collector/Market-Data-Collector/src/MarketDataCollector.Contracts/Credentials/CredentialModels.cs(249,16): warning CS1591: Missing XML comment for publicly visible type or member 'CredentialMetadata.RefreshFailureCount' [/home/runner/work/Market-Data-Collector/Market-Data-Collector/src/MarketDataCollector.Contracts/MarketDataCollector.Contracts.csproj]
/home/runner/work/Market-Data-Collector/Market-Data-Collector/src/MarketDataCollector.Contracts/Credentials/CredentialModels.cs(258,19): warning CS1591: Missing XML comment for publicly visible type or member 'OAuthTokenResponse.AccessToken' [/home/runner/work/Market-Data-Collector/Market-Data-Collector/src/MarketDataCollector.Contracts/MarketDataCollector.Contracts.csproj]
/home/runner/work/Market-Data-Collector/Market-Data-Collector/src/MarketDataCollector.Contracts/Credentials/CredentialModels.cs(261,19): warning CS1591: Missing XML comment for publicly visible type or member 'OAuthTokenResponse.TokenType' [/home/runner/work/Market-Data-Collector/Market-Data-Collector/src/MarketDataCollector.Contracts/MarketDataCollector.Contracts.csproj]
/home/runner/work/Market-Data-Collector/Market-Data-Collector/src/MarketDataCollector.Contracts/Credentials/CredentialModels.cs(264,16): warning CS1591: Missing XML comment for publicly visible type or member 'OAuthTokenResponse.ExpiresInSeconds' [/home/runner/work/Market-Data-Collector/Market-Data-Collector/src/MarketDataCollector.Contracts/MarketDataCollector.Contracts.csproj]
/home/runner/work/Market-Data-Collector/Market-Data-Collector/src/MarketDataCollector.Contracts/Credentials/CredentialModels.cs(267,20): warning CS1591: Missing XML comment for publicly visible type or member 'OAuthTokenResponse.RefreshToken' [/home/runner/work/Market-Data-Collector/Market-Data-Collector/src/MarketDataCollector.Contracts/MarketDataCollector.Contracts.csproj]
/home/runner/work/Market-Data-Collector/Market-Data-Collector/src/MarketDataCollector.Contracts/Credentials/CredentialModels.cs(270,20): warning CS1591: Missing XML comment for publicly visible type or member 'OAuthTokenResponse.Scope' [/home/runner/work/Market-Data-Collector/Market-Data-Collector/src/MarketDataCollector.Contracts/MarketDataCollector.Contracts.csproj]
/home/runner/work/Market-Data-Collector/Market-Data-Collector/src/MarketDataCollector.Contracts/Credentials/CredentialModels.cs(287,19): warning CS1591: Missing XML comment for publicly visible type or member 'OAuthProviderConfig.ProviderId' [/home/runner/work/Market-Data-Collector/Market-Data-Collector/src/MarketDataCollector.Contracts/MarketDataCollector.Contracts.csproj]
/home/runner/work/Market-Data-Collector/Market-Data-Collector/src/MarketDataCollector.Contracts/Credentials/CredentialModels.cs(290,19): warning CS1591: Missing XML comment for publicly visible type or member 'OAuthProviderConfig.DisplayName' [/home/runner/work/Market-Data-Collector/Market-Data-Collector/src/MarketDataCollector.Contracts/MarketDataCollector.Contracts.csproj]
/home/runner/work/Market-Data-Collector/Market-Data-Collector/src/MarketDataCollector.Contracts/Credentials/CredentialModels.cs(293,19): warning CS1591: Missing XML comment for publicly visible type or member 'OAuthProviderConfig.TokenEndpoint' [/home/runner/work/Market-Data-Collector/Market-Data-Collector/src/MarketDataCollector.Contracts/MarketDataCollector.Contracts.csproj]
/home/runner/work/Market-Data-Collector/Market-Data-Collector/src/MarketDataCollector.Contracts/Credentials/CredentialModels.cs(296,19): warning CS1591: Missing XML comment for publicly visible type or member 'OAuthProviderConfig.ClientId' [/home/runner/work/Market-Data-Collector/Market-Data-Collector/src/MarketDataCollector.Contracts/MarketDataCollector.Contracts.csproj]
/home/runner/work/Market-Data-Collector/Market-Data-Collector/src/MarketDataCollector.Contracts/Credentials/CredentialModels.cs(299,20): warning CS1591: Missing XML comment for publicly visible type or member 'OAuthProviderConfig.ClientSecret' [/home/runner/work/Market-Data-Collector/Market-Data-Collector/src/MarketDataCollector.Contracts/MarketDataCollector.Contracts.csproj]
/home/runner/work/Market-Data-Collector/Market-Data-Collector/src/MarketDataCollector.Contracts/Credentials/CredentialModels.cs(302,22): warning CS1591: Missing XML comment for publicly visible type or member 'OAuthProviderConfig.Scopes' [/home/runner/work/Market-Data-Collector/Market-Data-Collector/src/MarketDataCollector.Contracts/MarketDataCollector.Contracts.csproj]
/home/runner/work/Market-Data-Collector/Market-Data-Collector/src/MarketDataCollector.Contracts/Credentials/CredentialModels.cs(305,16): warning CS1591: Missing XML comment for publicly visible type or member 'OAuthProviderConfig.AutoRefreshThresholdMinutes' [/home/runner/work/Market-Data-Collector/Market-Data-Collector/src/MarketDataCollector.Contracts/MarketDataCollector.Contracts.csproj]
/home/runner/work/Market-Data-Collector/Market-Data-Collector/src/MarketDataCollector.Contracts/Domain/MarketDataModels.cs(11,27): warning CS1591: Missing XML comment for publicly visible type or member 'TradeDto.Timestamp' [/home/runner/work/Market-Data-Collector/Market-Data-Collector/src/MarketDataCollector.Contracts/MarketDataCollector.Contracts.csproj]
/home/runner/work/Market-Data-Collector/Market-Data-Collector/src/MarketDataCollector.Contracts/Domain/MarketDataModels.cs(14,19): warning CS1591: Missing XML comment for publicly visible type or member 'TradeDto.Symbol' [/home/runner/work/Market-Data-Collector/Market-Data-Collector/src/MarketDataCollector.Contracts/MarketDataCollector.Contracts.csproj]
/home/runner/work/Market-Data-Collector/Market-Data-Collector/src/MarketDataCollector.Contracts/Domain/MarketDataModels.cs(17,20): warning CS1591: Missing XML comment for publicly visible type or member 'TradeDto.Price' [/home/runner/work/Market-Data-Collector/Market-Data-Collector/src/MarketDataCollector.Contracts/MarketDataCollector.Contracts.csproj]
/home/runner/work/Market-Data-Collector/Market-Data-Collector/src/MarketDataCollector.Contracts/Domain/MarketDataModels.cs(20,17): warning CS1591: Missing XML comment for publicly visible type or member 'TradeDto.Size' [/home/runner/work/Market-Data-Collector/Market-Data-Collector/src/MarketDataCollector.Contracts/MarketDataCollector.Contracts.csproj]
/home/runner/work/Market-Data-Collector/Market-Data-Collector/src/MarketDataCollector.Contracts/Domain/MarketDataModels.cs(23,19): warning CS1591: Missing XML comment for publicly visible type or member 'TradeDto.Aggressor' [/home/runner/work/Market-Data-Collector/Market-Data-Collector/src/MarketDataCollector.Contracts/MarketDataCollector.Contracts.csproj]
/home/runner/work/Market-Data-Collector/Market-Data-Collector/src/MarketDataCollector.Contracts/Domain/MarketDataModels.cs(26,17): warning CS1591: Missing XML comment for publicly visible type or member 'TradeDto.SequenceNumber' [/home/runner/work/Market-Data-Collector/Market-Data-Collector/src/MarketDataCollector.Contracts/MarketDataCollector.Contracts.csproj]
/home/runner/work/Market-Data-Collector/Market-Data-Collector/src/MarketDataCollector.Contracts/Domain/MarketDataModels.cs(29,20): warning CS1591: Missing XML comment for publicly visible type or member 'TradeDto.StreamId' [/home/runner/work/Market-Data-Collector/Market-Data-Collector/src/MarketDataCollector.Contracts/MarketDataCollector.Contracts.csproj]
/home/runner/work/Market-Data-Collector/Market-Data-Collector/src/MarketDataCollector.Contracts/Domain/MarketDataModels.cs(32,20): warning CS1591: Missing XML comment for publicly visible type or member 'TradeDto.Venue' [/home/runner/work/Market-Data-Collector/Market-Data-Collector/src/MarketDataCollector.Contracts/MarketDataCollector.Contracts.csproj]
/home/runner/work/Market-Data-Collector/Market-Data-Collector/src/MarketDataCollector.Contracts/Domain/MarketDataModels.cs(35,20): warning CS1591: Missing XML comment for publicly visible type or member 'TradeDto.TradeId' [/home/runner/work/Market-Data-Collector/Market-Data-Collector/src/MarketDataCollector.Contracts/MarketDataCollector.Contracts.csproj]
/home/runner/work/Market-Data-Collector/Market-Data-Collector/src/MarketDataCollector.Contracts/Domain/MarketDataModels.cs(38,22): warning CS1591: Missing XML comment for publicly visible type or member 'TradeDto.Conditions' [/home/runner/work/Market-Data-Collector/Market-Data-Collector/src/MarketDataCollector.Contracts/MarketDataCollector.Contracts.csproj]
/home/runner/work/Market-Data-Collector/Market-Data-Collector/src/MarketDataCollector.Contracts/Domain/MarketDataModels.cs(47,27): warning CS1591: Missing XML comment for publicly visible type or member 'QuoteDto.Timestamp' [/home/runner/work/Market-Data-Collector/Market-Data-Collector/src/MarketDataCollector.Contracts/MarketDataCollector.Contracts.csproj]
/home/runner/work/Market-Data-Collector/Market-Data-Collector/src/MarketDataCollector.Contracts/Domain/MarketDataModels.cs(50,19): warning CS1591: Missing XML comment for publicly visible type or member 'QuoteDto.Symbol' [/home/runner/work/Market-Data-Collector/Market-Data-Collector/src/MarketDataCollector.Contracts/MarketDataCollector.Contracts.csproj]
/home/runner/work/Market-Data-Collector/Market-Data-Collector/src/MarketDataCollector.Contracts/Domain/MarketDataModels.cs(53,20): warning CS1591: Missing XML comment for publicly visible type or member 'QuoteDto.BidPrice' [/home/runner/work/Market-Data-Collector/Market-Data-Collector/src/MarketDataCollector.Contracts/MarketDataCollector.Contracts.csproj]
/home/runner/work/Market-Data-Collector/Market-Data-Collector/src/MarketDataCollector.Contracts/Domain/MarketDataModels.cs(56,17): warning CS1591: Missing XML comment for publicly visible type or member 'QuoteDto.BidSize' [/home/runner/work/Market-Data-Collector/Market-Data-Collector/src/MarketDataCollector.Contracts/MarketDataCollector.Contracts.csproj]
/home/runner/work/Market-Data-Collector/Market-Data-Collector/src/MarketDataCollector.Contracts/Domain/MarketDataModels.cs(59,20): warning CS1591: Missing XML comment for publicly visible type or member 'QuoteDto.AskPrice' [/home/runner/work/Market-Data-Collector/Market-Data-Collector/src/MarketDataCollector.Contracts/MarketDataCollector.Contracts.csproj]
/home/runner/work/Market-Data-Collector/Market-Data-Collector/src/MarketDataCollector.Contracts/Domain/MarketDataModels.cs(62,17): warning CS1591: Missing XML comment for publicly visible type or member 'QuoteDto.AskSize' [/home/runner/work/Market-Data-Collector/Market-Data-Collector/src/MarketDataCollector.Contracts/MarketDataCollector.Contracts.csproj]
/home/runner/work/Market-Data-Collector/Market-Data-Collector/src/MarketDataCollector.Contracts/Domain/MarketDataModels.cs(65,21): warning CS1591: Missing XML comment for publicly visible type or member 'QuoteDto.MidPrice' [/home/runner/work/Market-Data-Collector/Market-Data-Collector/src/MarketDataCollector.Contracts/MarketDataCollector.Contracts.csproj]
/home/runner/work/Market-Data-Collector/Market-Data-Collector/src/MarketDataCollector.Contracts/Domain/MarketDataModels.cs(68,21): warning CS1591: Missing XML comment for publicly visible type or member 'QuoteDto.Spread' [/home/runner/work/Market-Data-Collector/Market-Data-Collector/src/MarketDataCollector.Contracts/MarketDataCollector.Contracts.csproj]
/home/runner/work/Market-Data-Collector/Market-Data-Collector/src/MarketDataCollector.Contracts/Domain/MarketDataModels.cs(71,17): warning CS1591: Missing XML comment for publicly visible type or member 'QuoteDto.SequenceNumber' [/home/runner/work/Market-Data-Collector/Market-Data-Collector/src/MarketDataCollector.Contracts/MarketDataCollector.Contracts.csproj]
/home/runner/work/Market-Data-Collector/Market-Data-Collector/src/MarketDataCollector.Contracts/Domain/MarketDataModels.cs(74,20): warning CS1591: Missing XML comment for publicly visible type or member 'QuoteDto.StreamId' [/home/runner/work/Market-Data-Collector/Market-Data-Collector/src/MarketDataCollector.Contracts/MarketDataCollector.Contracts.csproj]
/home/runner/work/Market-Data-Collector/Market-Data-Collector/src/MarketDataCollector.Contracts/Domain/MarketDataModels.cs(77,20): warning CS1591: Missing XML comment for publicly visible type or member 'QuoteDto.Venue' [/home/runner/work/Market-Data-Collector/Market-Data-Collector/src/MarketDataCollector.Contracts/MarketDataCollector.Contracts.csproj]
/home/runner/work/Market-Data-Collector/Market-Data-Collector/src/MarketDataCollector.Contracts/Domain/MarketDataModels.cs(86,19): warning CS1591: Missing XML comment for publicly visible type or member 'OrderBookLevelDto.Side' [/home/runner/work/Market-Data-Collector/Market-Data-Collector/src/MarketDataCollector.Contracts/MarketDataCollector.Contracts.csproj]
/home/runner/work/Market-Data-Collector/Market-Data-Collector/src/MarketDataCollector.Contracts/Domain/MarketDataModels.cs(89,16): warning CS1591: Missing XML comment for publicly visible type or member 'OrderBookLevelDto.Level' [/home/runner/work/Market-Data-Collector/Market-Data-Collector/src/MarketDataCollector.Contracts/MarketDataCollector.Contracts.csproj]
/home/runner/work/Market-Data-Collector/Market-Data-Collector/src/MarketDataCollector.Contracts/Domain/MarketDataModels.cs(92,20): warning CS1591: Missing XML comment for publicly visible type or member 'OrderBookLevelDto.Price' [/home/runner/work/Market-Data-Collector/Market-Data-Collector/src/MarketDataCollector.Contracts/MarketDataCollector.Contracts.csproj]
/home/runner/work/Market-Data-Collector/Market-Data-Collector/src/MarketDataCollector.Contracts/Domain/MarketDataModels.cs(95,20): warning CS1591: Missing XML comment for publicly visible type or member 'OrderBookLevelDto.Size' [/home/runner/work/Market-Data-Collector/Market-Data-Collector/src/MarketDataCollector.Contracts/MarketDataCollector.Contracts.csproj]
/home/runner/work/Market-Data-Collector/Market-Data-Collector/src/MarketDataCollector.Contracts/Domain/MarketDataModels.cs(98,20): warning CS1591: Missing XML comment for publicly visible type or member 'OrderBookLevelDto.MarketMaker' [/home/runner/work/Market-Data-Collector/Market-Data-Collector/src/MarketDataCollector.Contracts/MarketDataCollector.Contracts.csproj]
/home/runner/work/Market-Data-Collector/Market-Data-Collector/src/MarketDataCollector.Contracts/Domain/MarketDataModels.cs(101,17): warning CS1591: Missing XML comment for publicly visible type or member 'OrderBookLevelDto.OrderCount' [/home/runner/work/Market-Data-Collector/Market-Data-Collector/src/MarketDataCollector.Contracts/MarketDataCollector.Contracts.csproj]
/home/runner/work/Market-Data-Collector/Market-Data-Collector/src/MarketDataCollector.Contracts/Domain/MarketDataModels.cs(110,27): warning CS1591: Missing XML comment for publicly visible type or member 'OrderBookSnapshotDto.Timestamp' [/home/runner/work/Market-Data-Collector/Market-Data-Collector/src/MarketDataCollector.Contracts/MarketDataCollector.Contracts.csproj]
/home/runner/work/Market-Data-Collector/Market-Data-Collector/src/MarketDataCollector.Contracts/Domain/MarketDataModels.cs(113,19): warning CS1591: Missing XML comment for publicly visible type or member 'OrderBookSnapshotDto.Symbol' [/home/runner/work/Market-Data-Collector/Market-Data-Collector/src/MarketDataCollector.Contracts/MarketDataCollector.Contracts.csproj]
/home/runner/work/Market-Data-Collector/Market-Data-Collector/src/MarketDataCollector.Contracts/Domain/MarketDataModels.cs(116,32): warning CS1591: Missing XML comment for publicly visible type or member 'OrderBookSnapshotDto.Bids' [/home/runner/work/Market-Data-Collector/Market-Data-Collector/src/MarketDataCollector.Contracts/MarketDataCollector.Contracts.csproj]
/home/runner/work/Market-Data-Collector/Market-Data-Collector/src/MarketDataCollector.Contracts/Domain/MarketDataModels.cs(119,32): warning CS1591: Missing XML comment for publicly visible type or member 'OrderBookSnapshotDto.Asks' [/home/runner/work/Market-Data-Collector/Market-Data-Collector/src/MarketDataCollector.Contracts/MarketDataCollector.Contracts.csproj]
/home/runner/work/Market-Data-Collector/Market-Data-Collector/src/MarketDataCollector.Contracts/Domain/MarketDataModels.cs(122,21): warning CS1591: Missing XML comment for publicly visible type or member 'OrderBookSnapshotDto.MidPrice' [/home/runner/work/Market-Data-Collector/Market-Data-Collector/src/MarketDataCollector.Contracts/MarketDataCollector.Contracts.csproj]
/home/runner/work/Market-Data-Collector/Market-Data-Collector/src/MarketDataCollector.Contracts/Domain/MarketDataModels.cs(125,21): warning CS1591: Missing XML comment for publicly visible type or member 'OrderBookSnapshotDto.MicroPrice' [/home/runner/work/Market-Data-Collector/Market-Data-Collector/src/MarketDataCollector.Contracts/MarketDataCollector.Contracts.csproj]
/home/runner/work/Market-Data-Collector/Market-Data-Collector/src/MarketDataCollector.Contracts/Domain/MarketDataModels.cs(128,21): warning CS1591: Missing XML comment for publicly visible type or member 'OrderBookSnapshotDto.Imbalance' [/home/runner/work/Market-Data-Collector/Market-Data-Collector/src/MarketDataCollector.Contracts/MarketDataCollector.Contracts.csproj]
/home/runner/work/Market-Data-Collector/Market-Data-Collector/src/MarketDataCollector.Contracts/Domain/MarketDataModels.cs(131,19): warning CS1591: Missing XML comment for publicly visible type or member 'OrderBookSnapshotDto.MarketState' [/home/runner/work/Market-Data-Collector/Market-Data-Collector/src/MarketDataCollector.Contracts/MarketDataCollector.Contracts.csproj]
/home/runner/work/Market-Data-Collector/Market-Data-Collector/src/MarketDataCollector.Contracts/Domain/MarketDataModels.cs(134,17): warning CS1591: Missing XML comment for publicly visible type or member 'OrderBookSnapshotDto.SequenceNumber' [/home/runner/work/Market-Data-Collector/Market-Data-Collector/src/MarketDataCollector.Contracts/MarketDataCollector.Contracts.csproj]
/home/runner/work/Market-Data-Collector/Market-Data-Collector/src/MarketDataCollector.Contracts/Domain/MarketDataModels.cs(143,27): warning CS1591: Missing XML comment for publicly visible type or member 'HistoricalBarDto.Timestamp' [/home/runner/work/Market-Data-Collector/Market-Data-Collector/src/MarketDataCollector.Contracts/MarketDataCollector.Contracts.csproj]
/home/runner/work/Market-Data-Collector/Market-Data-Collector/src/MarketDataCollector.Contracts/Domain/MarketDataModels.cs(146,19): warning CS1591: Missing XML comment for publicly visible type or member 'HistoricalBarDto.Symbol' [/home/runner/work/Market-Data-Collector/Market-Data-Collector/src/MarketDataCollector.Contracts/MarketDataCollector.Contracts.csproj]
/home/runner/work/Market-Data-Collector/Market-Data-Collector/src/MarketDataCollector.Contracts/Domain/MarketDataModels.cs(149,20): warning CS1591: Missing XML comment for publicly visible type or member 'HistoricalBarDto.Open' [/home/runner/work/Market-Data-Collector/Market-Data-Collector/src/MarketDataCollector.Contracts/MarketDataCollector.Contracts.csproj]
/home/runner/work/Market-Data-Collector/Market-Data-Collector/src/MarketDataCollector.Contracts/Domain/MarketDataModels.cs(152,20): warning CS1591: Missing XML comment for publicly visible type or member 'HistoricalBarDto.High' [/home/runner/work/Market-Data-Collector/Market-Data-Collector/src/MarketDataCollector.Contracts/MarketDataCollector.Contracts.csproj]
/home/runner/work/Market-Data-Collector/Market-Data-Collector/src/MarketDataCollector.Contracts/Domain/MarketDataModels.cs(155,20): warning CS1591: Missing XML comment for publicly visible type or member 'HistoricalBarDto.Low' [/home/runner/work/Market-Data-Collector/Market-Data-Collector/src/MarketDataCollector.Contracts/MarketDataCollector.Contracts.csproj]
/home/runner/work/Market-Data-Collector/Market-Data-Collector/src/MarketDataCollector.Contracts/Domain/MarketDataModels.cs(158,20): warning CS1591: Missing XML comment for publicly visible type or member 'HistoricalBarDto.Close' [/home/runner/work/Market-Data-Collector/Market-Data-Collector/src/MarketDataCollector.Contracts/MarketDataCollector.Contracts.csproj]
/home/runner/work/Market-Data-Collector/Market-Data-Collector/src/MarketDataCollector.Contracts/Domain/MarketDataModels.cs(161,17): warning CS1591: Missing XML comment for publicly visible type or member 'HistoricalBarDto.Volume' [/home/runner/work/Market-Data-Collector/Market-Data-Collector/src/MarketDataCollector.Contracts/MarketDataCollector.Contracts.csproj]
/home/runner/work/Market-Data-Collector/Market-Data-Collector/src/MarketDataCollector.Contracts/Domain/MarketDataModels.cs(164,21): warning CS1591: Missing XML comment for publicly visible type or member 'HistoricalBarDto.Vwap' [/home/runner/work/Market-Data-Collector/Market-Data-Collector/src/MarketDataCollector.Contracts/MarketDataCollector.Contracts.csproj]
/home/runner/work/Market-Data-Collector/Market-Data-Collector/src/MarketDataCollector.Contracts/Domain/MarketDataModels.cs(167,17): warning CS1591: Missing XML comment for publicly visible type or member 'HistoricalBarDto.TradeCount' [/home/runner/work/Market-Data-Collector/Market-Data-Collector/src/MarketDataCollector.Contracts/MarketDataCollector.Contracts.csproj]
/home/runner/work/Market-Data-Collector/Market-Data-Collector/src/MarketDataCollector.Contracts/Domain/MarketDataModels.cs(170,19): warning CS1591: Missing XML comment for publicly visible type or member 'HistoricalBarDto.Interval' [/home/runner/work/Market-Data-Collector/Market-Data-Collector/src/MarketDataCollector.Contracts/MarketDataCollector.Contracts.csproj]
/home/runner/work/Market-Data-Collector/Market-Data-Collector/src/MarketDataCollector.Contracts/Domain/MarketDataModels.cs(173,20): warning CS1591: Missing XML comment for publicly visible type or member 'HistoricalBarDto.Source' [/home/runner/work/Market-Data-Collector/Market-Data-Collector/src/MarketDataCollector.Contracts/MarketDataCollector.Contracts.csproj]
/home/runner/work/Market-Data-Collector/Market-Data-Collector/src/MarketDataCollector.Contracts/Domain/MarketDataModels.cs(176,17): warning CS1591: Missing XML comment for publicly visible type or member 'HistoricalBarDto.IsAdjusted' [/home/runner/work/Market-Data-Collector/Market-Data-Collector/src/MarketDataCollector.Contracts/MarketDataCollector.Contracts.csproj]
/home/runner/work/Market-Data-Collector/Market-Data-Collector/src/MarketDataCollector.Contracts/Domain/MarketDataModels.cs(184,25): warning CS1591: Missing XML comment for publicly visible type or member 'AggressorSideValues.Buy' [/home/runner/work/Market-Data-Collector/Market-Data-Collector/src/MarketDataCollector.Contracts/MarketDataCollector.Contracts.csproj]
/home/runner/work/Market-Data-Collector/Market-Data-Collector/src/MarketDataCollector.Contracts/Domain/MarketDataModels.cs(185,25): warning CS1591: Missing XML comment for publicly visible type or member 'AggressorSideValues.Sell' [/home/runner/work/Market-Data-Collector/Market-Data-Collector/src/MarketDataCollector.Contracts/MarketDataCollector.Contracts.csproj]
/home/runner/work/Market-Data-Collector/Market-Data-Collector/src/MarketDataCollector.Contracts/Domain/MarketDataModels.cs(186,25): warning CS1591: Missing XML comment for publicly visible type or member 'AggressorSideValues.Unknown' [/home/runner/work/Market-Data-Collector/Market-Data-Collector/src/MarketDataCollector.Contracts/MarketDataCollector.Contracts.csproj]
/home/runner/work/Market-Data-Collector/Market-Data-Collector/src/MarketDataCollector.Contracts/Domain/MarketDataModels.cs(194,25): warning CS1591: Missing XML comment for publicly visible type or member 'OrderBookSideValues.Bid' [/home/runner/work/Market-Data-Collector/Market-Data-Collector/src/MarketDataCollector.Contracts/MarketDataCollector.Contracts.csproj]
/home/runner/work/Market-Data-Collector/Market-Data-Collector/src/MarketDataCollector.Contracts/Domain/MarketDataModels.cs(195,25): warning CS1591: Missing XML comment for publicly visible type or member 'OrderBookSideValues.Ask' [/home/runner/work/Market-Data-Collector/Market-Data-Collector/src/MarketDataCollector.Contracts/MarketDataCollector.Contracts.csproj]
/home/runner/work/Market-Data-Collector/Market-Data-Collector/src/MarketDataCollector.Contracts/Domain/MarketDataModels.cs(203,25): warning CS1591: Missing XML comment for publicly visible type or member 'MarketStateValues.Normal' [/home/runner/work/Market-Data-Collector/Market-Data-Collector/src/MarketDataCollector.Contracts/MarketDataCollector.Contracts.csproj]
/home/runner/work/Market-Data-Collector/Market-Data-Collector/src/MarketDataCollector.Contracts/Domain/MarketDataModels.cs(204,25): warning CS1591: Missing XML comment for publicly visible type or member 'MarketStateValues.PreMarket' [/home/runner/work/Market-Data-Collector/Market-Data-Collector/src/MarketDataCollector.Contracts/MarketDataCollector.Contracts.csproj]
/home/runner/work/Market-Data-Collector/Market-Data-Collector/src/MarketDataCollector.Contracts/Domain/MarketDataModels.cs(205,25): warning CS1591: Missing XML comment for publicly visible type or member 'MarketStateValues.AfterHours' [/home/runner/work/Market-Data-Collector/Market-Data-Collector/src/MarketDataCollector.Contracts/MarketDataCollector.Contracts.csproj]
/home/runner/work/Market-Data-Collector/Market-Data-Collector/src/MarketDataCollector.Contracts/Domain/MarketDataModels.cs(206,25): warning CS1591: Missing XML comment for publicly visible type or member 'MarketStateValues.Closed' [/home/runner/work/Market-Data-Collector/Market-Data-Collector/src/MarketDataCollector.Contracts/MarketDataCollector.Contracts.csproj]
/home/runner/work/Market-Data-Collector/Market-Data-Collector/src/MarketDataCollector.Contracts/Domain/MarketDataModels.cs(207,25): warning CS1591: Missing XML comment for publicly visible type or member 'MarketStateValues.Halted' [/home/runner/work/Market-Data-Collector/Market-Data-Collector/src/MarketDataCollector.Contracts/MarketDataCollector.Contracts.csproj]
/home/runner/work/Market-Data-Collector/Market-Data-Collector/src/MarketDataCollector.Contracts/Domain/MarketDataModels.cs(208,25): warning CS1591: Missing XML comment for publicly visible type or member 'MarketStateValues.Auction' [/home/runner/work/Market-Data-Collector/Market-Data-Collector/src/MarketDataCollector.Contracts/MarketDataCollector.Contracts.csproj]
/home/runner/work/Market-Data-Collector/Market-Data-Collector/src/MarketDataCollector.Contracts/Domain/MarketDataModels.cs(216,25): warning CS1591: Missing XML comment for publicly visible type or member 'BarIntervalValues.Minute1' [/home/runner/work/Market-Data-Collector/Market-Data-Collector/src/MarketDataCollector.Contracts/MarketDataCollector.Contracts.csproj]
/home/runner/work/Market-Data-Collector/Market-Data-Collector/src/MarketDataCollector.Contracts/Domain/MarketDataModels.cs(217,25): warning CS1591: Missing XML comment for publicly visible type or member 'BarIntervalValues.Minute5' [/home/runner/work/Market-Data-Collector/Market-Data-Collector/src/MarketDataCollector.Contracts/MarketDataCollector.Contracts.csproj]
/home/runner/work/Market-Data-Collector/Market-Data-Collector/src/MarketDataCollector.Contracts/Domain/MarketDataModels.cs(218,25): warning CS1591: Missing XML comment for publicly visible type or member 'BarIntervalValues.Minute15' [/home/runner/work/Market-Data-Collector/Market-Data-Collector/src/MarketDataCollector.Contracts/MarketDataCollector.Contracts.csproj]
/home/runner/work/Market-Data-Collector/Market-Data-Collector/src/MarketDataCollector.Contracts/Domain/MarketDataModels.cs(219,25): warning CS1591: Missing XML comment for publicly visible type or member 'BarIntervalValues.Minute30' [/home/runner/work/Market-Data-Collector/Market-Data-Collector/src/MarketDataCollector.Contracts/MarketDataCollector.Contracts.csproj]
/home/runner/work/Market-Data-Collector/Market-Data-Collector/src/MarketDataCollector.Contracts/Domain/MarketDataModels.cs(220,25): warning CS1591: Missing XML comment for publicly visible type or member 'BarIntervalValues.Hour1' [/home/runner/work/Market-Data-Collector/Market-Data-Collector/src/MarketDataCollector.Contracts/MarketDataCollector.Contracts.csproj]
/home/runner/work/Market-Data-Collector/Market-Data-Collector/src/MarketDataCollector.Contracts/Domain/MarketDataModels.cs(221,25): warning CS1591: Missing XML comment for publicly visible type or member 'BarIntervalValues.Hour4' [/home/runner/work/Market-Data-Collector/Market-Data-Collector/src/MarketDataCollector.Contracts/MarketDataCollector.Contracts.csproj]
/home/runner/work/Market-Data-Collector/Market-Data-Collector/src/MarketDataCollector.Contracts/Domain/MarketDataModels.cs(222,25): warning CS1591: Missing XML comment for publicly visible type or member 'BarIntervalValues.Daily' [/home/runner/work/Market-Data-Collector/Market-Data-Collector/src/MarketDataCollector.Contracts/MarketDataCollector.Contracts.csproj]
/home/runner/work/Market-Data-Collector/Market-Data-Collector/src/MarketDataCollector.Contracts/Domain/MarketDataModels.cs(223,25): warning CS1591: Missing XML comment for publicly visible type or member 'BarIntervalValues.Weekly' [/home/runner/work/Market-Data-Collector/Market-Data-Collector/src/MarketDataCollector.Contracts/MarketDataCollector.Contracts.csproj]
/home/runner/work/Market-Data-Collector/Market-Data-Collector/src/MarketDataCollector.Contracts/Domain/MarketDataModels.cs(224,25): warning CS1591: Missing XML comment for publicly visible type or member 'BarIntervalValues.Monthly' [/home/runner/work/Market-Data-Collector/Market-Data-Collector/src/MarketDataCollector.Contracts/MarketDataCollector.Contracts.csproj]
/home/runner/work/Market-Data-Collector/Market-Data-Collector/src/MarketDataCollector.Contracts/Domain/MarketDataModels.cs(233,27): warning CS1591: Missing XML comment for publicly visible type or member 'IntegrityEventDto.Timestamp' [/home/runner/work/Market-Data-Collector/Market-Data-Collector/src/MarketDataCollector.Contracts/MarketDataCollector.Contracts.csproj]
/home/runner/work/Market-Data-Collector/Market-Data-Collector/src/MarketDataCollector.Contracts/Domain/MarketDataModels.cs(236,19): warning CS1591: Missing XML comment for publicly visible type or member 'IntegrityEventDto.Symbol' [/home/runner/work/Market-Data-Collector/Market-Data-Collector/src/MarketDataCollector.Contracts/MarketDataCollector.Contracts.csproj]
/home/runner/work/Market-Data-Collector/Market-Data-Collector/src/MarketDataCollector.Contracts/Domain/MarketDataModels.cs(239,19): warning CS1591: Missing XML comment for publicly visible type or member 'IntegrityEventDto.Kind' [/home/runner/work/Market-Data-Collector/Market-Data-Collector/src/MarketDataCollector.Contracts/MarketDataCollector.Contracts.csproj]
/home/runner/work/Market-Data-Collector/Market-Data-Collector/src/MarketDataCollector.Contracts/Domain/MarketDataModels.cs(242,19): warning CS1591: Missing XML comment for publicly visible type or member 'IntegrityEventDto.Severity' [/home/runner/work/Market-Data-Collector/Market-Data-Collector/src/MarketDataCollector.Contracts/MarketDataCollector.Contracts.csproj]
/home/runner/work/Market-Data-Collector/Market-Data-Collector/src/MarketDataCollector.Contracts/Domain/MarketDataModels.cs(245,20): warning CS1591: Missing XML comment for publicly visible type or member 'IntegrityEventDto.Description' [/home/runner/work/Market-Data-Collector/Market-Data-Collector/src/MarketDataCollector.Contracts/MarketDataCollector.Contracts.csproj]
/home/runner/work/Market-Data-Collector/Market-Data-Collector/src/MarketDataCollector.Contracts/Domain/MarketDataModels.cs(248,20): warning CS1591: Missing XML comment for publicly visible type or member 'IntegrityEventDto.ExpectedValue' [/home/runner/work/Market-Data-Collector/Market-Data-Collector/src/MarketDataCollector.Contracts/MarketDataCollector.Contracts.csproj]
/home/runner/work/Market-Data-Collector/Market-Data-Collector/src/MarketDataCollector.Contracts/Domain/MarketDataModels.cs(251,20): warning CS1591: Missing XML comment for publicly visible type or member 'IntegrityEventDto.ActualValue' [/home/runner/work/Market-Data-Collector/Market-Data-Collector/src/MarketDataCollector.Contracts/MarketDataCollector.Contracts.csproj]
/home/runner/work/Market-Data-Collector/Market-Data-Collector/src/MarketDataCollector/Application/Monitoring/TickSizeValidator.cs(15,72): warning CS1570: XML comment has badly formed XML -- 'An identifier was expected.' [/home/runner/work/Market-Data-Collector/Market-Data-Collector/src/MarketDataCollector/MarketDataCollector.csproj]
/home/runner/work/Market-Data-Collector/Market-Data-Collector/src/MarketDataCollector/Application/Monitoring/TickSizeValidator.cs(15,72): warning CS1570: XML comment has badly formed XML -- '$' [/home/runner/work/Market-Data-Collector/Market-Data-Collector/src/MarketDataCollector/MarketDataCollector.csproj]
/home/runner/work/Market-Data-Collector/Market-Data-Collector/src/MarketDataCollector/Application/Monitoring/TickSizeValidator.cs(300,43): warning CS1570: XML comment has badly formed XML -- 'An identifier was expected.' [/home/runner/work/Market-Data-Collector/Market-Data-Collector/src/MarketDataCollector/MarketDataCollector.csproj]
/home/runner/work/Market-Data-Collector/Market-Data-Collector/src/MarketDataCollector/Application/Monitoring/TickSizeValidator.cs(300,43): warning CS1570: XML comment has badly formed XML -- '$' [/home/runner/work/Market-Data-Collector/Market-Data-Collector/src/MarketDataCollector/MarketDataCollector.csproj]
/home/runner/work/Market-Data-Collector/Market-Data-Collector/src/MarketDataCollector/Storage/Sinks/ParquetStorageSink.cs(180,25): warning CS0184: The given expression is never of the provided ('Trade') type [/home/runner/work/Market-Data-Collector/Market-Data-Collector/src/MarketDataCollector/MarketDataCollector.csproj]
/home/runner/work/Market-Data-Collector/Market-Data-Collector/src/MarketDataCollector/Storage/Sinks/ParquetStorageSink.cs(181,44): warning CS8600: Converting null literal or possible null value to non-nullable type. [/home/runner/work/Market-Data-Collector/Market-Data-Collector/src/MarketDataCollector/MarketDataCollector.csproj]
/home/runner/work/Market-Data-Collector/Market-Data-Collector/src/MarketDataCollector/Storage/Sinks/ParquetStorageSink.cs(202,25): warning CS0184: The given expression is never of the provided ('BboQuotePayload') type [/home/runner/work/Market-Data-Collector/Market-Data-Collector/src/MarketDataCollector/MarketDataCollector.csproj]
/home/runner/work/Market-Data-Collector/Market-Data-Collector/src/MarketDataCollector/Storage/Sinks/ParquetStorageSink.cs(203,44): warning CS8600: Converting null literal or possible null value to non-nullable type. [/home/runner/work/Market-Data-Collector/Market-Data-Collector/src/MarketDataCollector/MarketDataCollector.csproj]
/home/runner/work/Market-Data-Collector/Market-Data-Collector/src/MarketDataCollector/Storage/Sinks/ParquetStorageSink.cs(264,25): warning CS0184: The given expression is never of the provided ('HistoricalBar') type [/home/runner/work/Market-Data-Collector/Market-Data-Collector/src/MarketDataCollector/MarketDataCollector.csproj]
/home/runner/work/Market-Data-Collector/Market-Data-Collector/src/MarketDataCollector/Storage/Sinks/ParquetStorageSink.cs(265,42): warning CS8600: Converting null literal or possible null value to non-nullable type. [/home/runner/work/Market-Data-Collector/Market-Data-Collector/src/MarketDataCollector/MarketDataCollector.csproj]
/home/runner/work/Market-Data-Collector/Market-Data-Collector/src/MarketDataCollector/Storage/Services/TierMigrationService.cs(95,38): warning CS1998: This async method lacks 'await' operators and will run synchronously. Consider using the 'await' operator to await non-blocking API calls, or 'await Task.Run(...)' to do CPU-bound work on a background thread. [/home/runner/work/Market-Data-Collector/Market-Data-Collector/src/MarketDataCollector/MarketDataCollector.csproj]
/home/runner/work/Market-Data-Collector/Market-Data-Collector/src/MarketDataCollector/Storage/Services/TierMigrationService.cs(174,39): warning CS1998: This async method lacks 'await' operators and will run synchronously. Consider using the 'await' operator to await non-blocking API calls, or 'await Task.Run(...)' to do CPU-bound work on a background thread. [/home/runner/work/Market-Data-Collector/Market-Data-Collector/src/MarketDataCollector/MarketDataCollector.csproj]
/home/runner/work/Market-Data-Collector/Market-Data-Collector/src/MarketDataCollector/Infrastructure/Utilities/HttpResponseHandler.cs(64,41): warning CS1998: This async method lacks 'await' operators and will run synchronously. Consider using the 'await' operator to await non-blocking API calls, or 'await Task.Run(...)' to do CPU-bound work on a background thread. [/home/runner/work/Market-Data-Collector/Market-Data-Collector/src/MarketDataCollector/MarketDataCollector.csproj]
/home/runner/work/Market-Data-Collector/Market-Data-Collector/src/MarketDataCollector/Infrastructure/Shared/WebSocketProviderBase.cs(456,24): warning CS1998: This async method lacks 'await' operators and will run synchronously. Consider using the 'await' operator to await non-blocking API calls, or 'await Task.Run(...)' to do CPU-bound work on a background thread. [/home/runner/work/Market-Data-Collector/Market-Data-Collector/src/MarketDataCollector/MarketDataCollector.csproj]
/home/runner/work/Market-Data-Collector/Market-Data-Collector/src/MarketDataCollector/Application/Subscriptions/Services/IndexSubscriptionService.cs(55,41): warning CS1998: This async method lacks 'await' operators and will run synchronously. Consider using the 'await' operator to await non-blocking API calls, or 'await Task.Run(...)' to do CPU-bound work on a background thread. [/home/runner/work/Market-Data-Collector/Market-Data-Collector/src/MarketDataCollector/MarketDataCollector.csproj]
/home/runner/work/Market-Data-Collector/Market-Data-Collector/src/MarketDataCollector/Domain/Collectors/TradeDataCollector.cs(162,17): warning CS8602: Dereference of a possibly null reference. [/home/runner/work/Market-Data-Collector/Market-Data-Collector/src/MarketDataCollector/MarketDataCollector.csproj]
/home/runner/work/Market-Data-Collector/Market-Data-Collector/src/MarketDataCollector/Storage/Services/MaintenanceScheduler.cs(42,41): warning CS1998: This async method lacks 'await' operators and will run synchronously. Consider using the 'await' operator to await non-blocking API calls, or 'await Task.Run(...)' to do CPU-bound work on a background thread. [/home/runner/work/Market-Data-Collector/Market-Data-Collector/src/MarketDataCollector/MarketDataCollector.csproj]
/home/runner/work/Market-Data-Collector/Market-Data-Collector/src/MarketDataCollector/Storage/Packaging/PortableDataPackager.cs(341,46): warning CS1998: This async method lacks 'await' operators and will run synchronously. Consider using the 'await' operator to await non-blocking API calls, or 'await Task.Run(...)' to do CPU-bound work on a background thread. [/home/runner/work/Market-Data-Collector/Market-Data-Collector/src/MarketDataCollector/MarketDataCollector.csproj]
/home/runner/work/Market-Data-Collector/Market-Data-Collector/src/MarketDataCollector/Storage/Services/DataQualityService.cs(271,37): warning CS1998: This async method lacks 'await' operators and will run synchronously. Consider using the 'await' operator to await non-blocking API calls, or 'await Task.Run(...)' to do CPU-bound work on a background thread. [/home/runner/work/Market-Data-Collector/Market-Data-Collector/src/MarketDataCollector/MarketDataCollector.csproj]
/home/runner/work/Market-Data-Collector/Market-Data-Collector/src/MarketDataCollector/Storage/Services/FileMaintenanceService.cs(266,37): warning CS1998: This async method lacks 'await' operators and will run synchronously. Consider using the 'await' operator to await non-blocking API calls, or 'await Task.Run(...)' to do CPU-bound work on a background thread. [/home/runner/work/Market-Data-Collector/Market-Data-Collector/src/MarketDataCollector/MarketDataCollector.csproj]
/home/runner/work/Market-Data-Collector/Market-Data-Collector/src/MarketDataCollector/Storage/Services/DataQualityService.cs(343,57): warning CS1998: This async method lacks 'await' operators and will run synchronously. Consider using the 'await' operator to await non-blocking API calls, or 'await Task.Run(...)' to do CPU-bound work on a background thread. [/home/runner/work/Market-Data-Collector/Market-Data-Collector/src/MarketDataCollector/MarketDataCollector.csproj]
/home/runner/work/Market-Data-Collector/Market-Data-Collector/src/MarketDataCollector/Storage/Maintenance/ScheduledArchiveMaintenanceService.cs(660,43): warning CS1998: This async method lacks 'await' operators and will run synchronously. Consider using the 'await' operator to await non-blocking API calls, or 'await Task.Run(...)' to do CPU-bound work on a background thread. [/home/runner/work/Market-Data-Collector/Market-Data-Collector/src/MarketDataCollector/MarketDataCollector.csproj]
/home/runner/work/Market-Data-Collector/Market-Data-Collector/src/MarketDataCollector/Storage/Packaging/PortableDataPackager.cs(938,38): warning CS1998: This async method lacks 'await' operators and will run synchronously. Consider using the 'await' operator to await non-blocking API calls, or 'await Task.Run(...)' to do CPU-bound work on a background thread. [/home/runner/work/Market-Data-Collector/Market-Data-Collector/src/MarketDataCollector/MarketDataCollector.csproj]
/home/runner/work/Market-Data-Collector/Market-Data-Collector/src/MarketDataCollector/Infrastructure/Providers/Historical/Queue/BackfillRequestQueue.cs(205,30): warning CS1998: This async method lacks 'await' operators and will run synchronously. Consider using the 'await' operator to await non-blocking API calls, or 'await Task.Run(...)' to do CPU-bound work on a background thread. [/home/runner/work/Market-Data-Collector/Market-Data-Collector/src/MarketDataCollector/MarketDataCollector.csproj]
/home/runner/work/Market-Data-Collector/Market-Data-Collector/src/MarketDataCollector/Infrastructure/Providers/Historical/Queue/BackfillJobManager.cs(413,23): warning CS1998: This async method lacks 'await' operators and will run synchronously. Consider using the 'await' operator to await non-blocking API calls, or 'await Task.Run(...)' to do CPU-bound work on a background thread. [/home/runner/work/Market-Data-Collector/Market-Data-Collector/src/MarketDataCollector/MarketDataCollector.csproj]
/home/runner/work/Market-Data-Collector/Market-Data-Collector/src/MarketDataCollector/Infrastructure/Providers/Historical/GapAnalysis/DataQualityMonitor.cs(262,52): warning CS1998: This async method lacks 'await' operators and will run synchronously. Consider using the 'await' operator to await non-blocking API calls, or 'await Task.Run(...)' to do CPU-bound work on a background thread. [/home/runner/work/Market-Data-Collector/Market-Data-Collector/src/MarketDataCollector/MarketDataCollector.csproj]
/home/runner/work/Market-Data-Collector/Market-Data-Collector/src/MarketDataCollector/Infrastructure/Providers/Historical/GapAnalysis/DataGapRepair.cs(329,24): warning CS1998: This async method lacks 'await' operators and will run synchronously. Consider using the 'await' operator to await non-blocking API calls, or 'await Task.Run(...)' to do CPU-bound work on a background thread. [/home/runner/work/Market-Data-Collector/Market-Data-Collector/src/MarketDataCollector/MarketDataCollector.csproj]
/home/runner/work/Market-Data-Collector/Market-Data-Collector/src/MarketDataCollector/Application/Scheduling/ScheduledBackfillService.cs(144,45): warning CS1998: This async method lacks 'await' operators and will run synchronously. Consider using the 'await' operator to await non-blocking API calls, or 'await Task.Run(...)' to do CPU-bound work on a background thread. [/home/runner/work/Market-Data-Collector/Market-Data-Collector/src/MarketDataCollector/MarketDataCollector.csproj]
/home/runner/work/Market-Data-Collector/Market-Data-Collector/src/MarketDataCollector/Application/Scheduling/ScheduledBackfillService.cs(165,45): warning CS1998: This async method lacks 'await' operators and will run synchronously. Consider using the 'await' operator to await non-blocking API calls, or 'await Task.Run(...)' to do CPU-bound work on a background thread. [/home/runner/work/Market-Data-Collector/Market-Data-Collector/src/MarketDataCollector/MarketDataCollector.csproj]
/home/runner/work/Market-Data-Collector/Market-Data-Collector/src/MarketDataCollector/Infrastructure/Providers/Core/ProviderFactory.cs(127,16): warning CS8619: Nullability of reference types in value of type 'Task<IMarketDataClient>' doesn't match target type 'Task<IMarketDataClient?>'. [/home/runner/work/Market-Data-Collector/Market-Data-Collector/src/MarketDataCollector/MarketDataCollector.csproj]
/home/runner/work/Market-Data-Collector/Market-Data-Collector/src/MarketDataCollector/Application/Scheduling/ScheduledBackfillService.cs(337,29): warning CS0219: The variable 'gapDates' is assigned but its value is never used [/home/runner/work/Market-Data-Collector/Market-Data-Collector/src/MarketDataCollector/MarketDataCollector.csproj]
/home/runner/work/Market-Data-Collector/Market-Data-Collector/src/MarketDataCollector/Application/Scheduling/ScheduledBackfillService.cs(485,24): warning CS1998: This async method lacks 'await' operators and will run synchronously. Consider using the 'await' operator to await non-blocking API calls, or 'await Task.Run(...)' to do CPU-bound work on a background thread. [/home/runner/work/Market-Data-Collector/Market-Data-Collector/src/MarketDataCollector/MarketDataCollector.csproj]
/home/runner/work/Market-Data-Collector/Market-Data-Collector/src/MarketDataCollector/Application/Services/GracefulShutdownHandler.cs(406,28): warning CS1998: This async method lacks 'await' operators and will run synchronously. Consider using the 'await' operator to await non-blocking API calls, or 'await Task.Run(...)' to do CPU-bound work on a background thread. [/home/runner/work/Market-Data-Collector/Market-Data-Collector/src/MarketDataCollector/MarketDataCollector.csproj]
/home/runner/work/Market-Data-Collector/Market-Data-Collector/src/MarketDataCollector/Application/Scheduling/BackfillScheduleManager.cs(194,29): warning CS1998: This async method lacks 'await' operators and will run synchronously. Consider using the 'await' operator to await non-blocking API calls, or 'await Task.Run(...)' to do CPU-bound work on a background thread. [/home/runner/work/Market-Data-Collector/Market-Data-Collector/src/MarketDataCollector/MarketDataCollector.csproj]
/home/runner/work/Market-Data-Collector/Market-Data-Collector/src/MarketDataCollector/Application/Services/DailySummaryWebhook.cs(508,28): warning CS1998: This async method lacks 'await' operators and will run synchronously. Consider using the 'await' operator to await non-blocking API calls, or 'await Task.Run(...)' to do CPU-bound work on a background thread. [/home/runner/work/Market-Data-Collector/Market-Data-Collector/src/MarketDataCollector/MarketDataCollector.csproj]
/home/runner/work/Market-Data-Collector/Market-Data-Collector/src/MarketDataCollector/Application/Monitoring/ConnectionStatusWebhook.cs(259,28): warning CS1998: This async method lacks 'await' operators and will run synchronously. Consider using the 'await' operator to await non-blocking API calls, or 'await Task.Run(...)' to do CPU-bound work on a background thread. [/home/runner/work/Market-Data-Collector/Market-Data-Collector/src/MarketDataCollector/MarketDataCollector.csproj]
/home/runner/work/Market-Data-Collector/Market-Data-Collector/src/MarketDataCollector/Application/Indicators/TechnicalIndicatorService.cs(198,34): warning CS8629: Nullable value type may be null. [/home/runner/work/Market-Data-Collector/Market-Data-Collector/src/MarketDataCollector/MarketDataCollector.csproj]
/home/runner/work/Market-Data-Collector/Market-Data-Collector/src/MarketDataCollector/Application/Indicators/TechnicalIndicatorService.cs(211,92): warning CS8629: Nullable value type may be null. [/home/runner/work/Market-Data-Collector/Market-Data-Collector/src/MarketDataCollector/MarketDataCollector.csproj]
/home/runner/work/Market-Data-Collector/Market-Data-Collector/src/MarketDataCollector/Application/Indicators/TechnicalIndicatorService.cs(213,96): warning CS8629: Nullable value type may be null. [/home/runner/work/Market-Data-Collector/Market-Data-Collector/src/MarketDataCollector/MarketDataCollector.csproj]
/home/runner/work/Market-Data-Collector/Market-Data-Collector/src/MarketDataCollector/Application/Indicators/TechnicalIndicatorService.cs(229,34): warning CS8629: Nullable value type may be null. [/home/runner/work/Market-Data-Collector/Market-Data-Collector/src/MarketDataCollector/MarketDataCollector.csproj]
/home/runner/work/Market-Data-Collector/Market-Data-Collector/src/MarketDataCollector/Application/Indicators/TechnicalIndicatorService.cs(242,109): warning CS8629: Nullable value type may be null. [/home/runner/work/Market-Data-Collector/Market-Data-Collector/src/MarketDataCollector/MarketDataCollector.csproj]
/home/runner/work/Market-Data-Collector/Market-Data-Collector/src/MarketDataCollector/Application/Indicators/TechnicalIndicatorService.cs(244,96): warning CS8629: Nullable value type may be null. [/home/runner/work/Market-Data-Collector/Market-Data-Collector/src/MarketDataCollector/MarketDataCollector.csproj]
/home/runner/work/Market-Data-Collector/Market-Data-Collector/src/MarketDataCollector/Application/Indicators/TechnicalIndicatorService.cs(246,97): warning CS8629: Nullable value type may be null. [/home/runner/work/Market-Data-Collector/Market-Data-Collector/src/MarketDataCollector/MarketDataCollector.csproj]
/home/runner/work/Market-Data-Collector/Market-Data-Collector/src/MarketDataCollector/Application/Monitoring/DataQuality/DataQualityReportGenerator.cs(52,43): warning CS1998: This async method lacks 'await' operators and will run synchronously. Consider using the 'await' operator to await non-blocking API calls, or 'await Task.Run(...)' to do CPU-bound work on a background thread. [/home/runner/work/Market-Data-Collector/Market-Data-Collector/src/MarketDataCollector/MarketDataCollector.csproj]
/home/runner/work/Market-Data-Collector/Market-Data-Collector/src/MarketDataCollector/Infrastructure/Providers/Streaming/StockSharp/StockSharpMarketDataClient.cs(82,43): warning CS0067: The event 'StockSharpMarketDataClient.ConnectionStateChanged' is never used [/home/runner/work/Market-Data-Collector/Market-Data-Collector/src/MarketDataCollector/MarketDataCollector.csproj]
/home/runner/work/Market-Data-Collector/Market-Data-Collector/src/MarketDataCollector/Application/Scheduling/BackfillScheduleManager.cs(39,50): warning CS0067: The event 'BackfillScheduleManager.ScheduleDue' is never used [/home/runner/work/Market-Data-Collector/Market-Data-Collector/src/MarketDataCollector/MarketDataCollector.csproj]
/home/runner/work/Market-Data-Collector/Market-Data-Collector/src/MarketDataCollector/Application/Config/Credentials/CredentialTestingService.cs(28,54): warning CS0067: The event 'CredentialTestingService.OnTokenRefreshed' is never used [/home/runner/work/Market-Data-Collector/Market-Data-Collector/src/MarketDataCollector/MarketDataCollector.csproj]
/home/runner/work/Market-Data-Collector/Market-Data-Collector/src/MarketDataCollector/Infrastructure/Providers/Historical/CompositeHistoricalDataProvider.cs(37,52): warning CS0067: The event 'CompositeHistoricalDataProvider.OnProgressUpdate' is never used [/home/runner/work/Market-Data-Collector/Market-Data-Collector/src/MarketDataCollector/MarketDataCollector.csproj]
/home/runner/work/Market-Data-Collector/Market-Data-Collector/src/MarketDataCollector/Infrastructure/Providers/Streaming/StockSharp/StockSharpMarketDataClient.cs(76,18): warning CS0169: The field 'StockSharpMarketDataClient._disposed' is never used [/home/runner/work/Market-Data-Collector/Market-Data-Collector/src/MarketDataCollector/MarketDataCollector.csproj]
/home/runner/work/Market-Data-Collector/Market-Data-Collector/src/MarketDataCollector/Infrastructure/Providers/Historical/Queue/BackfillRequestQueue.cs(39,47): warning CS0067: The event 'BackfillRequestQueue.OnRequestReady' is never used [/home/runner/work/Market-Data-Collector/Market-Data-Collector/src/MarketDataCollector/MarketDataCollector.csproj]
/home/runner/work/Market-Data-Collector/Market-Data-Collector/src/MarketDataCollector/Infrastructure/Providers/Streaming/StockSharp/StockSharpMarketDataClient.cs(75,17): warning CS0414: The field 'StockSharpMarketDataClient._nextSubId' is assigned but its value is never used [/home/runner/work/Market-Data-Collector/Market-Data-Collector/src/MarketDataCollector/MarketDataCollector.csproj]
/home/runner/work/Market-Data-Collector/Market-Data-Collector/src/MarketDataCollector/Application/Backfill/BackfillStatusStore.cs(29,20): warning IL2026: Using member 'System.Text.Json.JsonSerializer.Serialize<TValue>(TValue, JsonSerializerOptions)' which has 'RequiresUnreferencedCodeAttribute' can break functionality when trimming application code. JSON serialization and deserialization might require types that cannot be statically analyzed. Use the overload that takes a JsonTypeInfo or JsonSerializerContext, or make sure all of the required types are preserved. [/home/runner/work/Market-Data-Collector/Market-Data-Collector/src/MarketDataCollector/MarketDataCollector.csproj]
/home/runner/work/Market-Data-Collector/Market-Data-Collector/src/MarketDataCollector/Application/Backfill/BackfillStatusStore.cs(39,20): warning IL2026: Using member 'System.Text.Json.JsonSerializer.Deserialize<TValue>(String, JsonSerializerOptions)' which has 'RequiresUnreferencedCodeAttribute' can break functionality when trimming application code. JSON serialization and deserialization might require types that cannot be statically analyzed. Use the overload that takes a JsonTypeInfo or JsonSerializerContext, or make sure all of the required types are preserved. [/home/runner/work/Market-Data-Collector/Market-Data-Collector/src/MarketDataCollector/MarketDataCollector.csproj]
/home/runner/work/Market-Data-Collector/Market-Data-Collector/src/MarketDataCollector/Application/Subscriptions/Services/WatchlistService.cs(293,28): warning IL2026: Using member 'System.Text.Json.JsonSerializer.Deserialize<TValue>(String, JsonSerializerOptions)' which has 'RequiresUnreferencedCodeAttribute' can break functionality when trimming application code. JSON serialization and deserialization might require types that cannot be statically analyzed. Use the overload that takes a JsonTypeInfo or JsonSerializerContext, or make sure all of the required types are preserved. [/home/runner/work/Market-Data-Collector/Market-Data-Collector/src/MarketDataCollector/MarketDataCollector.csproj]
/home/runner/work/Market-Data-Collector/Market-Data-Collector/src/MarketDataCollector/Application/Subscriptions/Services/WatchlistService.cs(325,16): warning IL2026: Using member 'System.Text.Json.JsonSerializer.Serialize<TValue>(TValue, JsonSerializerOptions)' which has 'RequiresUnreferencedCodeAttribute' can break functionality when trimming application code. JSON serialization and deserialization might require types that cannot be statically analyzed. Use the overload that takes a JsonTypeInfo or JsonSerializerContext, or make sure all of the required types are preserved. [/home/runner/work/Market-Data-Collector/Market-Data-Collector/src/MarketDataCollector/MarketDataCollector.csproj]
/home/runner/work/Market-Data-Collector/Market-Data-Collector/src/MarketDataCollector/Application/Subscriptions/Services/WatchlistService.cs(374,20): warning IL2026: Using member 'System.Text.Json.JsonSerializer.Serialize<TValue>(TValue, JsonSerializerOptions)' which has 'RequiresUnreferencedCodeAttribute' can break functionality when trimming application code. JSON serialization and deserialization might require types that cannot be statically analyzed. Use the overload that takes a JsonTypeInfo or JsonSerializerContext, or make sure all of the required types are preserved. [/home/runner/work/Market-Data-Collector/Market-Data-Collector/src/MarketDataCollector/MarketDataCollector.csproj]
/home/runner/work/Market-Data-Collector/Market-Data-Collector/src/MarketDataCollector/Application/Subscriptions/Services/WatchlistService.cs(360,30): warning IL2026: Using member 'System.Text.Json.JsonSerializer.Deserialize<TValue>(String, JsonSerializerOptions)' which has 'RequiresUnreferencedCodeAttribute' can break functionality when trimming application code. JSON serialization and deserialization might require types that cannot be statically analyzed. Use the overload that takes a JsonTypeInfo or JsonSerializerContext, or make sure all of the required types are preserved. [/home/runner/work/Market-Data-Collector/Market-Data-Collector/src/MarketDataCollector/MarketDataCollector.csproj]
/home/runner/work/Market-Data-Collector/Market-Data-Collector/src/MarketDataCollector/Storage/Sinks/ParquetStorageSink.cs(243,108): warning IL2026: Using member 'System.Text.Json.JsonSerializer.Serialize<TValue>(TValue, JsonSerializerOptions)' which has 'RequiresUnreferencedCodeAttribute' can break functionality when trimming application code. JSON serialization and deserialization might require types that cannot be statically analyzed. Use the overload that takes a JsonTypeInfo or JsonSerializerContext, or make sure all of the required types are preserved. [/home/runner/work/Market-Data-Collector/Market-Data-Collector/src/MarketDataCollector/MarketDataCollector.csproj]
/home/runner/work/Market-Data-Collector/Market-Data-Collector/src/MarketDataCollector/Storage/Sinks/ParquetStorageSink.cs(244,109): warning IL2026: Using member 'System.Text.Json.JsonSerializer.Serialize<TValue>(TValue, JsonSerializerOptions)' which has 'RequiresUnreferencedCodeAttribute' can break functionality when trimming application code. JSON serialization and deserialization might require types that cannot be statically analyzed. Use the overload that takes a JsonTypeInfo or JsonSerializerContext, or make sure all of the required types are preserved. [/home/runner/work/Market-Data-Collector/Market-Data-Collector/src/MarketDataCollector/MarketDataCollector.csproj]
/home/runner/work/Market-Data-Collector/Market-Data-Collector/src/MarketDataCollector/Application/Subscriptions/Services/TemplateService.cs(182,29): warning IL2026: Using member 'System.Text.Json.JsonSerializer.Deserialize<TValue>(String, JsonSerializerOptions)' which has 'RequiresUnreferencedCodeAttribute' can break functionality when trimming application code. JSON serialization and deserialization might require types that cannot be statically analyzed. Use the overload that takes a JsonTypeInfo or JsonSerializerContext, or make sure all of the required types are preserved. [/home/runner/work/Market-Data-Collector/Market-Data-Collector/src/MarketDataCollector/MarketDataCollector.csproj]
/home/runner/work/Market-Data-Collector/Market-Data-Collector/src/MarketDataCollector/Application/Subscriptions/Services/TemplateService.cs(196,20): warning IL2026: Using member 'System.Text.Json.JsonSerializer.Serialize<TValue>(TValue, JsonSerializerOptions)' which has 'RequiresUnreferencedCodeAttribute' can break functionality when trimming application code. JSON serialization and deserialization might require types that cannot be statically analyzed. Use the overload that takes a JsonTypeInfo or JsonSerializerContext, or make sure all of the required types are preserved. [/home/runner/work/Market-Data-Collector/Market-Data-Collector/src/MarketDataCollector/MarketDataCollector.csproj]
/home/runner/work/Market-Data-Collector/Market-Data-Collector/src/MarketDataCollector/Storage/Sinks/ParquetStorageSink.cs(299,43): warning IL2026: Using member 'System.Text.Json.JsonSerializer.Serialize<TValue>(TValue, JsonSerializerOptions)' which has 'RequiresUnreferencedCodeAttribute' can break functionality when trimming application code. JSON serialization and deserialization might require types that cannot be statically analyzed. Use the overload that takes a JsonTypeInfo or JsonSerializerContext, or make sure all of the required types are preserved. [/home/runner/work/Market-Data-Collector/Market-Data-Collector/src/MarketDataCollector/MarketDataCollector.csproj]
/home/runner/work/Market-Data-Collector/Market-Data-Collector/src/MarketDataCollector/Storage/Sinks/JsonlStorageSink.cs(188,20): warning IL2026: Using member 'System.Text.Json.JsonSerializer.Serialize<TValue>(TValue, JsonSerializerOptions)' which has 'RequiresUnreferencedCodeAttribute' can break functionality when trimming application code. JSON serialization and deserialization might require types that cannot be statically analyzed. Use the overload that takes a JsonTypeInfo or JsonSerializerContext, or make sure all of the required types are preserved. [/home/runner/work/Market-Data-Collector/Market-Data-Collector/src/MarketDataCollector/MarketDataCollector.csproj]
/home/runner/work/Market-Data-Collector/Market-Data-Collector/src/MarketDataCollector/Storage/Sinks/JsonlStorageSink.cs(207,28): warning IL2026: Using member 'System.Text.Json.JsonSerializer.Serialize<TValue>(TValue, JsonSerializerOptions)' which has 'RequiresUnreferencedCodeAttribute' can break functionality when trimming application code. JSON serialization and deserialization might require types that cannot be statically analyzed. Use the overload that takes a JsonTypeInfo or JsonSerializerContext, or make sure all of the required types are preserved. [/home/runner/work/Market-Data-Collector/Market-Data-Collector/src/MarketDataCollector/MarketDataCollector.csproj]
/home/runner/work/Market-Data-Collector/Market-Data-Collector/src/MarketDataCollector/Storage/Sinks/JsonlStorageSink.cs(212,40): warning IL2026: Using member 'System.Text.Json.JsonSerializer.Serialize<TValue>(TValue, JsonSerializerOptions)' which has 'RequiresUnreferencedCodeAttribute' can break functionality when trimming application code. JSON serialization and deserialization might require types that cannot be statically analyzed. Use the overload that takes a JsonTypeInfo or JsonSerializerContext, or make sure all of the required types are preserved. [/home/runner/work/Market-Data-Collector/Market-Data-Collector/src/MarketDataCollector/MarketDataCollector.csproj]
/home/runner/work/Market-Data-Collector/Market-Data-Collector/src/MarketDataCollector/Application/Composition/HostAdapters.cs(135,9): warning IL2026: Using member 'Microsoft.AspNetCore.Builder.EndpointRouteBuilderExtensions.MapGet(IEndpointRouteBuilder, String, Delegate)' which has 'RequiresUnreferencedCodeAttribute' can break functionality when trimming application code. This API may perform reflection on the supplied delegate and its parameters. These types may be trimmed if not directly referenced. [/home/runner/work/Market-Data-Collector/Market-Data-Collector/src/MarketDataCollector/MarketDataCollector.csproj]
/home/runner/work/Market-Data-Collector/Market-Data-Collector/src/MarketDataCollector/Application/Composition/HostAdapters.cs(146,9): warning IL2026: Using member 'Microsoft.AspNetCore.Builder.EndpointRouteBuilderExtensions.MapGet(IEndpointRouteBuilder, String, Delegate)' which has 'RequiresUnreferencedCodeAttribute' can break functionality when trimming application code. This API may perform reflection on the supplied delegate and its parameters. These types may be trimmed if not directly referenced. [/home/runner/work/Market-Data-Collector/Market-Data-Collector/src/MarketDataCollector/MarketDataCollector.csproj]
/home/runner/work/Market-Data-Collector/Market-Data-Collector/src/MarketDataCollector/Application/Composition/HostAdapters.cs(147,9): warning IL2026: Using member 'Microsoft.AspNetCore.Builder.EndpointRouteBuilderExtensions.MapGet(IEndpointRouteBuilder, String, Delegate)' which has 'RequiresUnreferencedCodeAttribute' can break functionality when trimming application code. This API may perform reflection on the supplied delegate and its parameters. These types may be trimmed if not directly referenced. [/home/runner/work/Market-Data-Collector/Market-Data-Collector/src/MarketDataCollector/MarketDataCollector.csproj]
/home/runner/work/Market-Data-Collector/Market-Data-Collector/src/MarketDataCollector/Application/Composition/HostAdapters.cs(148,9): warning IL2026: Using member 'Microsoft.AspNetCore.Builder.EndpointRouteBuilderExtensions.MapGet(IEndpointRouteBuilder, String, Delegate)' which has 'RequiresUnreferencedCodeAttribute' can break functionality when trimming application code. This API may perform reflection on the supplied delegate and its parameters. These types may be trimmed if not directly referenced. [/home/runner/work/Market-Data-Collector/Market-Data-Collector/src/MarketDataCollector/MarketDataCollector.csproj]
/home/runner/work/Market-Data-Collector/Market-Data-Collector/src/MarketDataCollector/Application/Composition/HostAdapters.cs(138,20): warning IL2026: Using member 'Microsoft.AspNetCore.Http.Results.Json<TValue>(TValue, JsonSerializerOptions, String, Int32?)' which has 'RequiresUnreferencedCodeAttribute' can break functionality when trimming application code. JSON serialization and deserialization might require types that cannot be statically analyzed. Use the overload that takes a JsonTypeInfo or JsonSerializerContext. [/home/runner/work/Market-Data-Collector/Market-Data-Collector/src/MarketDataCollector/MarketDataCollector.csproj]
/home/runner/work/Market-Data-Collector/Market-Data-Collector/src/MarketDataCollector/Application/Composition/HostAdapters.cs(174,9): warning IL2026: Using member 'Microsoft.AspNetCore.Builder.EndpointRouteBuilderExtensions.MapGet(IEndpointRouteBuilder, String, Delegate)' which has 'RequiresUnreferencedCodeAttribute' can break functionality when trimming application code. This API may perform reflection on the supplied delegate and its parameters. These types may be trimmed if not directly referenced. [/home/runner/work/Market-Data-Collector/Market-Data-Collector/src/MarketDataCollector/MarketDataCollector.csproj]
/home/runner/work/Market-Data-Collector/Market-Data-Collector/src/MarketDataCollector/Application/Composition/HostAdapters.cs(186,9): warning IL2026: Using member 'Microsoft.AspNetCore.Builder.EndpointRouteBuilderExtensions.MapGet(IEndpointRouteBuilder, String, Delegate)' which has 'RequiresUnreferencedCodeAttribute' can break functionality when trimming application code. This API may perform reflection on the supplied delegate and its parameters. These types may be trimmed if not directly referenced. [/home/runner/work/Market-Data-Collector/Market-Data-Collector/src/MarketDataCollector/MarketDataCollector.csproj]
/home/runner/work/Market-Data-Collector/Market-Data-Collector/src/MarketDataCollector/Application/Composition/HostAdapters.cs(189,9): warning IL2026: Using member 'Microsoft.AspNetCore.Builder.EndpointRouteBuilderExtensions.MapGet(IEndpointRouteBuilder, String, Delegate)' which has 'RequiresUnreferencedCodeAttribute' can break functionality when trimming application code. This API may perform reflection on the supplied delegate and its parameters. These types may be trimmed if not directly referenced. [/home/runner/work/Market-Data-Collector/Market-Data-Collector/src/MarketDataCollector/MarketDataCollector.csproj]
/home/runner/work/Market-Data-Collector/Market-Data-Collector/src/MarketDataCollector/Application/Composition/HostAdapters.cs(177,20): warning IL2026: Using member 'Microsoft.AspNetCore.Http.Results.Json<TValue>(TValue, JsonSerializerOptions, String, Int32?)' which has 'RequiresUnreferencedCodeAttribute' can break functionality when trimming application code. JSON serialization and deserialization might require types that cannot be statically analyzed. Use the overload that takes a JsonTypeInfo or JsonSerializerContext. [/home/runner/work/Market-Data-Collector/Market-Data-Collector/src/MarketDataCollector/MarketDataCollector.csproj]
/home/runner/work/Market-Data-Collector/Market-Data-Collector/src/MarketDataCollector/Application/Composition/HostAdapters.cs(232,9): warning IL2026: Using member 'Microsoft.AspNetCore.Builder.EndpointRouteBuilderExtensions.MapGet(IEndpointRouteBuilder, String, Delegate)' which has 'RequiresUnreferencedCodeAttribute' can break functionality when trimming application code. This API may perform reflection on the supplied delegate and its parameters. These types may be trimmed if not directly referenced. [/home/runner/work/Market-Data-Collector/Market-Data-Collector/src/MarketDataCollector/MarketDataCollector.csproj]
/home/runner/work/Market-Data-Collector/Market-Data-Collector/src/MarketDataCollector/Application/Composition/HostAdapters.cs(244,9): warning IL2026: Using member 'Microsoft.AspNetCore.Builder.EndpointRouteBuilderExtensions.MapGet(IEndpointRouteBuilder, String, Delegate)' which has 'RequiresUnreferencedCodeAttribute' can break functionality when trimming application code. This API may perform reflection on the supplied delegate and its parameters. These types may be trimmed if not directly referenced. [/home/runner/work/Market-Data-Collector/Market-Data-Collector/src/MarketDataCollector/MarketDataCollector.csproj]
/home/runner/work/Market-Data-Collector/Market-Data-Collector/src/MarketDataCollector/Application/Composition/HostAdapters.cs(245,9): warning IL2026: Using member 'Microsoft.AspNetCore.Builder.EndpointRouteBuilderExtensions.MapGet(IEndpointRouteBuilder, String, Delegate)' which has 'RequiresUnreferencedCodeAttribute' can break functionality when trimming application code. This API may perform reflection on the supplied delegate and its parameters. These types may be trimmed if not directly referenced. [/home/runner/work/Market-Data-Collector/Market-Data-Collector/src/MarketDataCollector/MarketDataCollector.csproj]
/home/runner/work/Market-Data-Collector/Market-Data-Collector/src/MarketDataCollector/Application/Composition/HostAdapters.cs(246,9): warning IL2026: Using member 'Microsoft.AspNetCore.Builder.EndpointRouteBuilderExtensions.MapGet(IEndpointRouteBuilder, String, Delegate)' which has 'RequiresUnreferencedCodeAttribute' can break functionality when trimming application code. This API may perform reflection on the supplied delegate and its parameters. These types may be trimmed if not directly referenced. [/home/runner/work/Market-Data-Collector/Market-Data-Collector/src/MarketDataCollector/MarketDataCollector.csproj]
/home/runner/work/Market-Data-Collector/Market-Data-Collector/src/MarketDataCollector/Application/Composition/HostAdapters.cs(235,20): warning IL2026: Using member 'Microsoft.AspNetCore.Http.Results.Json<TValue>(TValue, JsonSerializerOptions, String, Int32?)' which has 'RequiresUnreferencedCodeAttribute' can break functionality when trimming application code. JSON serialization and deserialization might require types that cannot be statically analyzed. Use the overload that takes a JsonTypeInfo or JsonSerializerContext. [/home/runner/work/Market-Data-Collector/Market-Data-Collector/src/MarketDataCollector/MarketDataCollector.csproj]
/home/runner/work/Market-Data-Collector/Market-Data-Collector/src/MarketDataCollector/Application/Composition/HostAdapters.cs(268,9): warning IL2026: Using member 'Microsoft.AspNetCore.Builder.EndpointRouteBuilderExtensions.MapGet(IEndpointRouteBuilder, String, Delegate)' which has 'RequiresUnreferencedCodeAttribute' can break functionality when trimming application code. This API may perform reflection on the supplied delegate and its parameters. These types may be trimmed if not directly referenced. [/home/runner/work/Market-Data-Collector/Market-Data-Collector/src/MarketDataCollector/MarketDataCollector.csproj]
/home/runner/work/Market-Data-Collector/Market-Data-Collector/src/MarketDataCollector/Application/Composition/HostAdapters.cs(271,20): warning IL2026: Using member 'Microsoft.AspNetCore.Http.Results.Json<TValue>(TValue, JsonSerializerOptions, String, Int32?)' which has 'RequiresUnreferencedCodeAttribute' can break functionality when trimming application code. JSON serialization and deserialization might require types that cannot be statically analyzed. Use the overload that takes a JsonTypeInfo or JsonSerializerContext. [/home/runner/work/Market-Data-Collector/Market-Data-Collector/src/MarketDataCollector/MarketDataCollector.csproj]
/home/runner/work/Market-Data-Collector/Market-Data-Collector/src/MarketDataCollector/Application/Composition/HostAdapters.cs(74,9): warning IL2026: Using member 'Microsoft.AspNetCore.Builder.EndpointRouteBuilderExtensions.MapGet(IEndpointRouteBuilder, String, Delegate)' which has 'RequiresUnreferencedCodeAttribute' can break functionality when trimming application code. This API may perform reflection on the supplied delegate and its parameters. These types may be trimmed if not directly referenced. [/home/runner/work/Market-Data-Collector/Market-Data-Collector/src/MarketDataCollector/MarketDataCollector.csproj]
/home/runner/work/Market-Data-Collector/Market-Data-Collector/src/MarketDataCollector/Application/Composition/HostAdapters.cs(86,9): warning IL2026: Using member 'Microsoft.AspNetCore.Builder.EndpointRouteBuilderExtensions.MapGet(IEndpointRouteBuilder, String, Delegate)' which has 'RequiresUnreferencedCodeAttribute' can break functionality when trimming application code. This API may perform reflection on the supplied delegate and its parameters. These types may be trimmed if not directly referenced. [/home/runner/work/Market-Data-Collector/Market-Data-Collector/src/MarketDataCollector/MarketDataCollector.csproj]
/home/runner/work/Market-Data-Collector/Market-Data-Collector/src/MarketDataCollector/Application/Composition/HostAdapters.cs(87,9): warning IL2026: Using member 'Microsoft.AspNetCore.Builder.EndpointRouteBuilderExtensions.MapGet(IEndpointRouteBuilder, String, Delegate)' which has 'RequiresUnreferencedCodeAttribute' can break functionality when trimming application code. This API may perform reflection on the supplied delegate and its parameters. These types may be trimmed if not directly referenced. [/home/runner/work/Market-Data-Collector/Market-Data-Collector/src/MarketDataCollector/MarketDataCollector.csproj]
/home/runner/work/Market-Data-Collector/Market-Data-Collector/src/MarketDataCollector/Application/Composition/HostAdapters.cs(88,9): warning IL2026: Using member 'Microsoft.AspNetCore.Builder.EndpointRouteBuilderExtensions.MapGet(IEndpointRouteBuilder, String, Delegate)' which has 'RequiresUnreferencedCodeAttribute' can break functionality when trimming application code. This API may perform reflection on the supplied delegate and its parameters. These types may be trimmed if not directly referenced. [/home/runner/work/Market-Data-Collector/Market-Data-Collector/src/MarketDataCollector/MarketDataCollector.csproj]
/home/runner/work/Market-Data-Collector/Market-Data-Collector/src/MarketDataCollector/Application/Composition/HostAdapters.cs(95,9): warning IL2026: Using member 'Microsoft.AspNetCore.Builder.EndpointRouteBuilderExtensions.MapGet(IEndpointRouteBuilder, String, Delegate)' which has 'RequiresUnreferencedCodeAttribute' can break functionality when trimming application code. This API may perform reflection on the supplied delegate and its parameters. These types may be trimmed if not directly referenced. [/home/runner/work/Market-Data-Collector/Market-Data-Collector/src/MarketDataCollector/MarketDataCollector.csproj]
/home/runner/work/Market-Data-Collector/Market-Data-Collector/src/MarketDataCollector/Application/Composition/HostAdapters.cs(89,9): warning IL2026: Using member 'Microsoft.AspNetCore.Builder.EndpointRouteBuilderExtensions.MapGet(IEndpointRouteBuilder, String, Delegate)' which has 'RequiresUnreferencedCodeAttribute' can break functionality when trimming application code. This API may perform reflection on the supplied delegate and its parameters. These types may be trimmed if not directly referenced. [/home/runner/work/Market-Data-Collector/Market-Data-Collector/src/MarketDataCollector/MarketDataCollector.csproj]
/home/runner/work/Market-Data-Collector/Market-Data-Collector/src/MarketDataCollector/Application/Composition/HostAdapters.cs(90,9): warning IL2026: Using member 'Microsoft.AspNetCore.Builder.EndpointRouteBuilderExtensions.MapGet(IEndpointRouteBuilder, String, Delegate)' which has 'RequiresUnreferencedCodeAttribute' can break functionality when trimming application code. This API may perform reflection on the supplied delegate and its parameters. These types may be trimmed if not directly referenced. [/home/runner/work/Market-Data-Collector/Market-Data-Collector/src/MarketDataCollector/MarketDataCollector.csproj]
/home/runner/work/Market-Data-Collector/Market-Data-Collector/src/MarketDataCollector/Application/Composition/HostAdapters.cs(77,20): warning IL2026: Using member 'Microsoft.AspNetCore.Http.Results.Json<TValue>(TValue, JsonSerializerOptions, String, Int32?)' which has 'RequiresUnreferencedCodeAttribute' can break functionality when trimming application code. JSON serialization and deserialization might require types that cannot be statically analyzed. Use the overload that takes a JsonTypeInfo or JsonSerializerContext. [/home/runner/work/Market-Data-Collector/Market-Data-Collector/src/MarketDataCollector/MarketDataCollector.csproj]
/home/runner/work/Market-Data-Collector/Market-Data-Collector/src/MarketDataCollector/Infrastructure/Contracts/ImplementsAdrAttribute.cs(124,21): warning IL2026: Using member 'System.Reflection.Assembly.GetTypes()' which has 'RequiresUnreferencedCodeAttribute' can break functionality when trimming application code. Types might be removed. [/home/runner/work/Market-Data-Collector/Market-Data-Collector/src/MarketDataCollector/MarketDataCollector.csproj]
/home/runner/work/Market-Data-Collector/Market-Data-Collector/src/MarketDataCollector/Infrastructure/Providers/SymbolSearch/PolygonSymbolSearchProvider.cs(144,24): warning IL2026: Using member 'System.Text.Json.JsonSerializer.Deserialize<TValue>(String, JsonSerializerOptions)' which has 'RequiresUnreferencedCodeAttribute' can break functionality when trimming application code. JSON serialization and deserialization might require types that cannot be statically analyzed. Use the overload that takes a JsonTypeInfo or JsonSerializerContext, or make sure all of the required types are preserved. [/home/runner/work/Market-Data-Collector/Market-Data-Collector/src/MarketDataCollector/MarketDataCollector.csproj]
/home/runner/work/Market-Data-Collector/Market-Data-Collector/src/MarketDataCollector/Infrastructure/Providers/SymbolSearch/PolygonSymbolSearchProvider.cs(198,24): warning IL2026: Using member 'System.Text.Json.JsonSerializer.Deserialize<TValue>(String, JsonSerializerOptions)' which has 'RequiresUnreferencedCodeAttribute' can break functionality when trimming application code. JSON serialization and deserialization might require types that cannot be statically analyzed. Use the overload that takes a JsonTypeInfo or JsonSerializerContext, or make sure all of the required types are preserved. [/home/runner/work/Market-Data-Collector/Market-Data-Collector/src/MarketDataCollector/MarketDataCollector.csproj]
/home/runner/work/Market-Data-Collector/Market-Data-Collector/src/MarketDataCollector/Infrastructure/Contracts/ContractVerificationService.cs(116,26): warning IL2070: 'this' argument does not satisfy 'DynamicallyAccessedMemberTypes.Interfaces' in call to 'System.Type.GetInterfaces()'. The parameter 'type' of method 'MarketDataCollector.Infrastructure.Contracts.ContractVerificationService.VerifyProviderAbstraction(Type)' does not have matching annotations. The source value must declare at least the same requirements as those declared on the target location it is assigned to. [/home/runner/work/Market-Data-Collector/Market-Data-Collector/src/MarketDataCollector/MarketDataCollector.csproj]
/home/runner/work/Market-Data-Collector/Market-Data-Collector/src/MarketDataCollector/Infrastructure/Contracts/ContractVerificationService.cs(132,28): warning IL2070: 'this' argument does not satisfy 'DynamicallyAccessedMemberTypes.PublicMethods' in call to 'System.Type.GetMethods(BindingFlags)'. The parameter 'type' of method 'MarketDataCollector.Infrastructure.Contracts.ContractVerificationService.VerifyAsyncPatterns(Type)' does not have matching annotations. The source value must declare at least the same requirements as those declared on the target location it is assigned to. [/home/runner/work/Market-Data-Collector/Market-Data-Collector/src/MarketDataCollector/MarketDataCollector.csproj]
/home/runner/work/Market-Data-Collector/Market-Data-Collector/src/MarketDataCollector/Infrastructure/Performance/ThreadingUtilities.cs(84,13): warning CA1416: This call site is reachable on all platforms. 'Process.ProcessorAffinity' is only supported on: 'linux', 'windows'. (https://learn.microsoft.com/dotnet/fundamentals/code-analysis/quality-rules/ca1416) [/home/runner/work/Market-Data-Collector/Market-Data-Collector/src/MarketDataCollector/MarketDataCollector.csproj]
/home/runner/work/Market-Data-Collector/Market-Data-Collector/src/MarketDataCollector/Infrastructure/Providers/SymbolSearch/OpenFigiClient.cs(224,40): warning IL2026: Using member 'System.Net.Http.Json.HttpClientJsonExtensions.PostAsJsonAsync<TValue>(HttpClient, String, TValue, JsonSerializerOptions, CancellationToken)' which has 'RequiresUnreferencedCodeAttribute' can break functionality when trimming application code. JSON serialization and deserialization might require types that cannot be statically analyzed. Use the overload that takes a JsonTypeInfo or JsonSerializerContext, or make sure all of the required types are preserved. [/home/runner/work/Market-Data-Collector/Market-Data-Collector/src/MarketDataCollector/MarketDataCollector.csproj]
/home/runner/work/Market-Data-Collector/Market-Data-Collector/src/MarketDataCollector/Infrastructure/Providers/SymbolSearch/OpenFigiClient.cs(238,24): warning IL2026: Using member 'System.Text.Json.JsonSerializer.Deserialize<TValue>(String, JsonSerializerOptions)' which has 'RequiresUnreferencedCodeAttribute' can break functionality when trimming application code. JSON serialization and deserialization might require types that cannot be statically analyzed. Use the overload that takes a JsonTypeInfo or JsonSerializerContext, or make sure all of the required types are preserved. [/home/runner/work/Market-Data-Collector/Market-Data-Collector/src/MarketDataCollector/MarketDataCollector.csproj]
/home/runner/work/Market-Data-Collector/Market-Data-Collector/src/MarketDataCollector/Infrastructure/Providers/SymbolSearch/OpenFigiClient.cs(299,40): warning IL2026: Using member 'System.Net.Http.Json.HttpClientJsonExtensions.PostAsJsonAsync<TValue>(HttpClient, String, TValue, JsonSerializerOptions, CancellationToken)' which has 'RequiresUnreferencedCodeAttribute' can break functionality when trimming application code. JSON serialization and deserialization might require types that cannot be statically analyzed. Use the overload that takes a JsonTypeInfo or JsonSerializerContext, or make sure all of the required types are preserved. [/home/runner/work/Market-Data-Collector/Market-Data-Collector/src/MarketDataCollector/MarketDataCollector.csproj]
/home/runner/work/Market-Data-Collector/Market-Data-Collector/src/MarketDataCollector/Infrastructure/Providers/SymbolSearch/OpenFigiClient.cs(319,24): warning IL2026: Using member 'System.Text.Json.JsonSerializer.Deserialize<TValue>(String, JsonSerializerOptions)' which has 'RequiresUnreferencedCodeAttribute' can break functionality when trimming application code. JSON serialization and deserialization might require types that cannot be statically analyzed. Use the overload that takes a JsonTypeInfo or JsonSerializerContext, or make sure all of the required types are preserved. [/home/runner/work/Market-Data-Collector/Market-Data-Collector/src/MarketDataCollector/MarketDataCollector.csproj]
/home/runner/work/Market-Data-Collector/Market-Data-Collector/src/MarketDataCollector/Application/Http/UiServer.cs(74,9): warning IL2026: Using member 'Microsoft.AspNetCore.Builder.EndpointRouteBuilderExtensions.MapGet(IEndpointRouteBuilder, String, Delegate)' which has 'RequiresUnreferencedCodeAttribute' can break functionality when trimming application code. This API may perform reflection on the supplied delegate and its parameters. These types may be trimmed if not directly referenced. [/home/runner/work/Market-Data-Collector/Market-Data-Collector/src/MarketDataCollector/MarketDataCollector.csproj]
/home/runner/work/Market-Data-Collector/Market-Data-Collector/src/MarketDataCollector/Application/Http/UiServer.cs(86,9): warning IL2026: Using member 'Microsoft.AspNetCore.Builder.EndpointRouteBuilderExtensions.MapGet(IEndpointRouteBuilder, String, Delegate)' which has 'RequiresUnreferencedCodeAttribute' can break functionality when trimming application code. This API may perform reflection on the supplied delegate and its parameters. These types may be trimmed if not directly referenced. [/home/runner/work/Market-Data-Collector/Market-Data-Collector/src/MarketDataCollector/MarketDataCollector.csproj]
/home/runner/work/Market-Data-Collector/Market-Data-Collector/src/MarketDataCollector/Application/Http/UiServer.cs(88,9): warning IL2026: Using member 'Microsoft.AspNetCore.Builder.EndpointRouteBuilderExtensions.MapGet(IEndpointRouteBuilder, String, Delegate)' which has 'RequiresUnreferencedCodeAttribute' can break functionality when trimming application code. This API may perform reflection on the supplied delegate and its parameters. These types may be trimmed if not directly referenced. [/home/runner/work/Market-Data-Collector/Market-Data-Collector/src/MarketDataCollector/MarketDataCollector.csproj]
/home/runner/work/Market-Data-Collector/Market-Data-Collector/src/MarketDataCollector/Application/Http/UiServer.cs(90,9): warning IL2026: Using member 'Microsoft.AspNetCore.Builder.EndpointRouteBuilderExtensions.MapGet(IEndpointRouteBuilder, String, Delegate)' which has 'RequiresUnreferencedCodeAttribute' can break functionality when trimming application code. This API may perform reflection on the supplied delegate and its parameters. These types may be trimmed if not directly referenced. [/home/runner/work/Market-Data-Collector/Market-Data-Collector/src/MarketDataCollector/MarketDataCollector.csproj]
/home/runner/work/Market-Data-Collector/Market-Data-Collector/src/MarketDataCollector/Application/Http/UiServer.cs(92,9): warning IL2026: Using member 'Microsoft.AspNetCore.Builder.EndpointRouteBuilderExtensions.MapGet(IEndpointRouteBuilder, String, Delegate)' which has 'RequiresUnreferencedCodeAttribute' can break functionality when trimming application code. This API may perform reflection on the supplied delegate and its parameters. These types may be trimmed if not directly referenced. [/home/runner/work/Market-Data-Collector/Market-Data-Collector/src/MarketDataCollector/MarketDataCollector.csproj]
/home/runner/work/Market-Data-Collector/Market-Data-Collector/src/MarketDataCollector/Application/Http/UiServer.cs(94,9): warning IL2026: Using member 'Microsoft.AspNetCore.Builder.EndpointRouteBuilderExtensions.MapGet(IEndpointRouteBuilder, String, Delegate)' which has 'RequiresUnreferencedCodeAttribute' can break functionality when trimming application code. This API may perform reflection on the supplied delegate and its parameters. These types may be trimmed if not directly referenced. [/home/runner/work/Market-Data-Collector/Market-Data-Collector/src/MarketDataCollector/MarketDataCollector.csproj]
/home/runner/work/Market-Data-Collector/Market-Data-Collector/src/MarketDataCollector/Application/Http/UiServer.cs(96,9): warning IL2026: Using member 'Microsoft.AspNetCore.Builder.EndpointRouteBuilderExtensions.MapGet(IEndpointRouteBuilder, String, Delegate)' which has 'RequiresUnreferencedCodeAttribute' can break functionality when trimming application code. This API may perform reflection on the supplied delegate and its parameters. These types may be trimmed if not directly referenced. [/home/runner/work/Market-Data-Collector/Market-Data-Collector/src/MarketDataCollector/MarketDataCollector.csproj]
/home/runner/work/Market-Data-Collector/Market-Data-Collector/src/MarketDataCollector/Application/Http/UiServer.cs(105,9): warning IL2026: Using member 'Microsoft.AspNetCore.Builder.EndpointRouteBuilderExtensions.MapGet(IEndpointRouteBuilder, String, Delegate)' which has 'RequiresUnreferencedCodeAttribute' can break functionality when trimming application code. This API may perform reflection on the supplied delegate and its parameters. These types may be trimmed if not directly referenced. [/home/runner/work/Market-Data-Collector/Market-Data-Collector/src/MarketDataCollector/MarketDataCollector.csproj]
/home/runner/work/Market-Data-Collector/Market-Data-Collector/src/MarketDataCollector/Application/Http/UiServer.cs(120,9): warning IL2026: Using member 'Microsoft.AspNetCore.Builder.EndpointRouteBuilderExtensions.MapPost(IEndpointRouteBuilder, String, Delegate)' which has 'RequiresUnreferencedCodeAttribute' can break functionality when trimming application code. This API may perform reflection on the supplied delegate and its parameters. These types may be trimmed if not directly referenced. [/home/runner/work/Market-Data-Collector/Market-Data-Collector/src/MarketDataCollector/MarketDataCollector.csproj]
/home/runner/work/Market-Data-Collector/Market-Data-Collector/src/MarketDataCollector/Application/Http/UiServer.cs(140,9): warning IL2026: Using member 'Microsoft.AspNetCore.Builder.EndpointRouteBuilderExtensions.MapPost(IEndpointRouteBuilder, String, Delegate)' which has 'RequiresUnreferencedCodeAttribute' can break functionality when trimming application code. This API may perform reflection on the supplied delegate and its parameters. These types may be trimmed if not directly referenced. [/home/runner/work/Market-Data-Collector/Market-Data-Collector/src/MarketDataCollector/MarketDataCollector.csproj]
/home/runner/work/Market-Data-Collector/Market-Data-Collector/src/MarketDataCollector/Application/Http/UiServer.cs(155,9): warning IL2026: Using member 'Microsoft.AspNetCore.Builder.EndpointRouteBuilderExtensions.MapPost(IEndpointRouteBuilder, String, Delegate)' which has 'RequiresUnreferencedCodeAttribute' can break functionality when trimming application code. This API may perform reflection on the supplied delegate and its parameters. These types may be trimmed if not directly referenced. [/home/runner/work/Market-Data-Collector/Market-Data-Collector/src/MarketDataCollector/MarketDataCollector.csproj]
/home/runner/work/Market-Data-Collector/Market-Data-Collector/src/MarketDataCollector/Application/Http/UiServer.cs(182,9): warning IL2026: Using member 'Microsoft.AspNetCore.Builder.EndpointRouteBuilderExtensions.MapGet(IEndpointRouteBuilder, String, Delegate)' which has 'RequiresUnreferencedCodeAttribute' can break functionality when trimming application code. This API may perform reflection on the supplied delegate and its parameters. These types may be trimmed if not directly referenced. [/home/runner/work/Market-Data-Collector/Market-Data-Collector/src/MarketDataCollector/MarketDataCollector.csproj]
/home/runner/work/Market-Data-Collector/Market-Data-Collector/src/MarketDataCollector/Application/Http/UiServer.cs(190,9): warning IL2026: Using member 'Microsoft.AspNetCore.Builder.EndpointRouteBuilderExtensions.MapPost(IEndpointRouteBuilder, String, Delegate)' which has 'RequiresUnreferencedCodeAttribute' can break functionality when trimming application code. This API may perform reflection on the supplied delegate and its parameters. These types may be trimmed if not directly referenced. [/home/runner/work/Market-Data-Collector/Market-Data-Collector/src/MarketDataCollector/MarketDataCollector.csproj]
/home/runner/work/Market-Data-Collector/Market-Data-Collector/src/MarketDataCollector/Application/Http/UiServer.cs(215,9): warning IL2026: Using member 'Microsoft.AspNetCore.Builder.EndpointRouteBuilderExtensions.MapDelete(IEndpointRouteBuilder, String, Delegate)' which has 'RequiresUnreferencedCodeAttribute' can break functionality when trimming application code. This API may perform reflection on the supplied delegate and its parameters. These types may be trimmed if not directly referenced. [/home/runner/work/Market-Data-Collector/Market-Data-Collector/src/MarketDataCollector/MarketDataCollector.csproj]
/home/runner/work/Market-Data-Collector/Market-Data-Collector/src/MarketDataCollector/Application/Http/UiServer.cs(232,9): warning IL2026: Using member 'Microsoft.AspNetCore.Builder.EndpointRouteBuilderExtensions.MapGet(IEndpointRouteBuilder, String, Delegate)' which has 'RequiresUnreferencedCodeAttribute' can break functionality when trimming application code. This API may perform reflection on the supplied delegate and its parameters. These types may be trimmed if not directly referenced. [/home/runner/work/Market-Data-Collector/Market-Data-Collector/src/MarketDataCollector/MarketDataCollector.csproj]
/home/runner/work/Market-Data-Collector/Market-Data-Collector/src/MarketDataCollector/Application/Http/UiServer.cs(245,9): warning IL2026: Using member 'Microsoft.AspNetCore.Builder.EndpointRouteBuilderExtensions.MapGet(IEndpointRouteBuilder, String, Delegate)' which has 'RequiresUnreferencedCodeAttribute' can break functionality when trimming application code. This API may perform reflection on the supplied delegate and its parameters. These types may be trimmed if not directly referenced. [/home/runner/work/Market-Data-Collector/Market-Data-Collector/src/MarketDataCollector/MarketDataCollector.csproj]
/home/runner/work/Market-Data-Collector/Market-Data-Collector/src/MarketDataCollector/Application/Http/UiServer.cs(258,9): warning IL2026: Using member 'Microsoft.AspNetCore.Builder.EndpointRouteBuilderExtensions.MapGet(IEndpointRouteBuilder, String, Delegate)' which has 'RequiresUnreferencedCodeAttribute' can break functionality when trimming application code. This API may perform reflection on the supplied delegate and its parameters. These types may be trimmed if not directly referenced. [/home/runner/work/Market-Data-Collector/Market-Data-Collector/src/MarketDataCollector/MarketDataCollector.csproj]
/home/runner/work/Market-Data-Collector/Market-Data-Collector/src/MarketDataCollector/Application/Http/UiServer.cs(273,9): warning IL2026: Using member 'Microsoft.AspNetCore.Builder.EndpointRouteBuilderExtensions.MapPost(IEndpointRouteBuilder, String, Delegate)' which has 'RequiresUnreferencedCodeAttribute' can break functionality when trimming application code. This API may perform reflection on the supplied delegate and its parameters. These types may be trimmed if not directly referenced. [/home/runner/work/Market-Data-Collector/Market-Data-Collector/src/MarketDataCollector/MarketDataCollector.csproj]
/home/runner/work/Market-Data-Collector/Market-Data-Collector/src/MarketDataCollector/Application/Http/UiServer.cs(299,9): warning IL2026: Using member 'Microsoft.AspNetCore.Builder.EndpointRouteBuilderExtensions.MapGet(IEndpointRouteBuilder, String, Delegate)' which has 'RequiresUnreferencedCodeAttribute' can break functionality when trimming application code. This API may perform reflection on the supplied delegate and its parameters. These types may be trimmed if not directly referenced. [/home/runner/work/Market-Data-Collector/Market-Data-Collector/src/MarketDataCollector/MarketDataCollector.csproj]
/home/runner/work/Market-Data-Collector/Market-Data-Collector/src/MarketDataCollector/Application/Http/UiServer.cs(312,9): warning IL2026: Using member 'Microsoft.AspNetCore.Builder.EndpointRouteBuilderExtensions.MapGet(IEndpointRouteBuilder, String, Delegate)' which has 'RequiresUnreferencedCodeAttribute' can break functionality when trimming application code. This API may perform reflection on the supplied delegate and its parameters. These types may be trimmed if not directly referenced. [/home/runner/work/Market-Data-Collector/Market-Data-Collector/src/MarketDataCollector/MarketDataCollector.csproj]
/home/runner/work/Market-Data-Collector/Market-Data-Collector/src/MarketDataCollector/Application/Http/UiServer.cs(77,20): warning IL2026: Using member 'Microsoft.AspNetCore.Http.Results.Json<TValue>(TValue, JsonSerializerOptions, String, Int32?)' which has 'RequiresUnreferencedCodeAttribute' can break functionality when trimming application code. JSON serialization and deserialization might require types that cannot be statically analyzed. Use the overload that takes a JsonTypeInfo or JsonSerializerContext. [/home/runner/work/Market-Data-Collector/Market-Data-Collector/src/MarketDataCollector/MarketDataCollector.csproj]
/home/runner/work/Market-Data-Collector/Market-Data-Collector/src/MarketDataCollector/Application/Http/UiServer.cs(108,20): warning IL2026: Using member 'Microsoft.AspNetCore.Http.Results.Json<TValue>(TValue, JsonSerializerOptions, String, Int32?)' which has 'RequiresUnreferencedCodeAttribute' can break functionality when trimming application code. JSON serialization and deserialization might require types that cannot be statically analyzed. Use the overload that takes a JsonTypeInfo or JsonSerializerContext. [/home/runner/work/Market-Data-Collector/Market-Data-Collector/src/MarketDataCollector/MarketDataCollector.csproj]
/home/runner/work/Market-Data-Collector/Market-Data-Collector/src/MarketDataCollector/Application/Http/UiServer.cs(187,20): warning IL2026: Using member 'Microsoft.AspNetCore.Http.Results.Json<TValue>(TValue, JsonSerializerOptions, String, Int32?)' which has 'RequiresUnreferencedCodeAttribute' can break functionality when trimming application code. JSON serialization and deserialization might require types that cannot be statically analyzed. Use the overload that takes a JsonTypeInfo or JsonSerializerContext. [/home/runner/work/Market-Data-Collector/Market-Data-Collector/src/MarketDataCollector/MarketDataCollector.csproj]
/home/runner/work/Market-Data-Collector/Market-Data-Collector/src/MarketDataCollector/Application/Http/UiServer.cs(250,24): warning IL2026: Using member 'Microsoft.AspNetCore.Http.Results.Json<TValue>(TValue, JsonSerializerOptions, String, Int32?)' which has 'RequiresUnreferencedCodeAttribute' can break functionality when trimming application code. JSON serialization and deserialization might require types that cannot be statically analyzed. Use the overload that takes a JsonTypeInfo or JsonSerializerContext. [/home/runner/work/Market-Data-Collector/Market-Data-Collector/src/MarketDataCollector/MarketDataCollector.csproj]
/home/runner/work/Market-Data-Collector/Market-Data-Collector/src/MarketDataCollector/Application/Http/UiServer.cs(265,23): warning IL2026: Using member 'Microsoft.AspNetCore.Http.Results.Json<TValue>(TValue, JsonSerializerOptions, String, Int32?)' which has 'RequiresUnreferencedCodeAttribute' can break functionality when trimming application code. JSON serialization and deserialization might require types that cannot be statically analyzed. Use the overload that takes a JsonTypeInfo or JsonSerializerContext. [/home/runner/work/Market-Data-Collector/Market-Data-Collector/src/MarketDataCollector/MarketDataCollector.csproj]
/home/runner/work/Market-Data-Collector/Market-Data-Collector/src/MarketDataCollector/Application/Http/UiServer.cs(304,24): warning IL2026: Using member 'Microsoft.AspNetCore.Http.Results.Json<TValue>(TValue, JsonSerializerOptions, String, Int32?)' which has 'RequiresUnreferencedCodeAttribute' can break functionality when trimming application code. JSON serialization and deserialization might require types that cannot be statically analyzed. Use the overload that takes a JsonTypeInfo or JsonSerializerContext. [/home/runner/work/Market-Data-Collector/Market-Data-Collector/src/MarketDataCollector/MarketDataCollector.csproj]
/home/runner/work/Market-Data-Collector/Market-Data-Collector/src/MarketDataCollector/Application/Http/UiServer.cs(323,24): warning IL2026: Using member 'Microsoft.AspNetCore.Http.Results.Json<TValue>(TValue, JsonSerializerOptions, String, Int32?)' which has 'RequiresUnreferencedCodeAttribute' can break functionality when trimming application code. JSON serialization and deserialization might require types that cannot be statically analyzed. Use the overload that takes a JsonTypeInfo or JsonSerializerContext. [/home/runner/work/Market-Data-Collector/Market-Data-Collector/src/MarketDataCollector/MarketDataCollector.csproj]
/home/runner/work/Market-Data-Collector/Market-Data-Collector/src/MarketDataCollector/Infrastructure/Providers/Historical/SymbolResolution/OpenFigiSymbolResolver.cs(75,40): warning IL2026: Using member 'System.Net.Http.Json.HttpClientJsonExtensions.PostAsJsonAsync<TValue>(HttpClient, String, TValue, CancellationToken)' which has 'RequiresUnreferencedCodeAttribute' can break functionality when trimming application code. JSON serialization and deserialization might require types that cannot be statically analyzed. Use the overload that takes a JsonTypeInfo or JsonSerializerContext, or make sure all of the required types are preserved. [/home/runner/work/Market-Data-Collector/Market-Data-Collector/src/MarketDataCollector/MarketDataCollector.csproj]
/home/runner/work/Market-Data-Collector/Market-Data-Collector/src/MarketDataCollector/Infrastructure/Providers/Historical/SymbolResolution/OpenFigiSymbolResolver.cs(84,33): warning IL2026: Using member 'System.Net.Http.Json.HttpContentJsonExtensions.ReadFromJsonAsync<T>(HttpContent, CancellationToken)' which has 'RequiresUnreferencedCodeAttribute' can break functionality when trimming application code. JSON serialization and deserialization might require types that cannot be statically analyzed. Use the overload that takes a JsonTypeInfo or JsonSerializerContext, or make sure all of the required types are preserved. [/home/runner/work/Market-Data-Collector/Market-Data-Collector/src/MarketDataCollector/MarketDataCollector.csproj]
/home/runner/work/Market-Data-Collector/Market-Data-Collector/src/MarketDataCollector/Infrastructure/Providers/Historical/SymbolResolution/OpenFigiSymbolResolver.cs(168,40): warning IL2026: Using member 'System.Net.Http.Json.HttpClientJsonExtensions.PostAsJsonAsync<TValue>(HttpClient, String, TValue, CancellationToken)' which has 'RequiresUnreferencedCodeAttribute' can break functionality when trimming application code. JSON serialization and deserialization might require types that cannot be statically analyzed. Use the overload that takes a JsonTypeInfo or JsonSerializerContext, or make sure all of the required types are preserved. [/home/runner/work/Market-Data-Collector/Market-Data-Collector/src/MarketDataCollector/MarketDataCollector.csproj]
/home/runner/work/Market-Data-Collector/Market-Data-Collector/src/MarketDataCollector/Infrastructure/Providers/Historical/SymbolResolution/OpenFigiSymbolResolver.cs(175,33): warning IL2026: Using member 'System.Net.Http.Json.HttpContentJsonExtensions.ReadFromJsonAsync<T>(HttpContent, CancellationToken)' which has 'RequiresUnreferencedCodeAttribute' can break functionality when trimming application code. JSON serialization and deserialization might require types that cannot be statically analyzed. Use the overload that takes a JsonTypeInfo or JsonSerializerContext, or make sure all of the required types are preserved. [/home/runner/work/Market-Data-Collector/Market-Data-Collector/src/MarketDataCollector/MarketDataCollector.csproj]
/home/runner/work/Market-Data-Collector/Market-Data-Collector/src/MarketDataCollector/Application/Http/UiServer.cs(352,9): warning IL2026: Using member 'Microsoft.AspNetCore.Builder.EndpointRouteBuilderExtensions.MapGet(IEndpointRouteBuilder, String, Delegate)' which has 'RequiresUnreferencedCodeAttribute' can break functionality when trimming application code. This API may perform reflection on the supplied delegate and its parameters. These types may be trimmed if not directly referenced. [/home/runner/work/Market-Data-Collector/Market-Data-Collector/src/MarketDataCollector/MarketDataCollector.csproj]
/home/runner/work/Market-Data-Collector/Market-Data-Collector/src/MarketDataCollector/Application/Http/UiServer.cs(365,9): warning IL2026: Using member 'Microsoft.AspNetCore.Builder.EndpointRouteBuilderExtensions.MapPost(IEndpointRouteBuilder, String, Delegate)' which has 'RequiresUnreferencedCodeAttribute' can break functionality when trimming application code. This API may perform reflection on the supplied delegate and its parameters. These types may be trimmed if not directly referenced. [/home/runner/work/Market-Data-Collector/Market-Data-Collector/src/MarketDataCollector/MarketDataCollector.csproj]
/home/runner/work/Market-Data-Collector/Market-Data-Collector/src/MarketDataCollector/Application/Http/UiServer.cs(391,9): warning IL2026: Using member 'Microsoft.AspNetCore.Builder.EndpointRouteBuilderExtensions.MapPost(IEndpointRouteBuilder, String, Delegate)' which has 'RequiresUnreferencedCodeAttribute' can break functionality when trimming application code. This API may perform reflection on the supplied delegate and its parameters. These types may be trimmed if not directly referenced. [/home/runner/work/Market-Data-Collector/Market-Data-Collector/src/MarketDataCollector/MarketDataCollector.csproj]
/home/runner/work/Market-Data-Collector/Market-Data-Collector/src/MarketDataCollector/Application/Http/UiServer.cs(412,9): warning IL2026: Using member 'Microsoft.AspNetCore.Builder.EndpointRouteBuilderExtensions.MapPost(IEndpointRouteBuilder, String, Delegate)' which has 'RequiresUnreferencedCodeAttribute' can break functionality when trimming application code. This API may perform reflection on the supplied delegate and its parameters. These types may be trimmed if not directly referenced. [/home/runner/work/Market-Data-Collector/Market-Data-Collector/src/MarketDataCollector/MarketDataCollector.csproj]
/home/runner/work/Market-Data-Collector/Market-Data-Collector/src/MarketDataCollector/Application/Http/UiServer.cs(428,9): warning IL2026: Using member 'Microsoft.AspNetCore.Builder.EndpointRouteBuilderExtensions.MapPost(IEndpointRouteBuilder, String, Delegate)' which has 'RequiresUnreferencedCodeAttribute' can break functionality when trimming application code. This API may perform reflection on the supplied delegate and its parameters. These types may be trimmed if not directly referenced. [/home/runner/work/Market-Data-Collector/Market-Data-Collector/src/MarketDataCollector/MarketDataCollector.csproj]
/home/runner/work/Market-Data-Collector/Market-Data-Collector/src/MarketDataCollector/Application/Http/UiServer.cs(444,9): warning IL2026: Using member 'Microsoft.AspNetCore.Builder.EndpointRouteBuilderExtensions.MapPost(IEndpointRouteBuilder, String, Delegate)' which has 'RequiresUnreferencedCodeAttribute' can break functionality when trimming application code. This API may perform reflection on the supplied delegate and its parameters. These types may be trimmed if not directly referenced. [/home/runner/work/Market-Data-Collector/Market-Data-Collector/src/MarketDataCollector/MarketDataCollector.csproj]
/home/runner/work/Market-Data-Collector/Market-Data-Collector/src/MarketDataCollector/Application/Http/UiServer.cs(464,9): warning IL2026: Using member 'Microsoft.AspNetCore.Builder.EndpointRouteBuilderExtensions.MapGet(IEndpointRouteBuilder, String, Delegate)' which has 'RequiresUnreferencedCodeAttribute' can break functionality when trimming application code. This API may perform reflection on the supplied delegate and its parameters. These types may be trimmed if not directly referenced. [/home/runner/work/Market-Data-Collector/Market-Data-Collector/src/MarketDataCollector/MarketDataCollector.csproj]
/home/runner/work/Market-Data-Collector/Market-Data-Collector/src/MarketDataCollector/Application/Http/UiServer.cs(477,9): warning IL2026: Using member 'Microsoft.AspNetCore.Builder.EndpointRouteBuilderExtensions.MapPost(IEndpointRouteBuilder, String, Delegate)' which has 'RequiresUnreferencedCodeAttribute' can break functionality when trimming application code. This API may perform reflection on the supplied delegate and its parameters. These types may be trimmed if not directly referenced. [/home/runner/work/Market-Data-Collector/Market-Data-Collector/src/MarketDataCollector/MarketDataCollector.csproj]
/home/runner/work/Market-Data-Collector/Market-Data-Collector/src/MarketDataCollector/Application/Http/UiServer.cs(497,9): warning IL2026: Using member 'Microsoft.AspNetCore.Builder.EndpointRouteBuilderExtensions.MapPost(IEndpointRouteBuilder, String, Delegate)' which has 'RequiresUnreferencedCodeAttribute' can break functionality when trimming application code. This API may perform reflection on the supplied delegate and its parameters. These types may be trimmed if not directly referenced. [/home/runner/work/Market-Data-Collector/Market-Data-Collector/src/MarketDataCollector/MarketDataCollector.csproj]
/home/runner/work/Market-Data-Collector/Market-Data-Collector/src/MarketDataCollector/Application/Http/UiServer.cs(517,9): warning IL2026: Using member 'Microsoft.AspNetCore.Builder.EndpointRouteBuilderExtensions.MapPost(IEndpointRouteBuilder, String, Delegate)' which has 'RequiresUnreferencedCodeAttribute' can break functionality when trimming application code. This API may perform reflection on the supplied delegate and its parameters. These types may be trimmed if not directly referenced. [/home/runner/work/Market-Data-Collector/Market-Data-Collector/src/MarketDataCollector/MarketDataCollector.csproj]
/home/runner/work/Market-Data-Collector/Market-Data-Collector/src/MarketDataCollector/Application/Http/UiServer.cs(530,9): warning IL2026: Using member 'Microsoft.AspNetCore.Builder.EndpointRouteBuilderExtensions.MapPost(IEndpointRouteBuilder, String, Delegate)' which has 'RequiresUnreferencedCodeAttribute' can break functionality when trimming application code. This API may perform reflection on the supplied delegate and its parameters. These types may be trimmed if not directly referenced. [/home/runner/work/Market-Data-Collector/Market-Data-Collector/src/MarketDataCollector/MarketDataCollector.csproj]
/home/runner/work/Market-Data-Collector/Market-Data-Collector/src/MarketDataCollector/Application/Http/UiServer.cs(550,9): warning IL2026: Using member 'Microsoft.AspNetCore.Builder.EndpointRouteBuilderExtensions.MapGet(IEndpointRouteBuilder, String, Delegate)' which has 'RequiresUnreferencedCodeAttribute' can break functionality when trimming application code. This API may perform reflection on the supplied delegate and its parameters. These types may be trimmed if not directly referenced. [/home/runner/work/Market-Data-Collector/Market-Data-Collector/src/MarketDataCollector/MarketDataCollector.csproj]
/home/runner/work/Market-Data-Collector/Market-Data-Collector/src/MarketDataCollector/Application/Http/UiServer.cs(563,9): warning IL2026: Using member 'Microsoft.AspNetCore.Builder.EndpointRouteBuilderExtensions.MapGet(IEndpointRouteBuilder, String, Delegate)' which has 'RequiresUnreferencedCodeAttribute' can break functionality when trimming application code. This API may perform reflection on the supplied delegate and its parameters. These types may be trimmed if not directly referenced. [/home/runner/work/Market-Data-Collector/Market-Data-Collector/src/MarketDataCollector/MarketDataCollector.csproj]
/home/runner/work/Market-Data-Collector/Market-Data-Collector/src/MarketDataCollector/Application/Http/UiServer.cs(579,9): warning IL2026: Using member 'Microsoft.AspNetCore.Builder.EndpointRouteBuilderExtensions.MapGet(IEndpointRouteBuilder, String, Delegate)' which has 'RequiresUnreferencedCodeAttribute' can break functionality when trimming application code. This API may perform reflection on the supplied delegate and its parameters. These types may be trimmed if not directly referenced. [/home/runner/work/Market-Data-Collector/Market-Data-Collector/src/MarketDataCollector/MarketDataCollector.csproj]
/home/runner/work/Market-Data-Collector/Market-Data-Collector/src/MarketDataCollector/Application/Http/UiServer.cs(595,9): warning IL2026: Using member 'Microsoft.AspNetCore.Builder.EndpointRouteBuilderExtensions.MapGet(IEndpointRouteBuilder, String, Delegate)' which has 'RequiresUnreferencedCodeAttribute' can break functionality when trimming application code. This API may perform reflection on the supplied delegate and its parameters. These types may be trimmed if not directly referenced. [/home/runner/work/Market-Data-Collector/Market-Data-Collector/src/MarketDataCollector/MarketDataCollector.csproj]
/home/runner/work/Market-Data-Collector/Market-Data-Collector/src/MarketDataCollector/Application/Http/UiServer.cs(608,9): warning IL2026: Using member 'Microsoft.AspNetCore.Builder.EndpointRouteBuilderExtensions.MapPost(IEndpointRouteBuilder, String, Delegate)' which has 'RequiresUnreferencedCodeAttribute' can break functionality when trimming application code. This API may perform reflection on the supplied delegate and its parameters. These types may be trimmed if not directly referenced. [/home/runner/work/Market-Data-Collector/Market-Data-Collector/src/MarketDataCollector/MarketDataCollector.csproj]
/home/runner/work/Market-Data-Collector/Market-Data-Collector/src/MarketDataCollector/Application/Http/UiServer.cs(621,9): warning IL2026: Using member 'Microsoft.AspNetCore.Builder.EndpointRouteBuilderExtensions.MapPost(IEndpointRouteBuilder, String, Delegate)' which has 'RequiresUnreferencedCodeAttribute' can break functionality when trimming application code. This API may perform reflection on the supplied delegate and its parameters. These types may be trimmed if not directly referenced. [/home/runner/work/Market-Data-Collector/Market-Data-Collector/src/MarketDataCollector/MarketDataCollector.csproj]
/home/runner/work/Market-Data-Collector/Market-Data-Collector/src/MarketDataCollector/Application/Http/UiServer.cs(643,9): warning IL2026: Using member 'Microsoft.AspNetCore.Builder.EndpointRouteBuilderExtensions.MapGet(IEndpointRouteBuilder, String, Delegate)' which has 'RequiresUnreferencedCodeAttribute' can break functionality when trimming application code. This API may perform reflection on the supplied delegate and its parameters. These types may be trimmed if not directly referenced. [/home/runner/work/Market-Data-Collector/Market-Data-Collector/src/MarketDataCollector/MarketDataCollector.csproj]
/home/runner/work/Market-Data-Collector/Market-Data-Collector/src/MarketDataCollector/Application/Http/UiServer.cs(658,9): warning IL2026: Using member 'Microsoft.AspNetCore.Builder.EndpointRouteBuilderExtensions.MapGet(IEndpointRouteBuilder, String, Delegate)' which has 'RequiresUnreferencedCodeAttribute' can break functionality when trimming application code. This API may perform reflection on the supplied delegate and its parameters. These types may be trimmed if not directly referenced. [/home/runner/work/Market-Data-Collector/Market-Data-Collector/src/MarketDataCollector/MarketDataCollector.csproj]
/home/runner/work/Market-Data-Collector/Market-Data-Collector/src/MarketDataCollector/Application/Http/UiServer.cs(671,9): warning IL2026: Using member 'Microsoft.AspNetCore.Builder.EndpointRouteBuilderExtensions.MapGet(IEndpointRouteBuilder, String, Delegate)' which has 'RequiresUnreferencedCodeAttribute' can break functionality when trimming application code. This API may perform reflection on the supplied delegate and its parameters. These types may be trimmed if not directly referenced. [/home/runner/work/Market-Data-Collector/Market-Data-Collector/src/MarketDataCollector/MarketDataCollector.csproj]
/home/runner/work/Market-Data-Collector/Market-Data-Collector/src/MarketDataCollector/Application/Http/UiServer.cs(686,9): warning IL2026: Using member 'Microsoft.AspNetCore.Builder.EndpointRouteBuilderExtensions.MapPost(IEndpointRouteBuilder, String, Delegate)' which has 'RequiresUnreferencedCodeAttribute' can break functionality when trimming application code. This API may perform reflection on the supplied delegate and its parameters. These types may be trimmed if not directly referenced. [/home/runner/work/Market-Data-Collector/Market-Data-Collector/src/MarketDataCollector/MarketDataCollector.csproj]
/home/runner/work/Market-Data-Collector/Market-Data-Collector/src/MarketDataCollector/Application/Http/UiServer.cs(699,9): warning IL2026: Using member 'Microsoft.AspNetCore.Builder.EndpointRouteBuilderExtensions.MapGet(IEndpointRouteBuilder, String, Delegate)' which has 'RequiresUnreferencedCodeAttribute' can break functionality when trimming application code. This API may perform reflection on the supplied delegate and its parameters. These types may be trimmed if not directly referenced. [/home/runner/work/Market-Data-Collector/Market-Data-Collector/src/MarketDataCollector/MarketDataCollector.csproj]
/home/runner/work/Market-Data-Collector/Market-Data-Collector/src/MarketDataCollector/Application/Http/UiServer.cs(712,9): warning IL2026: Using member 'Microsoft.AspNetCore.Builder.EndpointRouteBuilderExtensions.MapGet(IEndpointRouteBuilder, String, Delegate)' which has 'RequiresUnreferencedCodeAttribute' can break functionality when trimming application code. This API may perform reflection on the supplied delegate and its parameters. These types may be trimmed if not directly referenced. [/home/runner/work/Market-Data-Collector/Market-Data-Collector/src/MarketDataCollector/MarketDataCollector.csproj]
/home/runner/work/Market-Data-Collector/Market-Data-Collector/src/MarketDataCollector/Application/Http/UiServer.cs(727,9): warning IL2026: Using member 'Microsoft.AspNetCore.Builder.EndpointRouteBuilderExtensions.MapPost(IEndpointRouteBuilder, String, Delegate)' which has 'RequiresUnreferencedCodeAttribute' can break functionality when trimming application code. This API may perform reflection on the supplied delegate and its parameters. These types may be trimmed if not directly referenced. [/home/runner/work/Market-Data-Collector/Market-Data-Collector/src/MarketDataCollector/MarketDataCollector.csproj]
/home/runner/work/Market-Data-Collector/Market-Data-Collector/src/MarketDataCollector/Application/Http/UiServer.cs(740,9): warning IL2026: Using member 'Microsoft.AspNetCore.Builder.EndpointRouteBuilderExtensions.MapGet(IEndpointRouteBuilder, String, Delegate)' which has 'RequiresUnreferencedCodeAttribute' can break functionality when trimming application code. This API may perform reflection on the supplied delegate and its parameters. These types may be trimmed if not directly referenced. [/home/runner/work/Market-Data-Collector/Market-Data-Collector/src/MarketDataCollector/MarketDataCollector.csproj]
/home/runner/work/Market-Data-Collector/Market-Data-Collector/src/MarketDataCollector/Application/Http/UiServer.cs(755,9): warning IL2026: Using member 'Microsoft.AspNetCore.Builder.EndpointRouteBuilderExtensions.MapGet(IEndpointRouteBuilder, String, Delegate)' which has 'RequiresUnreferencedCodeAttribute' can break functionality when trimming application code. This API may perform reflection on the supplied delegate and its parameters. These types may be trimmed if not directly referenced. [/home/runner/work/Market-Data-Collector/Market-Data-Collector/src/MarketDataCollector/MarketDataCollector.csproj]
/home/runner/work/Market-Data-Collector/Market-Data-Collector/src/MarketDataCollector/Application/Http/UiServer.cs(648,24): warning IL2026: Using member 'Microsoft.AspNetCore.Http.Results.Json<TValue>(TValue, JsonSerializerOptions, String, Int32?)' which has 'RequiresUnreferencedCodeAttribute' can break functionality when trimming application code. JSON serialization and deserialization might require types that cannot be statically analyzed. Use the overload that takes a JsonTypeInfo or JsonSerializerContext. [/home/runner/work/Market-Data-Collector/Market-Data-Collector/src/MarketDataCollector/MarketDataCollector.csproj]
/home/runner/work/Market-Data-Collector/Market-Data-Collector/src/MarketDataCollector/Application/Http/UiServer.cs(745,24): warning IL2026: Using member 'Microsoft.AspNetCore.Http.Results.Json<TValue>(TValue, JsonSerializerOptions, String, Int32?)' which has 'RequiresUnreferencedCodeAttribute' can break functionality when trimming application code. JSON serialization and deserialization might require types that cannot be statically analyzed. Use the overload that takes a JsonTypeInfo or JsonSerializerContext. [/home/runner/work/Market-Data-Collector/Market-Data-Collector/src/MarketDataCollector/MarketDataCollector.csproj]
/home/runner/work/Market-Data-Collector/Market-Data-Collector/src/MarketDataCollector/Application/Http/UiServer.cs(768,24): warning IL2026: Using member 'Microsoft.AspNetCore.Http.Results.Json<TValue>(TValue, JsonSerializerOptions, String, Int32?)' which has 'RequiresUnreferencedCodeAttribute' can break functionality when trimming application code. JSON serialization and deserialization might require types that cannot be statically analyzed. Use the overload that takes a JsonTypeInfo or JsonSerializerContext. [/home/runner/work/Market-Data-Collector/Market-Data-Collector/src/MarketDataCollector/MarketDataCollector.csproj]
/home/runner/work/Market-Data-Collector/Market-Data-Collector/src/MarketDataCollector/Application/Subscriptions/Services/SchedulingService.cs(397,29): warning IL2026: Using member 'System.Text.Json.JsonSerializer.Deserialize<TValue>(String, JsonSerializerOptions)' which has 'RequiresUnreferencedCodeAttribute' can break functionality when trimming application code. JSON serialization and deserialization might require types that cannot be statically analyzed. Use the overload that takes a JsonTypeInfo or JsonSerializerContext, or make sure all of the required types are preserved. [/home/runner/work/Market-Data-Collector/Market-Data-Collector/src/MarketDataCollector/MarketDataCollector.csproj]
/home/runner/work/Market-Data-Collector/Market-Data-Collector/src/MarketDataCollector/Application/Subscriptions/Services/SchedulingService.cs(417,24): warning IL2026: Using member 'System.Text.Json.JsonSerializer.Serialize<TValue>(TValue, JsonSerializerOptions)' which has 'RequiresUnreferencedCodeAttribute' can break functionality when trimming application code. JSON serialization and deserialization might require types that cannot be statically analyzed. Use the overload that takes a JsonTypeInfo or JsonSerializerContext, or make sure all of the required types are preserved. [/home/runner/work/Market-Data-Collector/Market-Data-Collector/src/MarketDataCollector/MarketDataCollector.csproj]
/home/runner/work/Market-Data-Collector/Market-Data-Collector/src/MarketDataCollector/Application/Config/ConfigWatcher.cs(108,27): warning IL2026: Using member 'System.Text.Json.JsonSerializer.Deserialize<TValue>(String, JsonSerializerOptions)' which has 'RequiresUnreferencedCodeAttribute' can break functionality when trimming application code. JSON serialization and deserialization might require types that cannot be statically analyzed. Use the overload that takes a JsonTypeInfo or JsonSerializerContext, or make sure all of the required types are preserved. [/home/runner/work/Market-Data-Collector/Market-Data-Collector/src/MarketDataCollector/MarketDataCollector.csproj]
/home/runner/work/Market-Data-Collector/Market-Data-Collector/src/MarketDataCollector/Application/Config/ConfigValidatorCli.cs(51,22): warning IL2026: Using member 'System.Text.Json.JsonSerializer.Deserialize<TValue>(String, JsonSerializerOptions)' which has 'RequiresUnreferencedCodeAttribute' can break functionality when trimming application code. JSON serialization and deserialization might require types that cannot be statically analyzed. Use the overload that takes a JsonTypeInfo or JsonSerializerContext, or make sure all of the required types are preserved. [/home/runner/work/Market-Data-Collector/Market-Data-Collector/src/MarketDataCollector/MarketDataCollector.csproj]
/home/runner/work/Market-Data-Collector/Market-Data-Collector/src/MarketDataCollector/Application/Subscriptions/Services/PortfolioImportService.cs(261,34): warning IL2026: Using member 'System.Net.Http.Json.HttpContentJsonExtensions.ReadFromJsonAsync<T>(HttpContent, JsonSerializerOptions, CancellationToken)' which has 'RequiresUnreferencedCodeAttribute' can break functionality when trimming application code. JSON serialization and deserialization might require types that cannot be statically analyzed. Use the overload that takes a JsonTypeInfo or JsonSerializerContext, or make sure all of the required types are preserved. [/home/runner/work/Market-Data-Collector/Market-Data-Collector/src/MarketDataCollector/MarketDataCollector.csproj]
/home/runner/work/Market-Data-Collector/Market-Data-Collector/src/MarketDataCollector/Application/Subscriptions/Services/PortfolioImportService.cs(276,37): warning IL2026: Using member 'System.Net.Http.Json.HttpContentJsonExtensions.ReadFromJsonAsync<T>(HttpContent, JsonSerializerOptions, CancellationToken)' which has 'RequiresUnreferencedCodeAttribute' can break functionality when trimming application code. JSON serialization and deserialization might require types that cannot be statically analyzed. Use the overload that takes a JsonTypeInfo or JsonSerializerContext, or make sure all of the required types are preserved. [/home/runner/work/Market-Data-Collector/Market-Data-Collector/src/MarketDataCollector/MarketDataCollector.csproj]
/home/runner/work/Market-Data-Collector/Market-Data-Collector/src/MarketDataCollector/Application/Config/ConfigValidatorCli.cs(138,26): warning IL2026: Using member 'System.Text.Json.JsonSerializer.Deserialize<TValue>(String, JsonSerializerOptions)' which has 'RequiresUnreferencedCodeAttribute' can break functionality when trimming application code. JSON serialization and deserialization might require types that cannot be statically analyzed. Use the overload that takes a JsonTypeInfo or JsonSerializerContext, or make sure all of the required types are preserved. [/home/runner/work/Market-Data-Collector/Market-Data-Collector/src/MarketDataCollector/MarketDataCollector.csproj]
/home/runner/work/Market-Data-Collector/Market-Data-Collector/src/MarketDataCollector/Application/Subscriptions/Services/PortfolioImportService.cs(186,35): warning IL2026: Using member 'System.Net.Http.Json.HttpContentJsonExtensions.ReadFromJsonAsync<T>(HttpContent, JsonSerializerOptions, CancellationToken)' which has 'RequiresUnreferencedCodeAttribute' can break functionality when trimming application code. JSON serialization and deserialization might require types that cannot be statically analyzed. Use the overload that takes a JsonTypeInfo or JsonSerializerContext, or make sure all of the required types are preserved. [/home/runner/work/Market-Data-Collector/Market-Data-Collector/src/MarketDataCollector/MarketDataCollector.csproj]
/home/runner/work/Market-Data-Collector/Market-Data-Collector/src/MarketDataCollector/Application/Subscriptions/Services/PortfolioImportService.cs(197,29): warning IL2026: Using member 'System.Net.Http.Json.HttpContentJsonExtensions.ReadFromJsonAsync<T>(HttpContent, JsonSerializerOptions, CancellationToken)' which has 'RequiresUnreferencedCodeAttribute' can break functionality when trimming application code. JSON serialization and deserialization might require types that cannot be statically analyzed. Use the overload that takes a JsonTypeInfo or JsonSerializerContext, or make sure all of the required types are preserved. [/home/runner/work/Market-Data-Collector/Market-Data-Collector/src/MarketDataCollector/MarketDataCollector.csproj]
/home/runner/work/Market-Data-Collector/Market-Data-Collector/src/MarketDataCollector/Infrastructure/Providers/SymbolSearch/BaseSymbolSearchProvider.cs(367,20): warning IL2026: Using member 'System.Text.Json.JsonSerializer.Deserialize<TValue>(String, JsonSerializerOptions)' which has 'RequiresUnreferencedCodeAttribute' can break functionality when trimming application code. JSON serialization and deserialization might require types that cannot be statically analyzed. Use the overload that takes a JsonTypeInfo or JsonSerializerContext, or make sure all of the required types are preserved. [/home/runner/work/Market-Data-Collector/Market-Data-Collector/src/MarketDataCollector/MarketDataCollector.csproj]
/home/runner/work/Market-Data-Collector/Market-Data-Collector/src/MarketDataCollector/Infrastructure/Providers/Streaming/Alpaca/AlpacaMarketDataClient.cs(126,23): warning IL2026: Using member 'System.Text.Json.JsonSerializer.Serialize<TValue>(TValue, JsonSerializerOptions)' which has 'RequiresUnreferencedCodeAttribute' can break functionality when trimming application code. JSON serialization and deserialization might require types that cannot be statically analyzed. Use the overload that takes a JsonTypeInfo or JsonSerializerContext, or make sure all of the required types are preserved. [/home/runner/work/Market-Data-Collector/Market-Data-Collector/src/MarketDataCollector/MarketDataCollector.csproj]
/home/runner/work/Market-Data-Collector/Market-Data-Collector/src/MarketDataCollector/Infrastructure/Providers/Streaming/Alpaca/AlpacaMarketDataClient.cs(148,31): warning IL2026: Using member 'System.Text.Json.JsonSerializer.Serialize<TValue>(TValue, JsonSerializerOptions)' which has 'RequiresUnreferencedCodeAttribute' can break functionality when trimming application code. JSON serialization and deserialization might require types that cannot be statically analyzed. Use the overload that takes a JsonTypeInfo or JsonSerializerContext, or make sure all of the required types are preserved. [/home/runner/work/Market-Data-Collector/Market-Data-Collector/src/MarketDataCollector/MarketDataCollector.csproj]
/home/runner/work/Market-Data-Collector/Market-Data-Collector/src/MarketDataCollector/Application/Config/Credentials/OAuthTokenRefreshService.cs(270,33): warning IL2026: Using member 'System.Text.Json.JsonSerializer.Deserialize<TValue>(String, JsonSerializerOptions)' which has 'RequiresUnreferencedCodeAttribute' can break functionality when trimming application code. JSON serialization and deserialization might require types that cannot be statically analyzed. Use the overload that takes a JsonTypeInfo or JsonSerializerContext, or make sure all of the required types are preserved. [/home/runner/work/Market-Data-Collector/Market-Data-Collector/src/MarketDataCollector/MarketDataCollector.csproj]
/home/runner/work/Market-Data-Collector/Market-Data-Collector/src/MarketDataCollector/Application/Config/Credentials/OAuthTokenRefreshService.cs(328,26): warning IL2026: Using member 'System.Text.Json.JsonSerializer.Deserialize<TValue>(String, JsonSerializerOptions)' which has 'RequiresUnreferencedCodeAttribute' can break functionality when trimming application code. JSON serialization and deserialization might require types that cannot be statically analyzed. Use the overload that takes a JsonTypeInfo or JsonSerializerContext, or make sure all of the required types are preserved. [/home/runner/work/Market-Data-Collector/Market-Data-Collector/src/MarketDataCollector/MarketDataCollector.csproj]
/home/runner/work/Market-Data-Collector/Market-Data-Collector/src/MarketDataCollector/Application/Config/Credentials/OAuthTokenRefreshService.cs(355,24): warning IL2026: Using member 'System.Text.Json.JsonSerializer.Serialize<TValue>(TValue, JsonSerializerOptions)' which has 'RequiresUnreferencedCodeAttribute' can break functionality when trimming application code. JSON serialization and deserialization might require types that cannot be statically analyzed. Use the overload that takes a JsonTypeInfo or JsonSerializerContext, or make sure all of the required types are preserved. [/home/runner/work/Market-Data-Collector/Market-Data-Collector/src/MarketDataCollector/MarketDataCollector.csproj]
/home/runner/work/Market-Data-Collector/Market-Data-Collector/src/MarketDataCollector/Application/Http/UiServer.cs(795,9): warning IL2026: Using member 'Microsoft.AspNetCore.Builder.EndpointRouteBuilderExtensions.MapPost(IEndpointRouteBuilder, String, Delegate)' which has 'RequiresUnreferencedCodeAttribute' can break functionality when trimming application code. This API may perform reflection on the supplied delegate and its parameters. These types may be trimmed if not directly referenced. [/home/runner/work/Market-Data-Collector/Market-Data-Collector/src/MarketDataCollector/MarketDataCollector.csproj]
/home/runner/work/Market-Data-Collector/Market-Data-Collector/src/MarketDataCollector/Application/Http/UiServer.cs(824,9): warning IL2026: Using member 'Microsoft.AspNetCore.Builder.EndpointRouteBuilderExtensions.MapGet(IEndpointRouteBuilder, String, Delegate)' which has 'RequiresUnreferencedCodeAttribute' can break functionality when trimming application code. This API may perform reflection on the supplied delegate and its parameters. These types may be trimmed if not directly referenced. [/home/runner/work/Market-Data-Collector/Market-Data-Collector/src/MarketDataCollector/MarketDataCollector.csproj]
/home/runner/work/Market-Data-Collector/Market-Data-Collector/src/MarketDataCollector/Application/Http/UiServer.cs(842,9): warning IL2026: Using member 'Microsoft.AspNetCore.Builder.EndpointRouteBuilderExtensions.MapGet(IEndpointRouteBuilder, String, Delegate)' which has 'RequiresUnreferencedCodeAttribute' can break functionality when trimming application code. This API may perform reflection on the supplied delegate and its parameters. These types may be trimmed if not directly referenced. [/home/runner/work/Market-Data-Collector/Market-Data-Collector/src/MarketDataCollector/MarketDataCollector.csproj]
/home/runner/work/Market-Data-Collector/Market-Data-Collector/src/MarketDataCollector/Application/Http/UiServer.cs(862,9): warning IL2026: Using member 'Microsoft.AspNetCore.Builder.EndpointRouteBuilderExtensions.MapGet(IEndpointRouteBuilder, String, Delegate)' which has 'RequiresUnreferencedCodeAttribute' can break functionality when trimming application code. This API may perform reflection on the supplied delegate and its parameters. These types may be trimmed if not directly referenced. [/home/runner/work/Market-Data-Collector/Market-Data-Collector/src/MarketDataCollector/MarketDataCollector.csproj]
/home/runner/work/Market-Data-Collector/Market-Data-Collector/src/MarketDataCollector/Application/Http/UiServer.cs(875,9): warning IL2026: Using member 'Microsoft.AspNetCore.Builder.EndpointRouteBuilderExtensions.MapGet(IEndpointRouteBuilder, String, Delegate)' which has 'RequiresUnreferencedCodeAttribute' can break functionality when trimming application code. This API may perform reflection on the supplied delegate and its parameters. These types may be trimmed if not directly referenced. [/home/runner/work/Market-Data-Collector/Market-Data-Collector/src/MarketDataCollector/MarketDataCollector.csproj]
/home/runner/work/Market-Data-Collector/Market-Data-Collector/src/MarketDataCollector/Application/Http/UiServer.cs(890,9): warning IL2026: Using member 'Microsoft.AspNetCore.Builder.EndpointRouteBuilderExtensions.MapPost(IEndpointRouteBuilder, String, Delegate)' which has 'RequiresUnreferencedCodeAttribute' can break functionality when trimming application code. This API may perform reflection on the supplied delegate and its parameters. These types may be trimmed if not directly referenced. [/home/runner/work/Market-Data-Collector/Market-Data-Collector/src/MarketDataCollector/MarketDataCollector.csproj]
/home/runner/work/Market-Data-Collector/Market-Data-Collector/src/MarketDataCollector/Application/Http/UiServer.cs(903,9): warning IL2026: Using member 'Microsoft.AspNetCore.Builder.EndpointRouteBuilderExtensions.MapPost(IEndpointRouteBuilder, String, Delegate)' which has 'RequiresUnreferencedCodeAttribute' can break functionality when trimming application code. This API may perform reflection on the supplied delegate and its parameters. These types may be trimmed if not directly referenced. [/home/runner/work/Market-Data-Collector/Market-Data-Collector/src/MarketDataCollector/MarketDataCollector.csproj]
/home/runner/work/Market-Data-Collector/Market-Data-Collector/src/MarketDataCollector/Application/Http/UiServer.cs(928,9): warning IL2026: Using member 'Microsoft.AspNetCore.Builder.EndpointRouteBuilderExtensions.MapPost(IEndpointRouteBuilder, String, Delegate)' which has 'RequiresUnreferencedCodeAttribute' can break functionality when trimming application code. This API may perform reflection on the supplied delegate and its parameters. These types may be trimmed if not directly referenced. [/home/runner/work/Market-Data-Collector/Market-Data-Collector/src/MarketDataCollector/MarketDataCollector.csproj]
/home/runner/work/Market-Data-Collector/Market-Data-Collector/src/MarketDataCollector/Application/Http/UiServer.cs(944,9): warning IL2026: Using member 'Microsoft.AspNetCore.Builder.EndpointRouteBuilderExtensions.MapDelete(IEndpointRouteBuilder, String, Delegate)' which has 'RequiresUnreferencedCodeAttribute' can break functionality when trimming application code. This API may perform reflection on the supplied delegate and its parameters. These types may be trimmed if not directly referenced. [/home/runner/work/Market-Data-Collector/Market-Data-Collector/src/MarketDataCollector/MarketDataCollector.csproj]
/home/runner/work/Market-Data-Collector/Market-Data-Collector/src/MarketDataCollector/Application/Http/UiServer.cs(961,9): warning IL2026: Using member 'Microsoft.AspNetCore.Builder.EndpointRouteBuilderExtensions.MapGet(IEndpointRouteBuilder, String, Delegate)' which has 'RequiresUnreferencedCodeAttribute' can break functionality when trimming application code. This API may perform reflection on the supplied delegate and its parameters. These types may be trimmed if not directly referenced. [/home/runner/work/Market-Data-Collector/Market-Data-Collector/src/MarketDataCollector/MarketDataCollector.csproj]
/home/runner/work/Market-Data-Collector/Market-Data-Collector/src/MarketDataCollector/Application/Http/UiServer.cs(974,9): warning IL2026: Using member 'Microsoft.AspNetCore.Builder.EndpointRouteBuilderExtensions.MapGet(IEndpointRouteBuilder, String, Delegate)' which has 'RequiresUnreferencedCodeAttribute' can break functionality when trimming application code. This API may perform reflection on the supplied delegate and its parameters. These types may be trimmed if not directly referenced. [/home/runner/work/Market-Data-Collector/Market-Data-Collector/src/MarketDataCollector/MarketDataCollector.csproj]
/home/runner/work/Market-Data-Collector/Market-Data-Collector/src/MarketDataCollector/Application/Http/UiServer.cs(989,9): warning IL2026: Using member 'Microsoft.AspNetCore.Builder.EndpointRouteBuilderExtensions.MapGet(IEndpointRouteBuilder, String, Delegate)' which has 'RequiresUnreferencedCodeAttribute' can break functionality when trimming application code. This API may perform reflection on the supplied delegate and its parameters. These types may be trimmed if not directly referenced. [/home/runner/work/Market-Data-Collector/Market-Data-Collector/src/MarketDataCollector/MarketDataCollector.csproj]
/home/runner/work/Market-Data-Collector/Market-Data-Collector/src/MarketDataCollector/Application/Http/UiServer.cs(1004,9): warning IL2026: Using member 'Microsoft.AspNetCore.Builder.EndpointRouteBuilderExtensions.MapPost(IEndpointRouteBuilder, String, Delegate)' which has 'RequiresUnreferencedCodeAttribute' can break functionality when trimming application code. This API may perform reflection on the supplied delegate and its parameters. These types may be trimmed if not directly referenced. [/home/runner/work/Market-Data-Collector/Market-Data-Collector/src/MarketDataCollector/MarketDataCollector.csproj]
/home/runner/work/Market-Data-Collector/Market-Data-Collector/src/MarketDataCollector/Application/Http/UiServer.cs(1023,9): warning IL2026: Using member 'Microsoft.AspNetCore.Builder.EndpointRouteBuilderExtensions.MapPut(IEndpointRouteBuilder, String, Delegate)' which has 'RequiresUnreferencedCodeAttribute' can break functionality when trimming application code. This API may perform reflection on the supplied delegate and its parameters. These types may be trimmed if not directly referenced. [/home/runner/work/Market-Data-Collector/Market-Data-Collector/src/MarketDataCollector/MarketDataCollector.csproj]
/home/runner/work/Market-Data-Collector/Market-Data-Collector/src/MarketDataCollector/Application/Http/UiServer.cs(1041,9): warning IL2026: Using member 'Microsoft.AspNetCore.Builder.EndpointRouteBuilderExtensions.MapPost(IEndpointRouteBuilder, String, Delegate)' which has 'RequiresUnreferencedCodeAttribute' can break functionality when trimming application code. This API may perform reflection on the supplied delegate and its parameters. These types may be trimmed if not directly referenced. [/home/runner/work/Market-Data-Collector/Market-Data-Collector/src/MarketDataCollector/MarketDataCollector.csproj]
/home/runner/work/Market-Data-Collector/Market-Data-Collector/src/MarketDataCollector/Application/Http/UiServer.cs(1056,9): warning IL2026: Using member 'Microsoft.AspNetCore.Builder.EndpointRouteBuilderExtensions.MapPost(IEndpointRouteBuilder, String, Delegate)' which has 'RequiresUnreferencedCodeAttribute' can break functionality when trimming application code. This API may perform reflection on the supplied delegate and its parameters. These types may be trimmed if not directly referenced. [/home/runner/work/Market-Data-Collector/Market-Data-Collector/src/MarketDataCollector/MarketDataCollector.csproj]
/home/runner/work/Market-Data-Collector/Market-Data-Collector/src/MarketDataCollector/Application/Http/UiServer.cs(1071,9): warning IL2026: Using member 'Microsoft.AspNetCore.Builder.EndpointRouteBuilderExtensions.MapPost(IEndpointRouteBuilder, String, Delegate)' which has 'RequiresUnreferencedCodeAttribute' can break functionality when trimming application code. This API may perform reflection on the supplied delegate and its parameters. These types may be trimmed if not directly referenced. [/home/runner/work/Market-Data-Collector/Market-Data-Collector/src/MarketDataCollector/MarketDataCollector.csproj]
/home/runner/work/Market-Data-Collector/Market-Data-Collector/src/MarketDataCollector/Application/Http/UiServer.cs(1086,9): warning IL2026: Using member 'Microsoft.AspNetCore.Builder.EndpointRouteBuilderExtensions.MapDelete(IEndpointRouteBuilder, String, Delegate)' which has 'RequiresUnreferencedCodeAttribute' can break functionality when trimming application code. This API may perform reflection on the supplied delegate and its parameters. These types may be trimmed if not directly referenced. [/home/runner/work/Market-Data-Collector/Market-Data-Collector/src/MarketDataCollector/MarketDataCollector.csproj]
/home/runner/work/Market-Data-Collector/Market-Data-Collector/src/MarketDataCollector/Application/Http/UiServer.cs(1101,9): warning IL2026: Using member 'Microsoft.AspNetCore.Builder.EndpointRouteBuilderExtensions.MapGet(IEndpointRouteBuilder, String, Delegate)' which has 'RequiresUnreferencedCodeAttribute' can break functionality when trimming application code. This API may perform reflection on the supplied delegate and its parameters. These types may be trimmed if not directly referenced. [/home/runner/work/Market-Data-Collector/Market-Data-Collector/src/MarketDataCollector/MarketDataCollector.csproj]
/home/runner/work/Market-Data-Collector/Market-Data-Collector/src/MarketDataCollector/Application/Http/UiServer.cs(1116,9): warning IL2026: Using member 'Microsoft.AspNetCore.Builder.EndpointRouteBuilderExtensions.MapPost(IEndpointRouteBuilder, String, Delegate)' which has 'RequiresUnreferencedCodeAttribute' can break functionality when trimming application code. This API may perform reflection on the supplied delegate and its parameters. These types may be trimmed if not directly referenced. [/home/runner/work/Market-Data-Collector/Market-Data-Collector/src/MarketDataCollector/MarketDataCollector.csproj]
/home/runner/work/Market-Data-Collector/Market-Data-Collector/src/MarketDataCollector/Application/Http/UiServer.cs(1131,9): warning IL2026: Using member 'Microsoft.AspNetCore.Builder.EndpointRouteBuilderExtensions.MapPost(IEndpointRouteBuilder, String, Delegate)' which has 'RequiresUnreferencedCodeAttribute' can break functionality when trimming application code. This API may perform reflection on the supplied delegate and its parameters. These types may be trimmed if not directly referenced. [/home/runner/work/Market-Data-Collector/Market-Data-Collector/src/MarketDataCollector/MarketDataCollector.csproj]
/home/runner/work/Market-Data-Collector/Market-Data-Collector/src/MarketDataCollector/Application/Http/UiServer.cs(1146,9): warning IL2026: Using member 'Microsoft.AspNetCore.Builder.EndpointRouteBuilderExtensions.MapGet(IEndpointRouteBuilder, String, Delegate)' which has 'RequiresUnreferencedCodeAttribute' can break functionality when trimming application code. This API may perform reflection on the supplied delegate and its parameters. These types may be trimmed if not directly referenced. [/home/runner/work/Market-Data-Collector/Market-Data-Collector/src/MarketDataCollector/MarketDataCollector.csproj]
/home/runner/work/Market-Data-Collector/Market-Data-Collector/src/MarketDataCollector/Application/Http/UiServer.cs(1159,9): warning IL2026: Using member 'Microsoft.AspNetCore.Builder.EndpointRouteBuilderExtensions.MapGet(IEndpointRouteBuilder, String, Delegate)' which has 'RequiresUnreferencedCodeAttribute' can break functionality when trimming application code. This API may perform reflection on the supplied delegate and its parameters. These types may be trimmed if not directly referenced. [/home/runner/work/Market-Data-Collector/Market-Data-Collector/src/MarketDataCollector/MarketDataCollector.csproj]
/home/runner/work/Market-Data-Collector/Market-Data-Collector/src/MarketDataCollector/Application/Http/UiServer.cs(1175,9): warning IL2026: Using member 'Microsoft.AspNetCore.Builder.EndpointRouteBuilderExtensions.MapPost(IEndpointRouteBuilder, String, Delegate)' which has 'RequiresUnreferencedCodeAttribute' can break functionality when trimming application code. This API may perform reflection on the supplied delegate and its parameters. These types may be trimmed if not directly referenced. [/home/runner/work/Market-Data-Collector/Market-Data-Collector/src/MarketDataCollector/MarketDataCollector.csproj]
/home/runner/work/Market-Data-Collector/Market-Data-Collector/src/MarketDataCollector/Application/Http/UiServer.cs(1192,9): warning IL2026: Using member 'Microsoft.AspNetCore.Builder.EndpointRouteBuilderExtensions.MapGet(IEndpointRouteBuilder, String, Delegate)' which has 'RequiresUnreferencedCodeAttribute' can break functionality when trimming application code. This API may perform reflection on the supplied delegate and its parameters. These types may be trimmed if not directly referenced. [/home/runner/work/Market-Data-Collector/Market-Data-Collector/src/MarketDataCollector/MarketDataCollector.csproj]
/home/runner/work/Market-Data-Collector/Market-Data-Collector/src/MarketDataCollector/Application/Http/UiServer.cs(1226,9): warning IL2026: Using member 'Microsoft.AspNetCore.Builder.EndpointRouteBuilderExtensions.MapPost(IEndpointRouteBuilder, String, Delegate)' which has 'RequiresUnreferencedCodeAttribute' can break functionality when trimming application code. This API may perform reflection on the supplied delegate and its parameters. These types may be trimmed if not directly referenced. [/home/runner/work/Market-Data-Collector/Market-Data-Collector/src/MarketDataCollector/MarketDataCollector.csproj]
/home/runner/work/Market-Data-Collector/Market-Data-Collector/src/MarketDataCollector/Application/Http/UiServer.cs(1242,9): warning IL2026: Using member 'Microsoft.AspNetCore.Builder.EndpointRouteBuilderExtensions.MapGet(IEndpointRouteBuilder, String, Delegate)' which has 'RequiresUnreferencedCodeAttribute' can break functionality when trimming application code. This API may perform reflection on the supplied delegate and its parameters. These types may be trimmed if not directly referenced. [/home/runner/work/Market-Data-Collector/Market-Data-Collector/src/MarketDataCollector/MarketDataCollector.csproj]
/home/runner/work/Market-Data-Collector/Market-Data-Collector/src/MarketDataCollector/Application/Http/UiServer.cs(1257,9): warning IL2026: Using member 'Microsoft.AspNetCore.Builder.EndpointRouteBuilderExtensions.MapGet(IEndpointRouteBuilder, String, Delegate)' which has 'RequiresUnreferencedCodeAttribute' can break functionality when trimming application code. This API may perform reflection on the supplied delegate and its parameters. These types may be trimmed if not directly referenced. [/home/runner/work/Market-Data-Collector/Market-Data-Collector/src/MarketDataCollector/MarketDataCollector.csproj]
/home/runner/work/Market-Data-Collector/Market-Data-Collector/src/MarketDataCollector/Application/Http/UiServer.cs(1279,9): warning IL2026: Using member 'Microsoft.AspNetCore.Builder.EndpointRouteBuilderExtensions.MapGet(IEndpointRouteBuilder, String, Delegate)' which has 'RequiresUnreferencedCodeAttribute' can break functionality when trimming application code. This API may perform reflection on the supplied delegate and its parameters. These types may be trimmed if not directly referenced. [/home/runner/work/Market-Data-Collector/Market-Data-Collector/src/MarketDataCollector/MarketDataCollector.csproj]
/home/runner/work/Market-Data-Collector/Market-Data-Collector/src/MarketDataCollector/Application/Http/UiServer.cs(1298,9): warning IL2026: Using member 'Microsoft.AspNetCore.Builder.EndpointRouteBuilderExtensions.MapPost(IEndpointRouteBuilder, String, Delegate)' which has 'RequiresUnreferencedCodeAttribute' can break functionality when trimming application code. This API may perform reflection on the supplied delegate and its parameters. These types may be trimmed if not directly referenced. [/home/runner/work/Market-Data-Collector/Market-Data-Collector/src/MarketDataCollector/MarketDataCollector.csproj]
/home/runner/work/Market-Data-Collector/Market-Data-Collector/src/MarketDataCollector/Application/Http/UiServer.cs(1317,9): warning IL2026: Using member 'Microsoft.AspNetCore.Builder.EndpointRouteBuilderExtensions.MapGet(IEndpointRouteBuilder, String, Delegate)' which has 'RequiresUnreferencedCodeAttribute' can break functionality when trimming application code. This API may perform reflection on the supplied delegate and its parameters. These types may be trimmed if not directly referenced. [/home/runner/work/Market-Data-Collector/Market-Data-Collector/src/MarketDataCollector/MarketDataCollector.csproj]
/home/runner/work/Market-Data-Collector/Market-Data-Collector/src/MarketDataCollector/Application/Http/UiServer.cs(1340,9): warning IL2026: Using member 'Microsoft.AspNetCore.Builder.EndpointRouteBuilderExtensions.MapDelete(IEndpointRouteBuilder, String, Delegate)' which has 'RequiresUnreferencedCodeAttribute' can break functionality when trimming application code. This API may perform reflection on the supplied delegate and its parameters. These types may be trimmed if not directly referenced. [/home/runner/work/Market-Data-Collector/Market-Data-Collector/src/MarketDataCollector/MarketDataCollector.csproj]
/home/runner/work/Market-Data-Collector/Market-Data-Collector/src/MarketDataCollector/Application/Http/UiServer.cs(1355,9): warning IL2026: Using member 'Microsoft.AspNetCore.Builder.EndpointRouteBuilderExtensions.MapGet(IEndpointRouteBuilder, String, Delegate)' which has 'RequiresUnreferencedCodeAttribute' can break functionality when trimming application code. This API may perform reflection on the supplied delegate and its parameters. These types may be trimmed if not directly referenced. [/home/runner/work/Market-Data-Collector/Market-Data-Collector/src/MarketDataCollector/MarketDataCollector.csproj]
/home/runner/work/Market-Data-Collector/Market-Data-Collector/src/MarketDataCollector/Application/Http/UiServer.cs(1368,9): warning IL2026: Using member 'Microsoft.AspNetCore.Builder.EndpointRouteBuilderExtensions.MapGet(IEndpointRouteBuilder, String, Delegate)' which has 'RequiresUnreferencedCodeAttribute' can break functionality when trimming application code. This API may perform reflection on the supplied delegate and its parameters. These types may be trimmed if not directly referenced. [/home/runner/work/Market-Data-Collector/Market-Data-Collector/src/MarketDataCollector/MarketDataCollector.csproj]
/home/runner/work/Market-Data-Collector/Market-Data-Collector/src/MarketDataCollector/Application/Http/UiServer.cs(1385,9): warning IL2026: Using member 'Microsoft.AspNetCore.Builder.EndpointRouteBuilderExtensions.MapGet(IEndpointRouteBuilder, String, Delegate)' which has 'RequiresUnreferencedCodeAttribute' can break functionality when trimming application code. This API may perform reflection on the supplied delegate and its parameters. These types may be trimmed if not directly referenced. [/home/runner/work/Market-Data-Collector/Market-Data-Collector/src/MarketDataCollector/MarketDataCollector.csproj]
/home/runner/work/Market-Data-Collector/Market-Data-Collector/src/MarketDataCollector/Application/Http/UiServer.cs(1400,9): warning IL2026: Using member 'Microsoft.AspNetCore.Builder.EndpointRouteBuilderExtensions.MapPost(IEndpointRouteBuilder, String, Delegate)' which has 'RequiresUnreferencedCodeAttribute' can break functionality when trimming application code. This API may perform reflection on the supplied delegate and its parameters. These types may be trimmed if not directly referenced. [/home/runner/work/Market-Data-Collector/Market-Data-Collector/src/MarketDataCollector/MarketDataCollector.csproj]
/home/runner/work/Market-Data-Collector/Market-Data-Collector/src/MarketDataCollector/Application/Http/UiServer.cs(1424,9): warning IL2026: Using member 'Microsoft.AspNetCore.Builder.EndpointRouteBuilderExtensions.MapPost(IEndpointRouteBuilder, String, Delegate)' which has 'RequiresUnreferencedCodeAttribute' can break functionality when trimming application code. This API may perform reflection on the supplied delegate and its parameters. These types may be trimmed if not directly referenced. [/home/runner/work/Market-Data-Collector/Market-Data-Collector/src/MarketDataCollector/MarketDataCollector.csproj]
/home/runner/work/Market-Data-Collector/Market-Data-Collector/src/MarketDataCollector/Application/Http/UiServer.cs(816,24): warning IL2026: Using member 'Microsoft.AspNetCore.Http.Results.Json<TValue>(TValue, JsonSerializerOptions, String, Int32?)' which has 'RequiresUnreferencedCodeAttribute' can break functionality when trimming application code. JSON serialization and deserialization might require types that cannot be statically analyzed. Use the overload that takes a JsonTypeInfo or JsonSerializerContext. [/home/runner/work/Market-Data-Collector/Market-Data-Collector/src/MarketDataCollector/MarketDataCollector.csproj]
/home/runner/work/Market-Data-Collector/Market-Data-Collector/src/MarketDataCollector/Application/Http/UiServer.cs(867,24): warning IL2026: Using member 'Microsoft.AspNetCore.Http.Results.Json<TValue>(TValue, JsonSerializerOptions, String, Int32?)' which has 'RequiresUnreferencedCodeAttribute' can break functionality when trimming application code. JSON serialization and deserialization might require types that cannot be statically analyzed. Use the overload that takes a JsonTypeInfo or JsonSerializerContext. [/home/runner/work/Market-Data-Collector/Market-Data-Collector/src/MarketDataCollector/MarketDataCollector.csproj]
/home/runner/work/Market-Data-Collector/Market-Data-Collector/src/MarketDataCollector/Application/Http/UiServer.cs(882,23): warning IL2026: Using member 'Microsoft.AspNetCore.Http.Results.Json<TValue>(TValue, JsonSerializerOptions, String, Int32?)' which has 'RequiresUnreferencedCodeAttribute' can break functionality when trimming application code. JSON serialization and deserialization might require types that cannot be statically analyzed. Use the overload that takes a JsonTypeInfo or JsonSerializerContext. [/home/runner/work/Market-Data-Collector/Market-Data-Collector/src/MarketDataCollector/MarketDataCollector.csproj]
/home/runner/work/Market-Data-Collector/Market-Data-Collector/src/MarketDataCollector/Application/Http/UiServer.cs(895,24): warning IL2026: Using member 'Microsoft.AspNetCore.Http.Results.Json<TValue>(TValue, JsonSerializerOptions, String, Int32?)' which has 'RequiresUnreferencedCodeAttribute' can break functionality when trimming application code. JSON serialization and deserialization might require types that cannot be statically analyzed. Use the overload that takes a JsonTypeInfo or JsonSerializerContext. [/home/runner/work/Market-Data-Collector/Market-Data-Collector/src/MarketDataCollector/MarketDataCollector.csproj]
/home/runner/work/Market-Data-Collector/Market-Data-Collector/src/MarketDataCollector/Application/Http/UiServer.cs(920,24): warning IL2026: Using member 'Microsoft.AspNetCore.Http.Results.Json<TValue>(TValue, JsonSerializerOptions, String, Int32?)' which has 'RequiresUnreferencedCodeAttribute' can break functionality when trimming application code. JSON serialization and deserialization might require types that cannot be statically analyzed. Use the overload that takes a JsonTypeInfo or JsonSerializerContext. [/home/runner/work/Market-Data-Collector/Market-Data-Collector/src/MarketDataCollector/MarketDataCollector.csproj]
/home/runner/work/Market-Data-Collector/Market-Data-Collector/src/MarketDataCollector/Application/Http/UiServer.cs(936,24): warning IL2026: Using member 'Microsoft.AspNetCore.Http.Results.Json<TValue>(TValue, JsonSerializerOptions, String, Int32?)' which has 'RequiresUnreferencedCodeAttribute' can break functionality when trimming application code. JSON serialization and deserialization might require types that cannot be statically analyzed. Use the overload that takes a JsonTypeInfo or JsonSerializerContext. [/home/runner/work/Market-Data-Collector/Market-Data-Collector/src/MarketDataCollector/MarketDataCollector.csproj]
/home/runner/work/Market-Data-Collector/Market-Data-Collector/src/MarketDataCollector/Application/Http/UiServer.cs(966,24): warning IL2026: Using member 'Microsoft.AspNetCore.Http.Results.Json<TValue>(TValue, JsonSerializerOptions, String, Int32?)' which has 'RequiresUnreferencedCodeAttribute' can break functionality when trimming application code. JSON serialization and deserialization might require types that cannot be statically analyzed. Use the overload that takes a JsonTypeInfo or JsonSerializerContext. [/home/runner/work/Market-Data-Collector/Market-Data-Collector/src/MarketDataCollector/MarketDataCollector.csproj]
/home/runner/work/Market-Data-Collector/Market-Data-Collector/src/MarketDataCollector/Application/Http/UiServer.cs(981,23): warning IL2026: Using member 'Microsoft.AspNetCore.Http.Results.Json<TValue>(TValue, JsonSerializerOptions, String, Int32?)' which has 'RequiresUnreferencedCodeAttribute' can break functionality when trimming application code. JSON serialization and deserialization might require types that cannot be statically analyzed. Use the overload that takes a JsonTypeInfo or JsonSerializerContext. [/home/runner/work/Market-Data-Collector/Market-Data-Collector/src/MarketDataCollector/MarketDataCollector.csproj]
/home/runner/work/Market-Data-Collector/Market-Data-Collector/src/MarketDataCollector/Application/Http/UiServer.cs(996,23): warning IL2026: Using member 'Microsoft.AspNetCore.Http.Results.Json<TValue>(TValue, JsonSerializerOptions, String, Int32?)' which has 'RequiresUnreferencedCodeAttribute' can break functionality when trimming application code. JSON serialization and deserialization might require types that cannot be statically analyzed. Use the overload that takes a JsonTypeInfo or JsonSerializerContext. [/home/runner/work/Market-Data-Collector/Market-Data-Collector/src/MarketDataCollector/MarketDataCollector.csproj]
/home/runner/work/Market-Data-Collector/Market-Data-Collector/src/MarketDataCollector/Application/Http/UiServer.cs(1015,24): warning IL2026: Using member 'Microsoft.AspNetCore.Http.Results.Json<TValue>(TValue, JsonSerializerOptions, String, Int32?)' which has 'RequiresUnreferencedCodeAttribute' can break functionality when trimming application code. JSON serialization and deserialization might require types that cannot be statically analyzed. Use the overload that takes a JsonTypeInfo or JsonSerializerContext. [/home/runner/work/Market-Data-Collector/Market-Data-Collector/src/MarketDataCollector/MarketDataCollector.csproj]
/home/runner/work/Market-Data-Collector/Market-Data-Collector/src/MarketDataCollector/Application/Http/UiServer.cs(1033,23): warning IL2026: Using member 'Microsoft.AspNetCore.Http.Results.Json<TValue>(TValue, JsonSerializerOptions, String, Int32?)' which has 'RequiresUnreferencedCodeAttribute' can break functionality when trimming application code. JSON serialization and deserialization might require types that cannot be statically analyzed. Use the overload that takes a JsonTypeInfo or JsonSerializerContext. [/home/runner/work/Market-Data-Collector/Market-Data-Collector/src/MarketDataCollector/MarketDataCollector.csproj]
/home/runner/work/Market-Data-Collector/Market-Data-Collector/src/MarketDataCollector/Application/Http/UiServer.cs(1078,24): warning IL2026: Using member 'Microsoft.AspNetCore.Http.Results.Json<TValue>(TValue, JsonSerializerOptions, String, Int32?)' which has 'RequiresUnreferencedCodeAttribute' can break functionality when trimming application code. JSON serialization and deserialization might require types that cannot be statically analyzed. Use the overload that takes a JsonTypeInfo or JsonSerializerContext. [/home/runner/work/Market-Data-Collector/Market-Data-Collector/src/MarketDataCollector/MarketDataCollector.csproj]
/home/runner/work/Market-Data-Collector/Market-Data-Collector/src/MarketDataCollector/Application/Http/UiServer.cs(1108,23): warning IL2026: Using member 'Microsoft.AspNetCore.Http.Results.Json<TValue>(TValue, JsonSerializerOptions, String, Int32?)' which has 'RequiresUnreferencedCodeAttribute' can break functionality when trimming application code. JSON serialization and deserialization might require types that cannot be statically analyzed. Use the overload that takes a JsonTypeInfo or JsonSerializerContext. [/home/runner/work/Market-Data-Collector/Market-Data-Collector/src/MarketDataCollector/MarketDataCollector.csproj]
/home/runner/work/Market-Data-Collector/Market-Data-Collector/src/MarketDataCollector/Application/Http/UiServer.cs(1123,24): warning IL2026: Using member 'Microsoft.AspNetCore.Http.Results.Json<TValue>(TValue, JsonSerializerOptions, String, Int32?)' which has 'RequiresUnreferencedCodeAttribute' can break functionality when trimming application code. JSON serialization and deserialization might require types that cannot be statically analyzed. Use the overload that takes a JsonTypeInfo or JsonSerializerContext. [/home/runner/work/Market-Data-Collector/Market-Data-Collector/src/MarketDataCollector/MarketDataCollector.csproj]
/home/runner/work/Market-Data-Collector/Market-Data-Collector/src/MarketDataCollector/Application/Http/UiServer.cs(1138,24): warning IL2026: Using member 'Microsoft.AspNetCore.Http.Results.Json<TValue>(TValue, JsonSerializerOptions, String, Int32?)' which has 'RequiresUnreferencedCodeAttribute' can break functionality when trimming application code. JSON serialization and deserialization might require types that cannot be statically analyzed. Use the overload that takes a JsonTypeInfo or JsonSerializerContext. [/home/runner/work/Market-Data-Collector/Market-Data-Collector/src/MarketDataCollector/MarketDataCollector.csproj]
/home/runner/work/Market-Data-Collector/Market-Data-Collector/src/MarketDataCollector/Application/Http/UiServer.cs(1151,24): warning IL2026: Using member 'Microsoft.AspNetCore.Http.Results.Json<TValue>(TValue, JsonSerializerOptions, String, Int32?)' which has 'RequiresUnreferencedCodeAttribute' can break functionality when trimming application code. JSON serialization and deserialization might require types that cannot be statically analyzed. Use the overload that takes a JsonTypeInfo or JsonSerializerContext. [/home/runner/work/Market-Data-Collector/Market-Data-Collector/src/MarketDataCollector/MarketDataCollector.csproj]
/home/runner/work/Market-Data-Collector/Market-Data-Collector/src/MarketDataCollector/Application/Http/UiServer.cs(1167,24): warning IL2026: Using member 'Microsoft.AspNetCore.Http.Results.Json<TValue>(TValue, JsonSerializerOptions, String, Int32?)' which has 'RequiresUnreferencedCodeAttribute' can break functionality when trimming application code. JSON serialization and deserialization might require types that cannot be statically analyzed. Use the overload that takes a JsonTypeInfo or JsonSerializerContext. [/home/runner/work/Market-Data-Collector/Market-Data-Collector/src/MarketDataCollector/MarketDataCollector.csproj]
/home/runner/work/Market-Data-Collector/Market-Data-Collector/src/MarketDataCollector/Application/Http/UiServer.cs(1218,24): warning IL2026: Using member 'Microsoft.AspNetCore.Http.Results.Json<TValue>(TValue, JsonSerializerOptions, String, Int32?)' which has 'RequiresUnreferencedCodeAttribute' can break functionality when trimming application code. JSON serialization and deserialization might require types that cannot be statically analyzed. Use the overload that takes a JsonTypeInfo or JsonSerializerContext. [/home/runner/work/Market-Data-Collector/Market-Data-Collector/src/MarketDataCollector/MarketDataCollector.csproj]
/home/runner/work/Market-Data-Collector/Market-Data-Collector/src/MarketDataCollector/Application/Http/UiServer.cs(1234,24): warning IL2026: Using member 'Microsoft.AspNetCore.Http.Results.Json<TValue>(TValue, JsonSerializerOptions, String, Int32?)' which has 'RequiresUnreferencedCodeAttribute' can break functionality when trimming application code. JSON serialization and deserialization might require types that cannot be statically analyzed. Use the overload that takes a JsonTypeInfo or JsonSerializerContext. [/home/runner/work/Market-Data-Collector/Market-Data-Collector/src/MarketDataCollector/MarketDataCollector.csproj]
/home/runner/work/Market-Data-Collector/Market-Data-Collector/src/MarketDataCollector/Application/Http/UiServer.cs(1249,24): warning IL2026: Using member 'Microsoft.AspNetCore.Http.Results.Json<TValue>(TValue, JsonSerializerOptions, String, Int32?)' which has 'RequiresUnreferencedCodeAttribute' can break functionality when trimming application code. JSON serialization and deserialization might require types that cannot be statically analyzed. Use the overload that takes a JsonTypeInfo or JsonSerializerContext. [/home/runner/work/Market-Data-Collector/Market-Data-Collector/src/MarketDataCollector/MarketDataCollector.csproj]
/home/runner/work/Market-Data-Collector/Market-Data-Collector/src/MarketDataCollector/Application/Http/UiServer.cs(1271,24): warning IL2026: Using member 'Microsoft.AspNetCore.Http.Results.Json<TValue>(TValue, JsonSerializerOptions, String, Int32?)' which has 'RequiresUnreferencedCodeAttribute' can break functionality when trimming application code. JSON serialization and deserialization might require types that cannot be statically analyzed. Use the overload that takes a JsonTypeInfo or JsonSerializerContext. [/home/runner/work/Market-Data-Collector/Market-Data-Collector/src/MarketDataCollector/MarketDataCollector.csproj]
/home/runner/work/Market-Data-Collector/Market-Data-Collector/src/MarketDataCollector/Application/Http/UiServer.cs(1290,24): warning IL2026: Using member 'Microsoft.AspNetCore.Http.Results.Json<TValue>(TValue, JsonSerializerOptions, String, Int32?)' which has 'RequiresUnreferencedCodeAttribute' can break functionality when trimming application code. JSON serialization and deserialization might require types that cannot be statically analyzed. Use the overload that takes a JsonTypeInfo or JsonSerializerContext. [/home/runner/work/Market-Data-Collector/Market-Data-Collector/src/MarketDataCollector/MarketDataCollector.csproj]
/home/runner/work/Market-Data-Collector/Market-Data-Collector/src/MarketDataCollector/Application/Http/UiServer.cs(1309,24): warning IL2026: Using member 'Microsoft.AspNetCore.Http.Results.Json<TValue>(TValue, JsonSerializerOptions, String, Int32?)' which has 'RequiresUnreferencedCodeAttribute' can break functionality when trimming application code. JSON serialization and deserialization might require types that cannot be statically analyzed. Use the overload that takes a JsonTypeInfo or JsonSerializerContext. [/home/runner/work/Market-Data-Collector/Market-Data-Collector/src/MarketDataCollector/MarketDataCollector.csproj]
/home/runner/work/Market-Data-Collector/Market-Data-Collector/src/MarketDataCollector/Application/Http/UiServer.cs(1332,24): warning IL2026: Using member 'Microsoft.AspNetCore.Http.Results.Json<TValue>(TValue, JsonSerializerOptions, String, Int32?)' which has 'RequiresUnreferencedCodeAttribute' can break functionality when trimming application code. JSON serialization and deserialization might require types that cannot be statically analyzed. Use the overload that takes a JsonTypeInfo or JsonSerializerContext. [/home/runner/work/Market-Data-Collector/Market-Data-Collector/src/MarketDataCollector/MarketDataCollector.csproj]
/home/runner/work/Market-Data-Collector/Market-Data-Collector/src/MarketDataCollector/Application/Http/UiServer.cs(1360,24): warning IL2026: Using member 'Microsoft.AspNetCore.Http.Results.Json<TValue>(TValue, JsonSerializerOptions, String, Int32?)' which has 'RequiresUnreferencedCodeAttribute' can break functionality when trimming application code. JSON serialization and deserialization might require types that cannot be statically analyzed. Use the overload that takes a JsonTypeInfo or JsonSerializerContext. [/home/runner/work/Market-Data-Collector/Market-Data-Collector/src/MarketDataCollector/MarketDataCollector.csproj]
/home/runner/work/Market-Data-Collector/Market-Data-Collector/src/MarketDataCollector/Application/Http/UiServer.cs(1377,23): warning IL2026: Using member 'Microsoft.AspNetCore.Http.Results.Json<TValue>(TValue, JsonSerializerOptions, String, Int32?)' which has 'RequiresUnreferencedCodeAttribute' can break functionality when trimming application code. JSON serialization and deserialization might require types that cannot be statically analyzed. Use the overload that takes a JsonTypeInfo or JsonSerializerContext. [/home/runner/work/Market-Data-Collector/Market-Data-Collector/src/MarketDataCollector/MarketDataCollector.csproj]
/home/runner/work/Market-Data-Collector/Market-Data-Collector/src/MarketDataCollector/Application/Http/UiServer.cs(1392,24): warning IL2026: Using member 'Microsoft.AspNetCore.Http.Results.Json<TValue>(TValue, JsonSerializerOptions, String, Int32?)' which has 'RequiresUnreferencedCodeAttribute' can break functionality when trimming application code. JSON serialization and deserialization might require types that cannot be statically analyzed. Use the overload that takes a JsonTypeInfo or JsonSerializerContext. [/home/runner/work/Market-Data-Collector/Market-Data-Collector/src/MarketDataCollector/MarketDataCollector.csproj]
/home/runner/work/Market-Data-Collector/Market-Data-Collector/src/MarketDataCollector/Application/Http/UiServer.cs(1416,24): warning IL2026: Using member 'Microsoft.AspNetCore.Http.Results.Json<TValue>(TValue, JsonSerializerOptions, String, Int32?)' which has 'RequiresUnreferencedCodeAttribute' can break functionality when trimming application code. JSON serialization and deserialization might require types that cannot be statically analyzed. Use the overload that takes a JsonTypeInfo or JsonSerializerContext. [/home/runner/work/Market-Data-Collector/Market-Data-Collector/src/MarketDataCollector/MarketDataCollector.csproj]
/home/runner/work/Market-Data-Collector/Market-Data-Collector/src/MarketDataCollector/Application/Http/UiServer.cs(1431,24): warning IL2026: Using member 'Microsoft.AspNetCore.Http.Results.Json<TValue>(TValue, JsonSerializerOptions, String, Int32?)' which has 'RequiresUnreferencedCodeAttribute' can break functionality when trimming application code. JSON serialization and deserialization might require types that cannot be statically analyzed. Use the overload that takes a JsonTypeInfo or JsonSerializerContext. [/home/runner/work/Market-Data-Collector/Market-Data-Collector/src/MarketDataCollector/MarketDataCollector.csproj]
/home/runner/work/Market-Data-Collector/Market-Data-Collector/src/MarketDataCollector/Infrastructure/Providers/Streaming/Alpaca/AlpacaMarketDataClient.cs(238,24): warning IL2026: Using member 'System.Text.Json.JsonSerializer.Serialize<TValue>(TValue, JsonSerializerOptions)' which has 'RequiresUnreferencedCodeAttribute' can break functionality when trimming application code. JSON serialization and deserialization might require types that cannot be statically analyzed. Use the overload that takes a JsonTypeInfo or JsonSerializerContext, or make sure all of the required types are preserved. [/home/runner/work/Market-Data-Collector/Market-Data-Collector/src/MarketDataCollector/MarketDataCollector.csproj]
/home/runner/work/Market-Data-Collector/Market-Data-Collector/src/MarketDataCollector/Infrastructure/Providers/Historical/Queue/BackfillWorkerService.cs(251,46): warning IL2026: Using member 'System.Text.Json.JsonSerializer.Serialize<TValue>(TValue, JsonSerializerOptions)' which has 'RequiresUnreferencedCodeAttribute' can break functionality when trimming application code. JSON serialization and deserialization might require types that cannot be statically analyzed. Use the overload that takes a JsonTypeInfo or JsonSerializerContext, or make sure all of the required types are preserved. [/home/runner/work/Market-Data-Collector/Market-Data-Collector/src/MarketDataCollector/MarketDataCollector.csproj]
/home/runner/work/Market-Data-Collector/Market-Data-Collector/src/MarketDataCollector/Infrastructure/Providers/Streaming/NYSE/NYSEServiceExtensions.cs(25,9): warning IL2026: Using member 'Microsoft.Extensions.Configuration.ConfigurationBinder.Bind(IConfiguration, Object)' which has 'RequiresUnreferencedCodeAttribute' can break functionality when trimming application code. Cannot statically analyze the type of instance so its members may be trimmed. [/home/runner/work/Market-Data-Collector/Market-Data-Collector/src/MarketDataCollector/MarketDataCollector.csproj]
/home/runner/work/Market-Data-Collector/Market-Data-Collector/src/MarketDataCollector/Infrastructure/Providers/Streaming/NYSE/NYSEServiceExtensions.cs(30,13): warning IL2026: Using member 'Microsoft.Extensions.Configuration.ConfigurationBinder.Bind(IConfiguration, Object)' which has 'RequiresUnreferencedCodeAttribute' can break functionality when trimming application code. Cannot statically analyze the type of instance so its members may be trimmed. [/home/runner/work/Market-Data-Collector/Market-Data-Collector/src/MarketDataCollector/MarketDataCollector.csproj]
/home/runner/work/Market-Data-Collector/Market-Data-Collector/src/MarketDataCollector/Infrastructure/Providers/Streaming/NYSE/NYSEServiceExtensions.cs(37,9): warning IL2026: Using member 'Microsoft.Extensions.Configuration.ConfigurationBinder.Bind(IConfiguration, Object)' which has 'RequiresUnreferencedCodeAttribute' can break functionality when trimming application code. Cannot statically analyze the type of instance so its members may be trimmed. [/home/runner/work/Market-Data-Collector/Market-Data-Collector/src/MarketDataCollector/MarketDataCollector.csproj]
/home/runner/work/Market-Data-Collector/Market-Data-Collector/src/MarketDataCollector/Infrastructure/Providers/Streaming/Polygon/PolygonMarketDataClient.cs(323,27): warning IL2026: Using member 'System.Text.Json.JsonSerializer.Serialize<TValue>(TValue, JsonSerializerOptions)' which has 'RequiresUnreferencedCodeAttribute' can break functionality when trimming application code. JSON serialization and deserialization might require types that cannot be statically analyzed. Use the overload that takes a JsonTypeInfo or JsonSerializerContext, or make sure all of the required types are preserved. [/home/runner/work/Market-Data-Collector/Market-Data-Collector/src/MarketDataCollector/MarketDataCollector.csproj]
/home/runner/work/Market-Data-Collector/Market-Data-Collector/src/MarketDataCollector/Application/Subscriptions/Services/MetadataEnrichmentService.cs(256,26): warning IL2026: Using member 'System.Text.Json.JsonSerializer.Deserialize<TValue>(String, JsonSerializerOptions)' which has 'RequiresUnreferencedCodeAttribute' can break functionality when trimming application code. JSON serialization and deserialization might require types that cannot be statically analyzed. Use the overload that takes a JsonTypeInfo or JsonSerializerContext, or make sure all of the required types are preserved. [/home/runner/work/Market-Data-Collector/Market-Data-Collector/src/MarketDataCollector/MarketDataCollector.csproj]
/home/runner/work/Market-Data-Collector/Market-Data-Collector/src/MarketDataCollector/Application/Subscriptions/Services/MetadataEnrichmentService.cs(284,24): warning IL2026: Using member 'System.Text.Json.JsonSerializer.Serialize<TValue>(TValue, JsonSerializerOptions)' which has 'RequiresUnreferencedCodeAttribute' can break functionality when trimming application code. JSON serialization and deserialization might require types that cannot be statically analyzed. Use the overload that takes a JsonTypeInfo or JsonSerializerContext, or make sure all of the required types are preserved. [/home/runner/work/Market-Data-Collector/Market-Data-Collector/src/MarketDataCollector/MarketDataCollector.csproj]
/home/runner/work/Market-Data-Collector/Market-Data-Collector/src/MarketDataCollector/Infrastructure/Providers/Streaming/Polygon/PolygonMarketDataClient.cs(734,30): warning IL2026: Using member 'System.Text.Json.JsonSerializer.Serialize<TValue>(TValue, JsonSerializerOptions)' which has 'RequiresUnreferencedCodeAttribute' can break functionality when trimming application code. JSON serialization and deserialization might require types that cannot be statically analyzed. Use the overload that takes a JsonTypeInfo or JsonSerializerContext, or make sure all of the required types are preserved. [/home/runner/work/Market-Data-Collector/Market-Data-Collector/src/MarketDataCollector/MarketDataCollector.csproj]
/home/runner/work/Market-Data-Collector/Market-Data-Collector/src/MarketDataCollector/Infrastructure/Providers/Streaming/Polygon/PolygonMarketDataClient.cs(742,30): warning IL2026: Using member 'System.Text.Json.JsonSerializer.Serialize<TValue>(TValue, JsonSerializerOptions)' which has 'RequiresUnreferencedCodeAttribute' can break functionality when trimming application code. JSON serialization and deserialization might require types that cannot be statically analyzed. Use the overload that takes a JsonTypeInfo or JsonSerializerContext, or make sure all of the required types are preserved. [/home/runner/work/Market-Data-Collector/Market-Data-Collector/src/MarketDataCollector/MarketDataCollector.csproj]
/home/runner/work/Market-Data-Collector/Market-Data-Collector/src/MarketDataCollector/Infrastructure/Providers/Streaming/Polygon/PolygonMarketDataClient.cs(751,30): warning IL2026: Using member 'System.Text.Json.JsonSerializer.Serialize<TValue>(TValue, JsonSerializerOptions)' which has 'RequiresUnreferencedCodeAttribute' can break functionality when trimming application code. JSON serialization and deserialization might require types that cannot be statically analyzed. Use the overload that takes a JsonTypeInfo or JsonSerializerContext, or make sure all of the required types are preserved. [/home/runner/work/Market-Data-Collector/Market-Data-Collector/src/MarketDataCollector/MarketDataCollector.csproj]
/home/runner/work/Market-Data-Collector/Market-Data-Collector/src/MarketDataCollector/Infrastructure/Providers/Streaming/NYSE/NYSEDataSource.cs(532,24): warning IL2026: Using member 'System.Text.Json.JsonSerializer.Deserialize<TValue>(String, JsonSerializerOptions)' which has 'RequiresUnreferencedCodeAttribute' can break functionality when trimming application code. JSON serialization and deserialization might require types that cannot be statically analyzed. Use the overload that takes a JsonTypeInfo or JsonSerializerContext, or make sure all of the required types are preserved. [/home/runner/work/Market-Data-Collector/Market-Data-Collector/src/MarketDataCollector/MarketDataCollector.csproj]
/home/runner/work/Market-Data-Collector/Market-Data-Collector/src/MarketDataCollector/Infrastructure/Providers/Streaming/Polygon/PolygonMarketDataClient.cs(986,27): warning IL2026: Using member 'System.Text.Json.JsonSerializer.Serialize<TValue>(TValue, JsonSerializerOptions)' which has 'RequiresUnreferencedCodeAttribute' can break functionality when trimming application code. JSON serialization and deserialization might require types that cannot be statically analyzed. Use the overload that takes a JsonTypeInfo or JsonSerializerContext, or make sure all of the required types are preserved. [/home/runner/work/Market-Data-Collector/Market-Data-Collector/src/MarketDataCollector/MarketDataCollector.csproj]
/home/runner/work/Market-Data-Collector/Market-Data-Collector/src/MarketDataCollector/Application/Http/UiServer.cs(1444,9): warning IL2026: Using member 'Microsoft.AspNetCore.Builder.EndpointRouteBuilderExtensions.MapGet(IEndpointRouteBuilder, String, Delegate)' which has 'RequiresUnreferencedCodeAttribute' can break functionality when trimming application code. This API may perform reflection on the supplied delegate and its parameters. These types may be trimmed if not directly referenced. [/home/runner/work/Market-Data-Collector/Market-Data-Collector/src/MarketDataCollector/MarketDataCollector.csproj]
/home/runner/work/Market-Data-Collector/Market-Data-Collector/src/MarketDataCollector/Application/Http/UiServer.cs(1457,9): warning IL2026: Using member 'Microsoft.AspNetCore.Builder.EndpointRouteBuilderExtensions.MapGet(IEndpointRouteBuilder, String, Delegate)' which has 'RequiresUnreferencedCodeAttribute' can break functionality when trimming application code. This API may perform reflection on the supplied delegate and its parameters. These types may be trimmed if not directly referenced. [/home/runner/work/Market-Data-Collector/Market-Data-Collector/src/MarketDataCollector/MarketDataCollector.csproj]
/home/runner/work/Market-Data-Collector/Market-Data-Collector/src/MarketDataCollector/Application/Http/UiServer.cs(1470,9): warning IL2026: Using member 'Microsoft.AspNetCore.Builder.EndpointRouteBuilderExtensions.MapPost(IEndpointRouteBuilder, String, Delegate)' which has 'RequiresUnreferencedCodeAttribute' can break functionality when trimming application code. This API may perform reflection on the supplied delegate and its parameters. These types may be trimmed if not directly referenced. [/home/runner/work/Market-Data-Collector/Market-Data-Collector/src/MarketDataCollector/MarketDataCollector.csproj]
/home/runner/work/Market-Data-Collector/Market-Data-Collector/src/MarketDataCollector/Application/Http/UiServer.cs(1497,9): warning IL2026: Using member 'Microsoft.AspNetCore.Builder.EndpointRouteBuilderExtensions.MapPost(IEndpointRouteBuilder, String, Delegate)' which has 'RequiresUnreferencedCodeAttribute' can break functionality when trimming application code. This API may perform reflection on the supplied delegate and its parameters. These types may be trimmed if not directly referenced. [/home/runner/work/Market-Data-Collector/Market-Data-Collector/src/MarketDataCollector/MarketDataCollector.csproj]
/home/runner/work/Market-Data-Collector/Market-Data-Collector/src/MarketDataCollector/Application/Http/UiServer.cs(1520,9): warning IL2026: Using member 'Microsoft.AspNetCore.Builder.EndpointRouteBuilderExtensions.MapGet(IEndpointRouteBuilder, String, Delegate)' which has 'RequiresUnreferencedCodeAttribute' can break functionality when trimming application code. This API may perform reflection on the supplied delegate and its parameters. These types may be trimmed if not directly referenced. [/home/runner/work/Market-Data-Collector/Market-Data-Collector/src/MarketDataCollector/MarketDataCollector.csproj]
/home/runner/work/Market-Data-Collector/Market-Data-Collector/src/MarketDataCollector/Application/Http/UiServer.cs(1539,9): warning IL2026: Using member 'Microsoft.AspNetCore.Builder.EndpointRouteBuilderExtensions.MapPost(IEndpointRouteBuilder, String, Delegate)' which has 'RequiresUnreferencedCodeAttribute' can break functionality when trimming application code. This API may perform reflection on the supplied delegate and its parameters. These types may be trimmed if not directly referenced. [/home/runner/work/Market-Data-Collector/Market-Data-Collector/src/MarketDataCollector/MarketDataCollector.csproj]
/home/runner/work/Market-Data-Collector/Market-Data-Collector/src/MarketDataCollector/Application/Http/UiServer.cs(1573,9): warning IL2026: Using member 'Microsoft.AspNetCore.Builder.EndpointRouteBuilderExtensions.MapGet(IEndpointRouteBuilder, String, Delegate)' which has 'RequiresUnreferencedCodeAttribute' can break functionality when trimming application code. This API may perform reflection on the supplied delegate and its parameters. These types may be trimmed if not directly referenced. [/home/runner/work/Market-Data-Collector/Market-Data-Collector/src/MarketDataCollector/MarketDataCollector.csproj]
/home/runner/work/Market-Data-Collector/Market-Data-Collector/src/MarketDataCollector/Application/Http/UiServer.cs(1588,9): warning IL2026: Using member 'Microsoft.AspNetCore.Builder.EndpointRouteBuilderExtensions.MapGet(IEndpointRouteBuilder, String, Delegate)' which has 'RequiresUnreferencedCodeAttribute' can break functionality when trimming application code. This API may perform reflection on the supplied delegate and its parameters. These types may be trimmed if not directly referenced. [/home/runner/work/Market-Data-Collector/Market-Data-Collector/src/MarketDataCollector/MarketDataCollector.csproj]
/home/runner/work/Market-Data-Collector/Market-Data-Collector/src/MarketDataCollector/Application/Http/UiServer.cs(1601,9): warning IL2026: Using member 'Microsoft.AspNetCore.Builder.EndpointRouteBuilderExtensions.MapGet(IEndpointRouteBuilder, String, Delegate)' which has 'RequiresUnreferencedCodeAttribute' can break functionality when trimming application code. This API may perform reflection on the supplied delegate and its parameters. These types may be trimmed if not directly referenced. [/home/runner/work/Market-Data-Collector/Market-Data-Collector/src/MarketDataCollector/MarketDataCollector.csproj]
/home/runner/work/Market-Data-Collector/Market-Data-Collector/src/MarketDataCollector/Application/Http/UiServer.cs(1615,9): warning IL2026: Using member 'Microsoft.AspNetCore.Builder.EndpointRouteBuilderExtensions.MapGet(IEndpointRouteBuilder, String, Delegate)' which has 'RequiresUnreferencedCodeAttribute' can break functionality when trimming application code. This API may perform reflection on the supplied delegate and its parameters. These types may be trimmed if not directly referenced. [/home/runner/work/Market-Data-Collector/Market-Data-Collector/src/MarketDataCollector/MarketDataCollector.csproj]
/home/runner/work/Market-Data-Collector/Market-Data-Collector/src/MarketDataCollector/Application/Http/UiServer.cs(1630,9): warning IL2026: Using member 'Microsoft.AspNetCore.Builder.EndpointRouteBuilderExtensions.MapGet(IEndpointRouteBuilder, String, Delegate)' which has 'RequiresUnreferencedCodeAttribute' can break functionality when trimming application code. This API may perform reflection on the supplied delegate and its parameters. These types may be trimmed if not directly referenced. [/home/runner/work/Market-Data-Collector/Market-Data-Collector/src/MarketDataCollector/MarketDataCollector.csproj]
/home/runner/work/Market-Data-Collector/Market-Data-Collector/src/MarketDataCollector/Application/Http/UiServer.cs(1649,9): warning IL2026: Using member 'Microsoft.AspNetCore.Builder.EndpointRouteBuilderExtensions.MapGet(IEndpointRouteBuilder, String, Delegate)' which has 'RequiresUnreferencedCodeAttribute' can break functionality when trimming application code. This API may perform reflection on the supplied delegate and its parameters. These types may be trimmed if not directly referenced. [/home/runner/work/Market-Data-Collector/Market-Data-Collector/src/MarketDataCollector/MarketDataCollector.csproj]
/home/runner/work/Market-Data-Collector/Market-Data-Collector/src/MarketDataCollector/Application/Http/UiServer.cs(1665,9): warning IL2026: Using member 'Microsoft.AspNetCore.Builder.EndpointRouteBuilderExtensions.MapPost(IEndpointRouteBuilder, String, Delegate)' which has 'RequiresUnreferencedCodeAttribute' can break functionality when trimming application code. This API may perform reflection on the supplied delegate and its parameters. These types may be trimmed if not directly referenced. [/home/runner/work/Market-Data-Collector/Market-Data-Collector/src/MarketDataCollector/MarketDataCollector.csproj]
/home/runner/work/Market-Data-Collector/Market-Data-Collector/src/MarketDataCollector/Application/Http/UiServer.cs(1683,9): warning IL2026: Using member 'Microsoft.AspNetCore.Builder.EndpointRouteBuilderExtensions.MapGet(IEndpointRouteBuilder, String, Delegate)' which has 'RequiresUnreferencedCodeAttribute' can break functionality when trimming application code. This API may perform reflection on the supplied delegate and its parameters. These types may be trimmed if not directly referenced. [/home/runner/work/Market-Data-Collector/Market-Data-Collector/src/MarketDataCollector/MarketDataCollector.csproj]
/home/runner/work/Market-Data-Collector/Market-Data-Collector/src/MarketDataCollector/Application/Http/UiServer.cs(1696,9): warning IL2026: Using member 'Microsoft.AspNetCore.Builder.EndpointRouteBuilderExtensions.MapGet(IEndpointRouteBuilder, String, Delegate)' which has 'RequiresUnreferencedCodeAttribute' can break functionality when trimming application code. This API may perform reflection on the supplied delegate and its parameters. These types may be trimmed if not directly referenced. [/home/runner/work/Market-Data-Collector/Market-Data-Collector/src/MarketDataCollector/MarketDataCollector.csproj]
/home/runner/work/Market-Data-Collector/Market-Data-Collector/src/MarketDataCollector/Application/Http/UiServer.cs(1711,9): warning IL2026: Using member 'Microsoft.AspNetCore.Builder.EndpointRouteBuilderExtensions.MapPost(IEndpointRouteBuilder, String, Delegate)' which has 'RequiresUnreferencedCodeAttribute' can break functionality when trimming application code. This API may perform reflection on the supplied delegate and its parameters. These types may be trimmed if not directly referenced. [/home/runner/work/Market-Data-Collector/Market-Data-Collector/src/MarketDataCollector/MarketDataCollector.csproj]
/home/runner/work/Market-Data-Collector/Market-Data-Collector/src/MarketDataCollector/Application/Http/UiServer.cs(1737,9): warning IL2026: Using member 'Microsoft.AspNetCore.Builder.EndpointRouteBuilderExtensions.MapPost(IEndpointRouteBuilder, String, Delegate)' which has 'RequiresUnreferencedCodeAttribute' can break functionality when trimming application code. This API may perform reflection on the supplied delegate and its parameters. These types may be trimmed if not directly referenced. [/home/runner/work/Market-Data-Collector/Market-Data-Collector/src/MarketDataCollector/MarketDataCollector.csproj]
/home/runner/work/Market-Data-Collector/Market-Data-Collector/src/MarketDataCollector/Application/Http/UiServer.cs(1757,9): warning IL2026: Using member 'Microsoft.AspNetCore.Builder.EndpointRouteBuilderExtensions.MapGet(IEndpointRouteBuilder, String, Delegate)' which has 'RequiresUnreferencedCodeAttribute' can break functionality when trimming application code. This API may perform reflection on the supplied delegate and its parameters. These types may be trimmed if not directly referenced. [/home/runner/work/Market-Data-Collector/Market-Data-Collector/src/MarketDataCollector/MarketDataCollector.csproj]
/home/runner/work/Market-Data-Collector/Market-Data-Collector/src/MarketDataCollector/Application/Http/UiServer.cs(1775,9): warning IL2026: Using member 'Microsoft.AspNetCore.Builder.EndpointRouteBuilderExtensions.MapGet(IEndpointRouteBuilder, String, Delegate)' which has 'RequiresUnreferencedCodeAttribute' can break functionality when trimming application code. This API may perform reflection on the supplied delegate and its parameters. These types may be trimmed if not directly referenced. [/home/runner/work/Market-Data-Collector/Market-Data-Collector/src/MarketDataCollector/MarketDataCollector.csproj]
/home/runner/work/Market-Data-Collector/Market-Data-Collector/src/MarketDataCollector/Application/Http/UiServer.cs(1788,9): warning IL2026: Using member 'Microsoft.AspNetCore.Builder.EndpointRouteBuilderExtensions.MapGet(IEndpointRouteBuilder, String, Delegate)' which has 'RequiresUnreferencedCodeAttribute' can break functionality when trimming application code. This API may perform reflection on the supplied delegate and its parameters. These types may be trimmed if not directly referenced. [/home/runner/work/Market-Data-Collector/Market-Data-Collector/src/MarketDataCollector/MarketDataCollector.csproj]
/home/runner/work/Market-Data-Collector/Market-Data-Collector/src/MarketDataCollector/Application/Http/UiServer.cs(1801,9): warning IL2026: Using member 'Microsoft.AspNetCore.Builder.EndpointRouteBuilderExtensions.MapGet(IEndpointRouteBuilder, String, Delegate)' which has 'RequiresUnreferencedCodeAttribute' can break functionality when trimming application code. This API may perform reflection on the supplied delegate and its parameters. These types may be trimmed if not directly referenced. [/home/runner/work/Market-Data-Collector/Market-Data-Collector/src/MarketDataCollector/MarketDataCollector.csproj]
/home/runner/work/Market-Data-Collector/Market-Data-Collector/src/MarketDataCollector/Application/Http/UiServer.cs(1449,24): warning IL2026: Using member 'Microsoft.AspNetCore.Http.Results.Json<TValue>(TValue, JsonSerializerOptions, String, Int32?)' which has 'RequiresUnreferencedCodeAttribute' can break functionality when trimming application code. JSON serialization and deserialization might require types that cannot be statically analyzed. Use the overload that takes a JsonTypeInfo or JsonSerializerContext. [/home/runner/work/Market-Data-Collector/Market-Data-Collector/src/MarketDataCollector/MarketDataCollector.csproj]
/home/runner/work/Market-Data-Collector/Market-Data-Collector/src/MarketDataCollector/Application/Http/UiServer.cs(1462,24): warning IL2026: Using member 'Microsoft.AspNetCore.Http.Results.Json<TValue>(TValue, JsonSerializerOptions, String, Int32?)' which has 'RequiresUnreferencedCodeAttribute' can break functionality when trimming application code. JSON serialization and deserialization might require types that cannot be statically analyzed. Use the overload that takes a JsonTypeInfo or JsonSerializerContext. [/home/runner/work/Market-Data-Collector/Market-Data-Collector/src/MarketDataCollector/MarketDataCollector.csproj]
/home/runner/work/Market-Data-Collector/Market-Data-Collector/src/MarketDataCollector/Application/Http/UiServer.cs(1487,24): warning IL2026: Using member 'Microsoft.AspNetCore.Http.Results.Json<TValue>(TValue, JsonSerializerOptions, String, Int32?)' which has 'RequiresUnreferencedCodeAttribute' can break functionality when trimming application code. JSON serialization and deserialization might require types that cannot be statically analyzed. Use the overload that takes a JsonTypeInfo or JsonSerializerContext. [/home/runner/work/Market-Data-Collector/Market-Data-Collector/src/MarketDataCollector/MarketDataCollector.csproj]
/home/runner/work/Market-Data-Collector/Market-Data-Collector/src/MarketDataCollector/Application/Http/UiServer.cs(1512,24): warning IL2026: Using member 'Microsoft.AspNetCore.Http.Results.Json<TValue>(TValue, JsonSerializerOptions, String, Int32?)' which has 'RequiresUnreferencedCodeAttribute' can break functionality when trimming application code. JSON serialization and deserialization might require types that cannot be statically analyzed. Use the overload that takes a JsonTypeInfo or JsonSerializerContext. [/home/runner/work/Market-Data-Collector/Market-Data-Collector/src/MarketDataCollector/MarketDataCollector.csproj]
/home/runner/work/Market-Data-Collector/Market-Data-Collector/src/MarketDataCollector/Application/Http/UiServer.cs(1554,24): warning IL2026: Using member 'Microsoft.AspNetCore.Http.Results.Json<TValue>(TValue, JsonSerializerOptions, String, Int32?)' which has 'RequiresUnreferencedCodeAttribute' can break functionality when trimming application code. JSON serialization and deserialization might require types that cannot be statically analyzed. Use the overload that takes a JsonTypeInfo or JsonSerializerContext. [/home/runner/work/Market-Data-Collector/Market-Data-Collector/src/MarketDataCollector/MarketDataCollector.csproj]
/home/runner/work/Market-Data-Collector/Market-Data-Collector/src/MarketDataCollector/Application/Http/UiServer.cs(1578,24): warning IL2026: Using member 'Microsoft.AspNetCore.Http.Results.Json<TValue>(TValue, JsonSerializerOptions, String, Int32?)' which has 'RequiresUnreferencedCodeAttribute' can break functionality when trimming application code. JSON serialization and deserialization might require types that cannot be statically analyzed. Use the overload that takes a JsonTypeInfo or JsonSerializerContext. [/home/runner/work/Market-Data-Collector/Market-Data-Collector/src/MarketDataCollector/MarketDataCollector.csproj]
/home/runner/work/Market-Data-Collector/Market-Data-Collector/src/MarketDataCollector/Application/Http/UiServer.cs(1593,24): warning IL2026: Using member 'Microsoft.AspNetCore.Http.Results.Json<TValue>(TValue, JsonSerializerOptions, String, Int32?)' which has 'RequiresUnreferencedCodeAttribute' can break functionality when trimming application code. JSON serialization and deserialization might require types that cannot be statically analyzed. Use the overload that takes a JsonTypeInfo or JsonSerializerContext. [/home/runner/work/Market-Data-Collector/Market-Data-Collector/src/MarketDataCollector/MarketDataCollector.csproj]
/home/runner/work/Market-Data-Collector/Market-Data-Collector/src/MarketDataCollector/Application/Http/UiServer.cs(1607,24): warning IL2026: Using member 'Microsoft.AspNetCore.Http.Results.Json<TValue>(TValue, JsonSerializerOptions, String, Int32?)' which has 'RequiresUnreferencedCodeAttribute' can break functionality when trimming application code. JSON serialization and deserialization might require types that cannot be statically analyzed. Use the overload that takes a JsonTypeInfo or JsonSerializerContext. [/home/runner/work/Market-Data-Collector/Market-Data-Collector/src/MarketDataCollector/MarketDataCollector.csproj]
/home/runner/work/Market-Data-Collector/Market-Data-Collector/src/MarketDataCollector/Application/Http/UiServer.cs(1620,24): warning IL2026: Using member 'Microsoft.AspNetCore.Http.Results.Json<TValue>(TValue, JsonSerializerOptions, String, Int32?)' which has 'RequiresUnreferencedCodeAttribute' can break functionality when trimming application code. JSON serialization and deserialization might require types that cannot be statically analyzed. Use the overload that takes a JsonTypeInfo or JsonSerializerContext. [/home/runner/work/Market-Data-Collector/Market-Data-Collector/src/MarketDataCollector/MarketDataCollector.csproj]
/home/runner/work/Market-Data-Collector/Market-Data-Collector/src/MarketDataCollector/Application/Http/UiServer.cs(1635,24): warning IL2026: Using member 'Microsoft.AspNetCore.Http.Results.Json<TValue>(TValue, JsonSerializerOptions, String, Int32?)' which has 'RequiresUnreferencedCodeAttribute' can break functionality when trimming application code. JSON serialization and deserialization might require types that cannot be statically analyzed. Use the overload that takes a JsonTypeInfo or JsonSerializerContext. [/home/runner/work/Market-Data-Collector/Market-Data-Collector/src/MarketDataCollector/MarketDataCollector.csproj]
/home/runner/work/Market-Data-Collector/Market-Data-Collector/src/MarketDataCollector/Application/Http/UiServer.cs(1657,24): warning IL2026: Using member 'Microsoft.AspNetCore.Http.Results.Json<TValue>(TValue, JsonSerializerOptions, String, Int32?)' which has 'RequiresUnreferencedCodeAttribute' can break functionality when trimming application code. JSON serialization and deserialization might require types that cannot be statically analyzed. Use the overload that takes a JsonTypeInfo or JsonSerializerContext. [/home/runner/work/Market-Data-Collector/Market-Data-Collector/src/MarketDataCollector/MarketDataCollector.csproj]
/home/runner/work/Market-Data-Collector/Market-Data-Collector/src/MarketDataCollector/Application/Http/UiServer.cs(1673,24): warning IL2026: Using member 'Microsoft.AspNetCore.Http.Results.Json<TValue>(TValue, JsonSerializerOptions, String, Int32?)' which has 'RequiresUnreferencedCodeAttribute' can break functionality when trimming application code. JSON serialization and deserialization might require types that cannot be statically analyzed. Use the overload that takes a JsonTypeInfo or JsonSerializerContext. [/home/runner/work/Market-Data-Collector/Market-Data-Collector/src/MarketDataCollector/MarketDataCollector.csproj]
/home/runner/work/Market-Data-Collector/Market-Data-Collector/src/MarketDataCollector/Application/Http/UiServer.cs(1688,24): warning IL2026: Using member 'Microsoft.AspNetCore.Http.Results.Json<TValue>(TValue, JsonSerializerOptions, String, Int32?)' which has 'RequiresUnreferencedCodeAttribute' can break functionality when trimming application code. JSON serialization and deserialization might require types that cannot be statically analyzed. Use the overload that takes a JsonTypeInfo or JsonSerializerContext. [/home/runner/work/Market-Data-Collector/Market-Data-Collector/src/MarketDataCollector/MarketDataCollector.csproj]
/home/runner/work/Market-Data-Collector/Market-Data-Collector/src/MarketDataCollector/Application/Http/UiServer.cs(1729,24): warning IL2026: Using member 'Microsoft.AspNetCore.Http.Results.Json<TValue>(TValue, JsonSerializerOptions, String, Int32?)' which has 'RequiresUnreferencedCodeAttribute' can break functionality when trimming application code. JSON serialization and deserialization might require types that cannot be statically analyzed. Use the overload that takes a JsonTypeInfo or JsonSerializerContext. [/home/runner/work/Market-Data-Collector/Market-Data-Collector/src/MarketDataCollector/MarketDataCollector.csproj]
/home/runner/work/Market-Data-Collector/Market-Data-Collector/src/MarketDataCollector/Application/Http/UiServer.cs(1762,24): warning IL2026: Using member 'Microsoft.AspNetCore.Http.Results.Json<TValue>(TValue, JsonSerializerOptions, String, Int32?)' which has 'RequiresUnreferencedCodeAttribute' can break functionality when trimming application code. JSON serialization and deserialization might require types that cannot be statically analyzed. Use the overload that takes a JsonTypeInfo or JsonSerializerContext. [/home/runner/work/Market-Data-Collector/Market-Data-Collector/src/MarketDataCollector/MarketDataCollector.csproj]
/home/runner/work/Market-Data-Collector/Market-Data-Collector/src/MarketDataCollector/Infrastructure/Providers/Streaming/NYSE/NYSEDataSource.cs(465,24): warning IL2026: Using member 'System.Text.Json.JsonSerializer.Deserialize<TValue>(String, JsonSerializerOptions)' which has 'RequiresUnreferencedCodeAttribute' can break functionality when trimming application code. JSON serialization and deserialization might require types that cannot be statically analyzed. Use the overload that takes a JsonTypeInfo or JsonSerializerContext, or make sure all of the required types are preserved. [/home/runner/work/Market-Data-Collector/Market-Data-Collector/src/MarketDataCollector/MarketDataCollector.csproj]
/home/runner/work/Market-Data-Collector/Market-Data-Collector/src/MarketDataCollector/Infrastructure/Providers/Streaming/NYSE/NYSEDataSource.cs(582,24): warning IL2026: Using member 'System.Text.Json.JsonSerializer.Deserialize<TValue>(String, JsonSerializerOptions)' which has 'RequiresUnreferencedCodeAttribute' can break functionality when trimming application code. JSON serialization and deserialization might require types that cannot be statically analyzed. Use the overload that takes a JsonTypeInfo or JsonSerializerContext, or make sure all of the required types are preserved. [/home/runner/work/Market-Data-Collector/Market-Data-Collector/src/MarketDataCollector/MarketDataCollector.csproj]
/home/runner/work/Market-Data-Collector/Market-Data-Collector/src/MarketDataCollector/Infrastructure/Providers/Streaming/Polygon/PolygonMarketDataClient.cs(1003,27): warning IL2026: Using member 'System.Text.Json.JsonSerializer.Serialize<TValue>(TValue, JsonSerializerOptions)' which has 'RequiresUnreferencedCodeAttribute' can break functionality when trimming application code. JSON serialization and deserialization might require types that cannot be statically analyzed. Use the overload that takes a JsonTypeInfo or JsonSerializerContext, or make sure all of the required types are preserved. [/home/runner/work/Market-Data-Collector/Market-Data-Collector/src/MarketDataCollector/MarketDataCollector.csproj]
/home/runner/work/Market-Data-Collector/Market-Data-Collector/src/MarketDataCollector/Infrastructure/Providers/Streaming/NYSE/NYSEDataSource.cs(629,24): warning IL2026: Using member 'System.Text.Json.JsonSerializer.Deserialize<TValue>(String, JsonSerializerOptions)' which has 'RequiresUnreferencedCodeAttribute' can break functionality when trimming application code. JSON serialization and deserialization might require types that cannot be statically analyzed. Use the overload that takes a JsonTypeInfo or JsonSerializerContext, or make sure all of the required types are preserved. [/home/runner/work/Market-Data-Collector/Market-Data-Collector/src/MarketDataCollector/MarketDataCollector.csproj]
/home/runner/work/Market-Data-Collector/Market-Data-Collector/src/MarketDataCollector/Infrastructure/Providers/Streaming/NYSE/NYSEDataSource.cs(690,33): warning IL2026: Using member 'System.Text.Json.JsonSerializer.Deserialize<TValue>(String, JsonSerializerOptions)' which has 'RequiresUnreferencedCodeAttribute' can break functionality when trimming application code. JSON serialization and deserialization might require types that cannot be statically analyzed. Use the overload that takes a JsonTypeInfo or JsonSerializerContext, or make sure all of the required types are preserved. [/home/runner/work/Market-Data-Collector/Market-Data-Collector/src/MarketDataCollector/MarketDataCollector.csproj]
/home/runner/work/Market-Data-Collector/Market-Data-Collector/src/MarketDataCollector/Infrastructure/Providers/Streaming/NYSE/NYSEDataSource.cs(844,23): warning IL2026: Using member 'System.Text.Json.JsonSerializer.Serialize<TValue>(TValue, JsonSerializerOptions)' which has 'RequiresUnreferencedCodeAttribute' can break functionality when trimming application code. JSON serialization and deserialization might require types that cannot be statically analyzed. Use the overload that takes a JsonTypeInfo or JsonSerializerContext, or make sure all of the required types are preserved. [/home/runner/work/Market-Data-Collector/Market-Data-Collector/src/MarketDataCollector/MarketDataCollector.csproj]
/home/runner/work/Market-Data-Collector/Market-Data-Collector/src/MarketDataCollector/Infrastructure/Providers/Streaming/NYSE/NYSEDataSource.cs(862,23): warning IL2026: Using member 'System.Text.Json.JsonSerializer.Serialize<TValue>(TValue, JsonSerializerOptions)' which has 'RequiresUnreferencedCodeAttribute' can break functionality when trimming application code. JSON serialization and deserialization might require types that cannot be statically analyzed. Use the overload that takes a JsonTypeInfo or JsonSerializerContext, or make sure all of the required types are preserved. [/home/runner/work/Market-Data-Collector/Market-Data-Collector/src/MarketDataCollector/MarketDataCollector.csproj]
/home/runner/work/Market-Data-Collector/Market-Data-Collector/src/MarketDataCollector/Application/Http/UiServer.cs(1826,9): warning IL2026: Using member 'Microsoft.AspNetCore.Builder.EndpointRouteBuilderExtensions.MapPost(IEndpointRouteBuilder, String, Delegate)' which has 'RequiresUnreferencedCodeAttribute' can break functionality when trimming application code. This API may perform reflection on the supplied delegate and its parameters. These types may be trimmed if not directly referenced. [/home/runner/work/Market-Data-Collector/Market-Data-Collector/src/MarketDataCollector/MarketDataCollector.csproj]
/home/runner/work/Market-Data-Collector/Market-Data-Collector/src/MarketDataCollector/Application/Http/UiServer.cs(1850,9): warning IL2026: Using member 'Microsoft.AspNetCore.Builder.EndpointRouteBuilderExtensions.MapPost(IEndpointRouteBuilder, String, Delegate)' which has 'RequiresUnreferencedCodeAttribute' can break functionality when trimming application code. This API may perform reflection on the supplied delegate and its parameters. These types may be trimmed if not directly referenced. [/home/runner/work/Market-Data-Collector/Market-Data-Collector/src/MarketDataCollector/MarketDataCollector.csproj]
/home/runner/work/Market-Data-Collector/Market-Data-Collector/src/MarketDataCollector/Application/Http/UiServer.cs(1868,9): warning IL2026: Using member 'Microsoft.AspNetCore.Builder.EndpointRouteBuilderExtensions.MapGet(IEndpointRouteBuilder, String, Delegate)' which has 'RequiresUnreferencedCodeAttribute' can break functionality when trimming application code. This API may perform reflection on the supplied delegate and its parameters. These types may be trimmed if not directly referenced. [/home/runner/work/Market-Data-Collector/Market-Data-Collector/src/MarketDataCollector/MarketDataCollector.csproj]
/home/runner/work/Market-Data-Collector/Market-Data-Collector/src/MarketDataCollector/Application/Http/UiServer.cs(1898,9): warning IL2026: Using member 'Microsoft.AspNetCore.Builder.EndpointRouteBuilderExtensions.MapGet(IEndpointRouteBuilder, String, Delegate)' which has 'RequiresUnreferencedCodeAttribute' can break functionality when trimming application code. This API may perform reflection on the supplied delegate and its parameters. These types may be trimmed if not directly referenced. [/home/runner/work/Market-Data-Collector/Market-Data-Collector/src/MarketDataCollector/MarketDataCollector.csproj]
/home/runner/work/Market-Data-Collector/Market-Data-Collector/src/MarketDataCollector/Application/Http/UiServer.cs(1934,9): warning IL2026: Using member 'Microsoft.AspNetCore.Builder.EndpointRouteBuilderExtensions.MapGet(IEndpointRouteBuilder, String, Delegate)' which has 'RequiresUnreferencedCodeAttribute' can break functionality when trimming application code. This API may perform reflection on the supplied delegate and its parameters. These types may be trimmed if not directly referenced. [/home/runner/work/Market-Data-Collector/Market-Data-Collector/src/MarketDataCollector/MarketDataCollector.csproj]
/home/runner/work/Market-Data-Collector/Market-Data-Collector/src/MarketDataCollector/Application/Http/UiServer.cs(1961,9): warning IL2026: Using member 'Microsoft.AspNetCore.Builder.EndpointRouteBuilderExtensions.MapPost(IEndpointRouteBuilder, String, Delegate)' which has 'RequiresUnreferencedCodeAttribute' can break functionality when trimming application code. This API may perform reflection on the supplied delegate and its parameters. These types may be trimmed if not directly referenced. [/home/runner/work/Market-Data-Collector/Market-Data-Collector/src/MarketDataCollector/MarketDataCollector.csproj]
/home/runner/work/Market-Data-Collector/Market-Data-Collector/src/MarketDataCollector/Application/Http/UiServer.cs(1977,9): warning IL2026: Using member 'Microsoft.AspNetCore.Builder.EndpointRouteBuilderExtensions.MapPost(IEndpointRouteBuilder, String, Delegate)' which has 'RequiresUnreferencedCodeAttribute' can break functionality when trimming application code. This API may perform reflection on the supplied delegate and its parameters. These types may be trimmed if not directly referenced. [/home/runner/work/Market-Data-Collector/Market-Data-Collector/src/MarketDataCollector/MarketDataCollector.csproj]
/home/runner/work/Market-Data-Collector/Market-Data-Collector/src/MarketDataCollector/Application/Http/UiServer.cs(2009,9): warning IL2026: Using member 'Microsoft.AspNetCore.Builder.EndpointRouteBuilderExtensions.MapDelete(IEndpointRouteBuilder, String, Delegate)' which has 'RequiresUnreferencedCodeAttribute' can break functionality when trimming application code. This API may perform reflection on the supplied delegate and its parameters. These types may be trimmed if not directly referenced. [/home/runner/work/Market-Data-Collector/Market-Data-Collector/src/MarketDataCollector/MarketDataCollector.csproj]
/home/runner/work/Market-Data-Collector/Market-Data-Collector/src/MarketDataCollector/Application/Http/UiServer.cs(2028,9): warning IL2026: Using member 'Microsoft.AspNetCore.Builder.EndpointRouteBuilderExtensions.MapGet(IEndpointRouteBuilder, String, Delegate)' which has 'RequiresUnreferencedCodeAttribute' can break functionality when trimming application code. This API may perform reflection on the supplied delegate and its parameters. These types may be trimmed if not directly referenced. [/home/runner/work/Market-Data-Collector/Market-Data-Collector/src/MarketDataCollector/MarketDataCollector.csproj]
/home/runner/work/Market-Data-Collector/Market-Data-Collector/src/MarketDataCollector/Application/Http/UiServer.cs(2042,9): warning IL2026: Using member 'Microsoft.AspNetCore.Builder.EndpointRouteBuilderExtensions.MapGet(IEndpointRouteBuilder, String, Delegate)' which has 'RequiresUnreferencedCodeAttribute' can break functionality when trimming application code. This API may perform reflection on the supplied delegate and its parameters. These types may be trimmed if not directly referenced. [/home/runner/work/Market-Data-Collector/Market-Data-Collector/src/MarketDataCollector/MarketDataCollector.csproj]
/home/runner/work/Market-Data-Collector/Market-Data-Collector/src/MarketDataCollector/Application/Http/UiServer.cs(2056,9): warning IL2026: Using member 'Microsoft.AspNetCore.Builder.EndpointRouteBuilderExtensions.MapGet(IEndpointRouteBuilder, String, Delegate)' which has 'RequiresUnreferencedCodeAttribute' can break functionality when trimming application code. This API may perform reflection on the supplied delegate and its parameters. These types may be trimmed if not directly referenced. [/home/runner/work/Market-Data-Collector/Market-Data-Collector/src/MarketDataCollector/MarketDataCollector.csproj]
/home/runner/work/Market-Data-Collector/Market-Data-Collector/src/MarketDataCollector/Application/Http/UiServer.cs(2073,9): warning IL2026: Using member 'Microsoft.AspNetCore.Builder.EndpointRouteBuilderExtensions.MapGet(IEndpointRouteBuilder, String, Delegate)' which has 'RequiresUnreferencedCodeAttribute' can break functionality when trimming application code. This API may perform reflection on the supplied delegate and its parameters. These types may be trimmed if not directly referenced. [/home/runner/work/Market-Data-Collector/Market-Data-Collector/src/MarketDataCollector/MarketDataCollector.csproj]
/home/runner/work/Market-Data-Collector/Market-Data-Collector/src/MarketDataCollector/Application/Http/UiServer.cs(2087,9): warning IL2026: Using member 'Microsoft.AspNetCore.Builder.EndpointRouteBuilderExtensions.MapPost(IEndpointRouteBuilder, String, Delegate)' which has 'RequiresUnreferencedCodeAttribute' can break functionality when trimming application code. This API may perform reflection on the supplied delegate and its parameters. These types may be trimmed if not directly referenced. [/home/runner/work/Market-Data-Collector/Market-Data-Collector/src/MarketDataCollector/MarketDataCollector.csproj]
/home/runner/work/Market-Data-Collector/Market-Data-Collector/src/MarketDataCollector/Application/Http/UiServer.cs(2109,9): warning IL2026: Using member 'Microsoft.AspNetCore.Builder.EndpointRouteBuilderExtensions.MapPost(IEndpointRouteBuilder, String, Delegate)' which has 'RequiresUnreferencedCodeAttribute' can break functionality when trimming application code. This API may perform reflection on the supplied delegate and its parameters. These types may be trimmed if not directly referenced. [/home/runner/work/Market-Data-Collector/Market-Data-Collector/src/MarketDataCollector/MarketDataCollector.csproj]
/home/runner/work/Market-Data-Collector/Market-Data-Collector/src/MarketDataCollector/Application/Http/UiServer.cs(2136,9): warning IL2026: Using member 'Microsoft.AspNetCore.Builder.EndpointRouteBuilderExtensions.MapPost(IEndpointRouteBuilder, String, Delegate)' which has 'RequiresUnreferencedCodeAttribute' can break functionality when trimming application code. This API may perform reflection on the supplied delegate and its parameters. These types may be trimmed if not directly referenced. [/home/runner/work/Market-Data-Collector/Market-Data-Collector/src/MarketDataCollector/MarketDataCollector.csproj]
/home/runner/work/Market-Data-Collector/Market-Data-Collector/src/MarketDataCollector/Application/Http/UiServer.cs(2156,9): warning IL2026: Using member 'Microsoft.AspNetCore.Builder.EndpointRouteBuilderExtensions.MapGet(IEndpointRouteBuilder, String, Delegate)' which has 'RequiresUnreferencedCodeAttribute' can break functionality when trimming application code. This API may perform reflection on the supplied delegate and its parameters. These types may be trimmed if not directly referenced. [/home/runner/work/Market-Data-Collector/Market-Data-Collector/src/MarketDataCollector/MarketDataCollector.csproj]
/home/runner/work/Market-Data-Collector/Market-Data-Collector/src/MarketDataCollector/Application/Http/UiServer.cs(2171,9): warning IL2026: Using member 'Microsoft.AspNetCore.Builder.EndpointRouteBuilderExtensions.MapPost(IEndpointRouteBuilder, String, Delegate)' which has 'RequiresUnreferencedCodeAttribute' can break functionality when trimming application code. This API may perform reflection on the supplied delegate and its parameters. These types may be trimmed if not directly referenced. [/home/runner/work/Market-Data-Collector/Market-Data-Collector/src/MarketDataCollector/MarketDataCollector.csproj]
/home/runner/work/Market-Data-Collector/Market-Data-Collector/src/MarketDataCollector/Application/Http/UiServer.cs(2206,9): warning IL2026: Using member 'Microsoft.AspNetCore.Builder.EndpointRouteBuilderExtensions.MapGet(IEndpointRouteBuilder, String, Delegate)' which has 'RequiresUnreferencedCodeAttribute' can break functionality when trimming application code. This API may perform reflection on the supplied delegate and its parameters. These types may be trimmed if not directly referenced. [/home/runner/work/Market-Data-Collector/Market-Data-Collector/src/MarketDataCollector/MarketDataCollector.csproj]
/home/runner/work/Market-Data-Collector/Market-Data-Collector/src/MarketDataCollector/Application/Http/UiServer.cs(2225,9): warning IL2026: Using member 'Microsoft.AspNetCore.Builder.EndpointRouteBuilderExtensions.MapGet(IEndpointRouteBuilder, String, Delegate)' which has 'RequiresUnreferencedCodeAttribute' can break functionality when trimming application code. This API may perform reflection on the supplied delegate and its parameters. These types may be trimmed if not directly referenced. [/home/runner/work/Market-Data-Collector/Market-Data-Collector/src/MarketDataCollector/MarketDataCollector.csproj]
/home/runner/work/Market-Data-Collector/Market-Data-Collector/src/MarketDataCollector/Application/Http/UiServer.cs(2250,9): warning IL2026: Using member 'Microsoft.AspNetCore.Builder.EndpointRouteBuilderExtensions.MapGet(IEndpointRouteBuilder, String, Delegate)' which has 'RequiresUnreferencedCodeAttribute' can break functionality when trimming application code. This API may perform reflection on the supplied delegate and its parameters. These types may be trimmed if not directly referenced. [/home/runner/work/Market-Data-Collector/Market-Data-Collector/src/MarketDataCollector/MarketDataCollector.csproj]
/home/runner/work/Market-Data-Collector/Market-Data-Collector/src/MarketDataCollector/Application/Http/UiServer.cs(1841,24): warning IL2026: Using member 'Microsoft.AspNetCore.Http.Results.Json<TValue>(TValue, JsonSerializerOptions, String, Int32?)' which has 'RequiresUnreferencedCodeAttribute' can break functionality when trimming application code. JSON serialization and deserialization might require types that cannot be statically analyzed. Use the overload that takes a JsonTypeInfo or JsonSerializerContext. [/home/runner/work/Market-Data-Collector/Market-Data-Collector/src/MarketDataCollector/MarketDataCollector.csproj]
/home/runner/work/Market-Data-Collector/Market-Data-Collector/src/MarketDataCollector/Application/Http/UiServer.cs(1859,24): warning IL2026: Using member 'Microsoft.AspNetCore.Http.Results.Json<TValue>(TValue, JsonSerializerOptions, String, Int32?)' which has 'RequiresUnreferencedCodeAttribute' can break functionality when trimming application code. JSON serialization and deserialization might require types that cannot be statically analyzed. Use the overload that takes a JsonTypeInfo or JsonSerializerContext. [/home/runner/work/Market-Data-Collector/Market-Data-Collector/src/MarketDataCollector/MarketDataCollector.csproj]
/home/runner/work/Market-Data-Collector/Market-Data-Collector/src/MarketDataCollector/Application/Http/UiServer.cs(1889,24): warning IL2026: Using member 'Microsoft.AspNetCore.Http.Results.Json<TValue>(TValue, JsonSerializerOptions, String, Int32?)' which has 'RequiresUnreferencedCodeAttribute' can break functionality when trimming application code. JSON serialization and deserialization might require types that cannot be statically analyzed. Use the overload that takes a JsonTypeInfo or JsonSerializerContext. [/home/runner/work/Market-Data-Collector/Market-Data-Collector/src/MarketDataCollector/MarketDataCollector.csproj]
/home/runner/work/Market-Data-Collector/Market-Data-Collector/src/MarketDataCollector/Application/Http/UiServer.cs(1923,24): warning IL2026: Using member 'Microsoft.AspNetCore.Http.Results.Json<TValue>(TValue, JsonSerializerOptions, String, Int32?)' which has 'RequiresUnreferencedCodeAttribute' can break functionality when trimming application code. JSON serialization and deserialization might require types that cannot be statically analyzed. Use the overload that takes a JsonTypeInfo or JsonSerializerContext. [/home/runner/work/Market-Data-Collector/Market-Data-Collector/src/MarketDataCollector/MarketDataCollector.csproj]
/home/runner/work/Market-Data-Collector/Market-Data-Collector/src/MarketDataCollector/Application/Http/UiServer.cs(1952,24): warning IL2026: Using member 'Microsoft.AspNetCore.Http.Results.Json<TValue>(TValue, JsonSerializerOptions, String, Int32?)' which has 'RequiresUnreferencedCodeAttribute' can break functionality when trimming application code. JSON serialization and deserialization might require types that cannot be statically analyzed. Use the overload that takes a JsonTypeInfo or JsonSerializerContext. [/home/runner/work/Market-Data-Collector/Market-Data-Collector/src/MarketDataCollector/MarketDataCollector.csproj]
/home/runner/work/Market-Data-Collector/Market-Data-Collector/src/MarketDataCollector/Application/Http/UiServer.cs(1968,24): warning IL2026: Using member 'Microsoft.AspNetCore.Http.Results.Json<TValue>(TValue, JsonSerializerOptions, String, Int32?)' which has 'RequiresUnreferencedCodeAttribute' can break functionality when trimming application code. JSON serialization and deserialization might require types that cannot be statically analyzed. Use the overload that takes a JsonTypeInfo or JsonSerializerContext. [/home/runner/work/Market-Data-Collector/Market-Data-Collector/src/MarketDataCollector/MarketDataCollector.csproj]
/home/runner/work/Market-Data-Collector/Market-Data-Collector/src/MarketDataCollector/Application/Http/UiServer.cs(2033,24): warning IL2026: Using member 'Microsoft.AspNetCore.Http.Results.Json<TValue>(TValue, JsonSerializerOptions, String, Int32?)' which has 'RequiresUnreferencedCodeAttribute' can break functionality when trimming application code. JSON serialization and deserialization might require types that cannot be statically analyzed. Use the overload that takes a JsonTypeInfo or JsonSerializerContext. [/home/runner/work/Market-Data-Collector/Market-Data-Collector/src/MarketDataCollector/MarketDataCollector.csproj]
/home/runner/work/Market-Data-Collector/Market-Data-Collector/src/MarketDataCollector/Application/Http/UiServer.cs(2047,24): warning IL2026: Using member 'Microsoft.AspNetCore.Http.Results.Json<TValue>(TValue, JsonSerializerOptions, String, Int32?)' which has 'RequiresUnreferencedCodeAttribute' can break functionality when trimming application code. JSON serialization and deserialization might require types that cannot be statically analyzed. Use the overload that takes a JsonTypeInfo or JsonSerializerContext. [/home/runner/work/Market-Data-Collector/Market-Data-Collector/src/MarketDataCollector/MarketDataCollector.csproj]
/home/runner/work/Market-Data-Collector/Market-Data-Collector/src/MarketDataCollector/Application/Http/UiServer.cs(2064,24): warning IL2026: Using member 'Microsoft.AspNetCore.Http.Results.Json<TValue>(TValue, JsonSerializerOptions, String, Int32?)' which has 'RequiresUnreferencedCodeAttribute' can break functionality when trimming application code. JSON serialization and deserialization might require types that cannot be statically analyzed. Use the overload that takes a JsonTypeInfo or JsonSerializerContext. [/home/runner/work/Market-Data-Collector/Market-Data-Collector/src/MarketDataCollector/MarketDataCollector.csproj]
/home/runner/work/Market-Data-Collector/Market-Data-Collector/src/MarketDataCollector/Application/Http/UiServer.cs(2078,24): warning IL2026: Using member 'Microsoft.AspNetCore.Http.Results.Json<TValue>(TValue, JsonSerializerOptions, String, Int32?)' which has 'RequiresUnreferencedCodeAttribute' can break functionality when trimming application code. JSON serialization and deserialization might require types that cannot be statically analyzed. Use the overload that takes a JsonTypeInfo or JsonSerializerContext. [/home/runner/work/Market-Data-Collector/Market-Data-Collector/src/MarketDataCollector/MarketDataCollector.csproj]
/home/runner/work/Market-Data-Collector/Market-Data-Collector/src/MarketDataCollector/Application/Http/UiServer.cs(2094,24): warning IL2026: Using member 'Microsoft.AspNetCore.Http.Results.Json<TValue>(TValue, JsonSerializerOptions, String, Int32?)' which has 'RequiresUnreferencedCodeAttribute' can break functionality when trimming application code. JSON serialization and deserialization might require types that cannot be statically analyzed. Use the overload that takes a JsonTypeInfo or JsonSerializerContext. [/home/runner/work/Market-Data-Collector/Market-Data-Collector/src/MarketDataCollector/MarketDataCollector.csproj]
/home/runner/work/Market-Data-Collector/Market-Data-Collector/src/MarketDataCollector/Application/Http/UiServer.cs(2121,24): warning IL2026: Using member 'Microsoft.AspNetCore.Http.Results.Json<TValue>(TValue, JsonSerializerOptions, String, Int32?)' which has 'RequiresUnreferencedCodeAttribute' can break functionality when trimming application code. JSON serialization and deserialization might require types that cannot be statically analyzed. Use the overload that takes a JsonTypeInfo or JsonSerializerContext. [/home/runner/work/Market-Data-Collector/Market-Data-Collector/src/MarketDataCollector/MarketDataCollector.csproj]
/home/runner/work/Market-Data-Collector/Market-Data-Collector/src/MarketDataCollector/Application/Http/UiServer.cs(2143,24): warning IL2026: Using member 'Microsoft.AspNetCore.Http.Results.Json<TValue>(TValue, JsonSerializerOptions, String, Int32?)' which has 'RequiresUnreferencedCodeAttribute' can break functionality when trimming application code. JSON serialization and deserialization might require types that cannot be statically analyzed. Use the overload that takes a JsonTypeInfo or JsonSerializerContext. [/home/runner/work/Market-Data-Collector/Market-Data-Collector/src/MarketDataCollector/MarketDataCollector.csproj]
/home/runner/work/Market-Data-Collector/Market-Data-Collector/src/MarketDataCollector/Application/Http/UiServer.cs(2162,24): warning IL2026: Using member 'Microsoft.AspNetCore.Http.Results.Json<TValue>(TValue, JsonSerializerOptions, String, Int32?)' which has 'RequiresUnreferencedCodeAttribute' can break functionality when trimming application code. JSON serialization and deserialization might require types that cannot be statically analyzed. Use the overload that takes a JsonTypeInfo or JsonSerializerContext. [/home/runner/work/Market-Data-Collector/Market-Data-Collector/src/MarketDataCollector/MarketDataCollector.csproj]
/home/runner/work/Market-Data-Collector/Market-Data-Collector/src/MarketDataCollector/Application/Http/UiServer.cs(2193,24): warning IL2026: Using member 'Microsoft.AspNetCore.Http.Results.Json<TValue>(TValue, JsonSerializerOptions, String, Int32?)' which has 'RequiresUnreferencedCodeAttribute' can break functionality when trimming application code. JSON serialization and deserialization might require types that cannot be statically analyzed. Use the overload that takes a JsonTypeInfo or JsonSerializerContext. [/home/runner/work/Market-Data-Collector/Market-Data-Collector/src/MarketDataCollector/MarketDataCollector.csproj]
/home/runner/work/Market-Data-Collector/Market-Data-Collector/src/MarketDataCollector/Application/Http/UiServer.cs(2211,24): warning IL2026: Using member 'Microsoft.AspNetCore.Http.Results.Json<TValue>(TValue, JsonSerializerOptions, String, Int32?)' which has 'RequiresUnreferencedCodeAttribute' can break functionality when trimming application code. JSON serialization and deserialization might require types that cannot be statically analyzed. Use the overload that takes a JsonTypeInfo or JsonSerializerContext. [/home/runner/work/Market-Data-Collector/Market-Data-Collector/src/MarketDataCollector/MarketDataCollector.csproj]
/home/runner/work/Market-Data-Collector/Market-Data-Collector/src/MarketDataCollector/Application/Http/UiServer.cs(2230,24): warning IL2026: Using member 'Microsoft.AspNetCore.Http.Results.Json<TValue>(TValue, JsonSerializerOptions, String, Int32?)' which has 'RequiresUnreferencedCodeAttribute' can break functionality when trimming application code. JSON serialization and deserialization might require types that cannot be statically analyzed. Use the overload that takes a JsonTypeInfo or JsonSerializerContext. [/home/runner/work/Market-Data-Collector/Market-Data-Collector/src/MarketDataCollector/MarketDataCollector.csproj]
/home/runner/work/Market-Data-Collector/Market-Data-Collector/src/MarketDataCollector/Storage/Services/SourceRegistry.cs(165,24): warning IL2026: Using member 'System.Text.Json.JsonSerializer.Deserialize<TValue>(String, JsonSerializerOptions)' which has 'RequiresUnreferencedCodeAttribute' can break functionality when trimming application code. JSON serialization and deserialization might require types that cannot be statically analyzed. Use the overload that takes a JsonTypeInfo or JsonSerializerContext, or make sure all of the required types are preserved. [/home/runner/work/Market-Data-Collector/Market-Data-Collector/src/MarketDataCollector/MarketDataCollector.csproj]
/home/runner/work/Market-Data-Collector/Market-Data-Collector/src/MarketDataCollector/Storage/Services/SourceRegistry.cs(213,32): warning IL2026: Using member 'System.Text.Json.JsonSerializer.Serialize<TValue>(TValue, JsonSerializerOptions)' which has 'RequiresUnreferencedCodeAttribute' can break functionality when trimming application code. JSON serialization and deserialization might require types that cannot be statically analyzed. Use the overload that takes a JsonTypeInfo or JsonSerializerContext, or make sure all of the required types are preserved. [/home/runner/work/Market-Data-Collector/Market-Data-Collector/src/MarketDataCollector/MarketDataCollector.csproj]
/home/runner/work/Market-Data-Collector/Market-Data-Collector/src/MarketDataCollector/Application/Http/UiServer.cs(2270,9): warning IL2026: Using member 'Microsoft.AspNetCore.Builder.EndpointRouteBuilderExtensions.MapPost(IEndpointRouteBuilder, String, Delegate)' which has 'RequiresUnreferencedCodeAttribute' can break functionality when trimming application code. This API may perform reflection on the supplied delegate and its parameters. These types may be trimmed if not directly referenced. [/home/runner/work/Market-Data-Collector/Market-Data-Collector/src/MarketDataCollector/MarketDataCollector.csproj]
/home/runner/work/Market-Data-Collector/Market-Data-Collector/src/MarketDataCollector/Application/Http/UiServer.cs(2298,9): warning IL2026: Using member 'Microsoft.AspNetCore.Builder.EndpointRouteBuilderExtensions.MapPost(IEndpointRouteBuilder, String, Delegate)' which has 'RequiresUnreferencedCodeAttribute' can break functionality when trimming application code. This API may perform reflection on the supplied delegate and its parameters. These types may be trimmed if not directly referenced. [/home/runner/work/Market-Data-Collector/Market-Data-Collector/src/MarketDataCollector/MarketDataCollector.csproj]
/home/runner/work/Market-Data-Collector/Market-Data-Collector/src/MarketDataCollector/Application/Http/UiServer.cs(2327,9): warning IL2026: Using member 'Microsoft.AspNetCore.Builder.EndpointRouteBuilderExtensions.MapGet(IEndpointRouteBuilder, String, Delegate)' which has 'RequiresUnreferencedCodeAttribute' can break functionality when trimming application code. This API may perform reflection on the supplied delegate and its parameters. These types may be trimmed if not directly referenced. [/home/runner/work/Market-Data-Collector/Market-Data-Collector/src/MarketDataCollector/MarketDataCollector.csproj]
/home/runner/work/Market-Data-Collector/Market-Data-Collector/src/MarketDataCollector/Application/Http/UiServer.cs(2340,9): warning IL2026: Using member 'Microsoft.AspNetCore.Builder.EndpointRouteBuilderExtensions.MapGet(IEndpointRouteBuilder, String, Delegate)' which has 'RequiresUnreferencedCodeAttribute' can break functionality when trimming application code. This API may perform reflection on the supplied delegate and its parameters. These types may be trimmed if not directly referenced. [/home/runner/work/Market-Data-Collector/Market-Data-Collector/src/MarketDataCollector/MarketDataCollector.csproj]
/home/runner/work/Market-Data-Collector/Market-Data-Collector/src/MarketDataCollector/Application/Http/UiServer.cs(2353,9): warning IL2026: Using member 'Microsoft.AspNetCore.Builder.EndpointRouteBuilderExtensions.MapGet(IEndpointRouteBuilder, String, Delegate)' which has 'RequiresUnreferencedCodeAttribute' can break functionality when trimming application code. This API may perform reflection on the supplied delegate and its parameters. These types may be trimmed if not directly referenced. [/home/runner/work/Market-Data-Collector/Market-Data-Collector/src/MarketDataCollector/MarketDataCollector.csproj]
/home/runner/work/Market-Data-Collector/Market-Data-Collector/src/MarketDataCollector/Application/Http/UiServer.cs(2368,9): warning IL2026: Using member 'Microsoft.AspNetCore.Builder.EndpointRouteBuilderExtensions.MapPost(IEndpointRouteBuilder, String, Delegate)' which has 'RequiresUnreferencedCodeAttribute' can break functionality when trimming application code. This API may perform reflection on the supplied delegate and its parameters. These types may be trimmed if not directly referenced. [/home/runner/work/Market-Data-Collector/Market-Data-Collector/src/MarketDataCollector/MarketDataCollector.csproj]
/home/runner/work/Market-Data-Collector/Market-Data-Collector/src/MarketDataCollector/Application/Http/UiServer.cs(2384,9): warning IL2026: Using member 'Microsoft.AspNetCore.Builder.EndpointRouteBuilderExtensions.MapPut(IEndpointRouteBuilder, String, Delegate)' which has 'RequiresUnreferencedCodeAttribute' can break functionality when trimming application code. This API may perform reflection on the supplied delegate and its parameters. These types may be trimmed if not directly referenced. [/home/runner/work/Market-Data-Collector/Market-Data-Collector/src/MarketDataCollector/MarketDataCollector.csproj]
/home/runner/work/Market-Data-Collector/Market-Data-Collector/src/MarketDataCollector/Application/Http/UiServer.cs(2402,9): warning IL2026: Using member 'Microsoft.AspNetCore.Builder.EndpointRouteBuilderExtensions.MapDelete(IEndpointRouteBuilder, String, Delegate)' which has 'RequiresUnreferencedCodeAttribute' can break functionality when trimming application code. This API may perform reflection on the supplied delegate and its parameters. These types may be trimmed if not directly referenced. [/home/runner/work/Market-Data-Collector/Market-Data-Collector/src/MarketDataCollector/MarketDataCollector.csproj]
/home/runner/work/Market-Data-Collector/Market-Data-Collector/src/MarketDataCollector/Application/Http/UiServer.cs(2415,9): warning IL2026: Using member 'Microsoft.AspNetCore.Builder.EndpointRouteBuilderExtensions.MapPost(IEndpointRouteBuilder, String, Delegate)' which has 'RequiresUnreferencedCodeAttribute' can break functionality when trimming application code. This API may perform reflection on the supplied delegate and its parameters. These types may be trimmed if not directly referenced. [/home/runner/work/Market-Data-Collector/Market-Data-Collector/src/MarketDataCollector/MarketDataCollector.csproj]
/home/runner/work/Market-Data-Collector/Market-Data-Collector/src/MarketDataCollector/Application/Http/UiServer.cs(2435,9): warning IL2026: Using member 'Microsoft.AspNetCore.Builder.EndpointRouteBuilderExtensions.MapDelete(IEndpointRouteBuilder, String, Delegate)' which has 'RequiresUnreferencedCodeAttribute' can break functionality when trimming application code. This API may perform reflection on the supplied delegate and its parameters. These types may be trimmed if not directly referenced. [/home/runner/work/Market-Data-Collector/Market-Data-Collector/src/MarketDataCollector/MarketDataCollector.csproj]
/home/runner/work/Market-Data-Collector/Market-Data-Collector/src/MarketDataCollector/Application/Http/UiServer.cs(2455,9): warning IL2026: Using member 'Microsoft.AspNetCore.Builder.EndpointRouteBuilderExtensions.MapPost(IEndpointRouteBuilder, String, Delegate)' which has 'RequiresUnreferencedCodeAttribute' can break functionality when trimming application code. This API may perform reflection on the supplied delegate and its parameters. These types may be trimmed if not directly referenced. [/home/runner/work/Market-Data-Collector/Market-Data-Collector/src/MarketDataCollector/MarketDataCollector.csproj]
/home/runner/work/Market-Data-Collector/Market-Data-Collector/src/MarketDataCollector/Application/Http/UiServer.cs(2476,9): warning IL2026: Using member 'Microsoft.AspNetCore.Builder.EndpointRouteBuilderExtensions.MapPost(IEndpointRouteBuilder, String, Delegate)' which has 'RequiresUnreferencedCodeAttribute' can break functionality when trimming application code. This API may perform reflection on the supplied delegate and its parameters. These types may be trimmed if not directly referenced. [/home/runner/work/Market-Data-Collector/Market-Data-Collector/src/MarketDataCollector/MarketDataCollector.csproj]
/home/runner/work/Market-Data-Collector/Market-Data-Collector/src/MarketDataCollector/Application/Http/UiServer.cs(2491,9): warning IL2026: Using member 'Microsoft.AspNetCore.Builder.EndpointRouteBuilderExtensions.MapGet(IEndpointRouteBuilder, String, Delegate)' which has 'RequiresUnreferencedCodeAttribute' can break functionality when trimming application code. This API may perform reflection on the supplied delegate and its parameters. These types may be trimmed if not directly referenced. [/home/runner/work/Market-Data-Collector/Market-Data-Collector/src/MarketDataCollector/MarketDataCollector.csproj]
/home/runner/work/Market-Data-Collector/Market-Data-Collector/src/MarketDataCollector/Application/Http/UiServer.cs(2506,9): warning IL2026: Using member 'Microsoft.AspNetCore.Builder.EndpointRouteBuilderExtensions.MapPost(IEndpointRouteBuilder, String, Delegate)' which has 'RequiresUnreferencedCodeAttribute' can break functionality when trimming application code. This API may perform reflection on the supplied delegate and its parameters. These types may be trimmed if not directly referenced. [/home/runner/work/Market-Data-Collector/Market-Data-Collector/src/MarketDataCollector/MarketDataCollector.csproj]
/home/runner/work/Market-Data-Collector/Market-Data-Collector/src/MarketDataCollector/Application/Http/UiServer.cs(2524,9): warning IL2026: Using member 'Microsoft.AspNetCore.Builder.EndpointRouteBuilderExtensions.MapPost(IEndpointRouteBuilder, String, Delegate)' which has 'RequiresUnreferencedCodeAttribute' can break functionality when trimming application code. This API may perform reflection on the supplied delegate and its parameters. These types may be trimmed if not directly referenced. [/home/runner/work/Market-Data-Collector/Market-Data-Collector/src/MarketDataCollector/MarketDataCollector.csproj]
/home/runner/work/Market-Data-Collector/Market-Data-Collector/src/MarketDataCollector/Application/Http/UiServer.cs(2539,9): warning IL2026: Using member 'Microsoft.AspNetCore.Builder.EndpointRouteBuilderExtensions.MapGet(IEndpointRouteBuilder, String, Delegate)' which has 'RequiresUnreferencedCodeAttribute' can break functionality when trimming application code. This API may perform reflection on the supplied delegate and its parameters. These types may be trimmed if not directly referenced. [/home/runner/work/Market-Data-Collector/Market-Data-Collector/src/MarketDataCollector/MarketDataCollector.csproj]
/home/runner/work/Market-Data-Collector/Market-Data-Collector/src/MarketDataCollector/Application/Http/UiServer.cs(2552,9): warning IL2026: Using member 'Microsoft.AspNetCore.Builder.EndpointRouteBuilderExtensions.MapGet(IEndpointRouteBuilder, String, Delegate)' which has 'RequiresUnreferencedCodeAttribute' can break functionality when trimming application code. This API may perform reflection on the supplied delegate and its parameters. These types may be trimmed if not directly referenced. [/home/runner/work/Market-Data-Collector/Market-Data-Collector/src/MarketDataCollector/MarketDataCollector.csproj]
/home/runner/work/Market-Data-Collector/Market-Data-Collector/src/MarketDataCollector/Application/Http/UiServer.cs(2567,9): warning IL2026: Using member 'Microsoft.AspNetCore.Builder.EndpointRouteBuilderExtensions.MapPost(IEndpointRouteBuilder, String, Delegate)' which has 'RequiresUnreferencedCodeAttribute' can break functionality when trimming application code. This API may perform reflection on the supplied delegate and its parameters. These types may be trimmed if not directly referenced. [/home/runner/work/Market-Data-Collector/Market-Data-Collector/src/MarketDataCollector/MarketDataCollector.csproj]
/home/runner/work/Market-Data-Collector/Market-Data-Collector/src/MarketDataCollector/Application/Http/UiServer.cs(2596,9): warning IL2026: Using member 'Microsoft.AspNetCore.Builder.EndpointRouteBuilderExtensions.MapPost(IEndpointRouteBuilder, String, Delegate)' which has 'RequiresUnreferencedCodeAttribute' can break functionality when trimming application code. This API may perform reflection on the supplied delegate and its parameters. These types may be trimmed if not directly referenced. [/home/runner/work/Market-Data-Collector/Market-Data-Collector/src/MarketDataCollector/MarketDataCollector.csproj]
/home/runner/work/Market-Data-Collector/Market-Data-Collector/src/MarketDataCollector/Application/Http/UiServer.cs(2630,9): warning IL2026: Using member 'Microsoft.AspNetCore.Builder.EndpointRouteBuilderExtensions.MapPost(IEndpointRouteBuilder, String, Delegate)' which has 'RequiresUnreferencedCodeAttribute' can break functionality when trimming application code. This API may perform reflection on the supplied delegate and its parameters. These types may be trimmed if not directly referenced. [/home/runner/work/Market-Data-Collector/Market-Data-Collector/src/MarketDataCollector/MarketDataCollector.csproj]
/home/runner/work/Market-Data-Collector/Market-Data-Collector/src/MarketDataCollector/Application/Http/UiServer.cs(2646,9): warning IL2026: Using member 'Microsoft.AspNetCore.Builder.EndpointRouteBuilderExtensions.MapPost(IEndpointRouteBuilder, String, Delegate)' which has 'RequiresUnreferencedCodeAttribute' can break functionality when trimming application code. This API may perform reflection on the supplied delegate and its parameters. These types may be trimmed if not directly referenced. [/home/runner/work/Market-Data-Collector/Market-Data-Collector/src/MarketDataCollector/MarketDataCollector.csproj]
/home/runner/work/Market-Data-Collector/Market-Data-Collector/src/MarketDataCollector/Application/Http/UiServer.cs(2662,9): warning IL2026: Using member 'Microsoft.AspNetCore.Builder.EndpointRouteBuilderExtensions.MapPost(IEndpointRouteBuilder, String, Delegate)' which has 'RequiresUnreferencedCodeAttribute' can break functionality when trimming application code. This API may perform reflection on the supplied delegate and its parameters. These types may be trimmed if not directly referenced. [/home/runner/work/Market-Data-Collector/Market-Data-Collector/src/MarketDataCollector/MarketDataCollector.csproj]
/home/runner/work/Market-Data-Collector/Market-Data-Collector/src/MarketDataCollector/Application/Http/UiServer.cs(2678,9): warning IL2026: Using member 'Microsoft.AspNetCore.Builder.EndpointRouteBuilderExtensions.MapPost(IEndpointRouteBuilder, String, Delegate)' which has 'RequiresUnreferencedCodeAttribute' can break functionality when trimming application code. This API may perform reflection on the supplied delegate and its parameters. These types may be trimmed if not directly referenced. [/home/runner/work/Market-Data-Collector/Market-Data-Collector/src/MarketDataCollector/MarketDataCollector.csproj]
/home/runner/work/Market-Data-Collector/Market-Data-Collector/src/MarketDataCollector/Application/Http/UiServer.cs(2694,9): warning IL2026: Using member 'Microsoft.AspNetCore.Builder.EndpointRouteBuilderExtensions.MapPost(IEndpointRouteBuilder, String, Delegate)' which has 'RequiresUnreferencedCodeAttribute' can break functionality when trimming application code. This API may perform reflection on the supplied delegate and its parameters. These types may be trimmed if not directly referenced. [/home/runner/work/Market-Data-Collector/Market-Data-Collector/src/MarketDataCollector/MarketDataCollector.csproj]
/home/runner/work/Market-Data-Collector/Market-Data-Collector/src/MarketDataCollector/Application/Http/UiServer.cs(2710,9): warning IL2026: Using member 'Microsoft.AspNetCore.Builder.EndpointRouteBuilderExtensions.MapPost(IEndpointRouteBuilder, String, Delegate)' which has 'RequiresUnreferencedCodeAttribute' can break functionality when trimming application code. This API may perform reflection on the supplied delegate and its parameters. These types may be trimmed if not directly referenced. [/home/runner/work/Market-Data-Collector/Market-Data-Collector/src/MarketDataCollector/MarketDataCollector.csproj]
/home/runner/work/Market-Data-Collector/Market-Data-Collector/src/MarketDataCollector/Application/Http/UiServer.cs(2726,9): warning IL2026: Using member 'Microsoft.AspNetCore.Builder.EndpointRouteBuilderExtensions.MapPost(IEndpointRouteBuilder, String, Delegate)' which has 'RequiresUnreferencedCodeAttribute' can break functionality when trimming application code. This API may perform reflection on the supplied delegate and its parameters. These types may be trimmed if not directly referenced. [/home/runner/work/Market-Data-Collector/Market-Data-Collector/src/MarketDataCollector/MarketDataCollector.csproj]
/home/runner/work/Market-Data-Collector/Market-Data-Collector/src/MarketDataCollector/Application/Http/UiServer.cs(2742,9): warning IL2026: Using member 'Microsoft.AspNetCore.Builder.EndpointRouteBuilderExtensions.MapPost(IEndpointRouteBuilder, String, Delegate)' which has 'RequiresUnreferencedCodeAttribute' can break functionality when trimming application code. This API may perform reflection on the supplied delegate and its parameters. These types may be trimmed if not directly referenced. [/home/runner/work/Market-Data-Collector/Market-Data-Collector/src/MarketDataCollector/MarketDataCollector.csproj]
/home/runner/work/Market-Data-Collector/Market-Data-Collector/src/MarketDataCollector/Application/Http/UiServer.cs(2758,9): warning IL2026: Using member 'Microsoft.AspNetCore.Builder.EndpointRouteBuilderExtensions.MapPost(IEndpointRouteBuilder, String, Delegate)' which has 'RequiresUnreferencedCodeAttribute' can break functionality when trimming application code. This API may perform reflection on the supplied delegate and its parameters. These types may be trimmed if not directly referenced. [/home/runner/work/Market-Data-Collector/Market-Data-Collector/src/MarketDataCollector/MarketDataCollector.csproj]
/home/runner/work/Market-Data-Collector/Market-Data-Collector/src/MarketDataCollector/Application/Http/UiServer.cs(2779,9): warning IL2026: Using member 'Microsoft.AspNetCore.Builder.EndpointRouteBuilderExtensions.MapPost(IEndpointRouteBuilder, String, Delegate)' which has 'RequiresUnreferencedCodeAttribute' can break functionality when trimming application code. This API may perform reflection on the supplied delegate and its parameters. These types may be trimmed if not directly referenced. [/home/runner/work/Market-Data-Collector/Market-Data-Collector/src/MarketDataCollector/MarketDataCollector.csproj]
/home/runner/work/Market-Data-Collector/Market-Data-Collector/src/MarketDataCollector/Application/Http/UiServer.cs(2800,9): warning IL2026: Using member 'Microsoft.AspNetCore.Builder.EndpointRouteBuilderExtensions.MapPost(IEndpointRouteBuilder, String, Delegate)' which has 'RequiresUnreferencedCodeAttribute' can break functionality when trimming application code. This API may perform reflection on the supplied delegate and its parameters. These types may be trimmed if not directly referenced. [/home/runner/work/Market-Data-Collector/Market-Data-Collector/src/MarketDataCollector/MarketDataCollector.csproj]
/home/runner/work/Market-Data-Collector/Market-Data-Collector/src/MarketDataCollector/Application/Http/UiServer.cs(2813,9): warning IL2026: Using member 'Microsoft.AspNetCore.Builder.EndpointRouteBuilderExtensions.MapPost(IEndpointRouteBuilder, String, Delegate)' which has 'RequiresUnreferencedCodeAttribute' can break functionality when trimming application code. This API may perform reflection on the supplied delegate and its parameters. These types may be trimmed if not directly referenced. [/home/runner/work/Market-Data-Collector/Market-Data-Collector/src/MarketDataCollector/MarketDataCollector.csproj]
/home/runner/work/Market-Data-Collector/Market-Data-Collector/src/MarketDataCollector/Application/Http/UiServer.cs(2290,24): warning IL2026: Using member 'Microsoft.AspNetCore.Http.Results.Json<TValue>(TValue, JsonSerializerOptions, String, Int32?)' which has 'RequiresUnreferencedCodeAttribute' can break functionality when trimming application code. JSON serialization and deserialization might require types that cannot be statically analyzed. Use the overload that takes a JsonTypeInfo or JsonSerializerContext. [/home/runner/work/Market-Data-Collector/Market-Data-Collector/src/MarketDataCollector/MarketDataCollector.csproj]
/home/runner/work/Market-Data-Collector/Market-Data-Collector/src/MarketDataCollector/Application/Http/UiServer.cs(2317,24): warning IL2026: Using member 'Microsoft.AspNetCore.Http.Results.Json<TValue>(TValue, JsonSerializerOptions, String, Int32?)' which has 'RequiresUnreferencedCodeAttribute' can break functionality when trimming application code. JSON serialization and deserialization might require types that cannot be statically analyzed. Use the overload that takes a JsonTypeInfo or JsonSerializerContext. [/home/runner/work/Market-Data-Collector/Market-Data-Collector/src/MarketDataCollector/MarketDataCollector.csproj]
/home/runner/work/Market-Data-Collector/Market-Data-Collector/src/MarketDataCollector/Application/Http/UiServer.cs(2332,24): warning IL2026: Using member 'Microsoft.AspNetCore.Http.Results.Json<TValue>(TValue, JsonSerializerOptions, String, Int32?)' which has 'RequiresUnreferencedCodeAttribute' can break functionality when trimming application code. JSON serialization and deserialization might require types that cannot be statically analyzed. Use the overload that takes a JsonTypeInfo or JsonSerializerContext. [/home/runner/work/Market-Data-Collector/Market-Data-Collector/src/MarketDataCollector/MarketDataCollector.csproj]
/home/runner/work/Market-Data-Collector/Market-Data-Collector/src/MarketDataCollector/Application/Http/UiServer.cs(2345,24): warning IL2026: Using member 'Microsoft.AspNetCore.Http.Results.Json<TValue>(TValue, JsonSerializerOptions, String, Int32?)' which has 'RequiresUnreferencedCodeAttribute' can break functionality when trimming application code. JSON serialization and deserialization might require types that cannot be statically analyzed. Use the overload that takes a JsonTypeInfo or JsonSerializerContext. [/home/runner/work/Market-Data-Collector/Market-Data-Collector/src/MarketDataCollector/MarketDataCollector.csproj]
/home/runner/work/Market-Data-Collector/Market-Data-Collector/src/MarketDataCollector/Application/Http/UiServer.cs(2360,23): warning IL2026: Using member 'Microsoft.AspNetCore.Http.Results.Json<TValue>(TValue, JsonSerializerOptions, String, Int32?)' which has 'RequiresUnreferencedCodeAttribute' can break functionality when trimming application code. JSON serialization and deserialization might require types that cannot be statically analyzed. Use the overload that takes a JsonTypeInfo or JsonSerializerContext. [/home/runner/work/Market-Data-Collector/Market-Data-Collector/src/MarketDataCollector/MarketDataCollector.csproj]
/home/runner/work/Market-Data-Collector/Market-Data-Collector/src/MarketDataCollector/Application/Http/UiServer.cs(2376,24): warning IL2026: Using member 'Microsoft.AspNetCore.Http.Results.Json<TValue>(TValue, JsonSerializerOptions, String, Int32?)' which has 'RequiresUnreferencedCodeAttribute' can break functionality when trimming application code. JSON serialization and deserialization might require types that cannot be statically analyzed. Use the overload that takes a JsonTypeInfo or JsonSerializerContext. [/home/runner/work/Market-Data-Collector/Market-Data-Collector/src/MarketDataCollector/MarketDataCollector.csproj]
/home/runner/work/Market-Data-Collector/Market-Data-Collector/src/MarketDataCollector/Application/Http/UiServer.cs(2394,23): warning IL2026: Using member 'Microsoft.AspNetCore.Http.Results.Json<TValue>(TValue, JsonSerializerOptions, String, Int32?)' which has 'RequiresUnreferencedCodeAttribute' can break functionality when trimming application code. JSON serialization and deserialization might require types that cannot be statically analyzed. Use the overload that takes a JsonTypeInfo or JsonSerializerContext. [/home/runner/work/Market-Data-Collector/Market-Data-Collector/src/MarketDataCollector/MarketDataCollector.csproj]
/home/runner/work/Market-Data-Collector/Market-Data-Collector/src/MarketDataCollector/Application/Http/UiServer.cs(2427,24): warning IL2026: Using member 'Microsoft.AspNetCore.Http.Results.Json<TValue>(TValue, JsonSerializerOptions, String, Int32?)' which has 'RequiresUnreferencedCodeAttribute' can break functionality when trimming application code. JSON serialization and deserialization might require types that cannot be statically analyzed. Use the overload that takes a JsonTypeInfo or JsonSerializerContext. [/home/runner/work/Market-Data-Collector/Market-Data-Collector/src/MarketDataCollector/MarketDataCollector.csproj]
/home/runner/work/Market-Data-Collector/Market-Data-Collector/src/MarketDataCollector/Application/Http/UiServer.cs(2447,24): warning IL2026: Using member 'Microsoft.AspNetCore.Http.Results.Json<TValue>(TValue, JsonSerializerOptions, String, Int32?)' which has 'RequiresUnreferencedCodeAttribute' can break functionality when trimming application code. JSON serialization and deserialization might require types that cannot be statically analyzed. Use the overload that takes a JsonTypeInfo or JsonSerializerContext. [/home/runner/work/Market-Data-Collector/Market-Data-Collector/src/MarketDataCollector/MarketDataCollector.csproj]
/home/runner/work/Market-Data-Collector/Market-Data-Collector/src/MarketDataCollector/Application/Http/UiServer.cs(2468,24): warning IL2026: Using member 'Microsoft.AspNetCore.Http.Results.Json<TValue>(TValue, JsonSerializerOptions, String, Int32?)' which has 'RequiresUnreferencedCodeAttribute' can break functionality when trimming application code. JSON serialization and deserialization might require types that cannot be statically analyzed. Use the overload that takes a JsonTypeInfo or JsonSerializerContext. [/home/runner/work/Market-Data-Collector/Market-Data-Collector/src/MarketDataCollector/MarketDataCollector.csproj]
/home/runner/work/Market-Data-Collector/Market-Data-Collector/src/MarketDataCollector/Application/Http/UiServer.cs(2483,24): warning IL2026: Using member 'Microsoft.AspNetCore.Http.Results.Json<TValue>(TValue, JsonSerializerOptions, String, Int32?)' which has 'RequiresUnreferencedCodeAttribute' can break functionality when trimming application code. JSON serialization and deserialization might require types that cannot be statically analyzed. Use the overload that takes a JsonTypeInfo or JsonSerializerContext. [/home/runner/work/Market-Data-Collector/Market-Data-Collector/src/MarketDataCollector/MarketDataCollector.csproj]
/home/runner/work/Market-Data-Collector/Market-Data-Collector/src/MarketDataCollector/Application/Http/UiServer.cs(2516,23): warning IL2026: Using member 'Microsoft.AspNetCore.Http.Results.Json<TValue>(TValue, JsonSerializerOptions, String, Int32?)' which has 'RequiresUnreferencedCodeAttribute' can break functionality when trimming application code. JSON serialization and deserialization might require types that cannot be statically analyzed. Use the overload that takes a JsonTypeInfo or JsonSerializerContext. [/home/runner/work/Market-Data-Collector/Market-Data-Collector/src/MarketDataCollector/MarketDataCollector.csproj]
/home/runner/work/Market-Data-Collector/Market-Data-Collector/src/MarketDataCollector/Application/Http/UiServer.cs(2544,24): warning IL2026: Using member 'Microsoft.AspNetCore.Http.Results.Json<TValue>(TValue, JsonSerializerOptions, String, Int32?)' which has 'RequiresUnreferencedCodeAttribute' can break functionality when trimming application code. JSON serialization and deserialization might require types that cannot be statically analyzed. Use the overload that takes a JsonTypeInfo or JsonSerializerContext. [/home/runner/work/Market-Data-Collector/Market-Data-Collector/src/MarketDataCollector/MarketDataCollector.csproj]
/home/runner/work/Market-Data-Collector/Market-Data-Collector/src/MarketDataCollector/Application/Http/UiServer.cs(2559,23): warning IL2026: Using member 'Microsoft.AspNetCore.Http.Results.Json<TValue>(TValue, JsonSerializerOptions, String, Int32?)' which has 'RequiresUnreferencedCodeAttribute' can break functionality when trimming application code. JSON serialization and deserialization might require types that cannot be statically analyzed. Use the overload that takes a JsonTypeInfo or JsonSerializerContext. [/home/runner/work/Market-Data-Collector/Market-Data-Collector/src/MarketDataCollector/MarketDataCollector.csproj]
/home/runner/work/Market-Data-Collector/Market-Data-Collector/src/MarketDataCollector/Application/Http/UiServer.cs(2588,24): warning IL2026: Using member 'Microsoft.AspNetCore.Http.Results.Json<TValue>(TValue, JsonSerializerOptions, String, Int32?)' which has 'RequiresUnreferencedCodeAttribute' can break functionality when trimming application code. JSON serialization and deserialization might require types that cannot be statically analyzed. Use the overload that takes a JsonTypeInfo or JsonSerializerContext. [/home/runner/work/Market-Data-Collector/Market-Data-Collector/src/MarketDataCollector/MarketDataCollector.csproj]
/home/runner/work/Market-Data-Collector/Market-Data-Collector/src/MarketDataCollector/Application/Http/UiServer.cs(2620,24): warning IL2026: Using member 'Microsoft.AspNetCore.Http.Results.Json<TValue>(TValue, JsonSerializerOptions, String, Int32?)' which has 'RequiresUnreferencedCodeAttribute' can break functionality when trimming application code. JSON serialization and deserialization might require types that cannot be statically analyzed. Use the overload that takes a JsonTypeInfo or JsonSerializerContext. [/home/runner/work/Market-Data-Collector/Market-Data-Collector/src/MarketDataCollector/MarketDataCollector.csproj]
/home/runner/work/Market-Data-Collector/Market-Data-Collector/src/MarketDataCollector/Application/Http/UiServer.cs(2638,24): warning IL2026: Using member 'Microsoft.AspNetCore.Http.Results.Json<TValue>(TValue, JsonSerializerOptions, String, Int32?)' which has 'RequiresUnreferencedCodeAttribute' can break functionality when trimming application code. JSON serialization and deserialization might require types that cannot be statically analyzed. Use the overload that takes a JsonTypeInfo or JsonSerializerContext. [/home/runner/work/Market-Data-Collector/Market-Data-Collector/src/MarketDataCollector/MarketDataCollector.csproj]
/home/runner/work/Market-Data-Collector/Market-Data-Collector/src/MarketDataCollector/Application/Http/UiServer.cs(2654,24): warning IL2026: Using member 'Microsoft.AspNetCore.Http.Results.Json<TValue>(TValue, JsonSerializerOptions, String, Int32?)' which has 'RequiresUnreferencedCodeAttribute' can break functionality when trimming application code. JSON serialization and deserialization might require types that cannot be statically analyzed. Use the overload that takes a JsonTypeInfo or JsonSerializerContext. [/home/runner/work/Market-Data-Collector/Market-Data-Collector/src/MarketDataCollector/MarketDataCollector.csproj]
/home/runner/work/Market-Data-Collector/Market-Data-Collector/src/MarketDataCollector/Application/Http/UiServer.cs(2670,24): warning IL2026: Using member 'Microsoft.AspNetCore.Http.Results.Json<TValue>(TValue, JsonSerializerOptions, String, Int32?)' which has 'RequiresUnreferencedCodeAttribute' can break functionality when trimming application code. JSON serialization and deserialization might require types that cannot be statically analyzed. Use the overload that takes a JsonTypeInfo or JsonSerializerContext. [/home/runner/work/Market-Data-Collector/Market-Data-Collector/src/MarketDataCollector/MarketDataCollector.csproj]
/home/runner/work/Market-Data-Collector/Market-Data-Collector/src/MarketDataCollector/Application/Http/UiServer.cs(2686,24): warning IL2026: Using member 'Microsoft.AspNetCore.Http.Results.Json<TValue>(TValue, JsonSerializerOptions, String, Int32?)' which has 'RequiresUnreferencedCodeAttribute' can break functionality when trimming application code. JSON serialization and deserialization might require types that cannot be statically analyzed. Use the overload that takes a JsonTypeInfo or JsonSerializerContext. [/home/runner/work/Market-Data-Collector/Market-Data-Collector/src/MarketDataCollector/MarketDataCollector.csproj]
/home/runner/work/Market-Data-Collector/Market-Data-Collector/src/MarketDataCollector/Application/Http/UiServer.cs(2702,24): warning IL2026: Using member 'Microsoft.AspNetCore.Http.Results.Json<TValue>(TValue, JsonSerializerOptions, String, Int32?)' which has 'RequiresUnreferencedCodeAttribute' can break functionality when trimming application code. JSON serialization and deserialization might require types that cannot be statically analyzed. Use the overload that takes a JsonTypeInfo or JsonSerializerContext. [/home/runner/work/Market-Data-Collector/Market-Data-Collector/src/MarketDataCollector/MarketDataCollector.csproj]
/home/runner/work/Market-Data-Collector/Market-Data-Collector/src/MarketDataCollector/Application/Http/UiServer.cs(2718,24): warning IL2026: Using member 'Microsoft.AspNetCore.Http.Results.Json<TValue>(TValue, JsonSerializerOptions, String, Int32?)' which has 'RequiresUnreferencedCodeAttribute' can break functionality when trimming application code. JSON serialization and deserialization might require types that cannot be statically analyzed. Use the overload that takes a JsonTypeInfo or JsonSerializerContext. [/home/runner/work/Market-Data-Collector/Market-Data-Collector/src/MarketDataCollector/MarketDataCollector.csproj]
/home/runner/work/Market-Data-Collector/Market-Data-Collector/src/MarketDataCollector/Application/Http/UiServer.cs(2734,24): warning IL2026: Using member 'Microsoft.AspNetCore.Http.Results.Json<TValue>(TValue, JsonSerializerOptions, String, Int32?)' which has 'RequiresUnreferencedCodeAttribute' can break functionality when trimming application code. JSON serialization and deserialization might require types that cannot be statically analyzed. Use the overload that takes a JsonTypeInfo or JsonSerializerContext. [/home/runner/work/Market-Data-Collector/Market-Data-Collector/src/MarketDataCollector/MarketDataCollector.csproj]
/home/runner/work/Market-Data-Collector/Market-Data-Collector/src/MarketDataCollector/Application/Http/UiServer.cs(2750,24): warning IL2026: Using member 'Microsoft.AspNetCore.Http.Results.Json<TValue>(TValue, JsonSerializerOptions, String, Int32?)' which has 'RequiresUnreferencedCodeAttribute' can break functionality when trimming application code. JSON serialization and deserialization might require types that cannot be statically analyzed. Use the overload that takes a JsonTypeInfo or JsonSerializerContext. [/home/runner/work/Market-Data-Collector/Market-Data-Collector/src/MarketDataCollector/MarketDataCollector.csproj]
/home/runner/work/Market-Data-Collector/Market-Data-Collector/src/MarketDataCollector/Application/Http/UiServer.cs(2771,24): warning IL2026: Using member 'Microsoft.AspNetCore.Http.Results.Json<TValue>(TValue, JsonSerializerOptions, String, Int32?)' which has 'RequiresUnreferencedCodeAttribute' can break functionality when trimming application code. JSON serialization and deserialization might require types that cannot be statically analyzed. Use the overload that takes a JsonTypeInfo or JsonSerializerContext. [/home/runner/work/Market-Data-Collector/Market-Data-Collector/src/MarketDataCollector/MarketDataCollector.csproj]
/home/runner/work/Market-Data-Collector/Market-Data-Collector/src/MarketDataCollector/Application/Http/UiServer.cs(2792,24): warning IL2026: Using member 'Microsoft.AspNetCore.Http.Results.Json<TValue>(TValue, JsonSerializerOptions, String, Int32?)' which has 'RequiresUnreferencedCodeAttribute' can break functionality when trimming application code. JSON serialization and deserialization might require types that cannot be statically analyzed. Use the overload that takes a JsonTypeInfo or JsonSerializerContext. [/home/runner/work/Market-Data-Collector/Market-Data-Collector/src/MarketDataCollector/MarketDataCollector.csproj]
/home/runner/work/Market-Data-Collector/Market-Data-Collector/src/MarketDataCollector/Application/Http/UiServer.cs(2805,24): warning IL2026: Using member 'Microsoft.AspNetCore.Http.Results.Json<TValue>(TValue, JsonSerializerOptions, String, Int32?)' which has 'RequiresUnreferencedCodeAttribute' can break functionality when trimming application code. JSON serialization and deserialization might require types that cannot be statically analyzed. Use the overload that takes a JsonTypeInfo or JsonSerializerContext. [/home/runner/work/Market-Data-Collector/Market-Data-Collector/src/MarketDataCollector/MarketDataCollector.csproj]
/home/runner/work/Market-Data-Collector/Market-Data-Collector/src/MarketDataCollector/Application/Http/UiServer.cs(2823,24): warning IL2026: Using member 'Microsoft.AspNetCore.Http.Results.Json<TValue>(TValue, JsonSerializerOptions, String, Int32?)' which has 'RequiresUnreferencedCodeAttribute' can break functionality when trimming application code. JSON serialization and deserialization might require types that cannot be statically analyzed. Use the overload that takes a JsonTypeInfo or JsonSerializerContext. [/home/runner/work/Market-Data-Collector/Market-Data-Collector/src/MarketDataCollector/MarketDataCollector.csproj]
/home/runner/work/Market-Data-Collector/Market-Data-Collector/src/MarketDataCollector/Storage/Services/FilePermissionsService.cs(206,52): warning CA1416: This call site is reachable on all platforms. 'WellKnownSidType.BuiltinAdministratorsSid' is only supported on: 'windows'. (https://learn.microsoft.com/dotnet/fundamentals/code-analysis/quality-rules/ca1416) [/home/runner/work/Market-Data-Collector/Market-Data-Collector/src/MarketDataCollector/MarketDataCollector.csproj]
/home/runner/work/Market-Data-Collector/Market-Data-Collector/src/MarketDataCollector/Storage/Services/FilePermissionsService.cs(220,17): warning CA1416: This call site is reachable on all platforms. 'FileSystemRights.FullControl' is only supported on: 'windows'. (https://learn.microsoft.com/dotnet/fundamentals/code-analysis/quality-rules/ca1416) [/home/runner/work/Market-Data-Collector/Market-Data-Collector/src/MarketDataCollector/MarketDataCollector.csproj]
/home/runner/work/Market-Data-Collector/Market-Data-Collector/src/MarketDataCollector/Storage/Services/FilePermissionsService.cs(221,17): warning CA1416: This call site is reachable on all platforms. 'InheritanceFlags.ContainerInherit' is only supported on: 'windows'. (https://learn.microsoft.com/dotnet/fundamentals/code-analysis/quality-rules/ca1416) [/home/runner/work/Market-Data-Collector/Market-Data-Collector/src/MarketDataCollector/MarketDataCollector.csproj]
/home/runner/work/Market-Data-Collector/Market-Data-Collector/src/MarketDataCollector/Storage/Services/FilePermissionsService.cs(210,36): warning CA1416: This call site is reachable on all platforms. 'FileSystemAccessRule' is only supported on: 'windows'. (https://learn.microsoft.com/dotnet/fundamentals/code-analysis/quality-rules/ca1416) [/home/runner/work/Market-Data-Collector/Market-Data-Collector/src/MarketDataCollector/MarketDataCollector.csproj]
/home/runner/work/Market-Data-Collector/Market-Data-Collector/src/MarketDataCollector/Storage/Services/FilePermissionsService.cs(211,17): warning CA1416: This call site is reachable on all platforms. 'WindowsIdentity.User' is only supported on: 'windows'. (https://learn.microsoft.com/dotnet/fundamentals/code-analysis/quality-rules/ca1416) [/home/runner/work/Market-Data-Collector/Market-Data-Collector/src/MarketDataCollector/MarketDataCollector.csproj]
/home/runner/work/Market-Data-Collector/Market-Data-Collector/src/MarketDataCollector/Storage/Services/FilePermissionsService.cs(218,13): warning CA1416: This call site is reachable on all platforms. 'FileSystemSecurity.AddAccessRule(FileSystemAccessRule)' is only supported on: 'windows'. (https://learn.microsoft.com/dotnet/fundamentals/code-analysis/quality-rules/ca1416) [/home/runner/work/Market-Data-Collector/Market-Data-Collector/src/MarketDataCollector/MarketDataCollector.csproj]
/home/runner/work/Market-Data-Collector/Market-Data-Collector/src/MarketDataCollector/Storage/Services/FilePermissionsService.cs(207,52): warning CA1416: This call site is reachable on all platforms. 'WellKnownSidType.LocalSystemSid' is only supported on: 'windows'. (https://learn.microsoft.com/dotnet/fundamentals/code-analysis/quality-rules/ca1416) [/home/runner/work/Market-Data-Collector/Market-Data-Collector/src/MarketDataCollector/MarketDataCollector.csproj]
/home/runner/work/Market-Data-Collector/Market-Data-Collector/src/MarketDataCollector/Storage/Services/FilePermissionsService.cs(228,17): warning CA1416: This call site is reachable on all platforms. 'FileSystemRights.FullControl' is only supported on: 'windows'. (https://learn.microsoft.com/dotnet/fundamentals/code-analysis/quality-rules/ca1416) [/home/runner/work/Market-Data-Collector/Market-Data-Collector/src/MarketDataCollector/MarketDataCollector.csproj]
/home/runner/work/Market-Data-Collector/Market-Data-Collector/src/MarketDataCollector/Storage/Services/FilePermissionsService.cs(214,17): warning CA1416: This call site is reachable on all platforms. 'PropagationFlags.None' is only supported on: 'windows'. (https://learn.microsoft.com/dotnet/fundamentals/code-analysis/quality-rules/ca1416) [/home/runner/work/Market-Data-Collector/Market-Data-Collector/src/MarketDataCollector/MarketDataCollector.csproj]
/home/runner/work/Market-Data-Collector/Market-Data-Collector/src/MarketDataCollector/Storage/Services/FilePermissionsService.cs(226,36): warning CA1416: This call site is reachable on all platforms. 'FileSystemAccessRule' is only supported on: 'windows'. (https://learn.microsoft.com/dotnet/fundamentals/code-analysis/quality-rules/ca1416) [/home/runner/work/Market-Data-Collector/Market-Data-Collector/src/MarketDataCollector/MarketDataCollector.csproj]
/home/runner/work/Market-Data-Collector/Market-Data-Collector/src/MarketDataCollector/Storage/Services/FilePermissionsService.cs(229,17): warning CA1416: This call site is reachable on all platforms. 'InheritanceFlags.ContainerInherit' is only supported on: 'windows'. (https://learn.microsoft.com/dotnet/fundamentals/code-analysis/quality-rules/ca1416) [/home/runner/work/Market-Data-Collector/Market-Data-Collector/src/MarketDataCollector/MarketDataCollector.csproj]
/home/runner/work/Market-Data-Collector/Market-Data-Collector/src/MarketDataCollector/Storage/Services/FilePermissionsService.cs(230,17): warning CA1416: This call site is reachable on all platforms. 'PropagationFlags.None' is only supported on: 'windows'. (https://learn.microsoft.com/dotnet/fundamentals/code-analysis/quality-rules/ca1416) [/home/runner/work/Market-Data-Collector/Market-Data-Collector/src/MarketDataCollector/MarketDataCollector.csproj]
/home/runner/work/Market-Data-Collector/Market-Data-Collector/src/MarketDataCollector/Storage/Services/FilePermissionsService.cs(212,17): warning CA1416: This call site is reachable on all platforms. 'FileSystemRights.FullControl' is only supported on: 'windows'. (https://learn.microsoft.com/dotnet/fundamentals/code-analysis/quality-rules/ca1416) [/home/runner/work/Market-Data-Collector/Market-Data-Collector/src/MarketDataCollector/MarketDataCollector.csproj]
/home/runner/work/Market-Data-Collector/Market-Data-Collector/src/MarketDataCollector/Storage/Services/FilePermissionsService.cs(226,13): warning CA1416: This call site is reachable on all platforms. 'FileSystemSecurity.AddAccessRule(FileSystemAccessRule)' is only supported on: 'windows'. (https://learn.microsoft.com/dotnet/fundamentals/code-analysis/quality-rules/ca1416) [/home/runner/work/Market-Data-Collector/Market-Data-Collector/src/MarketDataCollector/MarketDataCollector.csproj]
/home/runner/work/Market-Data-Collector/Market-Data-Collector/src/MarketDataCollector/Storage/Services/FilePermissionsService.cs(210,13): warning CA1416: This call site is reachable on all platforms. 'FileSystemSecurity.AddAccessRule(FileSystemAccessRule)' is only supported on: 'windows'. (https://learn.microsoft.com/dotnet/fundamentals/code-analysis/quality-rules/ca1416) [/home/runner/work/Market-Data-Collector/Market-Data-Collector/src/MarketDataCollector/MarketDataCollector.csproj]
/home/runner/work/Market-Data-Collector/Market-Data-Collector/src/MarketDataCollector/Storage/Services/FilePermissionsService.cs(233,13): warning CA1416: This call site is reachable on all platforms. 'FileSystemAclExtensions.SetAccessControl(DirectoryInfo, DirectorySecurity)' is only supported on: 'windows'. (https://learn.microsoft.com/dotnet/fundamentals/code-analysis/quality-rules/ca1416) [/home/runner/work/Market-Data-Collector/Market-Data-Collector/src/MarketDataCollector/MarketDataCollector.csproj]
/home/runner/work/Market-Data-Collector/Market-Data-Collector/src/MarketDataCollector/Storage/Services/FilePermissionsService.cs(221,53): warning CA1416: This call site is reachable on all platforms. 'InheritanceFlags.ObjectInherit' is only supported on: 'windows'. (https://learn.microsoft.com/dotnet/fundamentals/code-analysis/quality-rules/ca1416) [/home/runner/work/Market-Data-Collector/Market-Data-Collector/src/MarketDataCollector/MarketDataCollector.csproj]
/home/runner/work/Market-Data-Collector/Market-Data-Collector/src/MarketDataCollector/Storage/Services/FilePermissionsService.cs(207,29): warning CA1416: This call site is reachable on all platforms. 'SecurityIdentifier' is only supported on: 'windows'. (https://learn.microsoft.com/dotnet/fundamentals/code-analysis/quality-rules/ca1416) [/home/runner/work/Market-Data-Collector/Market-Data-Collector/src/MarketDataCollector/MarketDataCollector.csproj]
/home/runner/work/Market-Data-Collector/Market-Data-Collector/src/MarketDataCollector/Storage/Services/FilePermissionsService.cs(203,13): warning CA1416: This call site is reachable on all platforms. 'ObjectSecurity.SetAccessRuleProtection(bool, bool)' is only supported on: 'windows'. (https://learn.microsoft.com/dotnet/fundamentals/code-analysis/quality-rules/ca1416) [/home/runner/work/Market-Data-Collector/Market-Data-Collector/src/MarketDataCollector/MarketDataCollector.csproj]
/home/runner/work/Market-Data-Collector/Market-Data-Collector/src/MarketDataCollector/Storage/Services/FilePermissionsService.cs(205,31): warning CA1416: This call site is reachable on all platforms. 'WindowsIdentity.GetCurrent()' is only supported on: 'windows'. (https://learn.microsoft.com/dotnet/fundamentals/code-analysis/quality-rules/ca1416) [/home/runner/work/Market-Data-Collector/Market-Data-Collector/src/MarketDataCollector/MarketDataCollector.csproj]
/home/runner/work/Market-Data-Collector/Market-Data-Collector/src/MarketDataCollector/Storage/Services/FilePermissionsService.cs(206,29): warning CA1416: This call site is reachable on all platforms. 'SecurityIdentifier' is only supported on: 'windows'. (https://learn.microsoft.com/dotnet/fundamentals/code-analysis/quality-rules/ca1416) [/home/runner/work/Market-Data-Collector/Market-Data-Collector/src/MarketDataCollector/MarketDataCollector.csproj]
/home/runner/work/Market-Data-Collector/Market-Data-Collector/src/MarketDataCollector/Storage/Services/FilePermissionsService.cs(231,17): warning CA1416: This call site is reachable on all platforms. 'AccessControlType.Allow' is only supported on: 'windows'. (https://learn.microsoft.com/dotnet/fundamentals/code-analysis/quality-rules/ca1416) [/home/runner/work/Market-Data-Collector/Market-Data-Collector/src/MarketDataCollector/MarketDataCollector.csproj]
/home/runner/work/Market-Data-Collector/Market-Data-Collector/src/MarketDataCollector/Storage/Services/FilePermissionsService.cs(222,17): warning CA1416: This call site is reachable on all platforms. 'PropagationFlags.None' is only supported on: 'windows'. (https://learn.microsoft.com/dotnet/fundamentals/code-analysis/quality-rules/ca1416) [/home/runner/work/Market-Data-Collector/Market-Data-Collector/src/MarketDataCollector/MarketDataCollector.csproj]
/home/runner/work/Market-Data-Collector/Market-Data-Collector/src/MarketDataCollector/Storage/Services/FilePermissionsService.cs(213,17): warning CA1416: This call site is reachable on all platforms. 'InheritanceFlags.ContainerInherit' is only supported on: 'windows'. (https://learn.microsoft.com/dotnet/fundamentals/code-analysis/quality-rules/ca1416) [/home/runner/work/Market-Data-Collector/Market-Data-Collector/src/MarketDataCollector/MarketDataCollector.csproj]
/home/runner/work/Market-Data-Collector/Market-Data-Collector/src/MarketDataCollector/Storage/Services/FilePermissionsService.cs(200,28): warning CA1416: This call site is reachable on all platforms. 'FileSystemAclExtensions.GetAccessControl(DirectoryInfo)' is only supported on: 'windows'. (https://learn.microsoft.com/dotnet/fundamentals/code-analysis/quality-rules/ca1416) [/home/runner/work/Market-Data-Collector/Market-Data-Collector/src/MarketDataCollector/MarketDataCollector.csproj]
/home/runner/work/Market-Data-Collector/Market-Data-Collector/src/MarketDataCollector/Storage/Services/FilePermissionsService.cs(215,17): warning CA1416: This call site is reachable on all platforms. 'AccessControlType.Allow' is only supported on: 'windows'. (https://learn.microsoft.com/dotnet/fundamentals/code-analysis/quality-rules/ca1416) [/home/runner/work/Market-Data-Collector/Market-Data-Collector/src/MarketDataCollector/MarketDataCollector.csproj]
/home/runner/work/Market-Data-Collector/Market-Data-Collector/src/MarketDataCollector/Storage/Services/FilePermissionsService.cs(213,53): warning CA1416: This call site is reachable on all platforms. 'InheritanceFlags.ObjectInherit' is only supported on: 'windows'. (https://learn.microsoft.com/dotnet/fundamentals/code-analysis/quality-rules/ca1416) [/home/runner/work/Market-Data-Collector/Market-Data-Collector/src/MarketDataCollector/MarketDataCollector.csproj]
/home/runner/work/Market-Data-Collector/Market-Data-Collector/src/MarketDataCollector/Storage/Services/FilePermissionsService.cs(218,36): warning CA1416: This call site is reachable on all platforms. 'FileSystemAccessRule' is only supported on: 'windows'. (https://learn.microsoft.com/dotnet/fundamentals/code-analysis/quality-rules/ca1416) [/home/runner/work/Market-Data-Collector/Market-Data-Collector/src/MarketDataCollector/MarketDataCollector.csproj]
/home/runner/work/Market-Data-Collector/Market-Data-Collector/src/MarketDataCollector/Storage/Services/FilePermissionsService.cs(229,53): warning CA1416: This call site is reachable on all platforms. 'InheritanceFlags.ObjectInherit' is only supported on: 'windows'. (https://learn.microsoft.com/dotnet/fundamentals/code-analysis/quality-rules/ca1416) [/home/runner/work/Market-Data-Collector/Market-Data-Collector/src/MarketDataCollector/MarketDataCollector.csproj]
/home/runner/work/Market-Data-Collector/Market-Data-Collector/src/MarketDataCollector/Storage/Services/FilePermissionsService.cs(223,17): warning CA1416: This call site is reachable on all platforms. 'AccessControlType.Allow' is only supported on: 'windows'. (https://learn.microsoft.com/dotnet/fundamentals/code-analysis/quality-rules/ca1416) [/home/runner/work/Market-Data-Collector/Market-Data-Collector/src/MarketDataCollector/MarketDataCollector.csproj]
/home/runner/work/Market-Data-Collector/Market-Data-Collector/src/MarketDataCollector/Storage/Archival/WriteAheadLog.cs(455,16): warning IL2026: Using member 'System.Text.Json.JsonSerializer.Deserialize<TValue>(String, JsonSerializerOptions)' which has 'RequiresUnreferencedCodeAttribute' can break functionality when trimming application code. JSON serialization and deserialization might require types that cannot be statically analyzed. Use the overload that takes a JsonTypeInfo or JsonSerializerContext, or make sure all of the required types are preserved. [/home/runner/work/Market-Data-Collector/Market-Data-Collector/src/MarketDataCollector/MarketDataCollector.csproj]
/home/runner/work/Market-Data-Collector/Market-Data-Collector/src/MarketDataCollector/Storage/Services/StorageSearchService.cs(572,23): warning IL2026: Using member 'System.Text.Json.JsonSerializer.Deserialize<TValue>(String, JsonSerializerOptions)' which has 'RequiresUnreferencedCodeAttribute' can break functionality when trimming application code. JSON serialization and deserialization might require types that cannot be statically analyzed. Use the overload that takes a JsonTypeInfo or JsonSerializerContext, or make sure all of the required types are preserved. [/home/runner/work/Market-Data-Collector/Market-Data-Collector/src/MarketDataCollector/MarketDataCollector.csproj]
/home/runner/work/Market-Data-Collector/Market-Data-Collector/src/MarketDataCollector/Storage/Archival/WriteAheadLog.cs(91,27): warning IL2026: Using member 'System.Text.Json.JsonSerializer.Serialize<TValue>(TValue, JsonSerializerOptions)' which has 'RequiresUnreferencedCodeAttribute' can break functionality when trimming application code. JSON serialization and deserialization might require types that cannot be statically analyzed. Use the overload that takes a JsonTypeInfo or JsonSerializerContext, or make sure all of the required types are preserved. [/home/runner/work/Market-Data-Collector/Market-Data-Collector/src/MarketDataCollector/MarketDataCollector.csproj]
/home/runner/work/Market-Data-Collector/Market-Data-Collector/src/MarketDataCollector/Storage/Replay/MemoryMappedJsonlReader.cs(398,27): warning IL2026: Using member 'System.Text.Json.JsonSerializer.Deserialize<TValue>(String, JsonSerializerOptions)' which has 'RequiresUnreferencedCodeAttribute' can break functionality when trimming application code. JSON serialization and deserialization might require types that cannot be statically analyzed. Use the overload that takes a JsonTypeInfo or JsonSerializerContext, or make sure all of the required types are preserved. [/home/runner/work/Market-Data-Collector/Market-Data-Collector/src/MarketDataCollector/MarketDataCollector.csproj]
/home/runner/work/Market-Data-Collector/Market-Data-Collector/src/MarketDataCollector/Storage/Replay/MemoryMappedJsonlReader.cs(373,34): warning IL2026: Using member 'System.Text.Json.JsonSerializer.Deserialize<TValue>(String, JsonSerializerOptions)' which has 'RequiresUnreferencedCodeAttribute' can break functionality when trimming application code. JSON serialization and deserialization might require types that cannot be statically analyzed. Use the overload that takes a JsonTypeInfo or JsonSerializerContext, or make sure all of the required types are preserved. [/home/runner/work/Market-Data-Collector/Market-Data-Collector/src/MarketDataCollector/MarketDataCollector.csproj]
/home/runner/work/Market-Data-Collector/Market-Data-Collector/src/MarketDataCollector/Storage/Export/AnalysisQualityReport.cs(79,24): warning IL2026: Using member 'System.Text.Json.JsonSerializer.Serialize<TValue>(TValue, JsonSerializerOptions)' which has 'RequiresUnreferencedCodeAttribute' can break functionality when trimming application code. JSON serialization and deserialization might require types that cannot be statically analyzed. Use the overload that takes a JsonTypeInfo or JsonSerializerContext, or make sure all of the required types are preserved. [/home/runner/work/Market-Data-Collector/Market-Data-Collector/src/MarketDataCollector/MarketDataCollector.csproj]
/home/runner/work/Market-Data-Collector/Market-Data-Collector/src/MarketDataCollector/Storage/Replay/JsonlReplayer.cs(54,25): warning IL2026: Using member 'System.Text.Json.JsonSerializer.Deserialize<TValue>(String, JsonSerializerOptions)' which has 'RequiresUnreferencedCodeAttribute' can break functionality when trimming application code. JSON serialization and deserialization might require types that cannot be statically analyzed. Use the overload that takes a JsonTypeInfo or JsonSerializerContext, or make sure all of the required types are preserved. [/home/runner/work/Market-Data-Collector/Market-Data-Collector/src/MarketDataCollector/MarketDataCollector.csproj]
/home/runner/work/Market-Data-Collector/Market-Data-Collector/src/MarketDataCollector/Integrations/Lean/MarketDataCollectorTradeData.cs(77,31): warning IL2026: Using member 'System.Text.Json.JsonSerializer.Deserialize<TValue>(String, JsonSerializerOptions)' which has 'RequiresUnreferencedCodeAttribute' can break functionality when trimming application code. JSON serialization and deserialization might require types that cannot be statically analyzed. Use the overload that takes a JsonTypeInfo or JsonSerializerContext, or make sure all of the required types are preserved. [/home/runner/work/Market-Data-Collector/Market-Data-Collector/src/MarketDataCollector/MarketDataCollector.csproj]
/home/runner/work/Market-Data-Collector/Market-Data-Collector/src/MarketDataCollector/Storage/Packaging/PortableDataPackager.cs(713,17): warning IL2026: Using member 'System.Text.Json.JsonSerializer.Serialize<TValue>(TValue, JsonSerializerOptions)' which has 'RequiresUnreferencedCodeAttribute' can break functionality when trimming application code. JSON serialization and deserialization might require types that cannot be statically analyzed. Use the overload that takes a JsonTypeInfo or JsonSerializerContext, or make sure all of the required types are preserved. [/home/runner/work/Market-Data-Collector/Market-Data-Collector/src/MarketDataCollector/MarketDataCollector.csproj]
/home/runner/work/Market-Data-Collector/Market-Data-Collector/src/MarketDataCollector/Storage/Packaging/PortableDataPackager.cs(859,37): warning IL2026: Using member 'System.Text.Json.JsonSerializer.Serialize<TValue>(TValue, JsonSerializerOptions)' which has 'RequiresUnreferencedCodeAttribute' can break functionality when trimming application code. JSON serialization and deserialization might require types that cannot be statically analyzed. Use the overload that takes a JsonTypeInfo or JsonSerializerContext, or make sure all of the required types are preserved. [/home/runner/work/Market-Data-Collector/Market-Data-Collector/src/MarketDataCollector/MarketDataCollector.csproj]
/home/runner/work/Market-Data-Collector/Market-Data-Collector/src/MarketDataCollector/Storage/Packaging/PortableDataPackager.cs(899,15): warning IL2026: Using member 'System.Text.Json.JsonSerializer.SerializeAsync<TValue>(Stream, TValue, JsonSerializerOptions, CancellationToken)' which has 'RequiresUnreferencedCodeAttribute' can break functionality when trimming application code. JSON serialization and deserialization might require types that cannot be statically analyzed. Use the overload that takes a JsonTypeInfo or JsonSerializerContext, or make sure all of the required types are preserved. [/home/runner/work/Market-Data-Collector/Market-Data-Collector/src/MarketDataCollector/MarketDataCollector.csproj]
/home/runner/work/Market-Data-Collector/Market-Data-Collector/src/MarketDataCollector/Storage/Packaging/PortableDataPackager.cs(917,26): warning IL2026: Using member 'System.Text.Json.JsonSerializer.DeserializeAsync<TValue>(Stream, JsonSerializerOptions, CancellationToken)' which has 'RequiresUnreferencedCodeAttribute' can break functionality when trimming application code. JSON serialization and deserialization might require types that cannot be statically analyzed. Use the overload that takes a JsonTypeInfo or JsonSerializerContext, or make sure all of the required types are preserved. [/home/runner/work/Market-Data-Collector/Market-Data-Collector/src/MarketDataCollector/MarketDataCollector.csproj]
/home/runner/work/Market-Data-Collector/Market-Data-Collector/src/MarketDataCollector/Storage/Packaging/PortableDataPackager.cs(935,16): warning IL2026: Using member 'System.Text.Json.JsonSerializer.Deserialize<TValue>(String, JsonSerializerOptions)' which has 'RequiresUnreferencedCodeAttribute' can break functionality when trimming application code. JSON serialization and deserialization might require types that cannot be statically analyzed. Use the overload that takes a JsonTypeInfo or JsonSerializerContext, or make sure all of the required types are preserved. [/home/runner/work/Market-Data-Collector/Market-Data-Collector/src/MarketDataCollector/MarketDataCollector.csproj]
/home/runner/work/Market-Data-Collector/Market-Data-Collector/src/MarketDataCollector/Application/Http/Endpoints/ScheduledBackfillEndpoints.cs(27,9): warning IL2026: Using member 'Microsoft.AspNetCore.Builder.EndpointRouteBuilderExtensions.MapGet(IEndpointRouteBuilder, String, Delegate)' which has 'RequiresUnreferencedCodeAttribute' can break functionality when trimming application code. This API may perform reflection on the supplied delegate and its parameters. These types may be trimmed if not directly referenced. [/home/runner/work/Market-Data-Collector/Market-Data-Collector/src/MarketDataCollector/MarketDataCollector.csproj]
/home/runner/work/Market-Data-Collector/Market-Data-Collector/src/MarketDataCollector/Application/Http/Endpoints/ScheduledBackfillEndpoints.cs(40,9): warning IL2026: Using member 'Microsoft.AspNetCore.Builder.EndpointRouteBuilderExtensions.MapGet(IEndpointRouteBuilder, String, Delegate)' which has 'RequiresUnreferencedCodeAttribute' can break functionality when trimming application code. This API may perform reflection on the supplied delegate and its parameters. These types may be trimmed if not directly referenced. [/home/runner/work/Market-Data-Collector/Market-Data-Collector/src/MarketDataCollector/MarketDataCollector.csproj]
/home/runner/work/Market-Data-Collector/Market-Data-Collector/src/MarketDataCollector/Application/Http/Endpoints/ScheduledBackfillEndpoints.cs(55,9): warning IL2026: Using member 'Microsoft.AspNetCore.Builder.EndpointRouteBuilderExtensions.MapPost(IEndpointRouteBuilder, String, Delegate)' which has 'RequiresUnreferencedCodeAttribute' can break functionality when trimming application code. This API may perform reflection on the supplied delegate and its parameters. These types may be trimmed if not directly referenced. [/home/runner/work/Market-Data-Collector/Market-Data-Collector/src/MarketDataCollector/MarketDataCollector.csproj]
/home/runner/work/Market-Data-Collector/Market-Data-Collector/src/MarketDataCollector/Application/Http/Endpoints/ScheduledBackfillEndpoints.cs(111,9): warning IL2026: Using member 'Microsoft.AspNetCore.Builder.EndpointRouteBuilderExtensions.MapPut(IEndpointRouteBuilder, String, Delegate)' which has 'RequiresUnreferencedCodeAttribute' can break functionality when trimming application code. This API may perform reflection on the supplied delegate and its parameters. These types may be trimmed if not directly referenced. [/home/runner/work/Market-Data-Collector/Market-Data-Collector/src/MarketDataCollector/MarketDataCollector.csproj]
/home/runner/work/Market-Data-Collector/Market-Data-Collector/src/MarketDataCollector/Application/Http/Endpoints/ScheduledBackfillEndpoints.cs(164,9): warning IL2026: Using member 'Microsoft.AspNetCore.Builder.EndpointRouteBuilderExtensions.MapDelete(IEndpointRouteBuilder, String, Delegate)' which has 'RequiresUnreferencedCodeAttribute' can break functionality when trimming application code. This API may perform reflection on the supplied delegate and its parameters. These types may be trimmed if not directly referenced. [/home/runner/work/Market-Data-Collector/Market-Data-Collector/src/MarketDataCollector/MarketDataCollector.csproj]
/home/runner/work/Market-Data-Collector/Market-Data-Collector/src/MarketDataCollector/Application/Http/Endpoints/ScheduledBackfillEndpoints.cs(183,9): warning IL2026: Using member 'Microsoft.AspNetCore.Builder.EndpointRouteBuilderExtensions.MapPost(IEndpointRouteBuilder, String, Delegate)' which has 'RequiresUnreferencedCodeAttribute' can break functionality when trimming application code. This API may perform reflection on the supplied delegate and its parameters. These types may be trimmed if not directly referenced. [/home/runner/work/Market-Data-Collector/Market-Data-Collector/src/MarketDataCollector/MarketDataCollector.csproj]
/home/runner/work/Market-Data-Collector/Market-Data-Collector/src/MarketDataCollector/Application/Http/Endpoints/ScheduledBackfillEndpoints.cs(200,9): warning IL2026: Using member 'Microsoft.AspNetCore.Builder.EndpointRouteBuilderExtensions.MapPost(IEndpointRouteBuilder, String, Delegate)' which has 'RequiresUnreferencedCodeAttribute' can break functionality when trimming application code. This API may perform reflection on the supplied delegate and its parameters. These types may be trimmed if not directly referenced. [/home/runner/work/Market-Data-Collector/Market-Data-Collector/src/MarketDataCollector/MarketDataCollector.csproj]
/home/runner/work/Market-Data-Collector/Market-Data-Collector/src/MarketDataCollector/Application/Http/Endpoints/ScheduledBackfillEndpoints.cs(217,9): warning IL2026: Using member 'Microsoft.AspNetCore.Builder.EndpointRouteBuilderExtensions.MapPost(IEndpointRouteBuilder, String, Delegate)' which has 'RequiresUnreferencedCodeAttribute' can break functionality when trimming application code. This API may perform reflection on the supplied delegate and its parameters. These types may be trimmed if not directly referenced. [/home/runner/work/Market-Data-Collector/Market-Data-Collector/src/MarketDataCollector/MarketDataCollector.csproj]
/home/runner/work/Market-Data-Collector/Market-Data-Collector/src/MarketDataCollector/Application/Http/Endpoints/ScheduledBackfillEndpoints.cs(238,9): warning IL2026: Using member 'Microsoft.AspNetCore.Builder.EndpointRouteBuilderExtensions.MapGet(IEndpointRouteBuilder, String, Delegate)' which has 'RequiresUnreferencedCodeAttribute' can break functionality when trimming application code. This API may perform reflection on the supplied delegate and its parameters. These types may be trimmed if not directly referenced. [/home/runner/work/Market-Data-Collector/Market-Data-Collector/src/MarketDataCollector/MarketDataCollector.csproj]
/home/runner/work/Market-Data-Collector/Market-Data-Collector/src/MarketDataCollector/Application/Http/Endpoints/ScheduledBackfillEndpoints.cs(251,9): warning IL2026: Using member 'Microsoft.AspNetCore.Builder.EndpointRouteBuilderExtensions.MapGet(IEndpointRouteBuilder, String, Delegate)' which has 'RequiresUnreferencedCodeAttribute' can break functionality when trimming application code. This API may perform reflection on the supplied delegate and its parameters. These types may be trimmed if not directly referenced. [/home/runner/work/Market-Data-Collector/Market-Data-Collector/src/MarketDataCollector/MarketDataCollector.csproj]
/home/runner/work/Market-Data-Collector/Market-Data-Collector/src/MarketDataCollector/Application/Http/Endpoints/ScheduledBackfillEndpoints.cs(268,9): warning IL2026: Using member 'Microsoft.AspNetCore.Builder.EndpointRouteBuilderExtensions.MapGet(IEndpointRouteBuilder, String, Delegate)' which has 'RequiresUnreferencedCodeAttribute' can break functionality when trimming application code. This API may perform reflection on the supplied delegate and its parameters. These types may be trimmed if not directly referenced. [/home/runner/work/Market-Data-Collector/Market-Data-Collector/src/MarketDataCollector/MarketDataCollector.csproj]
/home/runner/work/Market-Data-Collector/Market-Data-Collector/src/MarketDataCollector/Application/Http/Endpoints/ScheduledBackfillEndpoints.cs(284,9): warning IL2026: Using member 'Microsoft.AspNetCore.Builder.EndpointRouteBuilderExtensions.MapGet(IEndpointRouteBuilder, String, Delegate)' which has 'RequiresUnreferencedCodeAttribute' can break functionality when trimming application code. This API may perform reflection on the supplied delegate and its parameters. These types may be trimmed if not directly referenced. [/home/runner/work/Market-Data-Collector/Market-Data-Collector/src/MarketDataCollector/MarketDataCollector.csproj]
/home/runner/work/Market-Data-Collector/Market-Data-Collector/src/MarketDataCollector/Application/Http/Endpoints/ScheduledBackfillEndpoints.cs(299,9): warning IL2026: Using member 'Microsoft.AspNetCore.Builder.EndpointRouteBuilderExtensions.MapGet(IEndpointRouteBuilder, String, Delegate)' which has 'RequiresUnreferencedCodeAttribute' can break functionality when trimming application code. This API may perform reflection on the supplied delegate and its parameters. These types may be trimmed if not directly referenced. [/home/runner/work/Market-Data-Collector/Market-Data-Collector/src/MarketDataCollector/MarketDataCollector.csproj]
/home/runner/work/Market-Data-Collector/Market-Data-Collector/src/MarketDataCollector/Application/Http/Endpoints/ScheduledBackfillEndpoints.cs(312,9): warning IL2026: Using member 'Microsoft.AspNetCore.Builder.EndpointRouteBuilderExtensions.MapGet(IEndpointRouteBuilder, String, Delegate)' which has 'RequiresUnreferencedCodeAttribute' can break functionality when trimming application code. This API may perform reflection on the supplied delegate and its parameters. These types may be trimmed if not directly referenced. [/home/runner/work/Market-Data-Collector/Market-Data-Collector/src/MarketDataCollector/MarketDataCollector.csproj]
/home/runner/work/Market-Data-Collector/Market-Data-Collector/src/MarketDataCollector/Application/Http/Endpoints/ScheduledBackfillEndpoints.cs(328,9): warning IL2026: Using member 'Microsoft.AspNetCore.Builder.EndpointRouteBuilderExtensions.MapGet(IEndpointRouteBuilder, String, Delegate)' which has 'RequiresUnreferencedCodeAttribute' can break functionality when trimming application code. This API may perform reflection on the supplied delegate and its parameters. These types may be trimmed if not directly referenced. [/home/runner/work/Market-Data-Collector/Market-Data-Collector/src/MarketDataCollector/MarketDataCollector.csproj]
/home/runner/work/Market-Data-Collector/Market-Data-Collector/src/MarketDataCollector/Application/Http/Endpoints/ScheduledBackfillEndpoints.cs(344,9): warning IL2026: Using member 'Microsoft.AspNetCore.Builder.EndpointRouteBuilderExtensions.MapGet(IEndpointRouteBuilder, String, Delegate)' which has 'RequiresUnreferencedCodeAttribute' can break functionality when trimming application code. This API may perform reflection on the supplied delegate and its parameters. These types may be trimmed if not directly referenced. [/home/runner/work/Market-Data-Collector/Market-Data-Collector/src/MarketDataCollector/MarketDataCollector.csproj]
/home/runner/work/Market-Data-Collector/Market-Data-Collector/src/MarketDataCollector/Application/Http/Endpoints/ScheduledBackfillEndpoints.cs(362,9): warning IL2026: Using member 'Microsoft.AspNetCore.Builder.EndpointRouteBuilderExtensions.MapPost(IEndpointRouteBuilder, String, Delegate)' which has 'RequiresUnreferencedCodeAttribute' can break functionality when trimming application code. This API may perform reflection on the supplied delegate and its parameters. These types may be trimmed if not directly referenced. [/home/runner/work/Market-Data-Collector/Market-Data-Collector/src/MarketDataCollector/MarketDataCollector.csproj]
/home/runner/work/Market-Data-Collector/Market-Data-Collector/src/MarketDataCollector/Application/Http/Endpoints/ScheduledBackfillEndpoints.cs(389,9): warning IL2026: Using member 'Microsoft.AspNetCore.Builder.EndpointRouteBuilderExtensions.MapPost(IEndpointRouteBuilder, String, Delegate)' which has 'RequiresUnreferencedCodeAttribute' can break functionality when trimming application code. This API may perform reflection on the supplied delegate and its parameters. These types may be trimmed if not directly referenced. [/home/runner/work/Market-Data-Collector/Market-Data-Collector/src/MarketDataCollector/MarketDataCollector.csproj]
/home/runner/work/Market-Data-Collector/Market-Data-Collector/src/MarketDataCollector/Application/Http/Endpoints/ScheduledBackfillEndpoints.cs(430,9): warning IL2026: Using member 'Microsoft.AspNetCore.Builder.EndpointRouteBuilderExtensions.MapGet(IEndpointRouteBuilder, String, Delegate)' which has 'RequiresUnreferencedCodeAttribute' can break functionality when trimming application code. This API may perform reflection on the supplied delegate and its parameters. These types may be trimmed if not directly referenced. [/home/runner/work/Market-Data-Collector/Market-Data-Collector/src/MarketDataCollector/MarketDataCollector.csproj]
/home/runner/work/Market-Data-Collector/Market-Data-Collector/src/MarketDataCollector/Application/Http/Endpoints/ScheduledBackfillEndpoints.cs(32,24): warning IL2026: Using member 'Microsoft.AspNetCore.Http.Results.Json<TValue>(TValue, JsonSerializerOptions, String, Int32?)' which has 'RequiresUnreferencedCodeAttribute' can break functionality when trimming application code. JSON serialization and deserialization might require types that cannot be statically analyzed. Use the overload that takes a JsonTypeInfo or JsonSerializerContext. [/home/runner/work/Market-Data-Collector/Market-Data-Collector/src/MarketDataCollector/MarketDataCollector.csproj]
/home/runner/work/Market-Data-Collector/Market-Data-Collector/src/MarketDataCollector/Application/Http/Endpoints/ScheduledBackfillEndpoints.cs(47,23): warning IL2026: Using member 'Microsoft.AspNetCore.Http.Results.Json<TValue>(TValue, JsonSerializerOptions, String, Int32?)' which has 'RequiresUnreferencedCodeAttribute' can break functionality when trimming application code. JSON serialization and deserialization might require types that cannot be statically analyzed. Use the overload that takes a JsonTypeInfo or JsonSerializerContext. [/home/runner/work/Market-Data-Collector/Market-Data-Collector/src/MarketDataCollector/MarketDataCollector.csproj]
/home/runner/work/Market-Data-Collector/Market-Data-Collector/src/MarketDataCollector/Application/Http/Endpoints/ScheduledBackfillEndpoints.cs(99,24): warning IL2026: Using member 'Microsoft.AspNetCore.Http.Results.Json<TValue>(TValue, JsonSerializerOptions, String, Int32?)' which has 'RequiresUnreferencedCodeAttribute' can break functionality when trimming application code. JSON serialization and deserialization might require types that cannot be statically analyzed. Use the overload that takes a JsonTypeInfo or JsonSerializerContext. [/home/runner/work/Market-Data-Collector/Market-Data-Collector/src/MarketDataCollector/MarketDataCollector.csproj]
/home/runner/work/Market-Data-Collector/Market-Data-Collector/src/MarketDataCollector/Application/Http/Endpoints/ScheduledBackfillEndpoints.cs(152,24): warning IL2026: Using member 'Microsoft.AspNetCore.Http.Results.Json<TValue>(TValue, JsonSerializerOptions, String, Int32?)' which has 'RequiresUnreferencedCodeAttribute' can break functionality when trimming application code. JSON serialization and deserialization might require types that cannot be statically analyzed. Use the overload that takes a JsonTypeInfo or JsonSerializerContext. [/home/runner/work/Market-Data-Collector/Market-Data-Collector/src/MarketDataCollector/MarketDataCollector.csproj]
/home/runner/work/Market-Data-Collector/Market-Data-Collector/src/MarketDataCollector/Application/Http/Endpoints/ScheduledBackfillEndpoints.cs(224,24): warning IL2026: Using member 'Microsoft.AspNetCore.Http.Results.Json<TValue>(TValue, JsonSerializerOptions, String, Int32?)' which has 'RequiresUnreferencedCodeAttribute' can break functionality when trimming application code. JSON serialization and deserialization might require types that cannot be statically analyzed. Use the overload that takes a JsonTypeInfo or JsonSerializerContext. [/home/runner/work/Market-Data-Collector/Market-Data-Collector/src/MarketDataCollector/MarketDataCollector.csproj]
/home/runner/work/Market-Data-Collector/Market-Data-Collector/src/MarketDataCollector/Application/Http/Endpoints/ScheduledBackfillEndpoints.cs(243,24): warning IL2026: Using member 'Microsoft.AspNetCore.Http.Results.Json<TValue>(TValue, JsonSerializerOptions, String, Int32?)' which has 'RequiresUnreferencedCodeAttribute' can break functionality when trimming application code. JSON serialization and deserialization might require types that cannot be statically analyzed. Use the overload that takes a JsonTypeInfo or JsonSerializerContext. [/home/runner/work/Market-Data-Collector/Market-Data-Collector/src/MarketDataCollector/MarketDataCollector.csproj]
/home/runner/work/Market-Data-Collector/Market-Data-Collector/src/MarketDataCollector/Application/Http/Endpoints/ScheduledBackfillEndpoints.cs(260,23): warning IL2026: Using member 'Microsoft.AspNetCore.Http.Results.Json<TValue>(TValue, JsonSerializerOptions, String, Int32?)' which has 'RequiresUnreferencedCodeAttribute' can break functionality when trimming application code. JSON serialization and deserialization might require types that cannot be statically analyzed. Use the overload that takes a JsonTypeInfo or JsonSerializerContext. [/home/runner/work/Market-Data-Collector/Market-Data-Collector/src/MarketDataCollector/MarketDataCollector.csproj]
/home/runner/work/Market-Data-Collector/Market-Data-Collector/src/MarketDataCollector/Application/Http/Endpoints/ScheduledBackfillEndpoints.cs(276,24): warning IL2026: Using member 'Microsoft.AspNetCore.Http.Results.Json<TValue>(TValue, JsonSerializerOptions, String, Int32?)' which has 'RequiresUnreferencedCodeAttribute' can break functionality when trimming application code. JSON serialization and deserialization might require types that cannot be statically analyzed. Use the overload that takes a JsonTypeInfo or JsonSerializerContext. [/home/runner/work/Market-Data-Collector/Market-Data-Collector/src/MarketDataCollector/MarketDataCollector.csproj]
/home/runner/work/Market-Data-Collector/Market-Data-Collector/src/MarketDataCollector/Application/Http/Endpoints/ScheduledBackfillEndpoints.cs(289,24): warning IL2026: Using member 'Microsoft.AspNetCore.Http.Results.Json<TValue>(TValue, JsonSerializerOptions, String, Int32?)' which has 'RequiresUnreferencedCodeAttribute' can break functionality when trimming application code. JSON serialization and deserialization might require types that cannot be statically analyzed. Use the overload that takes a JsonTypeInfo or JsonSerializerContext. [/home/runner/work/Market-Data-Collector/Market-Data-Collector/src/MarketDataCollector/MarketDataCollector.csproj]
/home/runner/work/Market-Data-Collector/Market-Data-Collector/src/MarketDataCollector/Application/Http/Endpoints/ScheduledBackfillEndpoints.cs(304,24): warning IL2026: Using member 'Microsoft.AspNetCore.Http.Results.Json<TValue>(TValue, JsonSerializerOptions, String, Int32?)' which has 'RequiresUnreferencedCodeAttribute' can break functionality when trimming application code. JSON serialization and deserialization might require types that cannot be statically analyzed. Use the overload that takes a JsonTypeInfo or JsonSerializerContext. [/home/runner/work/Market-Data-Collector/Market-Data-Collector/src/MarketDataCollector/MarketDataCollector.csproj]
/home/runner/work/Market-Data-Collector/Market-Data-Collector/src/MarketDataCollector/Application/Http/Endpoints/ScheduledBackfillEndpoints.cs(320,24): warning IL2026: Using member 'Microsoft.AspNetCore.Http.Results.Json<TValue>(TValue, JsonSerializerOptions, String, Int32?)' which has 'RequiresUnreferencedCodeAttribute' can break functionality when trimming application code. JSON serialization and deserialization might require types that cannot be statically analyzed. Use the overload that takes a JsonTypeInfo or JsonSerializerContext. [/home/runner/work/Market-Data-Collector/Market-Data-Collector/src/MarketDataCollector/MarketDataCollector.csproj]
/home/runner/work/Market-Data-Collector/Market-Data-Collector/src/MarketDataCollector/Application/Http/Endpoints/ScheduledBackfillEndpoints.cs(334,24): warning IL2026: Using member 'Microsoft.AspNetCore.Http.Results.Json<TValue>(TValue, JsonSerializerOptions, String, Int32?)' which has 'RequiresUnreferencedCodeAttribute' can break functionality when trimming application code. JSON serialization and deserialization might require types that cannot be statically analyzed. Use the overload that takes a JsonTypeInfo or JsonSerializerContext. [/home/runner/work/Market-Data-Collector/Market-Data-Collector/src/MarketDataCollector/MarketDataCollector.csproj]
/home/runner/work/Market-Data-Collector/Market-Data-Collector/src/MarketDataCollector/Application/Http/Endpoints/ScheduledBackfillEndpoints.cs(348,24): warning IL2026: Using member 'Microsoft.AspNetCore.Http.Results.Json<TValue>(TValue, JsonSerializerOptions, String, Int32?)' which has 'RequiresUnreferencedCodeAttribute' can break functionality when trimming application code. JSON serialization and deserialization might require types that cannot be statically analyzed. Use the overload that takes a JsonTypeInfo or JsonSerializerContext. [/home/runner/work/Market-Data-Collector/Market-Data-Collector/src/MarketDataCollector/MarketDataCollector.csproj]
/home/runner/work/Market-Data-Collector/Market-Data-Collector/src/MarketDataCollector/Application/Http/Endpoints/ScheduledBackfillEndpoints.cs(379,24): warning IL2026: Using member 'Microsoft.AspNetCore.Http.Results.Json<TValue>(TValue, JsonSerializerOptions, String, Int32?)' which has 'RequiresUnreferencedCodeAttribute' can break functionality when trimming application code. JSON serialization and deserialization might require types that cannot be statically analyzed. Use the overload that takes a JsonTypeInfo or JsonSerializerContext. [/home/runner/work/Market-Data-Collector/Market-Data-Collector/src/MarketDataCollector/MarketDataCollector.csproj]
/home/runner/work/Market-Data-Collector/Market-Data-Collector/src/MarketDataCollector/Application/Http/Endpoints/ScheduledBackfillEndpoints.cs(411,24): warning IL2026: Using member 'Microsoft.AspNetCore.Http.Results.Json<TValue>(TValue, JsonSerializerOptions, String, Int32?)' which has 'RequiresUnreferencedCodeAttribute' can break functionality when trimming application code. JSON serialization and deserialization might require types that cannot be statically analyzed. Use the overload that takes a JsonTypeInfo or JsonSerializerContext. [/home/runner/work/Market-Data-Collector/Market-Data-Collector/src/MarketDataCollector/MarketDataCollector.csproj]
/home/runner/work/Market-Data-Collector/Market-Data-Collector/src/MarketDataCollector/Application/Http/Endpoints/ScheduledBackfillEndpoints.cs(470,24): warning IL2026: Using member 'Microsoft.AspNetCore.Http.Results.Json<TValue>(TValue, JsonSerializerOptions, String, Int32?)' which has 'RequiresUnreferencedCodeAttribute' can break functionality when trimming application code. JSON serialization and deserialization might require types that cannot be statically analyzed. Use the overload that takes a JsonTypeInfo or JsonSerializerContext. [/home/runner/work/Market-Data-Collector/Market-Data-Collector/src/MarketDataCollector/MarketDataCollector.csproj]
/home/runner/work/Market-Data-Collector/Market-Data-Collector/src/MarketDataCollector/Program.cs(1047,23): warning IL2026: Using member 'System.Text.Json.JsonSerializer.Deserialize<TValue>(String, JsonSerializerOptions)' which has 'RequiresUnreferencedCodeAttribute' can break functionality when trimming application code. JSON serialization and deserialization might require types that cannot be statically analyzed. Use the overload that takes a JsonTypeInfo or JsonSerializerContext, or make sure all of the required types are preserved. [/home/runner/work/Market-Data-Collector/Market-Data-Collector/src/MarketDataCollector/MarketDataCollector.csproj]
/home/runner/work/Market-Data-Collector/Market-Data-Collector/src/MarketDataCollector/Storage/Maintenance/ArchiveMaintenanceScheduleManager.cs(493,30): warning IL2026: Using member 'System.Text.Json.JsonSerializer.Deserialize<TValue>(String, JsonSerializerOptions)' which has 'RequiresUnreferencedCodeAttribute' can break functionality when trimming application code. JSON serialization and deserialization might require types that cannot be statically analyzed. Use the overload that takes a JsonTypeInfo or JsonSerializerContext, or make sure all of the required types are preserved. [/home/runner/work/Market-Data-Collector/Market-Data-Collector/src/MarketDataCollector/MarketDataCollector.csproj]
/home/runner/work/Market-Data-Collector/Market-Data-Collector/src/MarketDataCollector/Storage/Maintenance/ArchiveMaintenanceScheduleManager.cs(520,24): warning IL2026: Using member 'System.Text.Json.JsonSerializer.Serialize<TValue>(TValue, JsonSerializerOptions)' which has 'RequiresUnreferencedCodeAttribute' can break functionality when trimming application code. JSON serialization and deserialization might require types that cannot be statically analyzed. Use the overload that takes a JsonTypeInfo or JsonSerializerContext, or make sure all of the required types are preserved. [/home/runner/work/Market-Data-Collector/Market-Data-Collector/src/MarketDataCollector/MarketDataCollector.csproj]
/home/runner/work/Market-Data-Collector/Market-Data-Collector/src/MarketDataCollector/Storage/Maintenance/ArchiveMaintenanceScheduleManager.cs(239,29): warning IL2026: Using member 'System.Text.Json.JsonSerializer.Deserialize<TValue>(String, JsonSerializerOptions)' which has 'RequiresUnreferencedCodeAttribute' can break functionality when trimming application code. JSON serialization and deserialization might require types that cannot be statically analyzed. Use the overload that takes a JsonTypeInfo or JsonSerializerContext, or make sure all of the required types are preserved. [/home/runner/work/Market-Data-Collector/Market-Data-Collector/src/MarketDataCollector/MarketDataCollector.csproj]
/home/runner/work/Market-Data-Collector/Market-Data-Collector/src/MarketDataCollector/Storage/Maintenance/ArchiveMaintenanceScheduleManager.cs(270,24): warning IL2026: Using member 'System.Text.Json.JsonSerializer.Serialize<TValue>(TValue, JsonSerializerOptions)' which has 'RequiresUnreferencedCodeAttribute' can break functionality when trimming application code. JSON serialization and deserialization might require types that cannot be statically analyzed. Use the overload that takes a JsonTypeInfo or JsonSerializerContext, or make sure all of the required types are preserved. [/home/runner/work/Market-Data-Collector/Market-Data-Collector/src/MarketDataCollector/MarketDataCollector.csproj]
/home/runner/work/Market-Data-Collector/Market-Data-Collector/src/MarketDataCollector/Infrastructure/Providers/Historical/Queue/BackfillJobManager.cs(67,27): warning IL2026: Using member 'System.Text.Json.JsonSerializer.Deserialize<TValue>(String, JsonSerializerOptions)' which has 'RequiresUnreferencedCodeAttribute' can break functionality when trimming application code. JSON serialization and deserialization might require types that cannot be statically analyzed. Use the overload that takes a JsonTypeInfo or JsonSerializerContext, or make sure all of the required types are preserved. [/home/runner/work/Market-Data-Collector/Market-Data-Collector/src/MarketDataCollector/MarketDataCollector.csproj]
/home/runner/work/Market-Data-Collector/Market-Data-Collector/src/MarketDataCollector/Infrastructure/Providers/Historical/Queue/BackfillJobManager.cs(441,24): warning IL2026: Using member 'System.Text.Json.JsonSerializer.Serialize<TValue>(TValue, JsonSerializerOptions)' which has 'RequiresUnreferencedCodeAttribute' can break functionality when trimming application code. JSON serialization and deserialization might require types that cannot be statically analyzed. Use the overload that takes a JsonTypeInfo or JsonSerializerContext, or make sure all of the required types are preserved. [/home/runner/work/Market-Data-Collector/Market-Data-Collector/src/MarketDataCollector/MarketDataCollector.csproj]
/home/runner/work/Market-Data-Collector/Market-Data-Collector/src/MarketDataCollector/Infrastructure/Providers/Historical/GapAnalysis/DataQualityMonitor.cs(582,35): warning IL2026: Using member 'System.Text.Json.JsonSerializer.Deserialize<TValue>(String, JsonSerializerOptions)' which has 'RequiresUnreferencedCodeAttribute' can break functionality when trimming application code. JSON serialization and deserialization might require types that cannot be statically analyzed. Use the overload that takes a JsonTypeInfo or JsonSerializerContext, or make sure all of the required types are preserved. [/home/runner/work/Market-Data-Collector/Market-Data-Collector/src/MarketDataCollector/MarketDataCollector.csproj]
/home/runner/work/Market-Data-Collector/Market-Data-Collector/src/MarketDataCollector/Infrastructure/Providers/Historical/GapAnalysis/DataGapRepair.cs(434,24): warning IL2026: Using member 'System.Text.Json.JsonSerializer.Serialize<TValue>(TValue, JsonSerializerOptions)' which has 'RequiresUnreferencedCodeAttribute' can break functionality when trimming application code. JSON serialization and deserialization might require types that cannot be statically analyzed. Use the overload that takes a JsonTypeInfo or JsonSerializerContext, or make sure all of the required types are preserved. [/home/runner/work/Market-Data-Collector/Market-Data-Collector/src/MarketDataCollector/MarketDataCollector.csproj]
/home/runner/work/Market-Data-Collector/Market-Data-Collector/src/MarketDataCollector/Infrastructure/Providers/Historical/BaseHistoricalDataProvider.cs(374,20): warning IL2026: Using member 'System.Text.Json.JsonSerializer.Deserialize<TValue>(String, JsonSerializerOptions)' which has 'RequiresUnreferencedCodeAttribute' can break functionality when trimming application code. JSON serialization and deserialization might require types that cannot be statically analyzed. Use the overload that takes a JsonTypeInfo or JsonSerializerContext, or make sure all of the required types are preserved. [/home/runner/work/Market-Data-Collector/Market-Data-Collector/src/MarketDataCollector/MarketDataCollector.csproj]
/home/runner/work/Market-Data-Collector/Market-Data-Collector/src/MarketDataCollector/Storage/Archival/SchemaVersionManager.cs(251,20): warning IL2026: Using member 'System.Text.Json.JsonSerializer.Serialize<TValue>(TValue, JsonSerializerOptions)' which has 'RequiresUnreferencedCodeAttribute' can break functionality when trimming application code. JSON serialization and deserialization might require types that cannot be statically analyzed. Use the overload that takes a JsonTypeInfo or JsonSerializerContext, or make sure all of the required types are preserved. [/home/runner/work/Market-Data-Collector/Market-Data-Collector/src/MarketDataCollector/MarketDataCollector.csproj]
/home/runner/work/Market-Data-Collector/Market-Data-Collector/src/MarketDataCollector/Integrations/Lean/MarketDataCollectorQuoteData.cs(85,31): warning IL2026: Using member 'System.Text.Json.JsonSerializer.Deserialize<TValue>(String, JsonSerializerOptions)' which has 'RequiresUnreferencedCodeAttribute' can break functionality when trimming application code. JSON serialization and deserialization might require types that cannot be statically analyzed. Use the overload that takes a JsonTypeInfo or JsonSerializerContext, or make sure all of the required types are preserved. [/home/runner/work/Market-Data-Collector/Market-Data-Collector/src/MarketDataCollector/MarketDataCollector.csproj]
/home/runner/work/Market-Data-Collector/Market-Data-Collector/src/MarketDataCollector/Storage/Archival/SchemaVersionManager.cs(286,28): warning IL2026: Using member 'System.Text.Json.JsonSerializer.Serialize<TValue>(TValue, JsonSerializerOptions)' which has 'RequiresUnreferencedCodeAttribute' can break functionality when trimming application code. JSON serialization and deserialization might require types that cannot be statically analyzed. Use the overload that takes a JsonTypeInfo or JsonSerializerContext, or make sure all of the required types are preserved. [/home/runner/work/Market-Data-Collector/Market-Data-Collector/src/MarketDataCollector/MarketDataCollector.csproj]
/home/runner/work/Market-Data-Collector/Market-Data-Collector/src/MarketDataCollector/Application/Services/SampleDataGenerator.cs(142,28): warning IL2026: Using member 'System.Text.Json.JsonSerializer.Serialize<TValue>(TValue, JsonSerializerOptions)' which has 'RequiresUnreferencedCodeAttribute' can break functionality when trimming application code. JSON serialization and deserialization might require types that cannot be statically analyzed. Use the overload that takes a JsonTypeInfo or JsonSerializerContext, or make sure all of the required types are preserved. [/home/runner/work/Market-Data-Collector/Market-Data-Collector/src/MarketDataCollector/MarketDataCollector.csproj]
/home/runner/work/Market-Data-Collector/Market-Data-Collector/src/MarketDataCollector/Storage/Archival/SchemaVersionManager.cs(376,20): warning IL2026: Using member 'System.Text.Json.JsonSerializer.Serialize<TValue>(TValue, JsonSerializerOptions)' which has 'RequiresUnreferencedCodeAttribute' can break functionality when trimming application code. JSON serialization and deserialization might require types that cannot be statically analyzed. Use the overload that takes a JsonTypeInfo or JsonSerializerContext, or make sure all of the required types are preserved. [/home/runner/work/Market-Data-Collector/Market-Data-Collector/src/MarketDataCollector/MarketDataCollector.csproj]
/home/runner/work/Market-Data-Collector/Market-Data-Collector/src/MarketDataCollector/Application/Config/Credentials/CredentialTestingService.cs(468,28): warning IL2026: Using member 'System.Text.Json.JsonSerializer.Deserialize<TValue>(String, JsonSerializerOptions)' which has 'RequiresUnreferencedCodeAttribute' can break functionality when trimming application code. JSON serialization and deserialization might require types that cannot be statically analyzed. Use the overload that takes a JsonTypeInfo or JsonSerializerContext, or make sure all of the required types are preserved. [/home/runner/work/Market-Data-Collector/Market-Data-Collector/src/MarketDataCollector/MarketDataCollector.csproj]
/home/runner/work/Market-Data-Collector/Market-Data-Collector/src/MarketDataCollector/Application/Config/Credentials/CredentialTestingService.cs(495,24): warning IL2026: Using member 'System.Text.Json.JsonSerializer.Serialize<TValue>(TValue, JsonSerializerOptions)' which has 'RequiresUnreferencedCodeAttribute' can break functionality when trimming application code. JSON serialization and deserialization might require types that cannot be statically analyzed. Use the overload that takes a JsonTypeInfo or JsonSerializerContext, or make sure all of the required types are preserved. [/home/runner/work/Market-Data-Collector/Market-Data-Collector/src/MarketDataCollector/MarketDataCollector.csproj]
/home/runner/work/Market-Data-Collector/Market-Data-Collector/src/MarketDataCollector/Application/Services/DiagnosticBundleService.cs(95,32): warning IL2026: Using member 'System.Text.Json.JsonSerializer.Serialize<TValue>(TValue, JsonSerializerOptions)' which has 'RequiresUnreferencedCodeAttribute' can break functionality when trimming application code. JSON serialization and deserialization might require types that cannot be statically analyzed. Use the overload that takes a JsonTypeInfo or JsonSerializerContext, or make sure all of the required types are preserved. [/home/runner/work/Market-Data-Collector/Market-Data-Collector/src/MarketDataCollector/MarketDataCollector.csproj]
/home/runner/work/Market-Data-Collector/Market-Data-Collector/src/MarketDataCollector/Application/Scheduling/BackfillScheduleManager.cs(87,36): warning IL2026: Using member 'System.Text.Json.JsonSerializer.Deserialize<TValue>(String, JsonSerializerOptions)' which has 'RequiresUnreferencedCodeAttribute' can break functionality when trimming application code. JSON serialization and deserialization might require types that cannot be statically analyzed. Use the overload that takes a JsonTypeInfo or JsonSerializerContext, or make sure all of the required types are preserved. [/home/runner/work/Market-Data-Collector/Market-Data-Collector/src/MarketDataCollector/MarketDataCollector.csproj]
/home/runner/work/Market-Data-Collector/Market-Data-Collector/src/MarketDataCollector/Application/Services/ConfigTemplateGenerator.cs(45,20): warning IL2026: Using member 'System.Text.Json.JsonSerializer.Serialize<TValue>(TValue, JsonSerializerOptions)' which has 'RequiresUnreferencedCodeAttribute' can break functionality when trimming application code. JSON serialization and deserialization might require types that cannot be statically analyzed. Use the overload that takes a JsonTypeInfo or JsonSerializerContext, or make sure all of the required types are preserved. [/home/runner/work/Market-Data-Collector/Market-Data-Collector/src/MarketDataCollector/MarketDataCollector.csproj]
/home/runner/work/Market-Data-Collector/Market-Data-Collector/src/MarketDataCollector/Application/Services/ConfigTemplateGenerator.cs(91,20): warning IL2026: Using member 'System.Text.Json.JsonSerializer.Serialize<TValue>(TValue, JsonSerializerOptions)' which has 'RequiresUnreferencedCodeAttribute' can break functionality when trimming application code. JSON serialization and deserialization might require types that cannot be statically analyzed. Use the overload that takes a JsonTypeInfo or JsonSerializerContext, or make sure all of the required types are preserved. [/home/runner/work/Market-Data-Collector/Market-Data-Collector/src/MarketDataCollector/MarketDataCollector.csproj]
/home/runner/work/Market-Data-Collector/Market-Data-Collector/src/MarketDataCollector/Application/Services/DiagnosticBundleService.cs(198,28): warning IL2026: Using member 'System.Text.Json.JsonSerializer.Serialize<TValue>(TValue, JsonSerializerOptions)' which has 'RequiresUnreferencedCodeAttribute' can break functionality when trimming application code. JSON serialization and deserialization might require types that cannot be statically analyzed. Use the overload that takes a JsonTypeInfo or JsonSerializerContext, or make sure all of the required types are preserved. [/home/runner/work/Market-Data-Collector/Market-Data-Collector/src/MarketDataCollector/MarketDataCollector.csproj]
/home/runner/work/Market-Data-Collector/Market-Data-Collector/src/MarketDataCollector/Application/Services/DiagnosticBundleService.cs(236,20): warning IL2026: Using member 'System.Text.Json.JsonSerializer.Serialize<TValue>(TValue, JsonSerializerOptions)' which has 'RequiresUnreferencedCodeAttribute' can break functionality when trimming application code. JSON serialization and deserialization might require types that cannot be statically analyzed. Use the overload that takes a JsonTypeInfo or JsonSerializerContext, or make sure all of the required types are preserved. [/home/runner/work/Market-Data-Collector/Market-Data-Collector/src/MarketDataCollector/MarketDataCollector.csproj]
/home/runner/work/Market-Data-Collector/Market-Data-Collector/src/MarketDataCollector/Application/Services/DailySummaryWebhook.cs(364,16): warning IL2026: Using member 'System.Text.Json.JsonSerializer.Serialize<TValue>(TValue, JsonSerializerOptions)' which has 'RequiresUnreferencedCodeAttribute' can break functionality when trimming application code. JSON serialization and deserialization might require types that cannot be statically analyzed. Use the overload that takes a JsonTypeInfo or JsonSerializerContext, or make sure all of the required types are preserved. [/home/runner/work/Market-Data-Collector/Market-Data-Collector/src/MarketDataCollector/MarketDataCollector.csproj]
/home/runner/work/Market-Data-Collector/Market-Data-Collector/src/MarketDataCollector/Application/Services/ConfigTemplateGenerator.cs(131,20): warning IL2026: Using member 'System.Text.Json.JsonSerializer.Serialize<TValue>(TValue, JsonSerializerOptions)' which has 'RequiresUnreferencedCodeAttribute' can break functionality when trimming application code. JSON serialization and deserialization might require types that cannot be statically analyzed. Use the overload that takes a JsonTypeInfo or JsonSerializerContext, or make sure all of the required types are preserved. [/home/runner/work/Market-Data-Collector/Market-Data-Collector/src/MarketDataCollector/MarketDataCollector.csproj]
/home/runner/work/Market-Data-Collector/Market-Data-Collector/src/MarketDataCollector/Application/Services/ConfigTemplateGenerator.cs(185,20): warning IL2026: Using member 'System.Text.Json.JsonSerializer.Serialize<TValue>(TValue, JsonSerializerOptions)' which has 'RequiresUnreferencedCodeAttribute' can break functionality when trimming application code. JSON serialization and deserialization might require types that cannot be statically analyzed. Use the overload that takes a JsonTypeInfo or JsonSerializerContext, or make sure all of the required types are preserved. [/home/runner/work/Market-Data-Collector/Market-Data-Collector/src/MarketDataCollector/MarketDataCollector.csproj]
/home/runner/work/Market-Data-Collector/Market-Data-Collector/src/MarketDataCollector/Application/Services/DailySummaryWebhook.cs(403,16): warning IL2026: Using member 'System.Text.Json.JsonSerializer.Serialize<TValue>(TValue, JsonSerializerOptions)' which has 'RequiresUnreferencedCodeAttribute' can break functionality when trimming application code. JSON serialization and deserialization might require types that cannot be statically analyzed. Use the overload that takes a JsonTypeInfo or JsonSerializerContext, or make sure all of the required types are preserved. [/home/runner/work/Market-Data-Collector/Market-Data-Collector/src/MarketDataCollector/MarketDataCollector.csproj]
/home/runner/work/Market-Data-Collector/Market-Data-Collector/src/MarketDataCollector/Application/Services/ConfigTemplateGenerator.cs(241,20): warning IL2026: Using member 'System.Text.Json.JsonSerializer.Serialize<TValue>(TValue, JsonSerializerOptions)' which has 'RequiresUnreferencedCodeAttribute' can break functionality when trimming application code. JSON serialization and deserialization might require types that cannot be statically analyzed. Use the overload that takes a JsonTypeInfo or JsonSerializerContext, or make sure all of the required types are preserved. [/home/runner/work/Market-Data-Collector/Market-Data-Collector/src/MarketDataCollector/MarketDataCollector.csproj]
/home/runner/work/Market-Data-Collector/Market-Data-Collector/src/MarketDataCollector/Application/Services/ConfigTemplateGenerator.cs(290,20): warning IL2026: Using member 'System.Text.Json.JsonSerializer.Serialize<TValue>(TValue, JsonSerializerOptions)' which has 'RequiresUnreferencedCodeAttribute' can break functionality when trimming application code. JSON serialization and deserialization might require types that cannot be statically analyzed. Use the overload that takes a JsonTypeInfo or JsonSerializerContext, or make sure all of the required types are preserved. [/home/runner/work/Market-Data-Collector/Market-Data-Collector/src/MarketDataCollector/MarketDataCollector.csproj]
/home/runner/work/Market-Data-Collector/Market-Data-Collector/src/MarketDataCollector/Application/Services/ConfigTemplateGenerator.cs(331,20): warning IL2026: Using member 'System.Text.Json.JsonSerializer.Serialize<TValue>(TValue, JsonSerializerOptions)' which has 'RequiresUnreferencedCodeAttribute' can break functionality when trimming application code. JSON serialization and deserialization might require types that cannot be statically analyzed. Use the overload that takes a JsonTypeInfo or JsonSerializerContext, or make sure all of the required types are preserved. [/home/runner/work/Market-Data-Collector/Market-Data-Collector/src/MarketDataCollector/MarketDataCollector.csproj]
/home/runner/work/Market-Data-Collector/Market-Data-Collector/src/MarketDataCollector/Application/Services/DailySummaryWebhook.cs(442,16): warning IL2026: Using member 'System.Text.Json.JsonSerializer.Serialize<TValue>(TValue, JsonSerializerOptions)' which has 'RequiresUnreferencedCodeAttribute' can break functionality when trimming application code. JSON serialization and deserialization might require types that cannot be statically analyzed. Use the overload that takes a JsonTypeInfo or JsonSerializerContext, or make sure all of the required types are preserved. [/home/runner/work/Market-Data-Collector/Market-Data-Collector/src/MarketDataCollector/MarketDataCollector.csproj]
/home/runner/work/Market-Data-Collector/Market-Data-Collector/src/MarketDataCollector/Application/Services/ConfigTemplateGenerator.cs(388,20): warning IL2026: Using member 'System.Text.Json.JsonSerializer.Serialize<TValue>(TValue, JsonSerializerOptions)' which has 'RequiresUnreferencedCodeAttribute' can break functionality when trimming application code. JSON serialization and deserialization might require types that cannot be statically analyzed. Use the overload that takes a JsonTypeInfo or JsonSerializerContext, or make sure all of the required types are preserved. [/home/runner/work/Market-Data-Collector/Market-Data-Collector/src/MarketDataCollector/MarketDataCollector.csproj]
/home/runner/work/Market-Data-Collector/Market-Data-Collector/src/MarketDataCollector/Application/Services/DailySummaryWebhook.cs(447,16): warning IL2026: Using member 'System.Text.Json.JsonSerializer.Serialize<TValue>(TValue, JsonSerializerOptions)' which has 'RequiresUnreferencedCodeAttribute' can break functionality when trimming application code. JSON serialization and deserialization might require types that cannot be statically analyzed. Use the overload that takes a JsonTypeInfo or JsonSerializerContext, or make sure all of the required types are preserved. [/home/runner/work/Market-Data-Collector/Market-Data-Collector/src/MarketDataCollector/MarketDataCollector.csproj]
/home/runner/work/Market-Data-Collector/Market-Data-Collector/src/MarketDataCollector/Application/Services/DailySummaryWebhook.cs(454,34): warning IL2026: Using member 'System.Text.Json.JsonSerializer.Serialize<TValue>(TValue, JsonSerializerOptions)' which has 'RequiresUnreferencedCodeAttribute' can break functionality when trimming application code. JSON serialization and deserialization might require types that cannot be statically analyzed. Use the overload that takes a JsonTypeInfo or JsonSerializerContext, or make sure all of the required types are preserved. [/home/runner/work/Market-Data-Collector/Market-Data-Collector/src/MarketDataCollector/MarketDataCollector.csproj]
/home/runner/work/Market-Data-Collector/Market-Data-Collector/src/MarketDataCollector/Application/Services/DailySummaryWebhook.cs(455,36): warning IL2026: Using member 'System.Text.Json.JsonSerializer.Serialize<TValue>(TValue, JsonSerializerOptions)' which has 'RequiresUnreferencedCodeAttribute' can break functionality when trimming application code. JSON serialization and deserialization might require types that cannot be statically analyzed. Use the overload that takes a JsonTypeInfo or JsonSerializerContext, or make sure all of the required types are preserved. [/home/runner/work/Market-Data-Collector/Market-Data-Collector/src/MarketDataCollector/MarketDataCollector.csproj]
/home/runner/work/Market-Data-Collector/Market-Data-Collector/src/MarketDataCollector/Application/Services/DailySummaryWebhook.cs(456,34): warning IL2026: Using member 'System.Text.Json.JsonSerializer.Serialize<TValue>(TValue, JsonSerializerOptions)' which has 'RequiresUnreferencedCodeAttribute' can break functionality when trimming application code. JSON serialization and deserialization might require types that cannot be statically analyzed. Use the overload that takes a JsonTypeInfo or JsonSerializerContext, or make sure all of the required types are preserved. [/home/runner/work/Market-Data-Collector/Market-Data-Collector/src/MarketDataCollector/MarketDataCollector.csproj]
/home/runner/work/Market-Data-Collector/Market-Data-Collector/src/MarketDataCollector/Application/Services/DailySummaryWebhook.cs(457,18): warning IL2026: Using member 'System.Text.Json.JsonSerializer.Serialize<TValue>(TValue, JsonSerializerOptions)' which has 'RequiresUnreferencedCodeAttribute' can break functionality when trimming application code. JSON serialization and deserialization might require types that cannot be statically analyzed. Use the overload that takes a JsonTypeInfo or JsonSerializerContext, or make sure all of the required types are preserved. [/home/runner/work/Market-Data-Collector/Market-Data-Collector/src/MarketDataCollector/MarketDataCollector.csproj]
/home/runner/work/Market-Data-Collector/Market-Data-Collector/src/MarketDataCollector/Application/Services/ConfigTemplateGenerator.cs(402,26): warning IL2026: Using member 'System.Text.Json.JsonSerializer.Deserialize<TValue>(String, JsonSerializerOptions)' which has 'RequiresUnreferencedCodeAttribute' can break functionality when trimming application code. JSON serialization and deserialization might require types that cannot be statically analyzed. Use the overload that takes a JsonTypeInfo or JsonSerializerContext, or make sure all of the required types are preserved. [/home/runner/work/Market-Data-Collector/Market-Data-Collector/src/MarketDataCollector/MarketDataCollector.csproj]
/home/runner/work/Market-Data-Collector/Market-Data-Collector/src/MarketDataCollector/Application/Scheduling/BackfillScheduleManager.cs(391,24): warning IL2026: Using member 'System.Text.Json.JsonSerializer.Serialize<TValue>(TValue, JsonSerializerOptions)' which has 'RequiresUnreferencedCodeAttribute' can break functionality when trimming application code. JSON serialization and deserialization might require types that cannot be statically analyzed. Use the overload that takes a JsonTypeInfo or JsonSerializerContext, or make sure all of the required types are preserved. [/home/runner/work/Market-Data-Collector/Market-Data-Collector/src/MarketDataCollector/MarketDataCollector.csproj]
/home/runner/work/Market-Data-Collector/Market-Data-Collector/src/MarketDataCollector/Application/Services/ConfigurationWizard.cs(668,20): warning IL2026: Using member 'System.Text.Json.JsonSerializer.Serialize<TValue>(TValue, JsonSerializerOptions)' which has 'RequiresUnreferencedCodeAttribute' can break functionality when trimming application code. JSON serialization and deserialization might require types that cannot be statically analyzed. Use the overload that takes a JsonTypeInfo or JsonSerializerContext, or make sure all of the required types are preserved. [/home/runner/work/Market-Data-Collector/Market-Data-Collector/src/MarketDataCollector/MarketDataCollector.csproj]
/home/runner/work/Market-Data-Collector/Market-Data-Collector/src/MarketDataCollector/Application/Services/ConfigurationWizard.cs(708,20): warning IL2026: Using member 'System.Text.Json.JsonSerializer.Serialize<TValue>(TValue, JsonSerializerOptions)' which has 'RequiresUnreferencedCodeAttribute' can break functionality when trimming application code. JSON serialization and deserialization might require types that cannot be statically analyzed. Use the overload that takes a JsonTypeInfo or JsonSerializerContext, or make sure all of the required types are preserved. [/home/runner/work/Market-Data-Collector/Market-Data-Collector/src/MarketDataCollector/MarketDataCollector.csproj]
/home/runner/work/Market-Data-Collector/Market-Data-Collector/src/MarketDataCollector/Application/Http/ConfigStore.cs(93,24): warning IL2026: Using member 'System.Text.Json.JsonSerializer.Serialize<TValue>(TValue, JsonSerializerOptions)' which has 'RequiresUnreferencedCodeAttribute' can break functionality when trimming application code. JSON serialization and deserialization might require types that cannot be statically analyzed. Use the overload that takes a JsonTypeInfo or JsonSerializerContext, or make sure all of the required types are preserved. [/home/runner/work/Market-Data-Collector/Market-Data-Collector/src/MarketDataCollector/MarketDataCollector.csproj]
/home/runner/work/Market-Data-Collector/Market-Data-Collector/src/MarketDataCollector/Application/Http/ConfigStore.cs(74,20): warning IL2026: Using member 'System.Text.Json.JsonSerializer.Deserialize<TValue>(String, JsonSerializerOptions)' which has 'RequiresUnreferencedCodeAttribute' can break functionality when trimming application code. JSON serialization and deserialization might require types that cannot be statically analyzed. Use the overload that takes a JsonTypeInfo or JsonSerializerContext, or make sure all of the required types are preserved. [/home/runner/work/Market-Data-Collector/Market-Data-Collector/src/MarketDataCollector/MarketDataCollector.csproj]
/home/runner/work/Market-Data-Collector/Market-Data-Collector/src/MarketDataCollector/Application/Http/ConfigStore.cs(165,20): warning IL2026: Using member 'System.Text.Json.JsonSerializer.Deserialize<TValue>(String, JsonSerializerOptions)' which has 'RequiresUnreferencedCodeAttribute' can break functionality when trimming application code. JSON serialization and deserialization might require types that cannot be statically analyzed. Use the overload that takes a JsonTypeInfo or JsonSerializerContext, or make sure all of the required types are preserved. [/home/runner/work/Market-Data-Collector/Market-Data-Collector/src/MarketDataCollector/MarketDataCollector.csproj]
/home/runner/work/Market-Data-Collector/Market-Data-Collector/src/MarketDataCollector/Application/Http/Endpoints/PackagingEndpoints.cs(33,9): warning IL2026: Using member 'Microsoft.AspNetCore.Builder.EndpointRouteBuilderExtensions.MapPost(IEndpointRouteBuilder, String, Delegate)' which has 'RequiresUnreferencedCodeAttribute' can break functionality when trimming application code. This API may perform reflection on the supplied delegate and its parameters. These types may be trimmed if not directly referenced. [/home/runner/work/Market-Data-Collector/Market-Data-Collector/src/MarketDataCollector/MarketDataCollector.csproj]
/home/runner/work/Market-Data-Collector/Market-Data-Collector/src/MarketDataCollector/Application/Http/Endpoints/PackagingEndpoints.cs(78,9): warning IL2026: Using member 'Microsoft.AspNetCore.Builder.EndpointRouteBuilderExtensions.MapPost(IEndpointRouteBuilder, String, Delegate)' which has 'RequiresUnreferencedCodeAttribute' can break functionality when trimming application code. This API may perform reflection on the supplied delegate and its parameters. These types may be trimmed if not directly referenced. [/home/runner/work/Market-Data-Collector/Market-Data-Collector/src/MarketDataCollector/MarketDataCollector.csproj]
/home/runner/work/Market-Data-Collector/Market-Data-Collector/src/MarketDataCollector/Application/Http/Endpoints/PackagingEndpoints.cs(114,9): warning IL2026: Using member 'Microsoft.AspNetCore.Builder.EndpointRouteBuilderExtensions.MapPost(IEndpointRouteBuilder, String, Delegate)' which has 'RequiresUnreferencedCodeAttribute' can break functionality when trimming application code. This API may perform reflection on the supplied delegate and its parameters. These types may be trimmed if not directly referenced. [/home/runner/work/Market-Data-Collector/Market-Data-Collector/src/MarketDataCollector/MarketDataCollector.csproj]
/home/runner/work/Market-Data-Collector/Market-Data-Collector/src/MarketDataCollector/Application/Http/Endpoints/PackagingEndpoints.cs(147,9): warning IL2026: Using member 'Microsoft.AspNetCore.Builder.EndpointRouteBuilderExtensions.MapGet(IEndpointRouteBuilder, String, Delegate)' which has 'RequiresUnreferencedCodeAttribute' can break functionality when trimming application code. This API may perform reflection on the supplied delegate and its parameters. These types may be trimmed if not directly referenced. [/home/runner/work/Market-Data-Collector/Market-Data-Collector/src/MarketDataCollector/MarketDataCollector.csproj]
/home/runner/work/Market-Data-Collector/Market-Data-Collector/src/MarketDataCollector/Application/Http/Endpoints/PackagingEndpoints.cs(180,9): warning IL2026: Using member 'Microsoft.AspNetCore.Builder.EndpointRouteBuilderExtensions.MapGet(IEndpointRouteBuilder, String, Delegate)' which has 'RequiresUnreferencedCodeAttribute' can break functionality when trimming application code. This API may perform reflection on the supplied delegate and its parameters. These types may be trimmed if not directly referenced. [/home/runner/work/Market-Data-Collector/Market-Data-Collector/src/MarketDataCollector/MarketDataCollector.csproj]
/home/runner/work/Market-Data-Collector/Market-Data-Collector/src/MarketDataCollector/Application/Http/Endpoints/PackagingEndpoints.cs(218,9): warning IL2026: Using member 'Microsoft.AspNetCore.Builder.EndpointRouteBuilderExtensions.MapDelete(IEndpointRouteBuilder, String, Delegate)' which has 'RequiresUnreferencedCodeAttribute' can break functionality when trimming application code. This API may perform reflection on the supplied delegate and its parameters. These types may be trimmed if not directly referenced. [/home/runner/work/Market-Data-Collector/Market-Data-Collector/src/MarketDataCollector/MarketDataCollector.csproj]
/home/runner/work/Market-Data-Collector/Market-Data-Collector/src/MarketDataCollector/Application/Http/Endpoints/PackagingEndpoints.cs(255,9): warning IL2026: Using member 'Microsoft.AspNetCore.Builder.EndpointRouteBuilderExtensions.MapGet(IEndpointRouteBuilder, String, Delegate)' which has 'RequiresUnreferencedCodeAttribute' can break functionality when trimming application code. This API may perform reflection on the supplied delegate and its parameters. These types may be trimmed if not directly referenced. [/home/runner/work/Market-Data-Collector/Market-Data-Collector/src/MarketDataCollector/MarketDataCollector.csproj]
/home/runner/work/Market-Data-Collector/Market-Data-Collector/src/MarketDataCollector/Application/Http/Endpoints/PackagingEndpoints.cs(59,23): warning IL2026: Using member 'Microsoft.AspNetCore.Http.Results.Json<TValue>(TValue, JsonSerializerOptions, String, Int32?)' which has 'RequiresUnreferencedCodeAttribute' can break functionality when trimming application code. JSON serialization and deserialization might require types that cannot be statically analyzed. Use the overload that takes a JsonTypeInfo or JsonSerializerContext. [/home/runner/work/Market-Data-Collector/Market-Data-Collector/src/MarketDataCollector/MarketDataCollector.csproj]
/home/runner/work/Market-Data-Collector/Market-Data-Collector/src/MarketDataCollector/Application/Http/Endpoints/PackagingEndpoints.cs(95,23): warning IL2026: Using member 'Microsoft.AspNetCore.Http.Results.Json<TValue>(TValue, JsonSerializerOptions, String, Int32?)' which has 'RequiresUnreferencedCodeAttribute' can break functionality when trimming application code. JSON serialization and deserialization might require types that cannot be statically analyzed. Use the overload that takes a JsonTypeInfo or JsonSerializerContext. [/home/runner/work/Market-Data-Collector/Market-Data-Collector/src/MarketDataCollector/MarketDataCollector.csproj]
/home/runner/work/Market-Data-Collector/Market-Data-Collector/src/MarketDataCollector/Application/Http/Endpoints/PackagingEndpoints.cs(125,24): warning IL2026: Using member 'Microsoft.AspNetCore.Http.Results.Json<TValue>(TValue, JsonSerializerOptions, String, Int32?)' which has 'RequiresUnreferencedCodeAttribute' can break functionality when trimming application code. JSON serialization and deserialization might require types that cannot be statically analyzed. Use the overload that takes a JsonTypeInfo or JsonSerializerContext. [/home/runner/work/Market-Data-Collector/Market-Data-Collector/src/MarketDataCollector/MarketDataCollector.csproj]
/home/runner/work/Market-Data-Collector/Market-Data-Collector/src/MarketDataCollector/Application/Http/Endpoints/PackagingEndpoints.cs(158,24): warning IL2026: Using member 'Microsoft.AspNetCore.Http.Results.Json<TValue>(TValue, JsonSerializerOptions, String, Int32?)' which has 'RequiresUnreferencedCodeAttribute' can break functionality when trimming application code. JSON serialization and deserialization might require types that cannot be statically analyzed. Use the overload that takes a JsonTypeInfo or JsonSerializerContext. [/home/runner/work/Market-Data-Collector/Market-Data-Collector/src/MarketDataCollector/MarketDataCollector.csproj]
/home/runner/work/Market-Data-Collector/Market-Data-Collector/src/MarketDataCollector/Application/Http/Endpoints/PackagingEndpoints.cs(187,28): warning IL2026: Using member 'Microsoft.AspNetCore.Http.Results.Json<TValue>(TValue, JsonSerializerOptions, String, Int32?)' which has 'RequiresUnreferencedCodeAttribute' can break functionality when trimming application code. JSON serialization and deserialization might require types that cannot be statically analyzed. Use the overload that takes a JsonTypeInfo or JsonSerializerContext. [/home/runner/work/Market-Data-Collector/Market-Data-Collector/src/MarketDataCollector/MarketDataCollector.csproj]
/home/runner/work/Market-Data-Collector/Market-Data-Collector/src/MarketDataCollector/Application/Http/Endpoints/PackagingEndpoints.cs(204,24): warning IL2026: Using member 'Microsoft.AspNetCore.Http.Results.Json<TValue>(TValue, JsonSerializerOptions, String, Int32?)' which has 'RequiresUnreferencedCodeAttribute' can break functionality when trimming application code. JSON serialization and deserialization might require types that cannot be statically analyzed. Use the overload that takes a JsonTypeInfo or JsonSerializerContext. [/home/runner/work/Market-Data-Collector/Market-Data-Collector/src/MarketDataCollector/MarketDataCollector.csproj]
/home/runner/work/Market-Data-Collector/Market-Data-Collector/src/MarketDataCollector/Application/Monitoring/StatusWriter.cs(56,20): warning IL2026: Using member 'System.Text.Json.JsonSerializer.Serialize<TValue>(TValue, JsonSerializerOptions)' which has 'RequiresUnreferencedCodeAttribute' can break functionality when trimming application code. JSON serialization and deserialization might require types that cannot be statically analyzed. Use the overload that takes a JsonTypeInfo or JsonSerializerContext, or make sure all of the required types are preserved. [/home/runner/work/Market-Data-Collector/Market-Data-Collector/src/MarketDataCollector/MarketDataCollector.csproj]
/home/runner/work/Market-Data-Collector/Market-Data-Collector/src/MarketDataCollector/Application/Monitoring/StatusHttpServer.cs(215,20): warning IL2026: Using member 'System.Text.Json.JsonSerializer.Serialize<TValue>(TValue, JsonSerializerOptions)' which has 'RequiresUnreferencedCodeAttribute' can break functionality when trimming application code. JSON serialization and deserialization might require types that cannot be statically analyzed. Use the overload that takes a JsonTypeInfo or JsonSerializerContext, or make sure all of the required types are preserved. [/home/runner/work/Market-Data-Collector/Market-Data-Collector/src/MarketDataCollector/MarketDataCollector.csproj]
/home/runner/work/Market-Data-Collector/Market-Data-Collector/src/MarketDataCollector/Application/Http/Endpoints/ArchiveMaintenanceEndpoints.cs(28,9): warning IL2026: Using member 'Microsoft.AspNetCore.Builder.EndpointRouteBuilderExtensions.MapGet(IEndpointRouteBuilder, String, Delegate)' which has 'RequiresUnreferencedCodeAttribute' can break functionality when trimming application code. This API may perform reflection on the supplied delegate and its parameters. These types may be trimmed if not directly referenced. [/home/runner/work/Market-Data-Collector/Market-Data-Collector/src/MarketDataCollector/MarketDataCollector.csproj]
/home/runner/work/Market-Data-Collector/Market-Data-Collector/src/MarketDataCollector/Application/Http/Endpoints/ArchiveMaintenanceEndpoints.cs(41,9): warning IL2026: Using member 'Microsoft.AspNetCore.Builder.EndpointRouteBuilderExtensions.MapGet(IEndpointRouteBuilder, String, Delegate)' which has 'RequiresUnreferencedCodeAttribute' can break functionality when trimming application code. This API may perform reflection on the supplied delegate and its parameters. These types may be trimmed if not directly referenced. [/home/runner/work/Market-Data-Collector/Market-Data-Collector/src/MarketDataCollector/MarketDataCollector.csproj]
/home/runner/work/Market-Data-Collector/Market-Data-Collector/src/MarketDataCollector/Application/Http/Endpoints/ArchiveMaintenanceEndpoints.cs(58,9): warning IL2026: Using member 'Microsoft.AspNetCore.Builder.EndpointRouteBuilderExtensions.MapPost(IEndpointRouteBuilder, String, Delegate)' which has 'RequiresUnreferencedCodeAttribute' can break functionality when trimming application code. This API may perform reflection on the supplied delegate and its parameters. These types may be trimmed if not directly referenced. [/home/runner/work/Market-Data-Collector/Market-Data-Collector/src/MarketDataCollector/MarketDataCollector.csproj]
/home/runner/work/Market-Data-Collector/Market-Data-Collector/src/MarketDataCollector/Application/Http/Endpoints/ArchiveMaintenanceEndpoints.cs(113,9): warning IL2026: Using member 'Microsoft.AspNetCore.Builder.EndpointRouteBuilderExtensions.MapPut(IEndpointRouteBuilder, String, Delegate)' which has 'RequiresUnreferencedCodeAttribute' can break functionality when trimming application code. This API may perform reflection on the supplied delegate and its parameters. These types may be trimmed if not directly referenced. [/home/runner/work/Market-Data-Collector/Market-Data-Collector/src/MarketDataCollector/MarketDataCollector.csproj]
/home/runner/work/Market-Data-Collector/Market-Data-Collector/src/MarketDataCollector/Application/Http/Endpoints/ArchiveMaintenanceEndpoints.cs(168,9): warning IL2026: Using member 'Microsoft.AspNetCore.Builder.EndpointRouteBuilderExtensions.MapDelete(IEndpointRouteBuilder, String, Delegate)' which has 'RequiresUnreferencedCodeAttribute' can break functionality when trimming application code. This API may perform reflection on the supplied delegate and its parameters. These types may be trimmed if not directly referenced. [/home/runner/work/Market-Data-Collector/Market-Data-Collector/src/MarketDataCollector/MarketDataCollector.csproj]
/home/runner/work/Market-Data-Collector/Market-Data-Collector/src/MarketDataCollector/Application/Http/Endpoints/ArchiveMaintenanceEndpoints.cs(187,9): warning IL2026: Using member 'Microsoft.AspNetCore.Builder.EndpointRouteBuilderExtensions.MapPost(IEndpointRouteBuilder, String, Delegate)' which has 'RequiresUnreferencedCodeAttribute' can break functionality when trimming application code. This API may perform reflection on the supplied delegate and its parameters. These types may be trimmed if not directly referenced. [/home/runner/work/Market-Data-Collector/Market-Data-Collector/src/MarketDataCollector/MarketDataCollector.csproj]
/home/runner/work/Market-Data-Collector/Market-Data-Collector/src/MarketDataCollector/Application/Http/Endpoints/ArchiveMaintenanceEndpoints.cs(204,9): warning IL2026: Using member 'Microsoft.AspNetCore.Builder.EndpointRouteBuilderExtensions.MapPost(IEndpointRouteBuilder, String, Delegate)' which has 'RequiresUnreferencedCodeAttribute' can break functionality when trimming application code. This API may perform reflection on the supplied delegate and its parameters. These types may be trimmed if not directly referenced. [/home/runner/work/Market-Data-Collector/Market-Data-Collector/src/MarketDataCollector/MarketDataCollector.csproj]
/home/runner/work/Market-Data-Collector/Market-Data-Collector/src/MarketDataCollector/Application/Http/Endpoints/ArchiveMaintenanceEndpoints.cs(221,9): warning IL2026: Using member 'Microsoft.AspNetCore.Builder.EndpointRouteBuilderExtensions.MapPost(IEndpointRouteBuilder, String, Delegate)' which has 'RequiresUnreferencedCodeAttribute' can break functionality when trimming application code. This API may perform reflection on the supplied delegate and its parameters. These types may be trimmed if not directly referenced. [/home/runner/work/Market-Data-Collector/Market-Data-Collector/src/MarketDataCollector/MarketDataCollector.csproj]
/home/runner/work/Market-Data-Collector/Market-Data-Collector/src/MarketDataCollector/Application/Http/Endpoints/ArchiveMaintenanceEndpoints.cs(242,9): warning IL2026: Using member 'Microsoft.AspNetCore.Builder.EndpointRouteBuilderExtensions.MapPost(IEndpointRouteBuilder, String, Delegate)' which has 'RequiresUnreferencedCodeAttribute' can break functionality when trimming application code. This API may perform reflection on the supplied delegate and its parameters. These types may be trimmed if not directly referenced. [/home/runner/work/Market-Data-Collector/Market-Data-Collector/src/MarketDataCollector/MarketDataCollector.csproj]
/home/runner/work/Market-Data-Collector/Market-Data-Collector/src/MarketDataCollector/Application/Http/Endpoints/ArchiveMaintenanceEndpoints.cs(266,9): warning IL2026: Using member 'Microsoft.AspNetCore.Builder.EndpointRouteBuilderExtensions.MapPost(IEndpointRouteBuilder, String, Delegate)' which has 'RequiresUnreferencedCodeAttribute' can break functionality when trimming application code. This API may perform reflection on the supplied delegate and its parameters. These types may be trimmed if not directly referenced. [/home/runner/work/Market-Data-Collector/Market-Data-Collector/src/MarketDataCollector/MarketDataCollector.csproj]
/home/runner/work/Market-Data-Collector/Market-Data-Collector/src/MarketDataCollector/Application/Http/Endpoints/ArchiveMaintenanceEndpoints.cs(285,9): warning IL2026: Using member 'Microsoft.AspNetCore.Builder.EndpointRouteBuilderExtensions.MapGet(IEndpointRouteBuilder, String, Delegate)' which has 'RequiresUnreferencedCodeAttribute' can break functionality when trimming application code. This API may perform reflection on the supplied delegate and its parameters. These types may be trimmed if not directly referenced. [/home/runner/work/Market-Data-Collector/Market-Data-Collector/src/MarketDataCollector/MarketDataCollector.csproj]
/home/runner/work/Market-Data-Collector/Market-Data-Collector/src/MarketDataCollector/Application/Http/Endpoints/ArchiveMaintenanceEndpoints.cs(300,9): warning IL2026: Using member 'Microsoft.AspNetCore.Builder.EndpointRouteBuilderExtensions.MapGet(IEndpointRouteBuilder, String, Delegate)' which has 'RequiresUnreferencedCodeAttribute' can break functionality when trimming application code. This API may perform reflection on the supplied delegate and its parameters. These types may be trimmed if not directly referenced. [/home/runner/work/Market-Data-Collector/Market-Data-Collector/src/MarketDataCollector/MarketDataCollector.csproj]
/home/runner/work/Market-Data-Collector/Market-Data-Collector/src/MarketDataCollector/Application/Http/Endpoints/ArchiveMaintenanceEndpoints.cs(317,9): warning IL2026: Using member 'Microsoft.AspNetCore.Builder.EndpointRouteBuilderExtensions.MapGet(IEndpointRouteBuilder, String, Delegate)' which has 'RequiresUnreferencedCodeAttribute' can break functionality when trimming application code. This API may perform reflection on the supplied delegate and its parameters. These types may be trimmed if not directly referenced. [/home/runner/work/Market-Data-Collector/Market-Data-Collector/src/MarketDataCollector/MarketDataCollector.csproj]
/home/runner/work/Market-Data-Collector/Market-Data-Collector/src/MarketDataCollector/Application/Http/Endpoints/ArchiveMaintenanceEndpoints.cs(333,9): warning IL2026: Using member 'Microsoft.AspNetCore.Builder.EndpointRouteBuilderExtensions.MapGet(IEndpointRouteBuilder, String, Delegate)' which has 'RequiresUnreferencedCodeAttribute' can break functionality when trimming application code. This API may perform reflection on the supplied delegate and its parameters. These types may be trimmed if not directly referenced. [/home/runner/work/Market-Data-Collector/Market-Data-Collector/src/MarketDataCollector/MarketDataCollector.csproj]
/home/runner/work/Market-Data-Collector/Market-Data-Collector/src/MarketDataCollector/Application/Http/Endpoints/ArchiveMaintenanceEndpoints.cs(350,9): warning IL2026: Using member 'Microsoft.AspNetCore.Builder.EndpointRouteBuilderExtensions.MapGet(IEndpointRouteBuilder, String, Delegate)' which has 'RequiresUnreferencedCodeAttribute' can break functionality when trimming application code. This API may perform reflection on the supplied delegate and its parameters. These types may be trimmed if not directly referenced. [/home/runner/work/Market-Data-Collector/Market-Data-Collector/src/MarketDataCollector/MarketDataCollector.csproj]
/home/runner/work/Market-Data-Collector/Market-Data-Collector/src/MarketDataCollector/Application/Http/Endpoints/ArchiveMaintenanceEndpoints.cs(363,9): warning IL2026: Using member 'Microsoft.AspNetCore.Builder.EndpointRouteBuilderExtensions.MapGet(IEndpointRouteBuilder, String, Delegate)' which has 'RequiresUnreferencedCodeAttribute' can break functionality when trimming application code. This API may perform reflection on the supplied delegate and its parameters. These types may be trimmed if not directly referenced. [/home/runner/work/Market-Data-Collector/Market-Data-Collector/src/MarketDataCollector/MarketDataCollector.csproj]
/home/runner/work/Market-Data-Collector/Market-Data-Collector/src/MarketDataCollector/Application/Http/Endpoints/ArchiveMaintenanceEndpoints.cs(379,9): warning IL2026: Using member 'Microsoft.AspNetCore.Builder.EndpointRouteBuilderExtensions.MapGet(IEndpointRouteBuilder, String, Delegate)' which has 'RequiresUnreferencedCodeAttribute' can break functionality when trimming application code. This API may perform reflection on the supplied delegate and its parameters. These types may be trimmed if not directly referenced. [/home/runner/work/Market-Data-Collector/Market-Data-Collector/src/MarketDataCollector/MarketDataCollector.csproj]
/home/runner/work/Market-Data-Collector/Market-Data-Collector/src/MarketDataCollector/Application/Http/Endpoints/ArchiveMaintenanceEndpoints.cs(408,9): warning IL2026: Using member 'Microsoft.AspNetCore.Builder.EndpointRouteBuilderExtensions.MapGet(IEndpointRouteBuilder, String, Delegate)' which has 'RequiresUnreferencedCodeAttribute' can break functionality when trimming application code. This API may perform reflection on the supplied delegate and its parameters. These types may be trimmed if not directly referenced. [/home/runner/work/Market-Data-Collector/Market-Data-Collector/src/MarketDataCollector/MarketDataCollector.csproj]
/home/runner/work/Market-Data-Collector/Market-Data-Collector/src/MarketDataCollector/Application/Http/Endpoints/ArchiveMaintenanceEndpoints.cs(423,9): warning IL2026: Using member 'Microsoft.AspNetCore.Builder.EndpointRouteBuilderExtensions.MapPost(IEndpointRouteBuilder, String, Delegate)' which has 'RequiresUnreferencedCodeAttribute' can break functionality when trimming application code. This API may perform reflection on the supplied delegate and its parameters. These types may be trimmed if not directly referenced. [/home/runner/work/Market-Data-Collector/Market-Data-Collector/src/MarketDataCollector/MarketDataCollector.csproj]
/home/runner/work/Market-Data-Collector/Market-Data-Collector/src/MarketDataCollector/Application/Http/Endpoints/ArchiveMaintenanceEndpoints.cs(464,9): warning IL2026: Using member 'Microsoft.AspNetCore.Builder.EndpointRouteBuilderExtensions.MapGet(IEndpointRouteBuilder, String, Delegate)' which has 'RequiresUnreferencedCodeAttribute' can break functionality when trimming application code. This API may perform reflection on the supplied delegate and its parameters. These types may be trimmed if not directly referenced. [/home/runner/work/Market-Data-Collector/Market-Data-Collector/src/MarketDataCollector/MarketDataCollector.csproj]
/home/runner/work/Market-Data-Collector/Market-Data-Collector/src/MarketDataCollector/Application/Http/Endpoints/ArchiveMaintenanceEndpoints.cs(522,9): warning IL2026: Using member 'Microsoft.AspNetCore.Builder.EndpointRouteBuilderExtensions.MapGet(IEndpointRouteBuilder, String, Delegate)' which has 'RequiresUnreferencedCodeAttribute' can break functionality when trimming application code. This API may perform reflection on the supplied delegate and its parameters. These types may be trimmed if not directly referenced. [/home/runner/work/Market-Data-Collector/Market-Data-Collector/src/MarketDataCollector/MarketDataCollector.csproj]
/home/runner/work/Market-Data-Collector/Market-Data-Collector/src/MarketDataCollector/Application/Http/Endpoints/ArchiveMaintenanceEndpoints.cs(545,9): warning IL2026: Using member 'Microsoft.AspNetCore.Builder.EndpointRouteBuilderExtensions.MapPost(IEndpointRouteBuilder, String, Delegate)' which has 'RequiresUnreferencedCodeAttribute' can break functionality when trimming application code. This API may perform reflection on the supplied delegate and its parameters. These types may be trimmed if not directly referenced. [/home/runner/work/Market-Data-Collector/Market-Data-Collector/src/MarketDataCollector/MarketDataCollector.csproj]
/home/runner/work/Market-Data-Collector/Market-Data-Collector/src/MarketDataCollector/Application/Http/Endpoints/ArchiveMaintenanceEndpoints.cs(33,24): warning IL2026: Using member 'Microsoft.AspNetCore.Http.Results.Json<TValue>(TValue, JsonSerializerOptions, String, Int32?)' which has 'RequiresUnreferencedCodeAttribute' can break functionality when trimming application code. JSON serialization and deserialization might require types that cannot be statically analyzed. Use the overload that takes a JsonTypeInfo or JsonSerializerContext. [/home/runner/work/Market-Data-Collector/Market-Data-Collector/src/MarketDataCollector/MarketDataCollector.csproj]
/home/runner/work/Market-Data-Collector/Market-Data-Collector/src/MarketDataCollector/Application/Http/Endpoints/ArchiveMaintenanceEndpoints.cs(50,23): warning IL2026: Using member 'Microsoft.AspNetCore.Http.Results.Json<TValue>(TValue, JsonSerializerOptions, String, Int32?)' which has 'RequiresUnreferencedCodeAttribute' can break functionality when trimming application code. JSON serialization and deserialization might require types that cannot be statically analyzed. Use the overload that takes a JsonTypeInfo or JsonSerializerContext. [/home/runner/work/Market-Data-Collector/Market-Data-Collector/src/MarketDataCollector/MarketDataCollector.csproj]
/home/runner/work/Market-Data-Collector/Market-Data-Collector/src/MarketDataCollector/Application/Http/Endpoints/ArchiveMaintenanceEndpoints.cs(101,24): warning IL2026: Using member 'Microsoft.AspNetCore.Http.Results.Json<TValue>(TValue, JsonSerializerOptions, String, Int32?)' which has 'RequiresUnreferencedCodeAttribute' can break functionality when trimming application code. JSON serialization and deserialization might require types that cannot be statically analyzed. Use the overload that takes a JsonTypeInfo or JsonSerializerContext. [/home/runner/work/Market-Data-Collector/Market-Data-Collector/src/MarketDataCollector/MarketDataCollector.csproj]
/home/runner/work/Market-Data-Collector/Market-Data-Collector/src/MarketDataCollector/Application/Http/Endpoints/ArchiveMaintenanceEndpoints.cs(156,24): warning IL2026: Using member 'Microsoft.AspNetCore.Http.Results.Json<TValue>(TValue, JsonSerializerOptions, String, Int32?)' which has 'RequiresUnreferencedCodeAttribute' can break functionality when trimming application code. JSON serialization and deserialization might require types that cannot be statically analyzed. Use the overload that takes a JsonTypeInfo or JsonSerializerContext. [/home/runner/work/Market-Data-Collector/Market-Data-Collector/src/MarketDataCollector/MarketDataCollector.csproj]
/home/runner/work/Market-Data-Collector/Market-Data-Collector/src/MarketDataCollector/Application/Monitoring/StatusHttpServer.cs(274,20): warning IL2026: Using member 'System.Text.Json.JsonSerializer.Serialize<TValue>(TValue, JsonSerializerOptions)' which has 'RequiresUnreferencedCodeAttribute' can break functionality when trimming application code. JSON serialization and deserialization might require types that cannot be statically analyzed. Use the overload that takes a JsonTypeInfo or JsonSerializerContext, or make sure all of the required types are preserved. [/home/runner/work/Market-Data-Collector/Market-Data-Collector/src/MarketDataCollector/MarketDataCollector.csproj]
/home/runner/work/Market-Data-Collector/Market-Data-Collector/src/MarketDataCollector/Application/Http/Endpoints/ArchiveMaintenanceEndpoints.cs(228,24): warning IL2026: Using member 'Microsoft.AspNetCore.Http.Results.Json<TValue>(TValue, JsonSerializerOptions, String, Int32?)' which has 'RequiresUnreferencedCodeAttribute' can break functionality when trimming application code. JSON serialization and deserialization might require types that cannot be statically analyzed. Use the overload that takes a JsonTypeInfo or JsonSerializerContext. [/home/runner/work/Market-Data-Collector/Market-Data-Collector/src/MarketDataCollector/MarketDataCollector.csproj]
/home/runner/work/Market-Data-Collector/Market-Data-Collector/src/MarketDataCollector/Application/Http/Endpoints/ArchiveMaintenanceEndpoints.cs(258,24): warning IL2026: Using member 'Microsoft.AspNetCore.Http.Results.Json<TValue>(TValue, JsonSerializerOptions, String, Int32?)' which has 'RequiresUnreferencedCodeAttribute' can break functionality when trimming application code. JSON serialization and deserialization might require types that cannot be statically analyzed. Use the overload that takes a JsonTypeInfo or JsonSerializerContext. [/home/runner/work/Market-Data-Collector/Market-Data-Collector/src/MarketDataCollector/MarketDataCollector.csproj]
/home/runner/work/Market-Data-Collector/Market-Data-Collector/src/MarketDataCollector/Application/Http/Endpoints/ArchiveMaintenanceEndpoints.cs(292,24): warning IL2026: Using member 'Microsoft.AspNetCore.Http.Results.Json<TValue>(TValue, JsonSerializerOptions, String, Int32?)' which has 'RequiresUnreferencedCodeAttribute' can break functionality when trimming application code. JSON serialization and deserialization might require types that cannot be statically analyzed. Use the overload that takes a JsonTypeInfo or JsonSerializerContext. [/home/runner/work/Market-Data-Collector/Market-Data-Collector/src/MarketDataCollector/MarketDataCollector.csproj]
/home/runner/work/Market-Data-Collector/Market-Data-Collector/src/MarketDataCollector/Application/Http/Endpoints/ArchiveMaintenanceEndpoints.cs(309,23): warning IL2026: Using member 'Microsoft.AspNetCore.Http.Results.Json<TValue>(TValue, JsonSerializerOptions, String, Int32?)' which has 'RequiresUnreferencedCodeAttribute' can break functionality when trimming application code. JSON serialization and deserialization might require types that cannot be statically analyzed. Use the overload that takes a JsonTypeInfo or JsonSerializerContext. [/home/runner/work/Market-Data-Collector/Market-Data-Collector/src/MarketDataCollector/MarketDataCollector.csproj]
/home/runner/work/Market-Data-Collector/Market-Data-Collector/src/MarketDataCollector/Application/Http/Endpoints/ArchiveMaintenanceEndpoints.cs(325,24): warning IL2026: Using member 'Microsoft.AspNetCore.Http.Results.Json<TValue>(TValue, JsonSerializerOptions, String, Int32?)' which has 'RequiresUnreferencedCodeAttribute' can break functionality when trimming application code. JSON serialization and deserialization might require types that cannot be statically analyzed. Use the overload that takes a JsonTypeInfo or JsonSerializerContext. [/home/runner/work/Market-Data-Collector/Market-Data-Collector/src/MarketDataCollector/MarketDataCollector.csproj]
/home/runner/work/Market-Data-Collector/Market-Data-Collector/src/MarketDataCollector/Application/Http/Endpoints/ArchiveMaintenanceEndpoints.cs(340,24): warning IL2026: Using member 'Microsoft.AspNetCore.Http.Results.Json<TValue>(TValue, JsonSerializerOptions, String, Int32?)' which has 'RequiresUnreferencedCodeAttribute' can break functionality when trimming application code. JSON serialization and deserialization might require types that cannot be statically analyzed. Use the overload that takes a JsonTypeInfo or JsonSerializerContext. [/home/runner/work/Market-Data-Collector/Market-Data-Collector/src/MarketDataCollector/MarketDataCollector.csproj]
/home/runner/work/Market-Data-Collector/Market-Data-Collector/src/MarketDataCollector/Application/Http/Endpoints/ArchiveMaintenanceEndpoints.cs(355,24): warning IL2026: Using member 'Microsoft.AspNetCore.Http.Results.Json<TValue>(TValue, JsonSerializerOptions, String, Int32?)' which has 'RequiresUnreferencedCodeAttribute' can break functionality when trimming application code. JSON serialization and deserialization might require types that cannot be statically analyzed. Use the overload that takes a JsonTypeInfo or JsonSerializerContext. [/home/runner/work/Market-Data-Collector/Market-Data-Collector/src/MarketDataCollector/MarketDataCollector.csproj]
/home/runner/work/Market-Data-Collector/Market-Data-Collector/src/MarketDataCollector/Application/Http/Endpoints/ArchiveMaintenanceEndpoints.cs(371,24): warning IL2026: Using member 'Microsoft.AspNetCore.Http.Results.Json<TValue>(TValue, JsonSerializerOptions, String, Int32?)' which has 'RequiresUnreferencedCodeAttribute' can break functionality when trimming application code. JSON serialization and deserialization might require types that cannot be statically analyzed. Use the overload that takes a JsonTypeInfo or JsonSerializerContext. [/home/runner/work/Market-Data-Collector/Market-Data-Collector/src/MarketDataCollector/MarketDataCollector.csproj]
/home/runner/work/Market-Data-Collector/Market-Data-Collector/src/MarketDataCollector/Application/Http/Endpoints/ArchiveMaintenanceEndpoints.cs(398,24): warning IL2026: Using member 'Microsoft.AspNetCore.Http.Results.Json<TValue>(TValue, JsonSerializerOptions, String, Int32?)' which has 'RequiresUnreferencedCodeAttribute' can break functionality when trimming application code. JSON serialization and deserialization might require types that cannot be statically analyzed. Use the overload that takes a JsonTypeInfo or JsonSerializerContext. [/home/runner/work/Market-Data-Collector/Market-Data-Collector/src/MarketDataCollector/MarketDataCollector.csproj]
/home/runner/work/Market-Data-Collector/Market-Data-Collector/src/MarketDataCollector/Application/Http/Endpoints/ArchiveMaintenanceEndpoints.cs(413,24): warning IL2026: Using member 'Microsoft.AspNetCore.Http.Results.Json<TValue>(TValue, JsonSerializerOptions, String, Int32?)' which has 'RequiresUnreferencedCodeAttribute' can break functionality when trimming application code. JSON serialization and deserialization might require types that cannot be statically analyzed. Use the overload that takes a JsonTypeInfo or JsonSerializerContext. [/home/runner/work/Market-Data-Collector/Market-Data-Collector/src/MarketDataCollector/MarketDataCollector.csproj]
/home/runner/work/Market-Data-Collector/Market-Data-Collector/src/MarketDataCollector/Application/Http/Endpoints/ArchiveMaintenanceEndpoints.cs(445,24): warning IL2026: Using member 'Microsoft.AspNetCore.Http.Results.Json<TValue>(TValue, JsonSerializerOptions, String, Int32?)' which has 'RequiresUnreferencedCodeAttribute' can break functionality when trimming application code. JSON serialization and deserialization might require types that cannot be statically analyzed. Use the overload that takes a JsonTypeInfo or JsonSerializerContext. [/home/runner/work/Market-Data-Collector/Market-Data-Collector/src/MarketDataCollector/MarketDataCollector.csproj]
/home/runner/work/Market-Data-Collector/Market-Data-Collector/src/MarketDataCollector/Application/Http/Endpoints/ArchiveMaintenanceEndpoints.cs(512,24): warning IL2026: Using member 'Microsoft.AspNetCore.Http.Results.Json<TValue>(TValue, JsonSerializerOptions, String, Int32?)' which has 'RequiresUnreferencedCodeAttribute' can break functionality when trimming application code. JSON serialization and deserialization might require types that cannot be statically analyzed. Use the overload that takes a JsonTypeInfo or JsonSerializerContext. [/home/runner/work/Market-Data-Collector/Market-Data-Collector/src/MarketDataCollector/MarketDataCollector.csproj]
/home/runner/work/Market-Data-Collector/Market-Data-Collector/src/MarketDataCollector/Application/Http/Endpoints/ArchiveMaintenanceEndpoints.cs(535,24): warning IL2026: Using member 'Microsoft.AspNetCore.Http.Results.Json<TValue>(TValue, JsonSerializerOptions, String, Int32?)' which has 'RequiresUnreferencedCodeAttribute' can break functionality when trimming application code. JSON serialization and deserialization might require types that cannot be statically analyzed. Use the overload that takes a JsonTypeInfo or JsonSerializerContext. [/home/runner/work/Market-Data-Collector/Market-Data-Collector/src/MarketDataCollector/MarketDataCollector.csproj]
/home/runner/work/Market-Data-Collector/Market-Data-Collector/src/MarketDataCollector/Application/Monitoring/StatusHttpServer.cs(286,20): warning IL2026: Using member 'System.Text.Json.JsonSerializer.Serialize<TValue>(TValue, JsonSerializerOptions)' which has 'RequiresUnreferencedCodeAttribute' can break functionality when trimming application code. JSON serialization and deserialization might require types that cannot be statically analyzed. Use the overload that takes a JsonTypeInfo or JsonSerializerContext, or make sure all of the required types are preserved. [/home/runner/work/Market-Data-Collector/Market-Data-Collector/src/MarketDataCollector/MarketDataCollector.csproj]
/home/runner/work/Market-Data-Collector/Market-Data-Collector/src/MarketDataCollector/Application/Monitoring/StatusHttpServer.cs(305,20): warning IL2026: Using member 'System.Text.Json.JsonSerializer.Serialize<TValue>(TValue, JsonSerializerOptions)' which has 'RequiresUnreferencedCodeAttribute' can break functionality when trimming application code. JSON serialization and deserialization might require types that cannot be statically analyzed. Use the overload that takes a JsonTypeInfo or JsonSerializerContext, or make sure all of the required types are preserved. [/home/runner/work/Market-Data-Collector/Market-Data-Collector/src/MarketDataCollector/MarketDataCollector.csproj]
/home/runner/work/Market-Data-Collector/Market-Data-Collector/src/MarketDataCollector/Application/Monitoring/StatusHttpServer.cs(360,20): warning IL2026: Using member 'System.Text.Json.JsonSerializer.Serialize<TValue>(TValue, JsonSerializerOptions)' which has 'RequiresUnreferencedCodeAttribute' can break functionality when trimming application code. JSON serialization and deserialization might require types that cannot be statically analyzed. Use the overload that takes a JsonTypeInfo or JsonSerializerContext, or make sure all of the required types are preserved. [/home/runner/work/Market-Data-Collector/Market-Data-Collector/src/MarketDataCollector/MarketDataCollector.csproj]
/home/runner/work/Market-Data-Collector/Market-Data-Collector/src/MarketDataCollector/Application/Monitoring/ProviderLatencyService.cs(163,16): warning IL2026: Using member 'System.Text.Json.JsonSerializer.Serialize<TValue>(TValue, JsonSerializerOptions)' which has 'RequiresUnreferencedCodeAttribute' can break functionality when trimming application code. JSON serialization and deserialization might require types that cannot be statically analyzed. Use the overload that takes a JsonTypeInfo or JsonSerializerContext, or make sure all of the required types are preserved. [/home/runner/work/Market-Data-Collector/Market-Data-Collector/src/MarketDataCollector/MarketDataCollector.csproj]
/home/runner/work/Market-Data-Collector/Market-Data-Collector/src/MarketDataCollector/Application/Monitoring/StatusHttpServer.cs(377,24): warning IL2026: Using member 'System.Text.Json.JsonSerializer.Serialize<TValue>(TValue, JsonSerializerOptions)' which has 'RequiresUnreferencedCodeAttribute' can break functionality when trimming application code. JSON serialization and deserialization might require types that cannot be statically analyzed. Use the overload that takes a JsonTypeInfo or JsonSerializerContext, or make sure all of the required types are preserved. [/home/runner/work/Market-Data-Collector/Market-Data-Collector/src/MarketDataCollector/MarketDataCollector.csproj]
/home/runner/work/Market-Data-Collector/Market-Data-Collector/src/MarketDataCollector/Application/Monitoring/StatusHttpServer.cs(392,26): warning IL2026: Using member 'System.Text.Json.JsonSerializer.Serialize<TValue>(TValue, JsonSerializerOptions)' which has 'RequiresUnreferencedCodeAttribute' can break functionality when trimming application code. JSON serialization and deserialization might require types that cannot be statically analyzed. Use the overload that takes a JsonTypeInfo or JsonSerializerContext, or make sure all of the required types are preserved. [/home/runner/work/Market-Data-Collector/Market-Data-Collector/src/MarketDataCollector/MarketDataCollector.csproj]
/home/runner/work/Market-Data-Collector/Market-Data-Collector/src/MarketDataCollector/Application/Monitoring/StatusHttpServer.cs(453,23): warning IL2026: Using member 'System.Text.Json.JsonSerializer.Serialize<TValue>(TValue, JsonSerializerOptions)' which has 'RequiresUnreferencedCodeAttribute' can break functionality when trimming application code. JSON serialization and deserialization might require types that cannot be statically analyzed. Use the overload that takes a JsonTypeInfo or JsonSerializerContext, or make sure all of the required types are preserved. [/home/runner/work/Market-Data-Collector/Market-Data-Collector/src/MarketDataCollector/MarketDataCollector.csproj]
/home/runner/work/Market-Data-Collector/Market-Data-Collector/src/MarketDataCollector/Application/Monitoring/StatusHttpServer.cs(466,20): warning IL2026: Using member 'System.Text.Json.JsonSerializer.Serialize<TValue>(TValue, JsonSerializerOptions)' which has 'RequiresUnreferencedCodeAttribute' can break functionality when trimming application code. JSON serialization and deserialization might require types that cannot be statically analyzed. Use the overload that takes a JsonTypeInfo or JsonSerializerContext, or make sure all of the required types are preserved. [/home/runner/work/Market-Data-Collector/Market-Data-Collector/src/MarketDataCollector/MarketDataCollector.csproj]
/home/runner/work/Market-Data-Collector/Market-Data-Collector/src/MarketDataCollector/Application/Monitoring/StatusHttpServer.cs(482,24): warning IL2026: Using member 'System.Text.Json.JsonSerializer.Serialize<TValue>(TValue, JsonSerializerOptions)' which has 'RequiresUnreferencedCodeAttribute' can break functionality when trimming application code. JSON serialization and deserialization might require types that cannot be statically analyzed. Use the overload that takes a JsonTypeInfo or JsonSerializerContext, or make sure all of the required types are preserved. [/home/runner/work/Market-Data-Collector/Market-Data-Collector/src/MarketDataCollector/MarketDataCollector.csproj]
/home/runner/work/Market-Data-Collector/Market-Data-Collector/src/MarketDataCollector/Application/Monitoring/StatusHttpServer.cs(487,28): warning IL2026: Using member 'System.Text.Json.JsonSerializer.Serialize<TValue>(TValue, JsonSerializerOptions)' which has 'RequiresUnreferencedCodeAttribute' can break functionality when trimming application code. JSON serialization and deserialization might require types that cannot be statically analyzed. Use the overload that takes a JsonTypeInfo or JsonSerializerContext, or make sure all of the required types are preserved. [/home/runner/work/Market-Data-Collector/Market-Data-Collector/src/MarketDataCollector/MarketDataCollector.csproj]
/home/runner/work/Market-Data-Collector/Market-Data-Collector/src/MarketDataCollector/Application/Monitoring/StatusHttpServer.cs(503,24): warning IL2026: Using member 'System.Text.Json.JsonSerializer.Serialize<TValue>(TValue, JsonSerializerOptions)' which has 'RequiresUnreferencedCodeAttribute' can break functionality when trimming application code. JSON serialization and deserialization might require types that cannot be statically analyzed. Use the overload that takes a JsonTypeInfo or JsonSerializerContext, or make sure all of the required types are preserved. [/home/runner/work/Market-Data-Collector/Market-Data-Collector/src/MarketDataCollector/MarketDataCollector.csproj]
/home/runner/work/Market-Data-Collector/Market-Data-Collector/src/MarketDataCollector/Application/Monitoring/StatusHttpServer.cs(508,28): warning IL2026: Using member 'System.Text.Json.JsonSerializer.Serialize<TValue>(TValue, JsonSerializerOptions)' which has 'RequiresUnreferencedCodeAttribute' can break functionality when trimming application code. JSON serialization and deserialization might require types that cannot be statically analyzed. Use the overload that takes a JsonTypeInfo or JsonSerializerContext, or make sure all of the required types are preserved. [/home/runner/work/Market-Data-Collector/Market-Data-Collector/src/MarketDataCollector/MarketDataCollector.csproj]
/home/runner/work/Market-Data-Collector/Market-Data-Collector/src/MarketDataCollector/Application/Http/Endpoints/DataQualityEndpoints.cs(25,9): warning IL2026: Using member 'Microsoft.AspNetCore.Builder.EndpointRouteBuilderExtensions.MapGet(IEndpointRouteBuilder, String, Delegate)' which has 'RequiresUnreferencedCodeAttribute' can break functionality when trimming application code. This API may perform reflection on the supplied delegate and its parameters. These types may be trimmed if not directly referenced. [/home/runner/work/Market-Data-Collector/Market-Data-Collector/src/MarketDataCollector/MarketDataCollector.csproj]
/home/runner/work/Market-Data-Collector/Market-Data-Collector/src/MarketDataCollector/Application/Http/Endpoints/DataQualityEndpoints.cs(38,9): warning IL2026: Using member 'Microsoft.AspNetCore.Builder.EndpointRouteBuilderExtensions.MapGet(IEndpointRouteBuilder, String, Delegate)' which has 'RequiresUnreferencedCodeAttribute' can break functionality when trimming application code. This API may perform reflection on the supplied delegate and its parameters. These types may be trimmed if not directly referenced. [/home/runner/work/Market-Data-Collector/Market-Data-Collector/src/MarketDataCollector/MarketDataCollector.csproj]
/home/runner/work/Market-Data-Collector/Market-Data-Collector/src/MarketDataCollector/Application/Http/Endpoints/DataQualityEndpoints.cs(53,9): warning IL2026: Using member 'Microsoft.AspNetCore.Builder.EndpointRouteBuilderExtensions.MapGet(IEndpointRouteBuilder, String, Delegate)' which has 'RequiresUnreferencedCodeAttribute' can break functionality when trimming application code. This API may perform reflection on the supplied delegate and its parameters. These types may be trimmed if not directly referenced. [/home/runner/work/Market-Data-Collector/Market-Data-Collector/src/MarketDataCollector/MarketDataCollector.csproj]
/home/runner/work/Market-Data-Collector/Market-Data-Collector/src/MarketDataCollector/Application/Http/Endpoints/DataQualityEndpoints.cs(70,9): warning IL2026: Using member 'Microsoft.AspNetCore.Builder.EndpointRouteBuilderExtensions.MapGet(IEndpointRouteBuilder, String, Delegate)' which has 'RequiresUnreferencedCodeAttribute' can break functionality when trimming application code. This API may perform reflection on the supplied delegate and its parameters. These types may be trimmed if not directly referenced. [/home/runner/work/Market-Data-Collector/Market-Data-Collector/src/MarketDataCollector/MarketDataCollector.csproj]
/home/runner/work/Market-Data-Collector/Market-Data-Collector/src/MarketDataCollector/Application/Http/Endpoints/DataQualityEndpoints.cs(92,9): warning IL2026: Using member 'Microsoft.AspNetCore.Builder.EndpointRouteBuilderExtensions.MapGet(IEndpointRouteBuilder, String, Delegate)' which has 'RequiresUnreferencedCodeAttribute' can break functionality when trimming application code. This API may perform reflection on the supplied delegate and its parameters. These types may be trimmed if not directly referenced. [/home/runner/work/Market-Data-Collector/Market-Data-Collector/src/MarketDataCollector/MarketDataCollector.csproj]
/home/runner/work/Market-Data-Collector/Market-Data-Collector/src/MarketDataCollector/Application/Http/Endpoints/DataQualityEndpoints.cs(105,9): warning IL2026: Using member 'Microsoft.AspNetCore.Builder.EndpointRouteBuilderExtensions.MapGet(IEndpointRouteBuilder, String, Delegate)' which has 'RequiresUnreferencedCodeAttribute' can break functionality when trimming application code. This API may perform reflection on the supplied delegate and its parameters. These types may be trimmed if not directly referenced. [/home/runner/work/Market-Data-Collector/Market-Data-Collector/src/MarketDataCollector/MarketDataCollector.csproj]
/home/runner/work/Market-Data-Collector/Market-Data-Collector/src/MarketDataCollector/Application/Http/Endpoints/DataQualityEndpoints.cs(124,9): warning IL2026: Using member 'Microsoft.AspNetCore.Builder.EndpointRouteBuilderExtensions.MapGet(IEndpointRouteBuilder, String, Delegate)' which has 'RequiresUnreferencedCodeAttribute' can break functionality when trimming application code. This API may perform reflection on the supplied delegate and its parameters. These types may be trimmed if not directly referenced. [/home/runner/work/Market-Data-Collector/Market-Data-Collector/src/MarketDataCollector/MarketDataCollector.csproj]
/home/runner/work/Market-Data-Collector/Market-Data-Collector/src/MarketDataCollector/Application/Http/Endpoints/DataQualityEndpoints.cs(144,9): warning IL2026: Using member 'Microsoft.AspNetCore.Builder.EndpointRouteBuilderExtensions.MapGet(IEndpointRouteBuilder, String, Delegate)' which has 'RequiresUnreferencedCodeAttribute' can break functionality when trimming application code. This API may perform reflection on the supplied delegate and its parameters. These types may be trimmed if not directly referenced. [/home/runner/work/Market-Data-Collector/Market-Data-Collector/src/MarketDataCollector/MarketDataCollector.csproj]
/home/runner/work/Market-Data-Collector/Market-Data-Collector/src/MarketDataCollector/Application/Http/Endpoints/DataQualityEndpoints.cs(161,9): warning IL2026: Using member 'Microsoft.AspNetCore.Builder.EndpointRouteBuilderExtensions.MapGet(IEndpointRouteBuilder, String, Delegate)' which has 'RequiresUnreferencedCodeAttribute' can break functionality when trimming application code. This API may perform reflection on the supplied delegate and its parameters. These types may be trimmed if not directly referenced. [/home/runner/work/Market-Data-Collector/Market-Data-Collector/src/MarketDataCollector/MarketDataCollector.csproj]
/home/runner/work/Market-Data-Collector/Market-Data-Collector/src/MarketDataCollector/Application/Http/Endpoints/DataQualityEndpoints.cs(178,9): warning IL2026: Using member 'Microsoft.AspNetCore.Builder.EndpointRouteBuilderExtensions.MapGet(IEndpointRouteBuilder, String, Delegate)' which has 'RequiresUnreferencedCodeAttribute' can break functionality when trimming application code. This API may perform reflection on the supplied delegate and its parameters. These types may be trimmed if not directly referenced. [/home/runner/work/Market-Data-Collector/Market-Data-Collector/src/MarketDataCollector/MarketDataCollector.csproj]
/home/runner/work/Market-Data-Collector/Market-Data-Collector/src/MarketDataCollector/Application/Http/Endpoints/DataQualityEndpoints.cs(197,9): warning IL2026: Using member 'Microsoft.AspNetCore.Builder.EndpointRouteBuilderExtensions.MapGet(IEndpointRouteBuilder, String, Delegate)' which has 'RequiresUnreferencedCodeAttribute' can break functionality when trimming application code. This API may perform reflection on the supplied delegate and its parameters. These types may be trimmed if not directly referenced. [/home/runner/work/Market-Data-Collector/Market-Data-Collector/src/MarketDataCollector/MarketDataCollector.csproj]
/home/runner/work/Market-Data-Collector/Market-Data-Collector/src/MarketDataCollector/Application/Http/Endpoints/DataQualityEndpoints.cs(217,9): warning IL2026: Using member 'Microsoft.AspNetCore.Builder.EndpointRouteBuilderExtensions.MapGet(IEndpointRouteBuilder, String, Delegate)' which has 'RequiresUnreferencedCodeAttribute' can break functionality when trimming application code. This API may perform reflection on the supplied delegate and its parameters. These types may be trimmed if not directly referenced. [/home/runner/work/Market-Data-Collector/Market-Data-Collector/src/MarketDataCollector/MarketDataCollector.csproj]
/home/runner/work/Market-Data-Collector/Market-Data-Collector/src/MarketDataCollector/Application/Http/Endpoints/DataQualityEndpoints.cs(231,9): warning IL2026: Using member 'Microsoft.AspNetCore.Builder.EndpointRouteBuilderExtensions.MapGet(IEndpointRouteBuilder, String, Delegate)' which has 'RequiresUnreferencedCodeAttribute' can break functionality when trimming application code. This API may perform reflection on the supplied delegate and its parameters. These types may be trimmed if not directly referenced. [/home/runner/work/Market-Data-Collector/Market-Data-Collector/src/MarketDataCollector/MarketDataCollector.csproj]
/home/runner/work/Market-Data-Collector/Market-Data-Collector/src/MarketDataCollector/Application/Http/Endpoints/DataQualityEndpoints.cs(244,9): warning IL2026: Using member 'Microsoft.AspNetCore.Builder.EndpointRouteBuilderExtensions.MapGet(IEndpointRouteBuilder, String, Delegate)' which has 'RequiresUnreferencedCodeAttribute' can break functionality when trimming application code. This API may perform reflection on the supplied delegate and its parameters. These types may be trimmed if not directly referenced. [/home/runner/work/Market-Data-Collector/Market-Data-Collector/src/MarketDataCollector/MarketDataCollector.csproj]
/home/runner/work/Market-Data-Collector/Market-Data-Collector/src/MarketDataCollector/Application/Http/Endpoints/DataQualityEndpoints.cs(259,9): warning IL2026: Using member 'Microsoft.AspNetCore.Builder.EndpointRouteBuilderExtensions.MapGet(IEndpointRouteBuilder, String, Delegate)' which has 'RequiresUnreferencedCodeAttribute' can break functionality when trimming application code. This API may perform reflection on the supplied delegate and its parameters. These types may be trimmed if not directly referenced. [/home/runner/work/Market-Data-Collector/Market-Data-Collector/src/MarketDataCollector/MarketDataCollector.csproj]
/home/runner/work/Market-Data-Collector/Market-Data-Collector/src/MarketDataCollector/Application/Http/Endpoints/DataQualityEndpoints.cs(291,9): warning IL2026: Using member 'Microsoft.AspNetCore.Builder.EndpointRouteBuilderExtensions.MapGet(IEndpointRouteBuilder, String, Delegate)' which has 'RequiresUnreferencedCodeAttribute' can break functionality when trimming application code. This API may perform reflection on the supplied delegate and its parameters. These types may be trimmed if not directly referenced. [/home/runner/work/Market-Data-Collector/Market-Data-Collector/src/MarketDataCollector/MarketDataCollector.csproj]
/home/runner/work/Market-Data-Collector/Market-Data-Collector/src/MarketDataCollector/Application/Http/Endpoints/DataQualityEndpoints.cs(304,9): warning IL2026: Using member 'Microsoft.AspNetCore.Builder.EndpointRouteBuilderExtensions.MapGet(IEndpointRouteBuilder, String, Delegate)' which has 'RequiresUnreferencedCodeAttribute' can break functionality when trimming application code. This API may perform reflection on the supplied delegate and its parameters. These types may be trimmed if not directly referenced. [/home/runner/work/Market-Data-Collector/Market-Data-Collector/src/MarketDataCollector/MarketDataCollector.csproj]
/home/runner/work/Market-Data-Collector/Market-Data-Collector/src/MarketDataCollector/Application/Http/Endpoints/DataQualityEndpoints.cs(317,9): warning IL2026: Using member 'Microsoft.AspNetCore.Builder.EndpointRouteBuilderExtensions.MapPost(IEndpointRouteBuilder, String, Delegate)' which has 'RequiresUnreferencedCodeAttribute' can break functionality when trimming application code. This API may perform reflection on the supplied delegate and its parameters. These types may be trimmed if not directly referenced. [/home/runner/work/Market-Data-Collector/Market-Data-Collector/src/MarketDataCollector/MarketDataCollector.csproj]
/home/runner/work/Market-Data-Collector/Market-Data-Collector/src/MarketDataCollector/Application/Http/Endpoints/DataQualityEndpoints.cs(332,9): warning IL2026: Using member 'Microsoft.AspNetCore.Builder.EndpointRouteBuilderExtensions.MapGet(IEndpointRouteBuilder, String, Delegate)' which has 'RequiresUnreferencedCodeAttribute' can break functionality when trimming application code. This API may perform reflection on the supplied delegate and its parameters. These types may be trimmed if not directly referenced. [/home/runner/work/Market-Data-Collector/Market-Data-Collector/src/MarketDataCollector/MarketDataCollector.csproj]
/home/runner/work/Market-Data-Collector/Market-Data-Collector/src/MarketDataCollector/Application/Http/Endpoints/DataQualityEndpoints.cs(345,9): warning IL2026: Using member 'Microsoft.AspNetCore.Builder.EndpointRouteBuilderExtensions.MapGet(IEndpointRouteBuilder, String, Delegate)' which has 'RequiresUnreferencedCodeAttribute' can break functionality when trimming application code. This API may perform reflection on the supplied delegate and its parameters. These types may be trimmed if not directly referenced. [/home/runner/work/Market-Data-Collector/Market-Data-Collector/src/MarketDataCollector/MarketDataCollector.csproj]
/home/runner/work/Market-Data-Collector/Market-Data-Collector/src/MarketDataCollector/Application/Http/Endpoints/DataQualityEndpoints.cs(360,9): warning IL2026: Using member 'Microsoft.AspNetCore.Builder.EndpointRouteBuilderExtensions.MapGet(IEndpointRouteBuilder, String, Delegate)' which has 'RequiresUnreferencedCodeAttribute' can break functionality when trimming application code. This API may perform reflection on the supplied delegate and its parameters. These types may be trimmed if not directly referenced. [/home/runner/work/Market-Data-Collector/Market-Data-Collector/src/MarketDataCollector/MarketDataCollector.csproj]
/home/runner/work/Market-Data-Collector/Market-Data-Collector/src/MarketDataCollector/Application/Http/Endpoints/DataQualityEndpoints.cs(373,9): warning IL2026: Using member 'Microsoft.AspNetCore.Builder.EndpointRouteBuilderExtensions.MapGet(IEndpointRouteBuilder, String, Delegate)' which has 'RequiresUnreferencedCodeAttribute' can break functionality when trimming application code. This API may perform reflection on the supplied delegate and its parameters. These types may be trimmed if not directly referenced. [/home/runner/work/Market-Data-Collector/Market-Data-Collector/src/MarketDataCollector/MarketDataCollector.csproj]
/home/runner/work/Market-Data-Collector/Market-Data-Collector/src/MarketDataCollector/Application/Http/Endpoints/DataQualityEndpoints.cs(388,9): warning IL2026: Using member 'Microsoft.AspNetCore.Builder.EndpointRouteBuilderExtensions.MapGet(IEndpointRouteBuilder, String, Delegate)' which has 'RequiresUnreferencedCodeAttribute' can break functionality when trimming application code. This API may perform reflection on the supplied delegate and its parameters. These types may be trimmed if not directly referenced. [/home/runner/work/Market-Data-Collector/Market-Data-Collector/src/MarketDataCollector/MarketDataCollector.csproj]
/home/runner/work/Market-Data-Collector/Market-Data-Collector/src/MarketDataCollector/Application/Http/Endpoints/DataQualityEndpoints.cs(401,9): warning IL2026: Using member 'Microsoft.AspNetCore.Builder.EndpointRouteBuilderExtensions.MapGet(IEndpointRouteBuilder, String, Delegate)' which has 'RequiresUnreferencedCodeAttribute' can break functionality when trimming application code. This API may perform reflection on the supplied delegate and its parameters. These types may be trimmed if not directly referenced. [/home/runner/work/Market-Data-Collector/Market-Data-Collector/src/MarketDataCollector/MarketDataCollector.csproj]
/home/runner/work/Market-Data-Collector/Market-Data-Collector/src/MarketDataCollector/Application/Http/Endpoints/DataQualityEndpoints.cs(414,9): warning IL2026: Using member 'Microsoft.AspNetCore.Builder.EndpointRouteBuilderExtensions.MapGet(IEndpointRouteBuilder, String, Delegate)' which has 'RequiresUnreferencedCodeAttribute' can break functionality when trimming application code. This API may perform reflection on the supplied delegate and its parameters. These types may be trimmed if not directly referenced. [/home/runner/work/Market-Data-Collector/Market-Data-Collector/src/MarketDataCollector/MarketDataCollector.csproj]
/home/runner/work/Market-Data-Collector/Market-Data-Collector/src/MarketDataCollector/Application/Http/Endpoints/DataQualityEndpoints.cs(429,9): warning IL2026: Using member 'Microsoft.AspNetCore.Builder.EndpointRouteBuilderExtensions.MapGet(IEndpointRouteBuilder, String, Delegate)' which has 'RequiresUnreferencedCodeAttribute' can break functionality when trimming application code. This API may perform reflection on the supplied delegate and its parameters. These types may be trimmed if not directly referenced. [/home/runner/work/Market-Data-Collector/Market-Data-Collector/src/MarketDataCollector/MarketDataCollector.csproj]
/home/runner/work/Market-Data-Collector/Market-Data-Collector/src/MarketDataCollector/Application/Http/Endpoints/DataQualityEndpoints.cs(446,9): warning IL2026: Using member 'Microsoft.AspNetCore.Builder.EndpointRouteBuilderExtensions.MapGet(IEndpointRouteBuilder, String, Delegate)' which has 'RequiresUnreferencedCodeAttribute' can break functionality when trimming application code. This API may perform reflection on the supplied delegate and its parameters. These types may be trimmed if not directly referenced. [/home/runner/work/Market-Data-Collector/Market-Data-Collector/src/MarketDataCollector/MarketDataCollector.csproj]
/home/runner/work/Market-Data-Collector/Market-Data-Collector/src/MarketDataCollector/Application/Http/Endpoints/DataQualityEndpoints.cs(469,9): warning IL2026: Using member 'Microsoft.AspNetCore.Builder.EndpointRouteBuilderExtensions.MapGet(IEndpointRouteBuilder, String, Delegate)' which has 'RequiresUnreferencedCodeAttribute' can break functionality when trimming application code. This API may perform reflection on the supplied delegate and its parameters. These types may be trimmed if not directly referenced. [/home/runner/work/Market-Data-Collector/Market-Data-Collector/src/MarketDataCollector/MarketDataCollector.csproj]
/home/runner/work/Market-Data-Collector/Market-Data-Collector/src/MarketDataCollector/Application/Http/Endpoints/DataQualityEndpoints.cs(484,9): warning IL2026: Using member 'Microsoft.AspNetCore.Builder.EndpointRouteBuilderExtensions.MapGet(IEndpointRouteBuilder, String, Delegate)' which has 'RequiresUnreferencedCodeAttribute' can break functionality when trimming application code. This API may perform reflection on the supplied delegate and its parameters. These types may be trimmed if not directly referenced. [/home/runner/work/Market-Data-Collector/Market-Data-Collector/src/MarketDataCollector/MarketDataCollector.csproj]
/home/runner/work/Market-Data-Collector/Market-Data-Collector/src/MarketDataCollector/Application/Http/Endpoints/DataQualityEndpoints.cs(501,9): warning IL2026: Using member 'Microsoft.AspNetCore.Builder.EndpointRouteBuilderExtensions.MapGet(IEndpointRouteBuilder, String, Delegate)' which has 'RequiresUnreferencedCodeAttribute' can break functionality when trimming application code. This API may perform reflection on the supplied delegate and its parameters. These types may be trimmed if not directly referenced. [/home/runner/work/Market-Data-Collector/Market-Data-Collector/src/MarketDataCollector/MarketDataCollector.csproj]
/home/runner/work/Market-Data-Collector/Market-Data-Collector/src/MarketDataCollector/Application/Http/Endpoints/DataQualityEndpoints.cs(526,9): warning IL2026: Using member 'Microsoft.AspNetCore.Builder.EndpointRouteBuilderExtensions.MapPost(IEndpointRouteBuilder, String, Delegate)' which has 'RequiresUnreferencedCodeAttribute' can break functionality when trimming application code. This API may perform reflection on the supplied delegate and its parameters. These types may be trimmed if not directly referenced. [/home/runner/work/Market-Data-Collector/Market-Data-Collector/src/MarketDataCollector/MarketDataCollector.csproj]
/home/runner/work/Market-Data-Collector/Market-Data-Collector/src/MarketDataCollector/Application/Http/Endpoints/DataQualityEndpoints.cs(550,9): warning IL2026: Using member 'Microsoft.AspNetCore.Builder.EndpointRouteBuilderExtensions.MapGet(IEndpointRouteBuilder, String, Delegate)' which has 'RequiresUnreferencedCodeAttribute' can break functionality when trimming application code. This API may perform reflection on the supplied delegate and its parameters. These types may be trimmed if not directly referenced. [/home/runner/work/Market-Data-Collector/Market-Data-Collector/src/MarketDataCollector/MarketDataCollector.csproj]
/home/runner/work/Market-Data-Collector/Market-Data-Collector/src/MarketDataCollector/Application/Http/Endpoints/DataQualityEndpoints.cs(580,9): warning IL2026: Using member 'Microsoft.AspNetCore.Builder.EndpointRouteBuilderExtensions.MapGet(IEndpointRouteBuilder, String, Delegate)' which has 'RequiresUnreferencedCodeAttribute' can break functionality when trimming application code. This API may perform reflection on the supplied delegate and its parameters. These types may be trimmed if not directly referenced. [/home/runner/work/Market-Data-Collector/Market-Data-Collector/src/MarketDataCollector/MarketDataCollector.csproj]
/home/runner/work/Market-Data-Collector/Market-Data-Collector/src/MarketDataCollector/Application/Http/Endpoints/DataQualityEndpoints.cs(595,9): warning IL2026: Using member 'Microsoft.AspNetCore.Builder.EndpointRouteBuilderExtensions.MapGet(IEndpointRouteBuilder, String, Delegate)' which has 'RequiresUnreferencedCodeAttribute' can break functionality when trimming application code. This API may perform reflection on the supplied delegate and its parameters. These types may be trimmed if not directly referenced. [/home/runner/work/Market-Data-Collector/Market-Data-Collector/src/MarketDataCollector/MarketDataCollector.csproj]
/home/runner/work/Market-Data-Collector/Market-Data-Collector/src/MarketDataCollector/Application/Http/Endpoints/DataQualityEndpoints.cs(30,24): warning IL2026: Using member 'Microsoft.AspNetCore.Http.Results.Json<TValue>(TValue, JsonSerializerOptions, String, Int32?)' which has 'RequiresUnreferencedCodeAttribute' can break functionality when trimming application code. JSON serialization and deserialization might require types that cannot be statically analyzed. Use the overload that takes a JsonTypeInfo or JsonSerializerContext. [/home/runner/work/Market-Data-Collector/Market-Data-Collector/src/MarketDataCollector/MarketDataCollector.csproj]
/home/runner/work/Market-Data-Collector/Market-Data-Collector/src/MarketDataCollector/Application/Http/Endpoints/DataQualityEndpoints.cs(43,24): warning IL2026: Using member 'Microsoft.AspNetCore.Http.Results.Json<TValue>(TValue, JsonSerializerOptions, String, Int32?)' which has 'RequiresUnreferencedCodeAttribute' can break functionality when trimming application code. JSON serialization and deserialization might require types that cannot be statically analyzed. Use the overload that takes a JsonTypeInfo or JsonSerializerContext. [/home/runner/work/Market-Data-Collector/Market-Data-Collector/src/MarketDataCollector/MarketDataCollector.csproj]
/home/runner/work/Market-Data-Collector/Market-Data-Collector/src/MarketDataCollector/Application/Http/Endpoints/DataQualityEndpoints.cs(62,24): warning IL2026: Using member 'Microsoft.AspNetCore.Http.Results.Json<TValue>(TValue, JsonSerializerOptions, String, Int32?)' which has 'RequiresUnreferencedCodeAttribute' can break functionality when trimming application code. JSON serialization and deserialization might require types that cannot be statically analyzed. Use the overload that takes a JsonTypeInfo or JsonSerializerContext. [/home/runner/work/Market-Data-Collector/Market-Data-Collector/src/MarketDataCollector/MarketDataCollector.csproj]
/home/runner/work/Market-Data-Collector/Market-Data-Collector/src/MarketDataCollector/Application/Http/Endpoints/DataQualityEndpoints.cs(79,27): warning IL2026: Using member 'Microsoft.AspNetCore.Http.Results.Json<TValue>(TValue, JsonSerializerOptions, String, Int32?)' which has 'RequiresUnreferencedCodeAttribute' can break functionality when trimming application code. JSON serialization and deserialization might require types that cannot be statically analyzed. Use the overload that takes a JsonTypeInfo or JsonSerializerContext. [/home/runner/work/Market-Data-Collector/Market-Data-Collector/src/MarketDataCollector/MarketDataCollector.csproj]
/home/runner/work/Market-Data-Collector/Market-Data-Collector/src/MarketDataCollector/Application/Http/Endpoints/DataQualityEndpoints.cs(84,24): warning IL2026: Using member 'Microsoft.AspNetCore.Http.Results.Json<TValue>(TValue, JsonSerializerOptions, String, Int32?)' which has 'RequiresUnreferencedCodeAttribute' can break functionality when trimming application code. JSON serialization and deserialization might require types that cannot be statically analyzed. Use the overload that takes a JsonTypeInfo or JsonSerializerContext. [/home/runner/work/Market-Data-Collector/Market-Data-Collector/src/MarketDataCollector/MarketDataCollector.csproj]
/home/runner/work/Market-Data-Collector/Market-Data-Collector/src/MarketDataCollector/Application/Http/Endpoints/DataQualityEndpoints.cs(97,24): warning IL2026: Using member 'Microsoft.AspNetCore.Http.Results.Json<TValue>(TValue, JsonSerializerOptions, String, Int32?)' which has 'RequiresUnreferencedCodeAttribute' can break functionality when trimming application code. JSON serialization and deserialization might require types that cannot be statically analyzed. Use the overload that takes a JsonTypeInfo or JsonSerializerContext. [/home/runner/work/Market-Data-Collector/Market-Data-Collector/src/MarketDataCollector/MarketDataCollector.csproj]
/home/runner/work/Market-Data-Collector/Market-Data-Collector/src/MarketDataCollector/Application/Http/Endpoints/DataQualityEndpoints.cs(114,24): warning IL2026: Using member 'Microsoft.AspNetCore.Http.Results.Json<TValue>(TValue, JsonSerializerOptions, String, Int32?)' which has 'RequiresUnreferencedCodeAttribute' can break functionality when trimming application code. JSON serialization and deserialization might require types that cannot be statically analyzed. Use the overload that takes a JsonTypeInfo or JsonSerializerContext. [/home/runner/work/Market-Data-Collector/Market-Data-Collector/src/MarketDataCollector/MarketDataCollector.csproj]
/home/runner/work/Market-Data-Collector/Market-Data-Collector/src/MarketDataCollector/Application/Http/Endpoints/DataQualityEndpoints.cs(132,28): warning IL2026: Using member 'Microsoft.AspNetCore.Http.Results.Json<TValue>(TValue, JsonSerializerOptions, String, Int32?)' which has 'RequiresUnreferencedCodeAttribute' can break functionality when trimming application code. JSON serialization and deserialization might require types that cannot be statically analyzed. Use the overload that takes a JsonTypeInfo or JsonSerializerContext. [/home/runner/work/Market-Data-Collector/Market-Data-Collector/src/MarketDataCollector/MarketDataCollector.csproj]
/home/runner/work/Market-Data-Collector/Market-Data-Collector/src/MarketDataCollector/Application/Http/Endpoints/DataQualityEndpoints.cs(136,24): warning IL2026: Using member 'Microsoft.AspNetCore.Http.Results.Json<TValue>(TValue, JsonSerializerOptions, String, Int32?)' which has 'RequiresUnreferencedCodeAttribute' can break functionality when trimming application code. JSON serialization and deserialization might require types that cannot be statically analyzed. Use the overload that takes a JsonTypeInfo or JsonSerializerContext. [/home/runner/work/Market-Data-Collector/Market-Data-Collector/src/MarketDataCollector/MarketDataCollector.csproj]
/home/runner/work/Market-Data-Collector/Market-Data-Collector/src/MarketDataCollector/Application/Http/Endpoints/DataQualityEndpoints.cs(153,24): warning IL2026: Using member 'Microsoft.AspNetCore.Http.Results.Json<TValue>(TValue, JsonSerializerOptions, String, Int32?)' which has 'RequiresUnreferencedCodeAttribute' can break functionality when trimming application code. JSON serialization and deserialization might require types that cannot be statically analyzed. Use the overload that takes a JsonTypeInfo or JsonSerializerContext. [/home/runner/work/Market-Data-Collector/Market-Data-Collector/src/MarketDataCollector/MarketDataCollector.csproj]
/home/runner/work/Market-Data-Collector/Market-Data-Collector/src/MarketDataCollector/Application/Http/Endpoints/DataQualityEndpoints.cs(170,24): warning IL2026: Using member 'Microsoft.AspNetCore.Http.Results.Json<TValue>(TValue, JsonSerializerOptions, String, Int32?)' which has 'RequiresUnreferencedCodeAttribute' can break functionality when trimming application code. JSON serialization and deserialization might require types that cannot be statically analyzed. Use the overload that takes a JsonTypeInfo or JsonSerializerContext. [/home/runner/work/Market-Data-Collector/Market-Data-Collector/src/MarketDataCollector/MarketDataCollector.csproj]
/home/runner/work/Market-Data-Collector/Market-Data-Collector/src/MarketDataCollector/Application/Http/Endpoints/DataQualityEndpoints.cs(187,24): warning IL2026: Using member 'Microsoft.AspNetCore.Http.Results.Json<TValue>(TValue, JsonSerializerOptions, String, Int32?)' which has 'RequiresUnreferencedCodeAttribute' can break functionality when trimming application code. JSON serialization and deserialization might require types that cannot be statically analyzed. Use the overload that takes a JsonTypeInfo or JsonSerializerContext. [/home/runner/work/Market-Data-Collector/Market-Data-Collector/src/MarketDataCollector/MarketDataCollector.csproj]
/home/runner/work/Market-Data-Collector/Market-Data-Collector/src/MarketDataCollector/Application/Http/Endpoints/DataQualityEndpoints.cs(205,28): warning IL2026: Using member 'Microsoft.AspNetCore.Http.Results.Json<TValue>(TValue, JsonSerializerOptions, String, Int32?)' which has 'RequiresUnreferencedCodeAttribute' can break functionality when trimming application code. JSON serialization and deserialization might require types that cannot be statically analyzed. Use the overload that takes a JsonTypeInfo or JsonSerializerContext. [/home/runner/work/Market-Data-Collector/Market-Data-Collector/src/MarketDataCollector/MarketDataCollector.csproj]
/home/runner/work/Market-Data-Collector/Market-Data-Collector/src/MarketDataCollector/Application/Http/Endpoints/DataQualityEndpoints.cs(209,24): warning IL2026: Using member 'Microsoft.AspNetCore.Http.Results.Json<TValue>(TValue, JsonSerializerOptions, String, Int32?)' which has 'RequiresUnreferencedCodeAttribute' can break functionality when trimming application code. JSON serialization and deserialization might require types that cannot be statically analyzed. Use the overload that takes a JsonTypeInfo or JsonSerializerContext. [/home/runner/work/Market-Data-Collector/Market-Data-Collector/src/MarketDataCollector/MarketDataCollector.csproj]
/home/runner/work/Market-Data-Collector/Market-Data-Collector/src/MarketDataCollector/Application/Http/Endpoints/DataQualityEndpoints.cs(223,24): warning IL2026: Using member 'Microsoft.AspNetCore.Http.Results.Json<TValue>(TValue, JsonSerializerOptions, String, Int32?)' which has 'RequiresUnreferencedCodeAttribute' can break functionality when trimming application code. JSON serialization and deserialization might require types that cannot be statically analyzed. Use the overload that takes a JsonTypeInfo or JsonSerializerContext. [/home/runner/work/Market-Data-Collector/Market-Data-Collector/src/MarketDataCollector/MarketDataCollector.csproj]
/home/runner/work/Market-Data-Collector/Market-Data-Collector/src/MarketDataCollector/Application/Http/Endpoints/DataQualityEndpoints.cs(236,24): warning IL2026: Using member 'Microsoft.AspNetCore.Http.Results.Json<TValue>(TValue, JsonSerializerOptions, String, Int32?)' which has 'RequiresUnreferencedCodeAttribute' can break functionality when trimming application code. JSON serialization and deserialization might require types that cannot be statically analyzed. Use the overload that takes a JsonTypeInfo or JsonSerializerContext. [/home/runner/work/Market-Data-Collector/Market-Data-Collector/src/MarketDataCollector/MarketDataCollector.csproj]
/home/runner/work/Market-Data-Collector/Market-Data-Collector/src/MarketDataCollector/Application/Http/Endpoints/DataQualityEndpoints.cs(249,24): warning IL2026: Using member 'Microsoft.AspNetCore.Http.Results.Json<TValue>(TValue, JsonSerializerOptions, String, Int32?)' which has 'RequiresUnreferencedCodeAttribute' can break functionality when trimming application code. JSON serialization and deserialization might require types that cannot be statically analyzed. Use the overload that takes a JsonTypeInfo or JsonSerializerContext. [/home/runner/work/Market-Data-Collector/Market-Data-Collector/src/MarketDataCollector/MarketDataCollector.csproj]
/home/runner/work/Market-Data-Collector/Market-Data-Collector/src/MarketDataCollector/Application/Http/Endpoints/DataQualityEndpoints.cs(283,24): warning IL2026: Using member 'Microsoft.AspNetCore.Http.Results.Json<TValue>(TValue, JsonSerializerOptions, String, Int32?)' which has 'RequiresUnreferencedCodeAttribute' can break functionality when trimming application code. JSON serialization and deserialization might require types that cannot be statically analyzed. Use the overload that takes a JsonTypeInfo or JsonSerializerContext. [/home/runner/work/Market-Data-Collector/Market-Data-Collector/src/MarketDataCollector/MarketDataCollector.csproj]
/home/runner/work/Market-Data-Collector/Market-Data-Collector/src/MarketDataCollector/Application/Http/Endpoints/DataQualityEndpoints.cs(296,24): warning IL2026: Using member 'Microsoft.AspNetCore.Http.Results.Json<TValue>(TValue, JsonSerializerOptions, String, Int32?)' which has 'RequiresUnreferencedCodeAttribute' can break functionality when trimming application code. JSON serialization and deserialization might require types that cannot be statically analyzed. Use the overload that takes a JsonTypeInfo or JsonSerializerContext. [/home/runner/work/Market-Data-Collector/Market-Data-Collector/src/MarketDataCollector/MarketDataCollector.csproj]
/home/runner/work/Market-Data-Collector/Market-Data-Collector/src/MarketDataCollector/Application/Http/Endpoints/DataQualityEndpoints.cs(309,24): warning IL2026: Using member 'Microsoft.AspNetCore.Http.Results.Json<TValue>(TValue, JsonSerializerOptions, String, Int32?)' which has 'RequiresUnreferencedCodeAttribute' can break functionality when trimming application code. JSON serialization and deserialization might require types that cannot be statically analyzed. Use the overload that takes a JsonTypeInfo or JsonSerializerContext. [/home/runner/work/Market-Data-Collector/Market-Data-Collector/src/MarketDataCollector/MarketDataCollector.csproj]
/home/runner/work/Market-Data-Collector/Market-Data-Collector/src/MarketDataCollector/Application/Http/Endpoints/DataQualityEndpoints.cs(337,24): warning IL2026: Using member 'Microsoft.AspNetCore.Http.Results.Json<TValue>(TValue, JsonSerializerOptions, String, Int32?)' which has 'RequiresUnreferencedCodeAttribute' can break functionality when trimming application code. JSON serialization and deserialization might require types that cannot be statically analyzed. Use the overload that takes a JsonTypeInfo or JsonSerializerContext. [/home/runner/work/Market-Data-Collector/Market-Data-Collector/src/MarketDataCollector/MarketDataCollector.csproj]
/home/runner/work/Market-Data-Collector/Market-Data-Collector/src/MarketDataCollector/Application/Http/Endpoints/DataQualityEndpoints.cs(350,24): warning IL2026: Using member 'Microsoft.AspNetCore.Http.Results.Json<TValue>(TValue, JsonSerializerOptions, String, Int32?)' which has 'RequiresUnreferencedCodeAttribute' can break functionality when trimming application code. JSON serialization and deserialization might require types that cannot be statically analyzed. Use the overload that takes a JsonTypeInfo or JsonSerializerContext. [/home/runner/work/Market-Data-Collector/Market-Data-Collector/src/MarketDataCollector/MarketDataCollector.csproj]
/home/runner/work/Market-Data-Collector/Market-Data-Collector/src/MarketDataCollector/Application/Http/Endpoints/DataQualityEndpoints.cs(365,24): warning IL2026: Using member 'Microsoft.AspNetCore.Http.Results.Json<TValue>(TValue, JsonSerializerOptions, String, Int32?)' which has 'RequiresUnreferencedCodeAttribute' can break functionality when trimming application code. JSON serialization and deserialization might require types that cannot be statically analyzed. Use the overload that takes a JsonTypeInfo or JsonSerializerContext. [/home/runner/work/Market-Data-Collector/Market-Data-Collector/src/MarketDataCollector/MarketDataCollector.csproj]
/home/runner/work/Market-Data-Collector/Market-Data-Collector/src/MarketDataCollector/Application/Http/Endpoints/DataQualityEndpoints.cs(379,23): warning IL2026: Using member 'Microsoft.AspNetCore.Http.Results.Json<TValue>(TValue, JsonSerializerOptions, String, Int32?)' which has 'RequiresUnreferencedCodeAttribute' can break functionality when trimming application code. JSON serialization and deserialization might require types that cannot be statically analyzed. Use the overload that takes a JsonTypeInfo or JsonSerializerContext. [/home/runner/work/Market-Data-Collector/Market-Data-Collector/src/MarketDataCollector/MarketDataCollector.csproj]
/home/runner/work/Market-Data-Collector/Market-Data-Collector/src/MarketDataCollector/Application/Http/Endpoints/DataQualityEndpoints.cs(393,24): warning IL2026: Using member 'Microsoft.AspNetCore.Http.Results.Json<TValue>(TValue, JsonSerializerOptions, String, Int32?)' which has 'RequiresUnreferencedCodeAttribute' can break functionality when trimming application code. JSON serialization and deserialization might require types that cannot be statically analyzed. Use the overload that takes a JsonTypeInfo or JsonSerializerContext. [/home/runner/work/Market-Data-Collector/Market-Data-Collector/src/MarketDataCollector/MarketDataCollector.csproj]
/home/runner/work/Market-Data-Collector/Market-Data-Collector/src/MarketDataCollector/Application/Http/Endpoints/DataQualityEndpoints.cs(406,24): warning IL2026: Using member 'Microsoft.AspNetCore.Http.Results.Json<TValue>(TValue, JsonSerializerOptions, String, Int32?)' which has 'RequiresUnreferencedCodeAttribute' can break functionality when trimming application code. JSON serialization and deserialization might require types that cannot be statically analyzed. Use the overload that takes a JsonTypeInfo or JsonSerializerContext. [/home/runner/work/Market-Data-Collector/Market-Data-Collector/src/MarketDataCollector/MarketDataCollector.csproj]
/home/runner/work/Market-Data-Collector/Market-Data-Collector/src/MarketDataCollector/Application/Http/Endpoints/DataQualityEndpoints.cs(419,24): warning IL2026: Using member 'Microsoft.AspNetCore.Http.Results.Json<TValue>(TValue, JsonSerializerOptions, String, Int32?)' which has 'RequiresUnreferencedCodeAttribute' can break functionality when trimming application code. JSON serialization and deserialization might require types that cannot be statically analyzed. Use the overload that takes a JsonTypeInfo or JsonSerializerContext. [/home/runner/work/Market-Data-Collector/Market-Data-Collector/src/MarketDataCollector/MarketDataCollector.csproj]
/home/runner/work/Market-Data-Collector/Market-Data-Collector/src/MarketDataCollector/Application/Http/Endpoints/DataQualityEndpoints.cs(438,24): warning IL2026: Using member 'Microsoft.AspNetCore.Http.Results.Json<TValue>(TValue, JsonSerializerOptions, String, Int32?)' which has 'RequiresUnreferencedCodeAttribute' can break functionality when trimming application code. JSON serialization and deserialization might require types that cannot be statically analyzed. Use the overload that takes a JsonTypeInfo or JsonSerializerContext. [/home/runner/work/Market-Data-Collector/Market-Data-Collector/src/MarketDataCollector/MarketDataCollector.csproj]
/home/runner/work/Market-Data-Collector/Market-Data-Collector/src/MarketDataCollector/Application/Http/Endpoints/DataQualityEndpoints.cs(461,24): warning IL2026: Using member 'Microsoft.AspNetCore.Http.Results.Json<TValue>(TValue, JsonSerializerOptions, String, Int32?)' which has 'RequiresUnreferencedCodeAttribute' can break functionality when trimming application code. JSON serialization and deserialization might require types that cannot be statically analyzed. Use the overload that takes a JsonTypeInfo or JsonSerializerContext. [/home/runner/work/Market-Data-Collector/Market-Data-Collector/src/MarketDataCollector/MarketDataCollector.csproj]
/home/runner/work/Market-Data-Collector/Market-Data-Collector/src/MarketDataCollector/Application/Http/Endpoints/DataQualityEndpoints.cs(474,24): warning IL2026: Using member 'Microsoft.AspNetCore.Http.Results.Json<TValue>(TValue, JsonSerializerOptions, String, Int32?)' which has 'RequiresUnreferencedCodeAttribute' can break functionality when trimming application code. JSON serialization and deserialization might require types that cannot be statically analyzed. Use the overload that takes a JsonTypeInfo or JsonSerializerContext. [/home/runner/work/Market-Data-Collector/Market-Data-Collector/src/MarketDataCollector/MarketDataCollector.csproj]
/home/runner/work/Market-Data-Collector/Market-Data-Collector/src/MarketDataCollector/Application/Http/Endpoints/DataQualityEndpoints.cs(493,24): warning IL2026: Using member 'Microsoft.AspNetCore.Http.Results.Json<TValue>(TValue, JsonSerializerOptions, String, Int32?)' which has 'RequiresUnreferencedCodeAttribute' can break functionality when trimming application code. JSON serialization and deserialization might require types that cannot be statically analyzed. Use the overload that takes a JsonTypeInfo or JsonSerializerContext. [/home/runner/work/Market-Data-Collector/Market-Data-Collector/src/MarketDataCollector/MarketDataCollector.csproj]
/home/runner/work/Market-Data-Collector/Market-Data-Collector/src/MarketDataCollector/Application/Http/Endpoints/DataQualityEndpoints.cs(518,24): warning IL2026: Using member 'Microsoft.AspNetCore.Http.Results.Json<TValue>(TValue, JsonSerializerOptions, String, Int32?)' which has 'RequiresUnreferencedCodeAttribute' can break functionality when trimming application code. JSON serialization and deserialization might require types that cannot be statically analyzed. Use the overload that takes a JsonTypeInfo or JsonSerializerContext. [/home/runner/work/Market-Data-Collector/Market-Data-Collector/src/MarketDataCollector/MarketDataCollector.csproj]
/home/runner/work/Market-Data-Collector/Market-Data-Collector/src/MarketDataCollector/Application/Http/Endpoints/DataQualityEndpoints.cs(562,24): warning IL2026: Using member 'Microsoft.AspNetCore.Http.Results.Json<TValue>(TValue, JsonSerializerOptions, String, Int32?)' which has 'RequiresUnreferencedCodeAttribute' can break functionality when trimming application code. JSON serialization and deserialization might require types that cannot be statically analyzed. Use the overload that takes a JsonTypeInfo or JsonSerializerContext. [/home/runner/work/Market-Data-Collector/Market-Data-Collector/src/MarketDataCollector/MarketDataCollector.csproj]
/home/runner/work/Market-Data-Collector/Market-Data-Collector/src/MarketDataCollector/Application/Http/Endpoints/DataQualityEndpoints.cs(586,23): warning IL2026: Using member 'Microsoft.AspNetCore.Http.Results.Json<TValue>(TValue, JsonSerializerOptions, String, Int32?)' which has 'RequiresUnreferencedCodeAttribute' can break functionality when trimming application code. JSON serialization and deserialization might require types that cannot be statically analyzed. Use the overload that takes a JsonTypeInfo or JsonSerializerContext. [/home/runner/work/Market-Data-Collector/Market-Data-Collector/src/MarketDataCollector/MarketDataCollector.csproj]
/home/runner/work/Market-Data-Collector/Market-Data-Collector/src/MarketDataCollector/Application/Http/Endpoints/DataQualityEndpoints.cs(600,24): warning IL2026: Using member 'Microsoft.AspNetCore.Http.Results.Json<TValue>(TValue, JsonSerializerOptions, String, Int32?)' which has 'RequiresUnreferencedCodeAttribute' can break functionality when trimming application code. JSON serialization and deserialization might require types that cannot be statically analyzed. Use the overload that takes a JsonTypeInfo or JsonSerializerContext. [/home/runner/work/Market-Data-Collector/Market-Data-Collector/src/MarketDataCollector/MarketDataCollector.csproj]
/home/runner/work/Market-Data-Collector/Market-Data-Collector/src/MarketDataCollector/Application/Http/Endpoints/DataQualityEndpoints.cs(616,9): warning IL2026: Using member 'Microsoft.AspNetCore.Builder.EndpointRouteBuilderExtensions.MapGet(IEndpointRouteBuilder, String, Delegate)' which has 'RequiresUnreferencedCodeAttribute' can break functionality when trimming application code. This API may perform reflection on the supplied delegate and its parameters. These types may be trimmed if not directly referenced. [/home/runner/work/Market-Data-Collector/Market-Data-Collector/src/MarketDataCollector/MarketDataCollector.csproj]
/home/runner/work/Market-Data-Collector/Market-Data-Collector/src/MarketDataCollector/Application/Http/Endpoints/DataQualityEndpoints.cs(629,9): warning IL2026: Using member 'Microsoft.AspNetCore.Builder.EndpointRouteBuilderExtensions.MapGet(IEndpointRouteBuilder, String, Delegate)' which has 'RequiresUnreferencedCodeAttribute' can break functionality when trimming application code. This API may perform reflection on the supplied delegate and its parameters. These types may be trimmed if not directly referenced. [/home/runner/work/Market-Data-Collector/Market-Data-Collector/src/MarketDataCollector/MarketDataCollector.csproj]
/home/runner/work/Market-Data-Collector/Market-Data-Collector/src/MarketDataCollector/Application/Http/Endpoints/DataQualityEndpoints.cs(644,9): warning IL2026: Using member 'Microsoft.AspNetCore.Builder.EndpointRouteBuilderExtensions.MapGet(IEndpointRouteBuilder, String, Delegate)' which has 'RequiresUnreferencedCodeAttribute' can break functionality when trimming application code. This API may perform reflection on the supplied delegate and its parameters. These types may be trimmed if not directly referenced. [/home/runner/work/Market-Data-Collector/Market-Data-Collector/src/MarketDataCollector/MarketDataCollector.csproj]
/home/runner/work/Market-Data-Collector/Market-Data-Collector/src/MarketDataCollector/Application/Http/Endpoints/DataQualityEndpoints.cs(666,9): warning IL2026: Using member 'Microsoft.AspNetCore.Builder.EndpointRouteBuilderExtensions.MapGet(IEndpointRouteBuilder, String, Delegate)' which has 'RequiresUnreferencedCodeAttribute' can break functionality when trimming application code. This API may perform reflection on the supplied delegate and its parameters. These types may be trimmed if not directly referenced. [/home/runner/work/Market-Data-Collector/Market-Data-Collector/src/MarketDataCollector/MarketDataCollector.csproj]
/home/runner/work/Market-Data-Collector/Market-Data-Collector/src/MarketDataCollector/Application/Http/Endpoints/DataQualityEndpoints.cs(698,9): warning IL2026: Using member 'Microsoft.AspNetCore.Builder.EndpointRouteBuilderExtensions.MapGet(IEndpointRouteBuilder, String, Delegate)' which has 'RequiresUnreferencedCodeAttribute' can break functionality when trimming application code. This API may perform reflection on the supplied delegate and its parameters. These types may be trimmed if not directly referenced. [/home/runner/work/Market-Data-Collector/Market-Data-Collector/src/MarketDataCollector/MarketDataCollector.csproj]
/home/runner/work/Market-Data-Collector/Market-Data-Collector/src/MarketDataCollector/Application/Http/Endpoints/DataQualityEndpoints.cs(621,24): warning IL2026: Using member 'Microsoft.AspNetCore.Http.Results.Json<TValue>(TValue, JsonSerializerOptions, String, Int32?)' which has 'RequiresUnreferencedCodeAttribute' can break functionality when trimming application code. JSON serialization and deserialization might require types that cannot be statically analyzed. Use the overload that takes a JsonTypeInfo or JsonSerializerContext. [/home/runner/work/Market-Data-Collector/Market-Data-Collector/src/MarketDataCollector/MarketDataCollector.csproj]
/home/runner/work/Market-Data-Collector/Market-Data-Collector/src/MarketDataCollector/Application/Http/Endpoints/DataQualityEndpoints.cs(635,23): warning IL2026: Using member 'Microsoft.AspNetCore.Http.Results.Json<TValue>(TValue, JsonSerializerOptions, String, Int32?)' which has 'RequiresUnreferencedCodeAttribute' can break functionality when trimming application code. JSON serialization and deserialization might require types that cannot be statically analyzed. Use the overload that takes a JsonTypeInfo or JsonSerializerContext. [/home/runner/work/Market-Data-Collector/Market-Data-Collector/src/MarketDataCollector/MarketDataCollector.csproj]
/home/runner/work/Market-Data-Collector/Market-Data-Collector/src/MarketDataCollector/Application/Http/Endpoints/DataQualityEndpoints.cs(653,24): warning IL2026: Using member 'Microsoft.AspNetCore.Http.Results.Json<TValue>(TValue, JsonSerializerOptions, String, Int32?)' which has 'RequiresUnreferencedCodeAttribute' can break functionality when trimming application code. JSON serialization and deserialization might require types that cannot be statically analyzed. Use the overload that takes a JsonTypeInfo or JsonSerializerContext. [/home/runner/work/Market-Data-Collector/Market-Data-Collector/src/MarketDataCollector/MarketDataCollector.csproj]
/home/runner/work/Market-Data-Collector/Market-Data-Collector/src/MarketDataCollector/Application/Http/Endpoints/DataQualityEndpoints.cs(678,24): warning IL2026: Using member 'Microsoft.AspNetCore.Http.Results.Json<TValue>(TValue, JsonSerializerOptions, String, Int32?)' which has 'RequiresUnreferencedCodeAttribute' can break functionality when trimming application code. JSON serialization and deserialization might require types that cannot be statically analyzed. Use the overload that takes a JsonTypeInfo or JsonSerializerContext. [/home/runner/work/Market-Data-Collector/Market-Data-Collector/src/MarketDataCollector/MarketDataCollector.csproj]
/home/runner/work/Market-Data-Collector/Market-Data-Collector/src/MarketDataCollector/Application/Http/Endpoints/DataQualityEndpoints.cs(702,24): warning IL2026: Using member 'Microsoft.AspNetCore.Http.Results.Json<TValue>(TValue, JsonSerializerOptions, String, Int32?)' which has 'RequiresUnreferencedCodeAttribute' can break functionality when trimming application code. JSON serialization and deserialization might require types that cannot be statically analyzed. Use the overload that takes a JsonTypeInfo or JsonSerializerContext. [/home/runner/work/Market-Data-Collector/Market-Data-Collector/src/MarketDataCollector/MarketDataCollector.csproj]
/home/runner/work/Market-Data-Collector/Market-Data-Collector/src/MarketDataCollector/Application/Monitoring/DataQuality/DataQualityReportGenerator.cs(479,16): warning IL2026: Using member 'System.Text.Json.JsonSerializer.Serialize<TValue>(TValue, JsonSerializerOptions)' which has 'RequiresUnreferencedCodeAttribute' can break functionality when trimming application code. JSON serialization and deserialization might require types that cannot be statically analyzed. Use the overload that takes a JsonTypeInfo or JsonSerializerContext, or make sure all of the required types are preserved. [/home/runner/work/Market-Data-Collector/Market-Data-Collector/src/MarketDataCollector/MarketDataCollector.csproj]
/home/runner/work/Market-Data-Collector/Market-Data-Collector/src/MarketDataCollector/Application/Monitoring/DataQuality/DataQualityReportGenerator.cs(591,16): warning IL2026: Using member 'System.Text.Json.JsonSerializer.Serialize<TValue>(TValue, JsonSerializerOptions)' which has 'RequiresUnreferencedCodeAttribute' can break functionality when trimming application code. JSON serialization and deserialization might require types that cannot be statically analyzed. Use the overload that takes a JsonTypeInfo or JsonSerializerContext, or make sure all of the required types are preserved. [/home/runner/work/Market-Data-Collector/Market-Data-Collector/src/MarketDataCollector/MarketDataCollector.csproj]
/home/runner/work/Market-Data-Collector/Market-Data-Collector/build/dotnet/FSharpInteropGenerator/Program.cs(3,1): error CS8805: Program using top-level statements must be an executable. [/home/runner/work/Market-Data-Collector/Market-Data-Collector/build/dotnet/FSharpInteropGenerator/FSharpInteropGenerator.csproj] [/home/runner/work/Market-Data-Collector/Market-Data-Collector/src/MarketDataCollector.FSharp/MarketDataCollector.FSharp.fsproj]
/home/runner/work/Market-Data-Collector/Market-Data-Collector/src/MarketDataCollector.FSharp/MarketDataCollector.FSharp.fsproj(44,5): error MSB3073: The command "dotnet run --project "/home/runner/work/Market-Data-Collector/Market-Data-Collector/src/MarketDataCollector.FSharp/../../build/dotnet/FSharpInteropGenerator/FSharpInteropGenerator.csproj" -- --output "/home/runner/work/Market-Data-Collector/Market-Data-Collector/src/MarketDataCollector.FSharp/Generated/MarketDataCollector.FSharp.Interop.g.cs"" exited with code 1.
/home/runner/work/Market-Data-Collector/Market-Data-Collector/src/MarketDataCollector/Storage/StorageProfiles.cs(38,17): error CS8852: Init-only property or indexer 'StorageOptions.Compress' can only be assigned in an object initializer, or on 'this' or 'base' in an instance constructor or an 'init' accessor. [/home/runner/work/Market-Data-Collector/Market-Data-Collector/src/MarketDataCollector/MarketDataCollector.csproj]
/home/runner/work/Market-Data-Collector/Market-Data-Collector/src/MarketDataCollector/Storage/StorageProfiles.cs(39,17): error CS8852: Init-only property or indexer 'StorageOptions.CompressionCodec' can only be assigned in an object initializer, or on 'this' or 'base' in an instance constructor or an 'init' accessor. [/home/runner/work/Market-Data-Collector/Market-Data-Collector/src/MarketDataCollector/MarketDataCollector.csproj]
/home/runner/work/Market-Data-Collector/Market-Data-Collector/src/MarketDataCollector/Storage/StorageProfiles.cs(40,17): error CS8852: Init-only property or indexer 'StorageOptions.GenerateManifests' can only be assigned in an object initializer, or on 'this' or 'base' in an instance constructor or an 'init' accessor. [/home/runner/work/Market-Data-Collector/Market-Data-Collector/src/MarketDataCollector/MarketDataCollector.csproj]
/home/runner/work/Market-Data-Collector/Market-Data-Collector/src/MarketDataCollector/Storage/StorageProfiles.cs(41,17): error CS8852: Init-only property or indexer 'StorageOptions.PartitionStrategy' can only be assigned in an object initializer, or on 'this' or 'base' in an instance constructor or an 'init' accessor. [/home/runner/work/Market-Data-Collector/Market-Data-Collector/src/MarketDataCollector/MarketDataCollector.csproj]
/home/runner/work/Market-Data-Collector/Market-Data-Collector/src/MarketDataCollector/Storage/StorageProfiles.cs(41,121): error CS1503: Argument 3: cannot convert from 'MarketDataCollector.Storage.DatePartition' to 'MarketDataCollector.Storage.PartitionDimension?' [/home/runner/work/Market-Data-Collector/Market-Data-Collector/src/MarketDataCollector/MarketDataCollector.csproj]
/home/runner/work/Market-Data-Collector/Market-Data-Collector/src/MarketDataCollector/Storage/StorageProfiles.cs(51,17): error CS8852: Init-only property or indexer 'StorageOptions.Compress' can only be assigned in an object initializer, or on 'this' or 'base' in an instance constructor or an 'init' accessor. [/home/runner/work/Market-Data-Collector/Market-Data-Collector/src/MarketDataCollector/MarketDataCollector.csproj]
/home/runner/work/Market-Data-Collector/Market-Data-Collector/src/MarketDataCollector/Storage/StorageProfiles.cs(52,17): error CS8852: Init-only property or indexer 'StorageOptions.CompressionCodec' can only be assigned in an object initializer, or on 'this' or 'base' in an instance constructor or an 'init' accessor. [/home/runner/work/Market-Data-Collector/Market-Data-Collector/src/MarketDataCollector/MarketDataCollector.csproj]
/home/runner/work/Market-Data-Collector/Market-Data-Collector/src/MarketDataCollector/Storage/StorageProfiles.cs(53,17): error CS8852: Init-only property or indexer 'StorageOptions.GenerateManifests' can only be assigned in an object initializer, or on 'this' or 'base' in an instance constructor or an 'init' accessor. [/home/runner/work/Market-Data-Collector/Market-Data-Collector/src/MarketDataCollector/MarketDataCollector.csproj]
/home/runner/work/Market-Data-Collector/Market-Data-Collector/src/MarketDataCollector/Storage/StorageProfiles.cs(54,17): error CS8852: Init-only property or indexer 'StorageOptions.PartitionStrategy' can only be assigned in an object initializer, or on 'this' or 'base' in an instance constructor or an 'init' accessor. [/home/runner/work/Market-Data-Collector/Market-Data-Collector/src/MarketDataCollector/MarketDataCollector.csproj]
/home/runner/work/Market-Data-Collector/Market-Data-Collector/src/MarketDataCollector/Storage/StorageProfiles.cs(54,126): error CS1503: Argument 3: cannot convert from 'MarketDataCollector.Storage.DatePartition' to 'MarketDataCollector.Storage.PartitionDimension?' [/home/runner/work/Market-Data-Collector/Market-Data-Collector/src/MarketDataCollector/MarketDataCollector.csproj]
/home/runner/work/Market-Data-Collector/Market-Data-Collector/src/MarketDataCollector/Storage/StorageProfiles.cs(64,17): error CS8852: Init-only property or indexer 'StorageOptions.Compress' can only be assigned in an object initializer, or on 'this' or 'base' in an instance constructor or an 'init' accessor. [/home/runner/work/Market-Data-Collector/Market-Data-Collector/src/MarketDataCollector/MarketDataCollector.csproj]
/home/runner/work/Market-Data-Collector/Market-Data-Collector/src/MarketDataCollector/Storage/StorageProfiles.cs(65,17): error CS8852: Init-only property or indexer 'StorageOptions.CompressionCodec' can only be assigned in an object initializer, or on 'this' or 'base' in an instance constructor or an 'init' accessor. [/home/runner/work/Market-Data-Collector/Market-Data-Collector/src/MarketDataCollector/MarketDataCollector.csproj]
/home/runner/work/Market-Data-Collector/Market-Data-Collector/src/MarketDataCollector/Storage/StorageProfiles.cs(66,17): error CS8852: Init-only property or indexer 'StorageOptions.GenerateManifests' can only be assigned in an object initializer, or on 'this' or 'base' in an instance constructor or an 'init' accessor. [/home/runner/work/Market-Data-Collector/Market-Data-Collector/src/MarketDataCollector/MarketDataCollector.csproj]
/home/runner/work/Market-Data-Collector/Market-Data-Collector/src/MarketDataCollector/Storage/StorageProfiles.cs(67,17): error CS8852: Init-only property or indexer 'StorageOptions.EmbedChecksum' can only be assigned in an object initializer, or on 'this' or 'base' in an instance constructor or an 'init' accessor. [/home/runner/work/Market-Data-Collector/Market-Data-Collector/src/MarketDataCollector/MarketDataCollector.csproj]
/home/runner/work/Market-Data-Collector/Market-Data-Collector/src/MarketDataCollector/Storage/StorageProfiles.cs(68,17): error CS8852: Init-only property or indexer 'StorageOptions.RetentionDays' can only be assigned in an object initializer, or on 'this' or 'base' in an instance constructor or an 'init' accessor. [/home/runner/work/Market-Data-Collector/Market-Data-Collector/src/MarketDataCollector/MarketDataCollector.csproj]
/home/runner/work/Market-Data-Collector/Market-Data-Collector/src/MarketDataCollector/Storage/StorageProfiles.cs(69,17): error CS8852: Init-only property or indexer 'StorageOptions.MaxTotalBytes' can only be assigned in an object initializer, or on 'this' or 'base' in an instance constructor or an 'init' accessor. [/home/runner/work/Market-Data-Collector/Market-Data-Collector/src/MarketDataCollector/MarketDataCollector.csproj]
/home/runner/work/Market-Data-Collector/Market-Data-Collector/src/MarketDataCollector/Storage/StorageProfiles.cs(70,17): error CS8852: Init-only property or indexer 'StorageOptions.PartitionStrategy' can only be assigned in an object initializer, or on 'this' or 'base' in an instance constructor or an 'init' accessor. [/home/runner/work/Market-Data-Collector/Market-Data-Collector/src/MarketDataCollector/MarketDataCollector.csproj]
/home/runner/work/Market-Data-Collector/Market-Data-Collector/src/MarketDataCollector/Storage/StorageProfiles.cs(70,121): error CS1503: Argument 3: cannot convert from 'MarketDataCollector.Storage.DatePartition' to 'MarketDataCollector.Storage.PartitionDimension?' [/home/runner/work/Market-Data-Collector/Market-Data-Collector/src/MarketDataCollector/MarketDataCollector.csproj]
/home/runner/work/Market-Data-Collector/Market-Data-Collector/src/MarketDataCollector/Storage/StorageProfiles.cs(72,17): error CS8852: Init-only property or indexer 'StorageOptions.Tiering' can only be assigned in an object initializer, or on 'this' or 'base' in an instance constructor or an 'init' accessor. [/home/runner/work/Market-Data-Collector/Market-Data-Collector/src/MarketDataCollector/MarketDataCollector.csproj]
/home/runner/work/Market-Data-Collector/Market-Data-Collector/src/MarketDataCollector/Storage/Sinks/ParquetStorageSink.cs(181,44): error CS0030: Cannot convert type 'MarketDataCollector.Domain.Events.MarketEventPayload' to 'MarketDataCollector.Contracts.Domain.Models.Trade' [/home/runner/work/Market-Data-Collector/Market-Data-Collector/src/MarketDataCollector/MarketDataCollector.csproj]
/home/runner/work/Market-Data-Collector/Market-Data-Collector/src/MarketDataCollector/Storage/Sinks/ParquetStorageSink.cs(203,44): error CS0030: Cannot convert type 'MarketDataCollector.Domain.Events.MarketEventPayload' to 'MarketDataCollector.Contracts.Domain.Models.BboQuotePayload' [/home/runner/work/Market-Data-Collector/Market-Data-Collector/src/MarketDataCollector/MarketDataCollector.csproj]
/home/runner/work/Market-Data-Collector/Market-Data-Collector/src/MarketDataCollector/Storage/Sinks/ParquetStorageSink.cs(249,9): error CS8121: An expression of type 'MarketEventPayload' cannot be handled by a pattern of type 'L2SnapshotPayload'. [/home/runner/work/Market-Data-Collector/Market-Data-Collector/src/MarketDataCollector/MarketDataCollector.csproj]
/home/runner/work/Market-Data-Collector/Market-Data-Collector/src/MarketDataCollector/Storage/Sinks/ParquetStorageSink.cs(250,9): error CS8121: An expression of type 'MarketEventPayload' cannot be handled by a pattern of type 'LOBSnapshot'. [/home/runner/work/Market-Data-Collector/Market-Data-Collector/src/MarketDataCollector/MarketDataCollector.csproj]
/home/runner/work/Market-Data-Collector/Market-Data-Collector/src/MarketDataCollector/Storage/Sinks/ParquetStorageSink.cs(265,42): error CS0030: Cannot convert type 'MarketDataCollector.Domain.Events.MarketEventPayload' to 'MarketDataCollector.Contracts.Domain.Models.HistoricalBar' [/home/runner/work/Market-Data-Collector/Market-Data-Collector/src/MarketDataCollector/MarketDataCollector.csproj]
/home/runner/work/Market-Data-Collector/Market-Data-Collector/src/MarketDataCollector/Infrastructure/DataSources/DataSourceConfiguration.cs(30,63): error CS7036: There is no argument given that corresponds to the required parameter 'CanonicalSymbol' of 'SymbolMappingConfig.SymbolMappingConfig(string, string?, string?, string?, string?, string?, string?)' [/home/runner/work/Market-Data-Collector/Market-Data-Collector/src/MarketDataCollector/MarketDataCollector.csproj]
/home/runner/work/Market-Data-Collector/Market-Data-Collector/src/MarketDataCollector/Infrastructure/Providers/Historical/YahooFinance/YahooFinanceHistoricalDataProvider.cs(103,36): error CS0103: The name 'ResponseHandler' does not exist in the current context [/home/runner/work/Market-Data-Collector/Market-Data-Collector/src/MarketDataCollector/MarketDataCollector.csproj]
/home/runner/work/Market-Data-Collector/Market-Data-Collector/src/MarketDataCollector/Application/Http/UiServer.cs(280,35): error CS1729: 'BackfillRequest' does not contain a constructor that takes 4 arguments [/home/runner/work/Market-Data-Collector/Market-Data-Collector/src/MarketDataCollector/MarketDataCollector.csproj]
/home/runner/work/Market-Data-Collector/Market-Data-Collector/src/MarketDataCollector/Application/Http/UiServer.cs(286,54): error CS1503: Argument 1: cannot convert from 'MarketDataCollector.Contracts.Api.BackfillRequest' to 'MarketDataCollector.Application.Backfill.BackfillRequest' [/home/runner/work/Market-Data-Collector/Market-Data-Collector/src/MarketDataCollector/MarketDataCollector.csproj]
/home/runner/work/Market-Data-Collector/Market-Data-Collector/src/MarketDataCollector/Infrastructure/Providers/Historical/Stooq/StooqHistoricalDataProvider.cs(62,36): error CS0103: The name 'ResponseHandler' does not exist in the current context [/home/runner/work/Market-Data-Collector/Market-Data-Collector/src/MarketDataCollector/MarketDataCollector.csproj]
/home/runner/work/Market-Data-Collector/Market-Data-Collector/src/MarketDataCollector/Application/Http/UiServer.cs(352,52): error CS0246: The type or namespace name 'IStorageSearchService' could not be found (are you missing a using directive or an assembly reference?) [/home/runner/work/Market-Data-Collector/Market-Data-Collector/src/MarketDataCollector/MarketDataCollector.csproj]
/home/runner/work/Market-Data-Collector/Market-Data-Collector/src/MarketDataCollector/Application/Http/UiServer.cs(365,58): error CS0246: The type or namespace name 'IStorageSearchService' could not be found (are you missing a using directive or an assembly reference?) [/home/runner/work/Market-Data-Collector/Market-Data-Collector/src/MarketDataCollector/MarketDataCollector.csproj]
/home/runner/work/Market-Data-Collector/Market-Data-Collector/src/MarketDataCollector/Application/Http/UiServer.cs(391,60): error CS0246: The type or namespace name 'IStorageSearchService' could not be found (are you missing a using directive or an assembly reference?) [/home/runner/work/Market-Data-Collector/Market-Data-Collector/src/MarketDataCollector/MarketDataCollector.csproj]
/home/runner/work/Market-Data-Collector/Market-Data-Collector/src/MarketDataCollector/Application/Http/UiServer.cs(412,54): error CS0246: The type or namespace name 'IStorageSearchService' could not be found (are you missing a using directive or an assembly reference?) [/home/runner/work/Market-Data-Collector/Market-Data-Collector/src/MarketDataCollector/MarketDataCollector.csproj]
/home/runner/work/Market-Data-Collector/Market-Data-Collector/src/MarketDataCollector/Application/Http/UiServer.cs(428,59): error CS0246: The type or namespace name 'IStorageSearchService' could not be found (are you missing a using directive or an assembly reference?) [/home/runner/work/Market-Data-Collector/Market-Data-Collector/src/MarketDataCollector/MarketDataCollector.csproj]
/home/runner/work/Market-Data-Collector/Market-Data-Collector/src/MarketDataCollector/Application/Http/UiServer.cs(444,58): error CS0246: The type or namespace name 'IFileMaintenanceService' could not be found (are you missing a using directive or an assembly reference?) [/home/runner/work/Market-Data-Collector/Market-Data-Collector/src/MarketDataCollector/MarketDataCollector.csproj]
/home/runner/work/Market-Data-Collector/Market-Data-Collector/src/MarketDataCollector/Application/Http/UiServer.cs(464,59): error CS0246: The type or namespace name 'IFileMaintenanceService' could not be found (are you missing a using directive or an assembly reference?) [/home/runner/work/Market-Data-Collector/Market-Data-Collector/src/MarketDataCollector/MarketDataCollector.csproj]
/home/runner/work/Market-Data-Collector/Market-Data-Collector/src/MarketDataCollector/Application/Http/UiServer.cs(477,64): error CS0246: The type or namespace name 'IFileMaintenanceService' could not be found (are you missing a using directive or an assembly reference?) [/home/runner/work/Market-Data-Collector/Market-Data-Collector/src/MarketDataCollector/MarketDataCollector.csproj]
/home/runner/work/Market-Data-Collector/Market-Data-Collector/src/MarketDataCollector/Application/Http/UiServer.cs(497,64): error CS0246: The type or namespace name 'IFileMaintenanceService' could not be found (are you missing a using directive or an assembly reference?) [/home/runner/work/Market-Data-Collector/Market-Data-Collector/src/MarketDataCollector/MarketDataCollector.csproj]
/home/runner/work/Market-Data-Collector/Market-Data-Collector/src/MarketDataCollector/Application/Http/UiServer.cs(517,59): error CS0246: The type or namespace name 'IDataQualityService' could not be found (are you missing a using directive or an assembly reference?) [/home/runner/work/Market-Data-Collector/Market-Data-Collector/src/MarketDataCollector/MarketDataCollector.csproj]
/home/runner/work/Market-Data-Collector/Market-Data-Collector/src/MarketDataCollector/Application/Http/UiServer.cs(530,60): error CS0246: The type or namespace name 'IDataQualityService' could not be found (are you missing a using directive or an assembly reference?) [/home/runner/work/Market-Data-Collector/Market-Data-Collector/src/MarketDataCollector/MarketDataCollector.csproj]
/home/runner/work/Market-Data-Collector/Market-Data-Collector/src/MarketDataCollector/Application/Http/UiServer.cs(550,59): error CS0246: The type or namespace name 'IDataQualityService' could not be found (are you missing a using directive or an assembly reference?) [/home/runner/work/Market-Data-Collector/Market-Data-Collector/src/MarketDataCollector/MarketDataCollector.csproj]
/home/runner/work/Market-Data-Collector/Market-Data-Collector/src/MarketDataCollector/Application/Http/UiServer.cs(563,69): error CS0246: The type or namespace name 'IDataQualityService' could not be found (are you missing a using directive or an assembly reference?) [/home/runner/work/Market-Data-Collector/Market-Data-Collector/src/MarketDataCollector/MarketDataCollector.csproj]
/home/runner/work/Market-Data-Collector/Market-Data-Collector/src/MarketDataCollector/Application/Http/UiServer.cs(579,67): error CS0246: The type or namespace name 'IDataQualityService' could not be found (are you missing a using directive or an assembly reference?) [/home/runner/work/Market-Data-Collector/Market-Data-Collector/src/MarketDataCollector/MarketDataCollector.csproj]
/home/runner/work/Market-Data-Collector/Market-Data-Collector/src/MarketDataCollector/Application/Http/UiServer.cs(595,61): error CS0246: The type or namespace name 'ITierMigrationService' could not be found (are you missing a using directive or an assembly reference?) [/home/runner/work/Market-Data-Collector/Market-Data-Collector/src/MarketDataCollector/MarketDataCollector.csproj]
/home/runner/work/Market-Data-Collector/Market-Data-Collector/src/MarketDataCollector/Application/Http/UiServer.cs(608,56): error CS0246: The type or namespace name 'ITierMigrationService' could not be found (are you missing a using directive or an assembly reference?) [/home/runner/work/Market-Data-Collector/Market-Data-Collector/src/MarketDataCollector/MarketDataCollector.csproj]
/home/runner/work/Market-Data-Collector/Market-Data-Collector/src/MarketDataCollector/Application/Http/UiServer.cs(621,59): error CS0246: The type or namespace name 'ITierMigrationService' could not be found (are you missing a using directive or an assembly reference?) [/home/runner/work/Market-Data-Collector/Market-Data-Collector/src/MarketDataCollector/MarketDataCollector.csproj]
/home/runner/work/Market-Data-Collector/Market-Data-Collector/src/MarketDataCollector/Application/Http/UiServer.cs(643,51): error CS0246: The type or namespace name 'ITierMigrationService' could not be found (are you missing a using directive or an assembly reference?) [/home/runner/work/Market-Data-Collector/Market-Data-Collector/src/MarketDataCollector/MarketDataCollector.csproj]
/home/runner/work/Market-Data-Collector/Market-Data-Collector/src/MarketDataCollector/Application/Http/UiServer.cs(658,46): error CS0246: The type or namespace name 'ISourceRegistry' could not be found (are you missing a using directive or an assembly reference?) [/home/runner/work/Market-Data-Collector/Market-Data-Collector/src/MarketDataCollector/MarketDataCollector.csproj]
/home/runner/work/Market-Data-Collector/Market-Data-Collector/src/MarketDataCollector/Application/Http/UiServer.cs(671,57): error CS0246: The type or namespace name 'ISourceRegistry' could not be found (are you missing a using directive or an assembly reference?) [/home/runner/work/Market-Data-Collector/Market-Data-Collector/src/MarketDataCollector/MarketDataCollector.csproj]
/home/runner/work/Market-Data-Collector/Market-Data-Collector/src/MarketDataCollector/Application/Http/UiServer.cs(686,47): error CS0246: The type or namespace name 'ISourceRegistry' could not be found (are you missing a using directive or an assembly reference?) [/home/runner/work/Market-Data-Collector/Market-Data-Collector/src/MarketDataCollector/MarketDataCollector.csproj]
/home/runner/work/Market-Data-Collector/Market-Data-Collector/src/MarketDataCollector/Application/Http/UiServer.cs(686,73): error CS0246: The type or namespace name 'SourceInfo' could not be found (are you missing a using directive or an assembly reference?) [/home/runner/work/Market-Data-Collector/Market-Data-Collector/src/MarketDataCollector/MarketDataCollector.csproj]
/home/runner/work/Market-Data-Collector/Market-Data-Collector/src/MarketDataCollector/Application/Http/UiServer.cs(699,55): error CS0246: The type or namespace name 'ISourceRegistry' could not be found (are you missing a using directive or an assembly reference?) [/home/runner/work/Market-Data-Collector/Market-Data-Collector/src/MarketDataCollector/MarketDataCollector.csproj]
/home/runner/work/Market-Data-Collector/Market-Data-Collector/src/MarketDataCollector/Application/Http/UiServer.cs(712,55): error CS0246: The type or namespace name 'ISourceRegistry' could not be found (are you missing a using directive or an assembly reference?) [/home/runner/work/Market-Data-Collector/Market-Data-Collector/src/MarketDataCollector/MarketDataCollector.csproj]
/home/runner/work/Market-Data-Collector/Market-Data-Collector/src/MarketDataCollector/Application/Http/UiServer.cs(727,56): error CS0246: The type or namespace name 'ISourceRegistry' could not be found (are you missing a using directive or an assembly reference?) [/home/runner/work/Market-Data-Collector/Market-Data-Collector/src/MarketDataCollector/MarketDataCollector.csproj]
/home/runner/work/Market-Data-Collector/Market-Data-Collector/src/MarketDataCollector/Application/Http/UiServer.cs(727,82): error CS0246: The type or namespace name 'SymbolInfo' could not be found (are you missing a using directive or an assembly reference?) [/home/runner/work/Market-Data-Collector/Market-Data-Collector/src/MarketDataCollector/MarketDataCollector.csproj]
/home/runner/work/Market-Data-Collector/Market-Data-Collector/src/MarketDataCollector/Application/Http/UiServer.cs(740,62): error CS0246: The type or namespace name 'ISourceRegistry' could not be found (are you missing a using directive or an assembly reference?) [/home/runner/work/Market-Data-Collector/Market-Data-Collector/src/MarketDataCollector/MarketDataCollector.csproj]
/home/runner/work/Market-Data-Collector/Market-Data-Collector/src/MarketDataCollector/Application/Http/UiServer.cs(756,13): error CS0246: The type or namespace name 'IStorageSearchService' could not be found (are you missing a using directive or an assembly reference?) [/home/runner/work/Market-Data-Collector/Market-Data-Collector/src/MarketDataCollector/MarketDataCollector.csproj]
/home/runner/work/Market-Data-Collector/Market-Data-Collector/src/MarketDataCollector/Application/Http/UiServer.cs(757,13): error CS0246: The type or namespace name 'IDataQualityService' could not be found (are you missing a using directive or an assembly reference?) [/home/runner/work/Market-Data-Collector/Market-Data-Collector/src/MarketDataCollector/MarketDataCollector.csproj]
/home/runner/work/Market-Data-Collector/Market-Data-Collector/src/MarketDataCollector/Application/Http/UiServer.cs(758,13): error CS0246: The type or namespace name 'ITierMigrationService' could not be found (are you missing a using directive or an assembly reference?) [/home/runner/work/Market-Data-Collector/Market-Data-Collector/src/MarketDataCollector/MarketDataCollector.csproj]
/home/runner/work/Market-Data-Collector/Market-Data-Collector/src/MarketDataCollector/Application/Config/ConfigurationPipeline.cs(60,69): error CS1503: Argument 4: cannot convert from 'MarketDataCollector.Application.Config.ConfigurationOrigin' to 'MarketDataCollector.Application.Config.ConfigurationSource' [/home/runner/work/Market-Data-Collector/Market-Data-Collector/src/MarketDataCollector/MarketDataCollector.csproj]
/home/runner/work/Market-Data-Collector/Market-Data-Collector/src/MarketDataCollector/Application/Config/ConfigurationPipeline.cs(82,59): error CS1503: Argument 4: cannot convert from 'MarketDataCollector.Application.Config.ConfigurationOrigin' to 'MarketDataCollector.Application.Config.ConfigurationSource' [/home/runner/work/Market-Data-Collector/Market-Data-Collector/src/MarketDataCollector/MarketDataCollector.csproj]
/home/runner/work/Market-Data-Collector/Market-Data-Collector/src/MarketDataCollector/Application/Config/ConfigurationPipeline.cs(94,32): error CS1061: 'WizardResult' does not contain a definition for 'Message' and no accessible extension method 'Message' accepting a first argument of type 'WizardResult' could be found (are you missing a using directive or an assembly reference?) [/home/runner/work/Market-Data-Collector/Market-Data-Collector/src/MarketDataCollector/MarketDataCollector.csproj]
/home/runner/work/Market-Data-Collector/Market-Data-Collector/src/MarketDataCollector/Application/Config/ConfigurationPipeline.cs(101,79): error CS1503: Argument 4: cannot convert from 'MarketDataCollector.Application.Config.ConfigurationOrigin' to 'MarketDataCollector.Application.Config.ConfigurationSource' [/home/runner/work/Market-Data-Collector/Market-Data-Collector/src/MarketDataCollector/MarketDataCollector.csproj]
/home/runner/work/Market-Data-Collector/Market-Data-Collector/src/MarketDataCollector/Application/Config/ConfigurationPipeline.cs(118,75): error CS1503: Argument 4: cannot convert from 'MarketDataCollector.Application.Config.ConfigurationOrigin' to 'MarketDataCollector.Application.Config.ConfigurationSource' [/home/runner/work/Market-Data-Collector/Market-Data-Collector/src/MarketDataCollector/MarketDataCollector.csproj]
/home/runner/work/Market-Data-Collector/Market-Data-Collector/src/MarketDataCollector/Application/Config/ConfigurationPipeline.cs(123,65): error CS1061: 'AutoConfigurationService.AutoConfigResult' does not contain a definition for 'AppliedChanges' and no accessible extension method 'AppliedChanges' accepting a first argument of type 'AutoConfigurationService.AutoConfigResult' could be found (are you missing a using directive or an assembly reference?) [/home/runner/work/Market-Data-Collector/Market-Data-Collector/src/MarketDataCollector/MarketDataCollector.csproj]
/home/runner/work/Market-Data-Collector/Market-Data-Collector/src/MarketDataCollector/Application/Config/ConfigurationPipeline.cs(136,65): error CS1503: Argument 4: cannot convert from 'MarketDataCollector.Application.Config.ConfigurationOrigin' to 'MarketDataCollector.Application.Config.ConfigurationSource' [/home/runner/work/Market-Data-Collector/Market-Data-Collector/src/MarketDataCollector/MarketDataCollector.csproj]
/home/runner/work/Market-Data-Collector/Market-Data-Collector/src/MarketDataCollector/Application/Config/ConfigurationPipeline.cs(242,17): error CS1503: Argument 8: cannot convert from 'MarketDataCollector.Application.Config.ConfigurationSource' to 'MarketDataCollector.Application.Config.ConfigurationOrigin' [/home/runner/work/Market-Data-Collector/Market-Data-Collector/src/MarketDataCollector/MarketDataCollector.csproj]
/home/runner/work/Market-Data-Collector/Market-Data-Collector/src/MarketDataCollector/Application/Config/ConfigurationPipeline.cs(251,17): error CS1503: Argument 4: cannot convert from 'MarketDataCollector.Application.Config.ConfigurationSource' to 'MarketDataCollector.Application.Config.ConfigurationOrigin' [/home/runner/work/Market-Data-Collector/Market-Data-Collector/src/MarketDataCollector/MarketDataCollector.csproj]
/home/runner/work/Market-Data-Collector/Market-Data-Collector/src/MarketDataCollector/Domain/Events/MarketEvent.cs(19,51): error CS1503: Argument 4: cannot convert from 'MarketDataCollector.Contracts.Domain.Models.Trade' to 'MarketDataCollector.Domain.Events.MarketEventPayload?' [/home/runner/work/Market-Data-Collector/Market-Data-Collector/src/MarketDataCollector/MarketDataCollector.csproj]
/home/runner/work/Market-Data-Collector/Market-Data-Collector/src/MarketDataCollector/Domain/Events/MarketEvent.cs(22,56): error CS1503: Argument 4: cannot convert from 'MarketDataCollector.Contracts.Domain.Models.LOBSnapshot' to 'MarketDataCollector.Domain.Events.MarketEventPayload?' [/home/runner/work/Market-Data-Collector/Market-Data-Collector/src/MarketDataCollector/MarketDataCollector.csproj]
/home/runner/work/Market-Data-Collector/Market-Data-Collector/src/MarketDataCollector/Domain/Events/MarketEvent.cs(25,54): error CS1503: Argument 4: cannot convert from 'MarketDataCollector.Contracts.Domain.Models.BboQuotePayload' to 'MarketDataCollector.Domain.Events.MarketEventPayload?' [/home/runner/work/Market-Data-Collector/Market-Data-Collector/src/MarketDataCollector/MarketDataCollector.csproj]
/home/runner/work/Market-Data-Collector/Market-Data-Collector/src/MarketDataCollector/Domain/Events/MarketEvent.cs(28,56): error CS1503: Argument 4: cannot convert from 'MarketDataCollector.Contracts.Domain.Models.L2SnapshotPayload' to 'MarketDataCollector.Domain.Events.MarketEventPayload?' [/home/runner/work/Market-Data-Collector/Market-Data-Collector/src/MarketDataCollector/MarketDataCollector.csproj]
/home/runner/work/Market-Data-Collector/Market-Data-Collector/src/MarketDataCollector/Domain/Events/MarketEvent.cs(31,55): error CS1503: Argument 4: cannot convert from 'MarketDataCollector.Contracts.Domain.Models.OrderFlowStatistics' to 'MarketDataCollector.Domain.Events.MarketEventPayload?' [/home/runner/work/Market-Data-Collector/Market-Data-Collector/src/MarketDataCollector/MarketDataCollector.csproj]
/home/runner/work/Market-Data-Collector/Market-Data-Collector/src/MarketDataCollector/Domain/Events/MarketEvent.cs(34,55): error CS1503: Argument 4: cannot convert from 'MarketDataCollector.Contracts.Domain.Models.IntegrityEvent' to 'MarketDataCollector.Domain.Events.MarketEventPayload?' [/home/runner/work/Market-Data-Collector/Market-Data-Collector/src/MarketDataCollector/MarketDataCollector.csproj]
/home/runner/work/Market-Data-Collector/Market-Data-Collector/src/MarketDataCollector/Domain/Events/MarketEvent.cs(37,55): error CS1503: Argument 4: cannot convert from 'MarketDataCollector.Contracts.Domain.Models.DepthIntegrityEvent' to 'MarketDataCollector.Domain.Events.MarketEventPayload?' [/home/runner/work/Market-Data-Collector/Market-Data-Collector/src/MarketDataCollector/MarketDataCollector.csproj]
/home/runner/work/Market-Data-Collector/Market-Data-Collector/src/MarketDataCollector/Domain/Events/MarketEvent.cs(43,59): error CS1503: Argument 4: cannot convert from 'MarketDataCollector.Contracts.Domain.Models.HistoricalBar' to 'MarketDataCollector.Domain.Events.MarketEventPayload?' [/home/runner/work/Market-Data-Collector/Market-Data-Collector/src/MarketDataCollector/MarketDataCollector.csproj]
/home/runner/work/Market-Data-Collector/Market-Data-Collector/src/MarketDataCollector/Infrastructure/Providers/Core/ProviderTemplate.cs(157,9): error CS0104: 'RateLimitInfo' is an ambiguous reference between 'MarketDataCollector.Infrastructure.Providers.Backfill.RateLimitInfo' and 'MarketDataCollector.Contracts.Api.RateLimitInfo' [/home/runner/work/Market-Data-Collector/Market-Data-Collector/src/MarketDataCollector/MarketDataCollector.csproj]
/home/runner/work/Market-Data-Collector/Market-Data-Collector/src/MarketDataCollector/Infrastructure/Providers/Core/ProviderTemplate.cs(160,29): error CS0104: 'RateLimitInfo' is an ambiguous reference between 'MarketDataCollector.Infrastructure.Providers.Backfill.RateLimitInfo' and 'MarketDataCollector.Contracts.Api.RateLimitInfo' [/home/runner/work/Market-Data-Collector/Market-Data-Collector/src/MarketDataCollector/MarketDataCollector.csproj]
/home/runner/work/Market-Data-Collector/Market-Data-Collector/src/MarketDataCollector/Domain/Collectors/TradeDataCollector.cs(77,44): error CS0117: 'IntegrityEvent' does not contain a definition for 'InvalidSymbol' [/home/runner/work/Market-Data-Collector/Market-Data-Collector/src/MarketDataCollector/MarketDataCollector.csproj]
/home/runner/work/Market-Data-Collector/Market-Data-Collector/src/MarketDataCollector/Domain/Collectors/TradeDataCollector.cs(93,44): error CS0117: 'IntegrityEvent' does not contain a definition for 'InvalidSequenceNumber' [/home/runner/work/Market-Data-Collector/Market-Data-Collector/src/MarketDataCollector/MarketDataCollector.csproj]
/home/runner/work/Market-Data-Collector/Market-Data-Collector/src/MarketDataCollector/Domain/Collectors/QuoteCollector.cs(50,39): error CS0117: 'BboQuotePayload' does not contain a definition for 'FromUpdate' [/home/runner/work/Market-Data-Collector/Market-Data-Collector/src/MarketDataCollector/MarketDataCollector.csproj]
/home/runner/work/Market-Data-Collector/Market-Data-Collector/src/MarketDataCollector/Integrations/Lean/MarketDataCollectorTradeData.cs(83,25): error CS0039: Cannot convert type 'MarketDataCollector.Domain.Events.MarketEventPayload' to 'MarketDataCollector.Contracts.Domain.Models.Trade' via a reference conversion, boxing conversion, unboxing conversion, wrapping conversion, or null type conversion [/home/runner/work/Market-Data-Collector/Market-Data-Collector/src/MarketDataCollector/MarketDataCollector.csproj]
/home/runner/work/Market-Data-Collector/Market-Data-Collector/src/MarketDataCollector/Program.cs(449,29): error CS0136: A local or parameter named 'uiServer' cannot be declared in this scope because that name is used in an enclosing local scope to define a local or parameter [/home/runner/work/Market-Data-Collector/Market-Data-Collector/src/MarketDataCollector/MarketDataCollector.csproj]
/home/runner/work/Market-Data-Collector/Market-Data-Collector/src/MarketDataCollector/Program.cs(739,82): error CS0234: The type or namespace name 'AggressorSide' does not exist in the namespace 'MarketDataCollector.Domain.Models' (are you missing an assembly reference?) [/home/runner/work/Market-Data-Collector/Market-Data-Collector/src/MarketDataCollector/MarketDataCollector.csproj]
/home/runner/work/Market-Data-Collector/Market-Data-Collector/src/MarketDataCollector/Storage/Export/AnalysisExportService.cs(162,16): error CS9176: There is no target type for the collection expression. [/home/runner/work/Market-Data-Collector/Market-Data-Collector/src/MarketDataCollector/MarketDataCollector.csproj]
/home/runner/work/Market-Data-Collector/Market-Data-Collector/src/MarketDataCollector/Infrastructure/Providers/Historical/NasdaqDataLink/NasdaqDataLinkHistoricalDataProvider.cs(116,36): error CS0103: The name 'ResponseHandler' does not exist in the current context [/home/runner/work/Market-Data-Collector/Market-Data-Collector/src/MarketDataCollector/MarketDataCollector.csproj]
/home/runner/work/Market-Data-Collector/Market-Data-Collector/src/MarketDataCollector/Infrastructure/Providers/Historical/AlphaVantage/AlphaVantageHistoricalDataProvider.cs(122,36): error CS0103: The name 'ResponseHandler' does not exist in the current context [/home/runner/work/Market-Data-Collector/Market-Data-Collector/src/MarketDataCollector/MarketDataCollector.csproj]
/home/runner/work/Market-Data-Collector/Market-Data-Collector/src/MarketDataCollector/Infrastructure/Providers/Historical/AlphaVantage/AlphaVantageHistoricalDataProvider.cs(195,36): error CS0103: The name 'ResponseHandler' does not exist in the current context [/home/runner/work/Market-Data-Collector/Market-Data-Collector/src/MarketDataCollector/MarketDataCollector.csproj]
/home/runner/work/Market-Data-Collector/Market-Data-Collector/src/MarketDataCollector/Infrastructure/Providers/Core/ProviderFactory.cs(123,49): error CS0117: 'DataSourceKind' does not contain a definition for 'None' [/home/runner/work/Market-Data-Collector/Market-Data-Collector/src/MarketDataCollector/MarketDataCollector.csproj]
/home/runner/work/Market-Data-Collector/Market-Data-Collector/src/MarketDataCollector/Infrastructure/Providers/Core/ProviderFactory.cs(393,9): error CS0246: The type or namespace name 'SymbolResolution' could not be found (are you missing a using directive or an assembly reference?) [/home/runner/work/Market-Data-Collector/Market-Data-Collector/src/MarketDataCollector/MarketDataCollector.csproj]
/home/runner/work/Market-Data-Collector/Market-Data-Collector/src/MarketDataCollector/Infrastructure/Providers/Core/ProviderFactory.cs(396,34): error CS0246: The type or namespace name 'SymbolResolution' could not be found (are you missing a using directive or an assembly reference?) [/home/runner/work/Market-Data-Collector/Market-Data-Collector/src/MarketDataCollector/MarketDataCollector.csproj]
/home/runner/work/Market-Data-Collector/Market-Data-Collector/src/MarketDataCollector/Infrastructure/Providers/Core/ProviderFactory.cs(401,13): error CS1503: Argument 2: cannot convert from 'SymbolResolution.OpenFigiSymbolResolver?' to 'MarketDataCollector.Infrastructure.Providers.Backfill.SymbolResolution.ISymbolResolver?' [/home/runner/work/Market-Data-Collector/Market-Data-Collector/src/MarketDataCollector/MarketDataCollector.csproj]
/home/runner/work/Market-Data-Collector/Market-Data-Collector/src/MarketDataCollector/Integrations/Lean/MarketDataCollectorQuoteData.cs(91,25): error CS0039: Cannot convert type 'MarketDataCollector.Domain.Events.MarketEventPayload' to 'MarketDataCollector.Contracts.Domain.Models.BboQuotePayload' via a reference conversion, boxing conversion, unboxing conversion, wrapping conversion, or null type conversion [/home/runner/work/Market-Data-Collector/Market-Data-Collector/src/MarketDataCollector/MarketDataCollector.csproj]
/home/runner/work/Market-Data-Collector/Market-Data-Collector/src/MarketDataCollector/Application/Services/ConfigurationService.cs(570,22): error CS0103: The name 'ConfigStore' does not exist in the current context [/home/runner/work/Market-Data-Collector/Market-Data-Collector/src/MarketDataCollector/MarketDataCollector.csproj]
/home/runner/work/Market-Data-Collector/Market-Data-Collector/src/MarketDataCollector/Application/Services/ConfigurationService.cs(669,29): error CS0103: The name 'ConfigStore' does not exist in the current context [/home/runner/work/Market-Data-Collector/Market-Data-Collector/src/MarketDataCollector/MarketDataCollector.csproj]
    1506 Warning(s)
    97 Error(s)

Time Elapsed 00:00:12.82
